
     Program PWSCF     v.4.1.1  starts ...
     Today is 25Nov2010 at 15:48:51 

     Parallel version (MPI)

     Number of processors in use:       4
     R & G space division:  proc/pool =    4

     For Norm-Conserving or Ultrasoft (Vanderbilt) Pseudopotentials or PAW

     Current dimensions of program pwscf are:
     Max number of different atomic species (ntypx) = 10
     Max number of k-points (npk) =  40000
     Max angular momentum in pseudopotentials (lmaxx) =  3
     Waiting for input...
     file C.pbe-rrkjus.UPF: wavefunction(s)  2S 2P renormalized

     Subspace diagonalization in iterative solution of the eigenvalue problem:
     a parallel distributed memory algorithm will be used,
     eigenstates matrixes will be distributed block like on
     ortho sub-group =    2*   2 procs


     Planes per process (thick) : nr3 = 36 npp =   9 ncplane = 1296
     Planes per process (smooth): nr3s= 28 npps=   7 ncplanes=  576
 
     Proc/  planes cols     G    planes cols    G      columns  G
     Pool       (dense grid)       (smooth grid)      (wavefct grid)
        1     9    195     3592    7     96     1266     31      239
        2     9    195     3592    7     96     1270     31      241
        3     9    196     3592    7     97     1275     32      239
        4     9    195     3591    7     96     1270     31      238
     tot     36    781    14367   28    385     5081    125      957
 


     bravais-lattice index     =            0
     lattice parameter (a_0)   =       6.7413  a.u.
     unit-cell volume          =      81.1845 (a.u.)^3
     number of atoms/cell      =            2
     number of atomic types    =            1
     number of electrons       =         8.00
     number of Kohn-Sham states=            4
     kinetic-energy cutoff     =      60.0000  Ry
     charge density cutoff     =     480.0000  Ry
     convergence threshold     =      1.0E-08
     mixing beta               =       0.7000
     number of iterations used =            8  plain     mixing
     Exchange-correlation      =  SLA  PW   PBE  PBE (1434)
     nstep                     =           50


     celldm(1)=   6.741280  celldm(2)=   0.000000  celldm(3)=   0.000000
     celldm(4)=   0.000000  celldm(5)=   0.000000  celldm(6)=   0.000000

     crystal axes: (cart. coord. in units of a_0)
               a(1) = (  0.000000  0.514782  0.500000 )  
               a(2) = (  0.514782  0.000000  0.500000 )  
               a(3) = (  0.514782  0.514782  0.000000 )  

     reciprocal axes: (cart. coord. in units 2 pi/a_0)
               b(1) = ( -0.971286  0.971286  1.000000 )  
               b(2) = (  0.971286 -0.971286  1.000000 )  
               b(3) = (  0.971286  0.971286 -1.000000 )  


     PseudoPot. # 1 for C  read from file C.pbe-rrkjus.UPF
     Pseudo is Ultrasoft, Zval =  4.0
     Generated by new atomic code, or converted to UPF format
     Using radial grid of  627 points,  4 beta functions with: 
                l(1) =   0
                l(2) =   0
                l(3) =   1
                l(4) =   1
     Q(r) pseudized with 0 coefficients 


     atomic species   valence    mass     pseudopotential
        C              4.00    12.01070     C ( 1.00)

     16 Sym.Ops. (with inversion)


   Cartesian axes

     site n.     atom                  positions (a_0 units)
         1           C   tau(  1) = (   0.0000000   0.0000000   0.0000000  )
         2           C   tau(  2) = (   0.2573908   0.2573908   0.2500000  )

     number of k points=   59
                       cart. coord. in units 2pi/a_0
        k(    1) = (   0.0000000   0.0000000   0.0000000), wk =   0.0039062
        k(    2) = (   0.1214107   0.1214107  -0.1250000), wk =   0.0312500
        k(    3) = (   0.2428215   0.2428215  -0.2500000), wk =   0.0312500
        k(    4) = (   0.3642322   0.3642322  -0.3750000), wk =   0.0312500
        k(    5) = (  -0.4856429  -0.4856429   0.5000000), wk =   0.0156250
        k(    6) = (   0.2428215   0.0000000   0.0000000), wk =   0.0156250
        k(    7) = (   0.3642322   0.1214107  -0.1250000), wk =   0.0625000
        k(    8) = (   0.4856429   0.2428215  -0.2500000), wk =   0.0625000
        k(    9) = (  -0.3642322  -0.6070537   0.6250000), wk =   0.0625000
        k(   10) = (  -0.2428215  -0.4856429   0.5000000), wk =   0.0625000
        k(   11) = (  -0.1214107  -0.3642322   0.3750000), wk =   0.0625000
        k(   12) = (   0.0000000  -0.2428215   0.2500000), wk =   0.0312500
        k(   13) = (   0.4856429   0.0000000   0.0000000), wk =   0.0156250
        k(   14) = (   0.6070537   0.1214107  -0.1250000), wk =   0.0625000
        k(   15) = (  -0.2428215  -0.7284644   0.7500000), wk =   0.0625000
        k(   16) = (  -0.1214107  -0.6070537   0.6250000), wk =   0.0625000
        k(   17) = (   0.0000000  -0.4856429   0.5000000), wk =   0.0312500
        k(   18) = (   0.7284644   0.0000000   0.0000000), wk =   0.0156250
        k(   19) = (  -0.1214107  -0.8498751   0.8750000), wk =   0.0625000
        k(   20) = (   0.0000000  -0.7284644   0.7500000), wk =   0.0312500
        k(   21) = (  -0.9712859   0.0000000   0.0000000), wk =   0.0078125
        k(   22) = (   0.0000000   0.0000000   0.2500000), wk =   0.0078125
        k(   23) = (   0.2428215   0.2428215   0.0000000), wk =   0.0156250
        k(   24) = (   0.3642322   0.3642322  -0.1250000), wk =   0.0312500
        k(   25) = (  -0.4856429  -0.4856429   0.7500000), wk =   0.0312500
        k(   26) = (  -0.3642322  -0.3642322   0.6250000), wk =   0.0312500
        k(   27) = (  -0.2428215  -0.2428215   0.5000000), wk =   0.0312500
        k(   28) = (  -0.1214107  -0.1214107   0.3750000), wk =   0.0312500
        k(   29) = (   0.4856429   0.2428215   0.0000000), wk =   0.0312500
        k(   30) = (  -0.3642322  -0.6070537   0.8750000), wk =   0.0625000
        k(   31) = (  -0.2428215  -0.4856429   0.7500000), wk =   0.0625000
        k(   32) = (  -0.1214107  -0.3642322   0.6250000), wk =   0.0625000
        k(   33) = (   0.0000000  -0.2428215   0.5000000), wk =   0.0312500
        k(   34) = (   0.4856429   0.0000000   0.2500000), wk =   0.0312500
        k(   35) = (  -0.2428215  -0.7284644   1.0000000), wk =   0.0312500
        k(   36) = (  -0.1214107  -0.6070537   0.8750000), wk =   0.0625000
        k(   37) = (   0.0000000  -0.4856429   0.7500000), wk =   0.0312500
        k(   38) = (  -0.3642322   0.8498751  -0.6250000), wk =   0.0625000
        k(   39) = (  -0.2428215   0.9712859  -0.7500000), wk =   0.0312500
        k(   40) = (  -0.9712859   0.2428215   0.0000000), wk =   0.0156250
        k(   41) = (  -0.2428215   0.7284644  -0.5000000), wk =   0.0312500
        k(   42) = (  -0.1214107   0.8498751  -0.6250000), wk =   0.0625000
        k(   43) = (  -0.9712859   0.0000000   0.2500000), wk =   0.0156250
        k(   44) = (   0.0000000   0.7284644  -0.5000000), wk =   0.0312500
        k(   45) = (   0.0000000   0.0000000   0.5000000), wk =   0.0078125
        k(   46) = (  -0.4856429  -0.4856429   1.0000000), wk =   0.0156250
        k(   47) = (  -0.3642322  -0.3642322   0.8750000), wk =   0.0312500
        k(   48) = (  -0.2428215  -0.2428215   0.7500000), wk =   0.0312500
        k(   49) = (  -0.1214107  -0.1214107   0.6250000), wk =   0.0312500
        k(   50) = (  -0.2428215  -0.4856429   1.0000000), wk =   0.0312500
        k(   51) = (  -0.1214107  -0.3642322   0.8750000), wk =   0.0625000
        k(   52) = (   0.0000000  -0.2428215   0.7500000), wk =   0.0312500
        k(   53) = (  -0.9712859   0.4856429   0.0000000), wk =   0.0156250
        k(   54) = (  -0.9712859   0.0000000   0.5000000), wk =   0.0078125
        k(   55) = (   0.0000000   0.0000000   0.7500000), wk =   0.0078125
        k(   56) = (  -0.2428215  -0.2428215   1.0000000), wk =   0.0156250
        k(   57) = (  -0.1214107  -0.1214107   0.8750000), wk =   0.0312500
        k(   58) = (  -0.9712859   0.7284644   0.0000000), wk =   0.0156250
        k(   59) = (   0.0000000   0.0000000  -1.0000000), wk =   0.0039062

     G cutoff =  552.5432  (  14367 G-vectors)     FFT grid: ( 36, 36, 36)
     G cutoff =  276.2716  (   5081 G-vectors)  smooth grid: ( 24, 24, 28)

     Largest allocated arrays     est. size (Mb)     dimensions
        Kohn-Sham Wavefunctions         0.01 Mb     (    173,   4)
        NL pseudopotentials             0.04 Mb     (    173,  16)
        Each V/rho on FFT grid          0.18 Mb     (  11664)
        Each G-vector array             0.03 Mb     (   3592)
        G-vector shells                 0.01 Mb     (    882)
     Largest temporary arrays     est. size (Mb)     dimensions
        Auxiliary wavefunctions         0.04 Mb     (    173,  16)
        Each subspace H/S matrix        0.00 Mb     (     16,  16)
        Each <psi_i|beta_j> matrix      0.00 Mb     (     16,   4)
        Arrays for rho mixing           1.42 Mb     (  11664,   8)

     Initial potential from superposition of free atoms

     starting charge    7.99989, renormalised to    8.00000
     Starting wfc are    8 atomic wfcs

     total cpu time spent up to now is      0.60 secs

     per-process dynamical memory:    54.9 Mb

     Self-consistent Calculation

     iteration #  1     ecut=    60.00 Ry     beta=0.70
     Davidson diagonalization with overlap
     ethr =  1.00E-02,  avg # of iterations =  2.0

     total cpu time spent up to now is      1.26 secs

     total energy              =     -22.75884583 Ry
     Harris-Foulkes estimate   =     -22.80307726 Ry
     estimated scf accuracy    <       0.10292594 Ry

     iteration #  2     ecut=    60.00 Ry     beta=0.70
     Davidson diagonalization with overlap
     ethr =  1.29E-03,  avg # of iterations =  1.1

     total cpu time spent up to now is      1.75 secs

     total energy              =     -22.76565679 Ry
     Harris-Foulkes estimate   =     -22.76591555 Ry
     estimated scf accuracy    <       0.00254196 Ry

     iteration #  3     ecut=    60.00 Ry     beta=0.70
     Davidson diagonalization with overlap
     ethr =  3.18E-05,  avg # of iterations =  2.1

     total cpu time spent up to now is      2.46 secs

     total energy              =     -22.76615343 Ry
     Harris-Foulkes estimate   =     -22.76613682 Ry
     estimated scf accuracy    <       0.00004637 Ry

     iteration #  4     ecut=    60.00 Ry     beta=0.70
     Davidson diagonalization with overlap
     ethr =  5.80E-07,  avg # of iterations =  2.1

     total cpu time spent up to now is      3.18 secs

     total energy              =     -22.76616767 Ry
     Harris-Foulkes estimate   =     -22.76616781 Ry
     estimated scf accuracy    <       0.00000274 Ry

     iteration #  5     ecut=    60.00 Ry     beta=0.70
     Davidson diagonalization with overlap
     ethr =  3.42E-08,  avg # of iterations =  2.1

     total cpu time spent up to now is      3.92 secs

     total energy              =     -22.76616826 Ry
     Harris-Foulkes estimate   =     -22.76616830 Ry
     estimated scf accuracy    <       0.00000013 Ry

     iteration #  6     ecut=    60.00 Ry     beta=0.70
     Davidson diagonalization with overlap
     ethr =  1.57E-09,  avg # of iterations =  1.9

     total cpu time spent up to now is      4.56 secs

     End of self-consistent calculation

          k = 0.0000 0.0000 0.0000 (   629 PWs)   bands (ev):

    -8.3642  12.1526  12.1526  12.5587

          k = 0.1214 0.1214-0.1250 (   623 PWs)   bands (ev):

    -7.9498   9.9800  11.5277  11.8399

          k = 0.2428 0.2428-0.2500 (   628 PWs)   bands (ev):

    -6.7208   5.9932  10.4564  10.8371

          k = 0.3642 0.3642-0.3750 (   630 PWs)   bands (ev):

    -4.7526   2.0937   9.6768  10.1287

          k =-0.4856-0.4856 0.5000 (   632 PWs)   bands (ev):

    -2.9172  -0.4185   9.4031   9.8831

          k = 0.2428 0.0000 0.0000 (   633 PWs)   bands (ev):

    -7.8226  10.6194  10.8263  10.8909

          k = 0.3642 0.1214-0.1250 (   632 PWs)   bands (ev):

    -6.8755   7.4448   9.6648  10.2545

          k = 0.4856 0.2428-0.2500 (   630 PWs)   bands (ev):

    -5.1539   3.6089   8.9482   9.2349

          k =-0.3642-0.6071 0.6250 (   635 PWs)   bands (ev):

    -2.9655   0.3518   8.1643   9.1189

          k =-0.2428-0.4856 0.5000 (   635 PWs)   bands (ev):

    -3.6223   1.2209   7.7937   9.6824

          k =-0.1214-0.3642 0.3750 (   630 PWs)   bands (ev):

    -5.7610   4.8181   8.0450  10.6729

          k = 0.0000-0.2428 0.2500 (   633 PWs)   bands (ev):

    -7.2529   8.4496   9.1379  11.6734

          k = 0.4856 0.0000 0.0000 (   635 PWs)   bands (ev):

    -6.2163   7.6913   8.4493   8.5961

          k = 0.6071 0.1214-0.1250 (   637 PWs)   bands (ev):

    -4.7718   5.0118   7.2684   7.8534

          k =-0.2428-0.7285 0.7500 (   641 PWs)   bands (ev):

    -2.6890   1.9808   5.7471   7.8308

          k =-0.1214-0.6071 0.6250 (   641 PWs)   bands (ev):

    -1.9521   1.1469   4.7973   8.4659

          k = 0.0000-0.4856 0.5000 (   641 PWs)   bands (ev):

    -4.0556   3.8240   4.9892   9.5813

          k = 0.7285 0.0000 0.0000 (   634 PWs)   bands (ev):

    -3.6129   3.7837   6.9817   7.0463

          k =-0.1214-0.8499 0.8750 (   643 PWs)   bands (ev):

    -1.7642   1.8220   5.4688   6.8469

          k = 0.0000-0.7285 0.7500 (   646 PWs)   bands (ev):

    -0.3361   0.8438   3.5319   7.3746

          k =-0.9713 0.0000 0.0000 (   640 PWs)   bands (ev):

    -0.1704  -0.1704   6.4922   6.4922

          k = 0.0000 0.0000 0.2500 (   617 PWs)   bands (ev):

    -7.7902  10.5319  10.5319  11.2527

          k = 0.2428 0.2428 0.0000 (   630 PWs)   bands (ev):

    -7.2850   8.4692   9.4446  11.3744

          k = 0.3642 0.3642-0.1250 (   626 PWs)   bands (ev):

    -5.8226   4.9495   8.3583  10.3150

          k =-0.4856-0.4856 0.7500 (   632 PWs)   bands (ev):

    -3.6987   1.3440   8.1913   9.2899

          k =-0.3642-0.3642 0.6250 (   635 PWs)   bands (ev):

    -2.8859   0.2819   8.6179   8.7208

          k =-0.2428-0.2428 0.5000 (   631 PWs)   bands (ev):

    -5.0629   3.5004   8.7568   9.4992

          k =-0.1214-0.1214 0.3750 (   636 PWs)   bands (ev):

    -6.8117   7.3706   9.4133  10.5438

          k = 0.4856 0.2428 0.0000 (   624 PWs)   bands (ev):

    -5.6944   6.0685   7.3118   9.3598

          k =-0.3642-0.6071 0.8750 (   635 PWs)   bands (ev):

    -3.7882   2.9714   6.5040   8.2586

          k =-0.2428-0.4856 0.7500 (   643 PWs)   bands (ev):

    -1.9355   0.5317   6.3019   7.8886

          k =-0.1214-0.3642 0.6250 (   634 PWs)   bands (ev):

    -3.6198   2.7643   6.2061   8.6203

          k = 0.0000-0.2428 0.5000 (   636 PWs)   bands (ev):

    -5.5705   5.9775   6.9339   9.7327

          k = 0.4856 0.0000 0.2500 (   632 PWs)   bands (ev):

    -5.6640   5.9699   7.0745   9.5760

          k =-0.2428-0.7285 1.0000 (   646 PWs)   bands (ev):

    -3.1364   3.5087   5.8919   6.6863

          k =-0.1214-0.6071 0.8750 (   643 PWs)   bands (ev):

    -1.0609   1.5472   4.3259   6.4688

          k = 0.0000-0.4856 0.7500 (   646 PWs)   bands (ev):

    -1.6264   2.1441   3.7887   7.3557

          k =-0.3642 0.8499-0.6250 (   645 PWs)   bands (ev):

    -3.7353   2.8270   6.2142   8.4765

          k =-0.2428 0.9713-0.7500 (   642 PWs)   bands (ev):

    -3.1116   3.4343   5.7187   6.7529

          k =-0.9713 0.2428 0.0000 (   644 PWs)   bands (ev):

     0.1553   0.1553   5.5557   5.5557

          k =-0.2428 0.7285-0.5000 (   640 PWs)   bands (ev):

    -1.9634   0.4940   6.1041   7.9527

          k =-0.1214 0.8499-0.6250 (   639 PWs)   bands (ev):

    -1.0505   1.4608   4.2809   6.3520

          k =-0.9713 0.0000 0.2500 (   648 PWs)   bands (ev):

     0.1576   0.1576   5.4651   5.4651

          k = 0.0000 0.7285-0.5000 (   641 PWs)   bands (ev):

    -1.7493   2.1445   3.8693   7.1435

          k = 0.0000 0.0000 0.5000 (   636 PWs)   bands (ev):

    -6.0899   8.1892   8.2155   8.2155

          k =-0.4856-0.4856 1.0000 (   636 PWs)   bands (ev):

    -4.1682   4.0609   5.3381   9.1823

          k =-0.3642-0.3642 0.8750 (   648 PWs)   bands (ev):

    -2.0415   1.3567   5.1917   8.0570

          k =-0.2428-0.2428 0.7500 (   639 PWs)   bands (ev):

    -2.4802   1.8759   6.1410   7.4385

          k =-0.1214-0.1214 0.6250 (   640 PWs)   bands (ev):

    -4.5887   5.0459   7.4733   7.4920

          k =-0.2428-0.4856 1.0000 (   645 PWs)   bands (ev):

    -1.8160   2.4074   4.1411   6.9261

          k =-0.1214-0.3642 0.8750 (   645 PWs)   bands (ev):

    -0.8494   1.5486   4.4211   6.1777

          k = 0.0000-0.2428 0.7500 (   637 PWs)   bands (ev):

    -2.8800   3.6551   5.4763   6.7276

          k =-0.9713 0.4856 0.0000 (   640 PWs)   bands (ev):

     0.7023   0.7023   4.5049   4.5049

          k =-0.9713 0.0000 0.5000 (   640 PWs)   bands (ev):

     0.5903   0.5903   4.4642   4.4642

          k = 0.0000 0.0000 0.7500 (   632 PWs)   bands (ev):

    -3.3443   4.3055   6.6335   6.6335

          k =-0.2428-0.2428 1.0000 (   650 PWs)   bands (ev):

    -0.2513   1.2205   3.5933   6.9611

          k =-0.1214-0.1214 0.8750 (   638 PWs)   bands (ev):

    -1.4351   2.2145   5.2213   6.4436

          k =-0.9713 0.7285 0.0000 (   638 PWs)   bands (ev):

     0.5091   0.5091   5.2098   5.2098

          k = 0.0000 0.0000-1.0000 (   644 PWs)   bands (ev):

     0.2539   0.2539   6.0844   6.0844

!    total energy              =     -22.76616828 Ry
     Harris-Foulkes estimate   =     -22.76616828 Ry
     estimated scf accuracy    <          2.2E-10 Ry

     The total energy is the sum of the following terms:

     one-electron contribution =       7.35232636 Ry
     hartree contribution      =       1.99001908 Ry
     xc contribution           =      -7.02667636 Ry
     ewald contribution        =     -25.08183736 Ry

     convergence has been achieved in   6 iterations

     Forces acting on atoms (Ry/au):

     atom   1 type  1   force =     0.00000000    0.00000000    0.00000000
     atom   2 type  1   force =     0.00000000    0.00000000    0.00000000

     Total force =     0.000000     Total SCF correction =     0.000000


     entering subroutine stress ...

          total   stress  (Ry/bohr**3)                   (kbar)     P= -225.55
  -0.00209258   0.00000000   0.00000000       -307.83      0.00      0.00
   0.00000000  -0.00209258   0.00000000          0.00   -307.83      0.00
   0.00000000   0.00000000  -0.00041469          0.00      0.00    -61.00


     BFGS Geometry Optimization

     bfgs converged in   1 scf cycles and   0 bfgs steps
     (criteria: energy < 0.10E-08, force < 0.10E-05)

     End of BFGS Geometry Optimization

     Final energy   =     -22.7661682796 Ry

ATOMIC_POSITIONS (crystal)
C        0.000000000   0.000000000   0.000000000
C        0.250000000   0.250000000   0.250000000



     Writing output data file pwscf.save
 
     PWSCF        :     5.08s CPU time,    6.05s wall time

     init_run     :     0.52s CPU
     electrons    :     3.96s CPU
     forces       :     0.07s CPU
     stress       :     0.23s CPU

     Called by init_run:
     wfcinit      :     0.29s CPU
     potinit      :     0.05s CPU

     Called by electrons:
     c_bands      :     3.24s CPU (       6 calls,   0.540 s avg)
     sum_band     :     0.42s CPU (       6 calls,   0.070 s avg)
     v_of_rho     :     0.16s CPU (       7 calls,   0.023 s avg)
     newd         :     0.06s CPU (       7 calls,   0.008 s avg)
     mix_rho      :     0.01s CPU (       6 calls,   0.002 s avg)

     Called by c_bands:
     init_us_2    :     0.12s CPU (     885 calls,   0.000 s avg)
     cegterg      :     3.07s CPU (     354 calls,   0.009 s avg)

     Called by *egterg:
     h_psi        :     1.20s CPU (    1081 calls,   0.001 s avg)
     s_psi        :     0.04s CPU (    1081 calls,   0.000 s avg)
     g_psi        :     0.00s CPU (     668 calls,   0.000 s avg)
     cdiaghg      :     1.54s CPU (    1022 calls,   0.002 s avg)

     Called by h_psi:
     add_vuspsi   :     0.03s CPU (    1081 calls,   0.000 s avg)

     General routines
     calbec       :     0.08s CPU (    1553 calls,   0.000 s avg)
     cft3s        :     1.31s CPU (   10119 calls,   0.000 s avg)
     interpolate  :     0.02s CPU (      13 calls,   0.001 s avg)
     davcio       :     0.28s CPU (    1239 calls,   0.000 s avg)
 
     Parallel routines
     fft_scatter  :     0.36s CPU (   10119 calls,   0.000 s avg)
