
     Program PWSCF     v.4.1.1  starts ...
     Today is 25Nov2010 at 15:43: 7 

     Parallel version (MPI)

     Number of processors in use:       4
     R & G space division:  proc/pool =    4

     For Norm-Conserving or Ultrasoft (Vanderbilt) Pseudopotentials or PAW

     Current dimensions of program pwscf are:
     Max number of different atomic species (ntypx) = 10
     Max number of k-points (npk) =  40000
     Max angular momentum in pseudopotentials (lmaxx) =  3
     Waiting for input...
     file C.pbe-rrkjus.UPF: wavefunction(s)  2S 2P renormalized

     Subspace diagonalization in iterative solution of the eigenvalue problem:
     a parallel distributed memory algorithm will be used,
     eigenstates matrixes will be distributed block like on
     ortho sub-group =    2*   2 procs


     Planes per process (thick) : nr3 = 36 npp =   9 ncplane = 1296
     Planes per process (smooth): nr3s= 24 npps=   6 ncplanes=  576
 
     Proc/  planes cols     G    planes cols    G      columns  G
     Pool       (dense grid)       (smooth grid)      (wavefct grid)
        1     9    176     3085    6     90     1097     30      218
        2     9    176     3085    6     90     1092     31      218
        3     9    175     3084    6     90     1098     30      217
        4     9    176     3085    6     91     1094     30      216
     tot     36    703    12339   24    361     4381    121      869
 


     bravais-lattice index     =            0
     lattice parameter (a_0)   =       6.7413  a.u.
     unit-cell volume          =      69.8006 (a.u.)^3
     number of atoms/cell      =            2
     number of atomic types    =            1
     number of electrons       =         8.00
     number of Kohn-Sham states=            4
     kinetic-energy cutoff     =      60.0000  Ry
     charge density cutoff     =     480.0000  Ry
     convergence threshold     =      1.0E-08
     mixing beta               =       0.7000
     number of iterations used =            8  plain     mixing
     Exchange-correlation      =  SLA  PW   PBE  PBE (1434)
     nstep                     =           50


     celldm(1)=   6.741280  celldm(2)=   0.000000  celldm(3)=   0.000000
     celldm(4)=   0.000000  celldm(5)=   0.000000  celldm(6)=   0.000000

     crystal axes: (cart. coord. in units of a_0)
               a(1) = (  0.000000  0.484768  0.484768 )  
               a(2) = (  0.484768  0.000000  0.484768 )  
               a(3) = (  0.484768  0.484768  0.000000 )  

     reciprocal axes: (cart. coord. in units 2 pi/a_0)
               b(1) = ( -1.031421  1.031421  1.031421 )  
               b(2) = (  1.031421 -1.031421  1.031421 )  
               b(3) = (  1.031421  1.031421 -1.031421 )  


     PseudoPot. # 1 for C  read from file C.pbe-rrkjus.UPF
     Pseudo is Ultrasoft, Zval =  4.0
     Generated by new atomic code, or converted to UPF format
     Using radial grid of  627 points,  4 beta functions with: 
                l(1) =   0
                l(2) =   0
                l(3) =   1
                l(4) =   1
     Q(r) pseudized with 0 coefficients 


     atomic species   valence    mass     pseudopotential
        C              4.00    12.01070     C ( 1.00)

     48 Sym.Ops. (with inversion)


   Cartesian axes

     site n.     atom                  positions (a_0 units)
         1           C   tau(  1) = (   0.0000000   0.0000000   0.0000000  )
         2           C   tau(  2) = (   0.2423840   0.2423840   0.2423840  )

     number of k points=   29
                       cart. coord. in units 2pi/a_0
        k(    1) = (   0.0000000   0.0000000   0.0000000), wk =   0.0039062
        k(    2) = (   0.1289277   0.1289277  -0.1289277), wk =   0.0312500
        k(    3) = (   0.2578553   0.2578553  -0.2578553), wk =   0.0312500
        k(    4) = (   0.3867830   0.3867830  -0.3867830), wk =   0.0312500
        k(    5) = (  -0.5157106  -0.5157106   0.5157106), wk =   0.0156250
        k(    6) = (   0.2578553   0.0000000   0.0000000), wk =   0.0234375
        k(    7) = (   0.3867830   0.1289277  -0.1289277), wk =   0.0937500
        k(    8) = (   0.5157106   0.2578553  -0.2578553), wk =   0.0937500
        k(    9) = (  -0.3867830  -0.6446383   0.6446383), wk =   0.0937500
        k(   10) = (  -0.2578553  -0.5157106   0.5157106), wk =   0.0937500
        k(   11) = (  -0.1289277  -0.3867830   0.3867830), wk =   0.0937500
        k(   12) = (   0.0000000  -0.2578553   0.2578553), wk =   0.0468750
        k(   13) = (   0.5157106   0.0000000   0.0000000), wk =   0.0234375
        k(   14) = (   0.6446383   0.1289277  -0.1289277), wk =   0.0937500
        k(   15) = (  -0.2578553  -0.7735659   0.7735659), wk =   0.0937500
        k(   16) = (  -0.1289277  -0.6446383   0.6446383), wk =   0.0937500
        k(   17) = (   0.0000000  -0.5157106   0.5157106), wk =   0.0468750
        k(   18) = (   0.7735659   0.0000000   0.0000000), wk =   0.0234375
        k(   19) = (  -0.1289277  -0.9024936   0.9024936), wk =   0.0937500
        k(   20) = (   0.0000000  -0.7735659   0.7735659), wk =   0.0468750
        k(   21) = (  -1.0314212   0.0000000   0.0000000), wk =   0.0117188
        k(   22) = (   0.5157106   0.2578553   0.0000000), wk =   0.0937500
        k(   23) = (  -0.3867830  -0.6446383   0.9024936), wk =   0.1875000
        k(   24) = (  -0.2578553  -0.5157106   0.7735659), wk =   0.0937500
        k(   25) = (  -0.2578553  -0.7735659   1.0314212), wk =   0.0937500
        k(   26) = (  -0.1289277  -0.6446383   0.9024936), wk =   0.1875000
        k(   27) = (   0.0000000  -0.5157106   0.7735659), wk =   0.0937500
        k(   28) = (  -1.0314212   0.2578553   0.0000000), wk =   0.0468750
        k(   29) = (  -1.0314212   0.5157106   0.0000000), wk =   0.0234375

     G cutoff =  552.5432  (  12339 G-vectors)     FFT grid: ( 36, 36, 36)
     G cutoff =  276.2716  (   4381 G-vectors)  smooth grid: ( 24, 24, 24)

     Largest allocated arrays     est. size (Mb)     dimensions
        Kohn-Sham Wavefunctions         0.01 Mb     (    139,   4)
        NL pseudopotentials             0.03 Mb     (    139,  16)
        Each V/rho on FFT grid          0.18 Mb     (  11664)
        Each G-vector array             0.02 Mb     (   3085)
        G-vector shells                 0.00 Mb     (    173)
     Largest temporary arrays     est. size (Mb)     dimensions
        Auxiliary wavefunctions         0.03 Mb     (    139,  16)
        Each subspace H/S matrix        0.00 Mb     (     16,  16)
        Each <psi_i|beta_j> matrix      0.00 Mb     (     16,   4)
        Arrays for rho mixing           1.42 Mb     (  11664,   8)

     Initial potential from superposition of free atoms

     starting charge    7.99989, renormalised to    8.00000
     Starting wfc are    8 atomic wfcs

     total cpu time spent up to now is      0.40 secs

     per-process dynamical memory:    54.8 Mb

     Self-consistent Calculation

     iteration #  1     ecut=    60.00 Ry     beta=0.70
     Davidson diagonalization with overlap
     ethr =  1.00E-02,  avg # of iterations =  2.0

     total cpu time spent up to now is      0.74 secs

     total energy              =     -22.75084647 Ry
     Harris-Foulkes estimate   =     -22.81900933 Ry
     estimated scf accuracy    <       0.14503455 Ry

     iteration #  2     ecut=    60.00 Ry     beta=0.70
     Davidson diagonalization with overlap
     ethr =  1.81E-03,  avg # of iterations =  1.0

     total cpu time spent up to now is      0.97 secs

     total energy              =     -22.76020122 Ry
     Harris-Foulkes estimate   =     -22.76079175 Ry
     estimated scf accuracy    <       0.00311090 Ry

     iteration #  3     ecut=    60.00 Ry     beta=0.70
     Davidson diagonalization with overlap
     ethr =  3.89E-05,  avg # of iterations =  2.1

     total cpu time spent up to now is      1.33 secs

     total energy              =     -22.76097046 Ry
     Harris-Foulkes estimate   =     -22.76095634 Ry
     estimated scf accuracy    <       0.00004181 Ry

     iteration #  4     ecut=    60.00 Ry     beta=0.70
     Davidson diagonalization with overlap
     ethr =  5.23E-07,  avg # of iterations =  2.1

     total cpu time spent up to now is      1.68 secs

     total energy              =     -22.76098670 Ry
     Harris-Foulkes estimate   =     -22.76098663 Ry
     estimated scf accuracy    <       0.00000390 Ry

     iteration #  5     ecut=    60.00 Ry     beta=0.70
     Davidson diagonalization with overlap
     ethr =  4.87E-08,  avg # of iterations =  2.0

     total cpu time spent up to now is      2.03 secs

     total energy              =     -22.76098737 Ry
     Harris-Foulkes estimate   =     -22.76098741 Ry
     estimated scf accuracy    <       0.00000014 Ry

     iteration #  6     ecut=    60.00 Ry     beta=0.70
     Davidson diagonalization with overlap
     ethr =  1.76E-09,  avg # of iterations =  2.0

     total cpu time spent up to now is      2.34 secs

     End of self-consistent calculation

          k = 0.0000 0.0000 0.0000 (   537 PWs)   bands (ev):

    -7.6535  15.0374  15.0374  15.0374

          k = 0.1289 0.1289-0.1289 (   540 PWs)   bands (ev):

    -7.1944  12.4556  14.3200  14.3200

          k = 0.2579 0.2579-0.2579 (   549 PWs)   bands (ev):

    -5.8285   8.0199  13.1330  13.1330

          k = 0.3868 0.3868-0.3868 (   550 PWs)   bands (ev):

    -3.6112   3.6672  12.2912  12.2912

          k =-0.5157-0.5157 0.5157 (   568 PWs)   bands (ev):

    -1.3319   0.6404  11.9992  11.9992

          k = 0.2579 0.0000 0.0000 (   544 PWs)   bands (ev):

    -7.0416  13.1345  13.1345  13.7189

          k = 0.3868 0.1289-0.1289 (   553 PWs)   bands (ev):

    -5.9786   9.6242  11.8864  12.9102

          k = 0.5157 0.2579-0.2579 (   543 PWs)   bands (ev):

    -4.0416   5.3439  11.1927  11.6429

          k =-0.3868-0.6446 0.6446 (   551 PWs)   bands (ev):

    -1.4674   1.5965  10.6040  11.2007

          k =-0.2579-0.5157 0.5157 (   547 PWs)   bands (ev):

    -2.3424   2.7194  10.1245  11.8758

          k =-0.1289-0.3868 0.3868 (   551 PWs)   bands (ev):

    -4.7806   6.7846  10.3386  13.0420

          k = 0.0000-0.2579 0.2579 (   553 PWs)   bands (ev):

    -6.4332  10.8314  11.4872  14.2209

          k = 0.5157 0.0000 0.0000 (   560 PWs)   bands (ev):

    -5.2242  10.4338  10.5303  10.5303

          k = 0.6446 0.1289-0.1289 (   547 PWs)   bands (ev):

    -3.5911   7.1381   9.4486   9.7432

          k =-0.2579-0.7736 0.7736 (   550 PWs)   bands (ev):

    -1.2012   3.5969   7.8283   9.7221

          k =-0.1289-0.6446 0.6446 (   545 PWs)   bands (ev):

    -0.4018   2.6794   6.7435  10.4581

          k = 0.0000-0.5157 0.5157 (   548 PWs)   bands (ev):

    -2.8829   5.8937   6.8036  11.7587

          k = 0.7736 0.0000 0.0000 (   548 PWs)   bands (ev):

    -2.2707   6.1195   8.7821   8.7821

          k =-0.1289-0.9025 0.9025 (   546 PWs)   bands (ev):

    -0.1635   3.9095   7.0298   8.5869

          k = 0.0000-0.7736 0.7736 (   542 PWs)   bands (ev):

     1.5549   2.7225   4.8310   9.1941

          k =-1.0314 0.0000 0.0000 (   524 PWs)   bands (ev):

     1.6433   1.6433   8.1788   8.1788

          k = 0.5157 0.2579 0.0000 (   549 PWs)   bands (ev):

    -4.6294   8.2003   9.0630  11.9325

          k =-0.3868-0.6446 0.9025 (   549 PWs)   bands (ev):

    -2.4531   4.5890   8.3188  10.6028

          k =-0.2579-0.5157 0.7736 (   552 PWs)   bands (ev):

    -0.2712   1.7674   8.3218   9.9145

          k =-0.2579-0.7736 1.0314 (   553 PWs)   bands (ev):

    -1.7175   5.6750   7.4454   8.5419

          k =-0.1289-0.6446 0.9025 (   548 PWs)   bands (ev):

     0.6961   3.2874   5.9413   8.1031

          k = 0.0000-0.5157 0.7736 (   548 PWs)   bands (ev):

    -0.1722   4.1426   5.4022   9.0720

          k =-1.0314 0.2579 0.0000 (   540 PWs)   bands (ev):

     2.0371   2.0371   7.0636   7.0636

          k =-1.0314 0.5157 0.0000 (   524 PWs)   bands (ev):

     2.5966   2.5966   5.9132   5.9132

!    total energy              =     -22.76098738 Ry
     Harris-Foulkes estimate   =     -22.76098739 Ry
     estimated scf accuracy    <          8.2E-10 Ry

     The total energy is the sum of the following terms:

     one-electron contribution =       9.04803868 Ry
     hartree contribution      =       1.84013149 Ry
     xc contribution           =      -7.27525609 Ry
     ewald contribution        =     -26.37390147 Ry

     convergence has been achieved in   6 iterations

     Forces acting on atoms (Ry/au):

     atom   1 type  1   force =     0.00000000    0.00000000    0.00000000
     atom   2 type  1   force =     0.00000000    0.00000000    0.00000000

     Total force =     0.000000     Total SCF correction =     0.000000


     entering subroutine stress ...

          total   stress  (Ry/bohr**3)                   (kbar)     P=  474.68
   0.00322680   0.00000000   0.00000000        474.68      0.00      0.00
   0.00000000   0.00322680   0.00000000          0.00    474.68      0.00
   0.00000000   0.00000000   0.00322680          0.00      0.00    474.68


     BFGS Geometry Optimization

     bfgs converged in   1 scf cycles and   0 bfgs steps
     (criteria: energy < 0.10E-08, force < 0.10E-05)

     End of BFGS Geometry Optimization

     Final energy   =     -22.7609873848 Ry

ATOMIC_POSITIONS (crystal)
C        0.000000000   0.000000000   0.000000000
C        0.250000000   0.250000000   0.250000000



     Writing output data file pwscf.save
 
     PWSCF        :     2.65s CPU time,    3.32s wall time

     init_run     :     0.32s CPU
     electrons    :     1.94s CPU
     forces       :     0.03s CPU
     stress       :     0.12s CPU

     Called by init_run:
     wfcinit      :     0.13s CPU
     potinit      :     0.03s CPU

     Called by electrons:
     c_bands      :     1.45s CPU (       6 calls,   0.242 s avg)
     sum_band     :     0.24s CPU (       6 calls,   0.040 s avg)
     v_of_rho     :     0.14s CPU (       7 calls,   0.020 s avg)
     newd         :     0.03s CPU (       7 calls,   0.004 s avg)
     mix_rho      :     0.00s CPU (       6 calls,   0.000 s avg)

     Called by c_bands:
     init_us_2    :     0.00s CPU (     435 calls,   0.000 s avg)
     cegterg      :     1.41s CPU (     174 calls,   0.008 s avg)

     Called by *egterg:
     h_psi        :     0.49s CPU (     526 calls,   0.001 s avg)
     s_psi        :     0.00s CPU (     526 calls,   0.000 s avg)
     g_psi        :     0.02s CPU (     323 calls,   0.000 s avg)
     cdiaghg      :     0.73s CPU (     497 calls,   0.001 s avg)

     Called by h_psi:
     add_vuspsi   :     0.02s CPU (     526 calls,   0.000 s avg)

     General routines
     calbec       :     0.03s CPU (     758 calls,   0.000 s avg)
     cft3s        :     0.55s CPU (    5041 calls,   0.000 s avg)
     interpolate  :     0.00s CPU (      13 calls,   0.000 s avg)
     davcio       :     0.11s CPU (     609 calls,   0.000 s avg)
 
     Parallel routines
     fft_scatter  :     0.22s CPU (    5041 calls,   0.000 s avg)
