================================================================================
| EXCITING CARBON started                                                      =
| version hash id:                                                             =
|                                                                              =
| Date (DD-MM-YYYY) : 16-03-2017                                               =
| Time (hh:mm:ss)   : 08:24:03                                                 =
|                                                                              =
| All units are atomic (Hartree, Bohr, etc.)                                   =
================================================================================

********************************************************************************
| Ground-state run starting from atomic densities                              *
********************************************************************************

++++++++++++++++++++++++++++++++++++++++++++++++++++++++++++++++++++++++++++++++
| Starting initialization                                                      +
++++++++++++++++++++++++++++++++++++++++++++++++++++++++++++++++++++++++++++++++

 Lattice vectors (cartesian) :
      5.1300000000      5.1300000000      0.0000000000
      5.1300000000      0.0000000000      5.1300000000
      0.0000000000      5.1300000000      5.1300000000

 Reciprocal lattice vectors (cartesian) :
      0.6123962288      0.6123962288     -0.6123962288
      0.6123962288     -0.6123962288      0.6123962288
     -0.6123962288      0.6123962288      0.6123962288

 Unit cell volume                           :     270.0113940000
 Brillouin zone volume                      :       0.9186657265

 Species :    1 (Si)
     parameters loaded from                 :    Si.xml
     name                                   :    silicon
     nuclear charge                         :     -14.00000000
     electronic charge                      :      14.00000000
     atomic mass                            :   51196.73454000
     muffin-tin radius                      :       2.10000000
     # of radial points in muffin-tin       :     300

     atomic positions (lattice) :
       1 :   0.00000000  0.00000000  0.00000000
       2 :   0.25000000  0.25000000  0.25000000

 Total number of atoms per unit cell        :       2

 Spin treatment                             :    spin-unpolarised

 Number of Bravais lattice symmetries       :      48
 Number of crystal symmetries               :      48

 k-point grid                               :       4    4    4
 Total number of k-points                   :       8
 k-point set is reduced with crystal symmetries

 R^MT_min * |G+k|_max (rgkmax)              :       7.00000000
 Species with R^MT_min                      :       1 (Si)
 Maximum |G+k| for APW functions            :       3.33333333
 Maximum |G| for potential and density      :      12.00000000

 G-vector grid sizes                        :      30    30    30
 Total number of G-vectors                  :    7799

 Maximum angular momentum used for
     APW functions                          :       8
     computing H and O matrix elements      :       8
     potential and density                  :       8
     inner part of muffin-tin               :       2

 Total nuclear charge                       :     -28.00000000
 Total electronic charge                    :      28.00000000
 Total core charge                          :      20.00000000
 Total valence charge                       :       8.00000000

 Number of empty states                     :       5
 Total number of valence states             :      10

 Maximum Hamiltonian size                   :     184
 Maximum number of plane-waves              :     176
 Total number of local-orbitals             :       8

 Exchange-correlation type                  :       3
     Perdew-Wang, Phys. Rev. B 45, 13244 (1992)

 Smearing scheme                            :    Gaussian
 Smearing width                             :       0.00100000

 Using multisecant Broyden potential mixing

++++++++++++++++++++++++++++++++++++++++++++++++++++++++++++++++++++++++++++++++
| Ending initialization                                                        +
++++++++++++++++++++++++++++++++++++++++++++++++++++++++++++++++++++++++++++++++

********************************************************************************
| Groundstate module started                                                   *
********************************************************************************
 Output level for this task is set to normal

++++++++++++++++++++++++++++++++++++++++++++++++++++++++++++++++++++++++++++++++
| Self-consistent loop started                                                 +
++++++++++++++++++++++++++++++++++++++++++++++++++++++++++++++++++++++++++++++++
 Density and potential initialised from atomic data


++++++++++++++++++++++++++++++++++++++++++++++++++++++++++++++++++++++++++++++++
| SCF iteration number :    1                                                  +
++++++++++++++++++++++++++++++++++++++++++++++++++++++++++++++++++++++++++++++++
 Total energy                               :      -579.07229184
 _______________________________________________________________
 Fermi energy                               :         0.18828940
 Kinetic energy                             :       578.36509548
 Coulomb energy                             :     -1117.70863368
 Exchange energy                            :       -37.58109320
 Correlation energy                         :        -2.14766045

 DOS at Fermi energy (states/Ha/cell)       :         0.00000000

 Electron charges :
     core                                   :        20.00000000
     core leakage                           :         0.00463657
     valence                                :         8.00000000
     interstitial                           :         3.79211820
     charge in muffin-tin spheres :
                  atom     1    Si          :        12.10394090
                  atom     2    Si          :        12.10394090
     total charge in muffin-tins            :        24.20788180
     total charge                           :        28.00000000

 Estimated fundamental gap                  :         0.03892994
        valence-band maximum at    1      0.0000  0.0000  0.0000
     conduction-band minimum at    7      0.5000  0.5000  0.0000

 Wall time (seconds)                        :         2.32

++++++++++++++++++++++++++++++++++++++++++++++++++++++++++++++++++++++++++++++++
| SCF iteration number :    2                                                  +
++++++++++++++++++++++++++++++++++++++++++++++++++++++++++++++++++++++++++++++++
 Total energy                               :      -578.65263951
 _______________________________________________________________
 Fermi energy                               :         0.19276210
 Kinetic energy                             :       578.65194978
 Coulomb energy                             :     -1117.59075652
 Exchange energy                            :       -37.56686657
 Correlation energy                         :        -2.14696621

 DOS at Fermi energy (states/Ha/cell)       :         0.00000000

 Electron charges :
     core                                   :        20.00000000
     core leakage                           :         0.00464447
     valence                                :         8.00000000
     interstitial                           :         3.82607742
     charge in muffin-tin spheres :
                  atom     1    Si          :        12.08696129
                  atom     2    Si          :        12.08696129
     total charge in muffin-tins            :        24.17392258
     total charge                           :        28.00000000

 Estimated fundamental gap                  :         0.03322384
        valence-band maximum at    1      0.0000  0.0000  0.0000
     conduction-band minimum at    7      0.5000  0.5000  0.0000

 Wall time (seconds)                        :         3.88

 RMS change in effective potential (target) :  0.166083E-01  ( 0.100000E-05)
 Absolute change in total energy   (target) :  0.419652      ( 0.100000E-05)
 Charge distance                   (target) :  0.310683E-02  ( 0.100000E-04)

++++++++++++++++++++++++++++++++++++++++++++++++++++++++++++++++++++++++++++++++
| SCF iteration number :    3                                                  +
++++++++++++++++++++++++++++++++++++++++++++++++++++++++++++++++++++++++++++++++
 Total energy                               :      -578.37553121
 _______________________________________________________________
 Fermi energy                               :         0.19597266
 Kinetic energy                             :       578.84759824
 Coulomb energy                             :     -1117.51922437
 Exchange energy                            :       -37.55742697
 Correlation energy                         :        -2.14647812

 DOS at Fermi energy (states/Ha/cell)       :         0.00000000

 Electron charges :
     core                                   :        20.00000000
     core leakage                           :         0.00464422
     valence                                :         8.00000000
     interstitial                           :         3.85110032
     charge in muffin-tin spheres :
                  atom     1    Si          :        12.07444984
                  atom     2    Si          :        12.07444984
     total charge in muffin-tins            :        24.14889968
     total charge                           :        28.00000000

 Estimated fundamental gap                  :         0.02899164
        valence-band maximum at    1      0.0000  0.0000  0.0000
     conduction-band minimum at    7      0.5000  0.5000  0.0000

 Wall time (seconds)                        :         5.47

 RMS change in effective potential (target) :  0.108267E-01  ( 0.100000E-05)
 Absolute change in total energy   (target) :  0.277108      ( 0.100000E-05)
 Charge distance                   (target) :  0.229889E-02  ( 0.100000E-04)

++++++++++++++++++++++++++++++++++++++++++++++++++++++++++++++++++++++++++++++++
| SCF iteration number :    4                                                  +
++++++++++++++++++++++++++++++++++++++++++++++++++++++++++++++++++++++++++++++++
 Total energy                               :      -578.10837377
 _______________________________________________________________
 Fermi energy                               :         0.20106505
 Kinetic energy                             :       579.06052420
 Coulomb energy                             :     -1117.47635941
 Exchange energy                            :       -37.54677183
 Correlation energy                         :        -2.14576674

 DOS at Fermi energy (states/Ha/cell)       :         0.00000000

 Electron charges :
     core                                   :        20.00000000
     core leakage                           :         0.00460193
     valence                                :         8.00000000
     interstitial                           :         3.89281519
     charge in muffin-tin spheres :
                  atom     1    Si          :        12.05359241
                  atom     2    Si          :        12.05359241
     total charge in muffin-tins            :        24.10718481
     total charge                           :        28.00000000

 Estimated fundamental gap                  :         0.02146786
        valence-band maximum at    1      0.0000  0.0000  0.0000
     conduction-band minimum at    7      0.5000  0.5000  0.0000

 Wall time (seconds)                        :         7.04

 RMS change in effective potential (target) :  0.583729E-03  ( 0.100000E-05)
 Absolute change in total energy   (target) :  0.267157      ( 0.100000E-05)
 Charge distance                   (target) :  0.400366E-02  ( 0.100000E-04)

++++++++++++++++++++++++++++++++++++++++++++++++++++++++++++++++++++++++++++++++
| SCF iteration number :    5                                                  +
++++++++++++++++++++++++++++++++++++++++++++++++++++++++++++++++++++++++++++++++
 Total energy                               :      -578.07247982
 _______________________________________________________________
 Fermi energy                               :         0.20114003
 Kinetic energy                             :       579.07848051
 Coulomb energy                             :     -1117.45968858
 Exchange energy                            :       -37.54553984
 Correlation energy                         :        -2.14573192

 DOS at Fermi energy (states/Ha/cell)       :         0.00000000

 Electron charges :
     core                                   :        20.00000000
     core leakage                           :         0.00460746
     valence                                :         8.00000000
     interstitial                           :         3.89378868
     charge in muffin-tin spheres :
                  atom     1    Si          :        12.05310566
                  atom     2    Si          :        12.05310566
     total charge in muffin-tins            :        24.10621132
     total charge                           :        28.00000000

 Estimated fundamental gap                  :         0.02137658
        valence-band maximum at    1      0.0000  0.0000  0.0000
     conduction-band minimum at    7      0.5000  0.5000  0.0000

 Wall time (seconds)                        :         8.61

 RMS change in effective potential (target) :  0.481890E-04  ( 0.100000E-05)
 Absolute change in total energy   (target) :  0.358940E-01  ( 0.100000E-05)
 Charge distance                   (target) :  0.839117E-04  ( 0.100000E-04)

++++++++++++++++++++++++++++++++++++++++++++++++++++++++++++++++++++++++++++++++
| SCF iteration number :    6                                                  +
++++++++++++++++++++++++++++++++++++++++++++++++++++++++++++++++++++++++++++++++
 Total energy                               :      -578.07349692
 _______________________________________________________________
 Fermi energy                               :         0.20116375
 Kinetic energy                             :       579.07956227
 Coulomb energy                             :     -1117.46169318
 Exchange energy                            :       -37.54563370
 Correlation energy                         :        -2.14573232

 DOS at Fermi energy (states/Ha/cell)       :         0.00000000

 Electron charges :
     core                                   :        20.00000000
     core leakage                           :         0.00460708
     valence                                :         8.00000000
     interstitial                           :         3.89389898
     charge in muffin-tin spheres :
                  atom     1    Si          :        12.05305051
                  atom     2    Si          :        12.05305051
     total charge in muffin-tins            :        24.10610102
     total charge                           :        28.00000000

 Estimated fundamental gap                  :         0.02135679
        valence-band maximum at    1      0.0000  0.0000  0.0000
     conduction-band minimum at    7      0.5000  0.5000  0.0000

 Wall time (seconds)                        :        10.18

 RMS change in effective potential (target) :  0.631798E-05  ( 0.100000E-05)
 Absolute change in total energy   (target) :  0.101711E-02  ( 0.100000E-05)
 Charge distance                   (target) :  0.161220E-04  ( 0.100000E-04)

++++++++++++++++++++++++++++++++++++++++++++++++++++++++++++++++++++++++++++++++
| SCF iteration number :    7                                                  +
++++++++++++++++++++++++++++++++++++++++++++++++++++++++++++++++++++++++++++++++
 Total energy                               :      -578.07372615
 _______________________________________________________________
 Fermi energy                               :         0.20116064
 Kinetic energy                             :       579.07916795
 Coulomb energy                             :     -1117.46152918
 Exchange energy                            :       -37.54563224
 Correlation energy                         :        -2.14573268

 DOS at Fermi energy (states/Ha/cell)       :         0.00000000

 Electron charges :
     core                                   :        20.00000000
     core leakage                           :         0.00460707
     valence                                :         8.00000000
     interstitial                           :         3.89386737
     charge in muffin-tin spheres :
                  atom     1    Si          :        12.05306631
                  atom     2    Si          :        12.05306631
     total charge in muffin-tins            :        24.10613263
     total charge                           :        28.00000000

 Estimated fundamental gap                  :         0.02136114
        valence-band maximum at    1      0.0000  0.0000  0.0000
     conduction-band minimum at    7      0.5000  0.5000  0.0000

 Wall time (seconds)                        :        12.00

 RMS change in effective potential (target) :  0.515403E-06  ( 0.100000E-05)
 Absolute change in total energy   (target) :  0.229228E-03  ( 0.100000E-05)
 Charge distance                   (target) :  0.304357E-05  ( 0.100000E-04)

++++++++++++++++++++++++++++++++++++++++++++++++++++++++++++++++++++++++++++++++
| SCF iteration number :    8                                                  +
++++++++++++++++++++++++++++++++++++++++++++++++++++++++++++++++++++++++++++++++
 Total energy                               :      -578.07369596
 _______________________________________________________________
 Fermi energy                               :         0.20116046
 Kinetic energy                             :       579.07917711
 Coulomb energy                             :     -1117.46150947
 Exchange energy                            :       -37.54563094
 Correlation energy                         :        -2.14573266

 DOS at Fermi energy (states/Ha/cell)       :         0.00000000

 Electron charges :
     core                                   :        20.00000000
     core leakage                           :         0.00460708
     valence                                :         8.00000000
     interstitial                           :         3.89386728
     charge in muffin-tin spheres :
                  atom     1    Si          :        12.05306636
                  atom     2    Si          :        12.05306636
     total charge in muffin-tins            :        24.10613272
     total charge                           :        28.00000000

 Estimated fundamental gap                  :         0.02136127
        valence-band maximum at    1      0.0000  0.0000  0.0000
     conduction-band minimum at    7      0.5000  0.5000  0.0000

 Wall time (seconds)                        :        13.87

 RMS change in effective potential (target) :  0.327216E-07  ( 0.100000E-05)
 Absolute change in total energy   (target) :  0.301922E-04  ( 0.100000E-05)
 Charge distance                   (target) :  0.112491E-06  ( 0.100000E-04)

++++++++++++++++++++++++++++++++++++++++++++++++++++++++++++++++++++++++++++++++
| SCF iteration number :    9                                                  +
++++++++++++++++++++++++++++++++++++++++++++++++++++++++++++++++++++++++++++++++
 Total energy                               :      -578.07369739
 _______________________________________________________________
 Fermi energy                               :         0.20116047
 Kinetic energy                             :       579.07917712
 Coulomb energy                             :     -1117.46151084
 Exchange energy                            :       -37.54563101
 Correlation energy                         :        -2.14573266

 DOS at Fermi energy (states/Ha/cell)       :         0.00000000

 Electron charges :
     core                                   :        20.00000000
     core leakage                           :         0.00460708
     valence                                :         8.00000000
     interstitial                           :         3.89386735
     charge in muffin-tin spheres :
                  atom     1    Si          :        12.05306632
                  atom     2    Si          :        12.05306632
     total charge in muffin-tins            :        24.10613265
     total charge                           :        28.00000000

 Estimated fundamental gap                  :         0.02136125
        valence-band maximum at    1      0.0000  0.0000  0.0000
     conduction-band minimum at    7      0.5000  0.5000  0.0000

 Wall time (seconds)                        :        15.47

 RMS change in effective potential (target) :  0.169669E-08  ( 0.100000E-05)
 Absolute change in total energy   (target) :  0.143386E-05  ( 0.100000E-05)
 Charge distance                   (target) :  0.112626E-07  ( 0.100000E-04)

++++++++++++++++++++++++++++++++++++++++++++++++++++++++++++++++++++++++++++++++
| SCF iteration number :   10                                                  +
++++++++++++++++++++++++++++++++++++++++++++++++++++++++++++++++++++++++++++++++
 Total energy                               :      -578.07369731
 _______________________________________________________________
 Fermi energy                               :         0.20116047
 Kinetic energy                             :       579.07917713
 Coulomb energy                             :     -1117.46151077
 Exchange energy                            :       -37.54563101
 Correlation energy                         :        -2.14573266

 DOS at Fermi energy (states/Ha/cell)       :         0.00000000

 Electron charges :
     core                                   :        20.00000000
     core leakage                           :         0.00460708
     valence                                :         8.00000000
     interstitial                           :         3.89386735
     charge in muffin-tin spheres :
                  atom     1    Si          :        12.05306632
                  atom     2    Si          :        12.05306632
     total charge in muffin-tins            :        24.10613265
     total charge                           :        28.00000000

 Estimated fundamental gap                  :         0.02136125
        valence-band maximum at    1      0.0000  0.0000  0.0000
     conduction-band minimum at    7      0.5000  0.5000  0.0000

 Wall time (seconds)                        :        17.12

 RMS change in effective potential (target) :  0.146029E-09  ( 0.100000E-05)
 Absolute change in total energy   (target) :  0.846192E-07  ( 0.100000E-05)
 Charge distance                   (target) :  0.231526E-09  ( 0.100000E-04)

++++++++++++++++++++++++++++++++++++++++++++++++++++++++++++++++++++++++++++++++
| SCF iteration number :   11                                                  +
++++++++++++++++++++++++++++++++++++++++++++++++++++++++++++++++++++++++++++++++
 Total energy                               :      -578.07369732
 _______________________________________________________________
 Fermi energy                               :         0.20116047
 Kinetic energy                             :       579.07917713
 Coulomb energy                             :     -1117.46151077
 Exchange energy                            :       -37.54563101
 Correlation energy                         :        -2.14573266

 DOS at Fermi energy (states/Ha/cell)       :         0.00000000

 Electron charges :
     core                                   :        20.00000000
     core leakage                           :         0.00460708
     valence                                :         8.00000000
     interstitial                           :         3.89386735
     charge in muffin-tin spheres :
                  atom     1    Si          :        12.05306632
                  atom     2    Si          :        12.05306632
     total charge in muffin-tins            :        24.10613265
     total charge                           :        28.00000000

 Estimated fundamental gap                  :         0.02136125
        valence-band maximum at    1      0.0000  0.0000  0.0000
     conduction-band minimum at    7      0.5000  0.5000  0.0000

 Wall time (seconds)                        :        18.72

 RMS change in effective potential (target) :  0.401426E-11  ( 0.100000E-05)
 Absolute change in total energy   (target) :  0.627119E-08  ( 0.100000E-05)
 Charge distance                   (target) :  0.230640E-10  ( 0.100000E-04)
                                                                                
++++++++++++++++++++++++++++++++++++++++++++++++++++++++++++++++++++++++++++++++
| Convergency criteria checked for the last 2 iterations                       +
| Convergence targets achieved. Performing final SCF iteration                 +
++++++++++++++++++++++++++++++++++++++++++++++++++++++++++++++++++++++++++++++++
 Total energy                               :      -578.07369732
 _______________________________________________________________
 Fermi energy                               :         0.20116047
 Kinetic energy                             :       579.07917713
 Coulomb energy                             :     -1117.46151077
 Exchange energy                            :       -37.54563101
 Correlation energy                         :        -2.14573266

 DOS at Fermi energy (states/Ha/cell)       :         0.00000000

 Electron charges :
     core                                   :        20.00000000
     core leakage                           :         0.00460708
     valence                                :         8.00000000
     interstitial                           :         3.89386735
     charge in muffin-tin spheres :
                  atom     1    Si          :        12.05306632
                  atom     2    Si          :        12.05306632
     total charge in muffin-tins            :        24.10613265
     total charge                           :        28.00000000

 Estimated fundamental gap                  :         0.02136125
        valence-band maximum at    1      0.0000  0.0000  0.0000
     conduction-band minimum at    7      0.5000  0.5000  0.0000

++++++++++++++++++++++++++++++++++++++++++++++++++++++++++++++++++++++++++++++++
| Self-consistent loop stopped                                                 +
++++++++++++++++++++++++++++++++++++++++++++++++++++++++++++++++++++++++++++++++
 STATE.OUT is written

********************************************************************************
| Groundstate module stopped                                                   *
********************************************************************************

 Total time spent (seconds)                 :        18.47

================================================================================
| EXCITING CARBON stopped                                                      =
================================================================================
