
     Program PWSCF     v.4.1.1  starts ...
     Today is 25Nov2010 at 15:44: 7 

     Parallel version (MPI)

     Number of processors in use:       4
     R & G space division:  proc/pool =    4

     For Norm-Conserving or Ultrasoft (Vanderbilt) Pseudopotentials or PAW

     Current dimensions of program pwscf are:
     Max number of different atomic species (ntypx) = 10
     Max number of k-points (npk) =  40000
     Max angular momentum in pseudopotentials (lmaxx) =  3
     Waiting for input...
     file C.pbe-rrkjus.UPF: wavefunction(s)  2S 2P renormalized

     Subspace diagonalization in iterative solution of the eigenvalue problem:
     a parallel distributed memory algorithm will be used,
     eigenstates matrixes will be distributed block like on
     ortho sub-group =    2*   2 procs


     Planes per process (thick) : nr3 = 36 npp =   9 ncplane = 1296
     Planes per process (smooth): nr3s= 28 npps=   7 ncplanes=  784
 
     Proc/  planes cols     G    planes cols    G      columns  G
     Pool       (dense grid)       (smooth grid)      (wavefct grid)
        1     9    203     3711    7    100     1307     32      241
        2     9    201     3710    7     99     1304     32      241
        3     9    200     3710    7     99     1300     32      241
        4     9    201     3710    7     99     1298     31      242
     tot     36    805    14841   28    397     5209    127      965
 


     bravais-lattice index     =            0
     lattice parameter (a_0)   =       6.7413  a.u.
     unit-cell volume          =      83.5845 (a.u.)^3
     number of atoms/cell      =            2
     number of atomic types    =            1
     number of electrons       =         8.00
     number of Kohn-Sham states=            4
     kinetic-energy cutoff     =      60.0000  Ry
     charge density cutoff     =     480.0000  Ry
     convergence threshold     =      1.0E-08
     mixing beta               =       0.7000
     number of iterations used =            8  plain     mixing
     Exchange-correlation      =  SLA  PW   PBE  PBE (1434)
     nstep                     =           50


     celldm(1)=   6.741280  celldm(2)=   0.000000  celldm(3)=   0.000000
     celldm(4)=   0.000000  celldm(5)=   0.000000  celldm(6)=   0.000000

     crystal axes: (cart. coord. in units of a_0)
               a(1) = (  0.000000  0.514782  0.514782 )  
               a(2) = (  0.514782  0.000000  0.514782 )  
               a(3) = (  0.514782  0.514782  0.000000 )  

     reciprocal axes: (cart. coord. in units 2 pi/a_0)
               b(1) = ( -0.971286  0.971286  0.971286 )  
               b(2) = (  0.971286 -0.971286  0.971286 )  
               b(3) = (  0.971286  0.971286 -0.971286 )  


     PseudoPot. # 1 for C  read from file C.pbe-rrkjus.UPF
     Pseudo is Ultrasoft, Zval =  4.0
     Generated by new atomic code, or converted to UPF format
     Using radial grid of  627 points,  4 beta functions with: 
                l(1) =   0
                l(2) =   0
                l(3) =   1
                l(4) =   1
     Q(r) pseudized with 0 coefficients 


     atomic species   valence    mass     pseudopotential
        C              4.00    12.01070     C ( 1.00)

     48 Sym.Ops. (with inversion)


   Cartesian axes

     site n.     atom                  positions (a_0 units)
         1           C   tau(  1) = (   0.0000000   0.0000000   0.0000000  )
         2           C   tau(  2) = (   0.2573908   0.2573908   0.2573908  )

     number of k points=   29
                       cart. coord. in units 2pi/a_0
        k(    1) = (   0.0000000   0.0000000   0.0000000), wk =   0.0039062
        k(    2) = (   0.1214107   0.1214107  -0.1214107), wk =   0.0312500
        k(    3) = (   0.2428215   0.2428215  -0.2428215), wk =   0.0312500
        k(    4) = (   0.3642322   0.3642322  -0.3642322), wk =   0.0312500
        k(    5) = (  -0.4856429  -0.4856429   0.4856429), wk =   0.0156250
        k(    6) = (   0.2428215   0.0000000   0.0000000), wk =   0.0234375
        k(    7) = (   0.3642322   0.1214107  -0.1214107), wk =   0.0937500
        k(    8) = (   0.4856429   0.2428215  -0.2428215), wk =   0.0937500
        k(    9) = (  -0.3642322  -0.6070537   0.6070537), wk =   0.0937500
        k(   10) = (  -0.2428215  -0.4856429   0.4856429), wk =   0.0937500
        k(   11) = (  -0.1214107  -0.3642322   0.3642322), wk =   0.0937500
        k(   12) = (   0.0000000  -0.2428215   0.2428215), wk =   0.0468750
        k(   13) = (   0.4856429   0.0000000   0.0000000), wk =   0.0234375
        k(   14) = (   0.6070537   0.1214107  -0.1214107), wk =   0.0937500
        k(   15) = (  -0.2428215  -0.7284644   0.7284644), wk =   0.0937500
        k(   16) = (  -0.1214107  -0.6070537   0.6070537), wk =   0.0937500
        k(   17) = (   0.0000000  -0.4856429   0.4856429), wk =   0.0468750
        k(   18) = (   0.7284644   0.0000000   0.0000000), wk =   0.0234375
        k(   19) = (  -0.1214107  -0.8498751   0.8498751), wk =   0.0937500
        k(   20) = (   0.0000000  -0.7284644   0.7284644), wk =   0.0468750
        k(   21) = (  -0.9712859   0.0000000   0.0000000), wk =   0.0117188
        k(   22) = (   0.4856429   0.2428215   0.0000000), wk =   0.0937500
        k(   23) = (  -0.3642322  -0.6070537   0.8498751), wk =   0.1875000
        k(   24) = (  -0.2428215  -0.4856429   0.7284644), wk =   0.0937500
        k(   25) = (  -0.2428215  -0.7284644   0.9712859), wk =   0.0937500
        k(   26) = (  -0.1214107  -0.6070537   0.8498751), wk =   0.1875000
        k(   27) = (   0.0000000  -0.4856429   0.7284644), wk =   0.0937500
        k(   28) = (  -0.9712859   0.2428215   0.0000000), wk =   0.0468750
        k(   29) = (  -0.9712859   0.4856429   0.0000000), wk =   0.0234375

     G cutoff =  552.5432  (  14841 G-vectors)     FFT grid: ( 36, 36, 36)
     G cutoff =  276.2716  (   5209 G-vectors)  smooth grid: ( 28, 28, 28)

     Largest allocated arrays     est. size (Mb)     dimensions
        Kohn-Sham Wavefunctions         0.01 Mb     (    173,   4)
        NL pseudopotentials             0.04 Mb     (    173,  16)
        Each V/rho on FFT grid          0.18 Mb     (  11664)
        Each G-vector array             0.03 Mb     (   3711)
        G-vector shells                 0.00 Mb     (    197)
     Largest temporary arrays     est. size (Mb)     dimensions
        Auxiliary wavefunctions         0.04 Mb     (    173,  16)
        Each subspace H/S matrix        0.00 Mb     (     16,  16)
        Each <psi_i|beta_j> matrix      0.00 Mb     (     16,   4)
        Arrays for rho mixing           1.42 Mb     (  11664,   8)

     Initial potential from superposition of free atoms

     starting charge    7.99989, renormalised to    8.00000
     Starting wfc are    8 atomic wfcs

     total cpu time spent up to now is      0.44 secs

     per-process dynamical memory:    54.9 Mb

     Self-consistent Calculation

     iteration #  1     ecut=    60.00 Ry     beta=0.70
     Davidson diagonalization with overlap
     ethr =  1.00E-02,  avg # of iterations =  2.0

     total cpu time spent up to now is      0.82 secs

     total energy              =     -22.75588543 Ry
     Harris-Foulkes estimate   =     -22.79640124 Ry
     estimated scf accuracy    <       0.09624174 Ry

     iteration #  2     ecut=    60.00 Ry     beta=0.70
     Davidson diagonalization with overlap
     ethr =  1.20E-03,  avg # of iterations =  1.2

     total cpu time spent up to now is      1.12 secs

     total energy              =     -22.76257933 Ry
     Harris-Foulkes estimate   =     -22.76277427 Ry
     estimated scf accuracy    <       0.00245424 Ry

     iteration #  3     ecut=    60.00 Ry     beta=0.70
     Davidson diagonalization with overlap
     ethr =  3.07E-05,  avg # of iterations =  2.0

     total cpu time spent up to now is      1.54 secs

     total energy              =     -22.76301254 Ry
     Harris-Foulkes estimate   =     -22.76299479 Ry
     estimated scf accuracy    <       0.00005037 Ry

     iteration #  4     ecut=    60.00 Ry     beta=0.70
     Davidson diagonalization with overlap
     ethr =  6.30E-07,  avg # of iterations =  2.2

     total cpu time spent up to now is      1.95 secs

     total energy              =     -22.76302707 Ry
     Harris-Foulkes estimate   =     -22.76302707 Ry
     estimated scf accuracy    <       0.00000191 Ry

     iteration #  5     ecut=    60.00 Ry     beta=0.70
     Davidson diagonalization with overlap
     ethr =  2.39E-08,  avg # of iterations =  2.1

     total cpu time spent up to now is      2.38 secs

     total energy              =     -22.76302753 Ry
     Harris-Foulkes estimate   =     -22.76302755 Ry
     estimated scf accuracy    <       0.00000009 Ry

     iteration #  6     ecut=    60.00 Ry     beta=0.70
     Davidson diagonalization with overlap
     ethr =  1.08E-09,  avg # of iterations =  2.0

     total cpu time spent up to now is      2.77 secs

     End of self-consistent calculation

          k = 0.0000 0.0000 0.0000 (   645 PWs)   bands (ev):

    -8.4905  11.7930  11.7930  11.7930

          k = 0.1214 0.1214-0.1214 (   649 PWs)   bands (ev):

    -8.0846   9.5411  11.2018  11.2018

          k = 0.2428 0.2428-0.2428 (   646 PWs)   bands (ev):

    -6.8821   5.6225  10.1969  10.1969

          k = 0.3642 0.3642-0.3642 (   658 PWs)   bands (ev):

    -4.9621   1.8064   9.4715   9.4715

          k =-0.4856-0.4856 0.4856 (   652 PWs)   bands (ev):

    -3.2034  -0.6163   9.2179   9.2179

          k = 0.2428 0.0000 0.0000 (   665 PWs)   bands (ev):

    -7.9495  10.2341  10.2341  10.4726

          k = 0.3642 0.1214-0.1214 (   654 PWs)   bands (ev):

    -7.0123   7.0209   9.1767   9.8694

          k = 0.4856 0.2428-0.2428 (   641 PWs)   bands (ev):

    -5.3214   3.2482   8.5730   8.7970

          k =-0.3642-0.6071 0.6071 (   657 PWs)   bands (ev):

    -3.2087   0.0956   7.9246   8.5633

          k =-0.2428-0.4856 0.4856 (   660 PWs)   bands (ev):

    -3.8882   0.9955   7.5380   9.1234

          k =-0.1214-0.3642 0.3642 (   642 PWs)   bands (ev):

    -5.9638   4.5094   7.7561  10.1023

          k = 0.0000-0.2428 0.2428 (   658 PWs)   bands (ev):

    -7.4130   8.0285   8.8299  11.0928

          k = 0.4856 0.0000 0.0000 (   649 PWs)   bands (ev):

    -6.3464   7.3922   8.0330   8.0330

          k = 0.6071 0.1214-0.1214 (   654 PWs)   bands (ev):

    -4.9154   4.6492   6.9480   7.3567

          k =-0.2428-0.7285 0.7285 (   660 PWs)   bands (ev):

    -2.8801   1.6434   5.5270   7.3286

          k =-0.1214-0.6071 0.6071 (   661 PWs)   bands (ev):

    -2.2698   0.9426   4.6035   7.9436

          k = 0.0000-0.4856 0.4856 (   656 PWs)   bands (ev):

    -4.3154   3.5384   4.7972   9.0330

          k = 0.7285 0.0000 0.0000 (   660 PWs)   bands (ev):

    -3.7530   3.5633   6.5382   6.5382

          k =-0.1214-0.8499 0.8499 (   658 PWs)   bands (ev):

    -1.9286   1.6000   5.0790   6.3677

          k = 0.0000-0.7285 0.7285 (   670 PWs)   bands (ev):

    -0.6381   0.6473   3.3075   6.8797

          k =-0.9713 0.0000 0.0000 (   652 PWs)   bands (ev):

    -0.3365  -0.3365   6.0203   6.0203

          k = 0.4856 0.2428 0.0000 (   648 PWs)   bands (ev):

    -5.8276   5.6092   6.7492   9.1220

          k =-0.3642-0.6071 0.8499 (   655 PWs)   bands (ev):

    -3.9463   2.5354   5.9550   8.0510

          k =-0.2428-0.4856 0.7285 (   666 PWs)   bands (ev):

    -2.2442   0.2801   5.8909   7.5145

          k =-0.2428-0.7285 0.9713 (   658 PWs)   bands (ev):

    -3.2862   3.1557   5.3757   6.3742

          k =-0.1214-0.6071 0.8499 (   663 PWs)   bands (ev):

    -1.2918   1.1951   4.0570   5.9981

          k = 0.0000-0.4856 0.7285 (   657 PWs)   bands (ev):

    -2.0161   1.8844   3.6650   6.7874

          k =-0.9713 0.2428 0.0000 (   666 PWs)   bands (ev):

    -0.0475  -0.0475   5.1045   5.1045

          k =-0.9713 0.4856 0.0000 (   648 PWs)   bands (ev):

     0.3232   0.3232   4.2185   4.2185

!    total energy              =     -22.76302755 Ry
     Harris-Foulkes estimate   =     -22.76302755 Ry
     estimated scf accuracy    <          6.3E-11 Ry

     The total energy is the sum of the following terms:

     one-electron contribution =       7.03151661 Ry
     hartree contribution      =       2.02340724 Ry
     xc contribution           =      -6.98173852 Ry
     ewald contribution        =     -24.83621287 Ry

     convergence has been achieved in   6 iterations

     Forces acting on atoms (Ry/au):

     atom   1 type  1   force =     0.00000000    0.00000000    0.00000000
     atom   2 type  1   force =     0.00000000    0.00000000    0.00000000

     Total force =     0.000000     Total SCF correction =     0.000000


     entering subroutine stress ...

          total   stress  (Ry/bohr**3)                   (kbar)     P= -320.86
  -0.00218115   0.00000000   0.00000000       -320.86      0.00      0.00
   0.00000000  -0.00218115   0.00000000          0.00   -320.86      0.00
   0.00000000   0.00000000  -0.00218115          0.00      0.00   -320.86


     BFGS Geometry Optimization

     bfgs converged in   1 scf cycles and   0 bfgs steps
     (criteria: energy < 0.10E-08, force < 0.10E-05)

     End of BFGS Geometry Optimization

     Final energy   =     -22.7630275455 Ry

ATOMIC_POSITIONS (crystal)
C        0.000000000   0.000000000   0.000000000
C        0.250000000   0.250000000   0.250000000



     Writing output data file pwscf.save
 
     PWSCF        :     3.11s CPU time,    3.71s wall time

     init_run     :     0.35s CPU
     electrons    :     2.33s CPU
     forces       :     0.03s CPU
     stress       :     0.14s CPU

     Called by init_run:
     wfcinit      :     0.16s CPU
     potinit      :     0.03s CPU

     Called by electrons:
     c_bands      :     1.76s CPU (       6 calls,   0.293 s avg)
     sum_band     :     0.30s CPU (       6 calls,   0.051 s avg)
     v_of_rho     :     0.13s CPU (       7 calls,   0.019 s avg)
     newd         :     0.03s CPU (       7 calls,   0.004 s avg)
     mix_rho      :     0.00s CPU (       6 calls,   0.000 s avg)

     Called by c_bands:
     init_us_2    :     0.05s CPU (     435 calls,   0.000 s avg)
     cegterg      :     1.69s CPU (     174 calls,   0.010 s avg)

     Called by *egterg:
     h_psi        :     0.70s CPU (     539 calls,   0.001 s avg)
     s_psi        :     0.03s CPU (     539 calls,   0.000 s avg)
     g_psi        :     0.03s CPU (     336 calls,   0.000 s avg)
     cdiaghg      :     0.84s CPU (     510 calls,   0.002 s avg)

     Called by h_psi:
     add_vuspsi   :     0.01s CPU (     539 calls,   0.000 s avg)

     General routines
     calbec       :     0.02s CPU (     771 calls,   0.000 s avg)
     cft3s        :     0.78s CPU (    5033 calls,   0.000 s avg)
     interpolate  :     0.01s CPU (      13 calls,   0.001 s avg)
     davcio       :     0.14s CPU (     609 calls,   0.000 s avg)
 
     Parallel routines
     fft_scatter  :     0.19s CPU (    5033 calls,   0.000 s avg)
