
     Program PWSCF     v.4.1.1  starts ...
     Today is 25Nov2010 at 15:42:47 

     Parallel version (MPI)

     Number of processors in use:       4
     R & G space division:  proc/pool =    4

     For Norm-Conserving or Ultrasoft (Vanderbilt) Pseudopotentials or PAW

     Current dimensions of program pwscf are:
     Max number of different atomic species (ntypx) = 10
     Max number of k-points (npk) =  40000
     Max angular momentum in pseudopotentials (lmaxx) =  3
     Waiting for input...
     file C.pbe-rrkjus.UPF: wavefunction(s)  2S 2P renormalized

     Subspace diagonalization in iterative solution of the eigenvalue problem:
     a parallel distributed memory algorithm will be used,
     eigenstates matrixes will be distributed block like on
     ortho sub-group =    2*   2 procs


     Planes per process (thick) : nr3 = 32 npp =   8 ncplane = 1056
     Planes per process (smooth): nr3s= 24 npps=   6 ncplanes=  576
 
     Proc/  planes cols     G    planes cols    G      columns  G
     Pool       (dense grid)       (smooth grid)      (wavefct grid)
        1     8    168     2893    6     88     1031     30      205
        2     8    168     2894    6     87     1026     30      205
        3     8    168     2893    6     87     1033     30      206
        4     8    169     2895    6     87     1021     31      205
     tot     32    673    11575   24    349     4111    121      821
 


     bravais-lattice index     =            0
     lattice parameter (a_0)   =       6.7413  a.u.
     unit-cell volume          =      65.3929 (a.u.)^3
     number of atoms/cell      =            2
     number of atomic types    =            1
     number of electrons       =         8.00
     number of Kohn-Sham states=            4
     kinetic-energy cutoff     =      60.0000  Ry
     charge density cutoff     =     480.0000  Ry
     convergence threshold     =      1.0E-08
     mixing beta               =       0.7000
     number of iterations used =            8  plain     mixing
     Exchange-correlation      =  SLA  PW   PBE  PBE (1434)
     nstep                     =           50


     celldm(1)=   6.741280  celldm(2)=   0.000000  celldm(3)=   0.000000
     celldm(4)=   0.000000  celldm(5)=   0.000000  celldm(6)=   0.000000

     crystal axes: (cart. coord. in units of a_0)
               a(1) = (  0.000000  0.474342  0.474342 )  
               a(2) = (  0.474342  0.000000  0.474342 )  
               a(3) = (  0.474342  0.474342  0.000000 )  

     reciprocal axes: (cart. coord. in units 2 pi/a_0)
               b(1) = ( -1.054093  1.054093  1.054093 )  
               b(2) = (  1.054093 -1.054093  1.054093 )  
               b(3) = (  1.054093  1.054093 -1.054093 )  


     PseudoPot. # 1 for C  read from file C.pbe-rrkjus.UPF
     Pseudo is Ultrasoft, Zval =  4.0
     Generated by new atomic code, or converted to UPF format
     Using radial grid of  627 points,  4 beta functions with: 
                l(1) =   0
                l(2) =   0
                l(3) =   1
                l(4) =   1
     Q(r) pseudized with 0 coefficients 


     atomic species   valence    mass     pseudopotential
        C              4.00    12.01070     C ( 1.00)

     48 Sym.Ops. (with inversion)


   Cartesian axes

     site n.     atom                  positions (a_0 units)
         1           C   tau(  1) = (   0.0000000   0.0000000   0.0000000  )
         2           C   tau(  2) = (   0.2371708   0.2371708   0.2371708  )

     number of k points=   29
                       cart. coord. in units 2pi/a_0
        k(    1) = (   0.0000000   0.0000000   0.0000000), wk =   0.0039062
        k(    2) = (   0.1317616   0.1317616  -0.1317616), wk =   0.0312500
        k(    3) = (   0.2635231   0.2635231  -0.2635231), wk =   0.0312500
        k(    4) = (   0.3952847   0.3952847  -0.3952847), wk =   0.0312500
        k(    5) = (  -0.5270463  -0.5270463   0.5270463), wk =   0.0156250
        k(    6) = (   0.2635231   0.0000000   0.0000000), wk =   0.0234375
        k(    7) = (   0.3952847   0.1317616  -0.1317616), wk =   0.0937500
        k(    8) = (   0.5270463   0.2635231  -0.2635231), wk =   0.0937500
        k(    9) = (  -0.3952847  -0.6588078   0.6588078), wk =   0.0937500
        k(   10) = (  -0.2635231  -0.5270463   0.5270463), wk =   0.0937500
        k(   11) = (  -0.1317616  -0.3952847   0.3952847), wk =   0.0937500
        k(   12) = (   0.0000000  -0.2635231   0.2635231), wk =   0.0468750
        k(   13) = (   0.5270463   0.0000000   0.0000000), wk =   0.0234375
        k(   14) = (   0.6588078   0.1317616  -0.1317616), wk =   0.0937500
        k(   15) = (  -0.2635231  -0.7905694   0.7905694), wk =   0.0937500
        k(   16) = (  -0.1317616  -0.6588078   0.6588078), wk =   0.0937500
        k(   17) = (   0.0000000  -0.5270463   0.5270463), wk =   0.0468750
        k(   18) = (   0.7905694   0.0000000   0.0000000), wk =   0.0234375
        k(   19) = (  -0.1317616  -0.9223310   0.9223310), wk =   0.0937500
        k(   20) = (   0.0000000  -0.7905694   0.7905694), wk =   0.0468750
        k(   21) = (  -1.0540926   0.0000000   0.0000000), wk =   0.0117188
        k(   22) = (   0.5270463   0.2635231   0.0000000), wk =   0.0937500
        k(   23) = (  -0.3952847  -0.6588078   0.9223310), wk =   0.1875000
        k(   24) = (  -0.2635231  -0.5270463   0.7905694), wk =   0.0937500
        k(   25) = (  -0.2635231  -0.7905694   1.0540926), wk =   0.0937500
        k(   26) = (  -0.1317616  -0.6588078   0.9223310), wk =   0.1875000
        k(   27) = (   0.0000000  -0.5270463   0.7905694), wk =   0.0937500
        k(   28) = (  -1.0540926   0.2635231   0.0000000), wk =   0.0468750
        k(   29) = (  -1.0540926   0.5270463   0.0000000), wk =   0.0234375

     G cutoff =  552.5432  (  11575 G-vectors)     FFT grid: ( 32, 32, 32)
     G cutoff =  276.2716  (   4111 G-vectors)  smooth grid: ( 24, 24, 24)

     Largest allocated arrays     est. size (Mb)     dimensions
        Kohn-Sham Wavefunctions         0.01 Mb     (    131,   4)
        NL pseudopotentials             0.03 Mb     (    131,  16)
        Each V/rho on FFT grid          0.13 Mb     (   8448)
        Each G-vector array             0.02 Mb     (   2893)
        G-vector shells                 0.00 Mb     (    167)
     Largest temporary arrays     est. size (Mb)     dimensions
        Auxiliary wavefunctions         0.03 Mb     (    131,  16)
        Each subspace H/S matrix        0.00 Mb     (     16,  16)
        Each <psi_i|beta_j> matrix      0.00 Mb     (     16,   4)
        Arrays for rho mixing           1.03 Mb     (   8448,   8)

     Initial potential from superposition of free atoms

     starting charge    7.99989, renormalised to    8.00000
     Starting wfc are    8 atomic wfcs

     total cpu time spent up to now is      0.38 secs

     per-process dynamical memory:    54.6 Mb

     Self-consistent Calculation

     iteration #  1     ecut=    60.00 Ry     beta=0.70
     Davidson diagonalization with overlap
     ethr =  1.00E-02,  avg # of iterations =  2.0

     total cpu time spent up to now is      0.70 secs

     total energy              =     -22.72893456 Ry
     Harris-Foulkes estimate   =     -22.80910013 Ry
     estimated scf accuracy    <       0.16603830 Ry

     iteration #  2     ecut=    60.00 Ry     beta=0.70
     Davidson diagonalization with overlap
     ethr =  2.08E-03,  avg # of iterations =  1.1

     total cpu time spent up to now is      0.94 secs

     total energy              =     -22.73963956 Ry
     Harris-Foulkes estimate   =     -22.74040269 Ry
     estimated scf accuracy    <       0.00341981 Ry

     iteration #  3     ecut=    60.00 Ry     beta=0.70
     Davidson diagonalization with overlap
     ethr =  4.27E-05,  avg # of iterations =  2.1

     total cpu time spent up to now is      1.30 secs

     total energy              =     -22.74053490 Ry
     Harris-Foulkes estimate   =     -22.74052192 Ry
     estimated scf accuracy    <       0.00004136 Ry

     iteration #  4     ecut=    60.00 Ry     beta=0.70
     Davidson diagonalization with overlap
     ethr =  5.17E-07,  avg # of iterations =  2.1

     total cpu time spent up to now is      1.65 secs

     total energy              =     -22.74055187 Ry
     Harris-Foulkes estimate   =     -22.74055149 Ry
     estimated scf accuracy    <       0.00000379 Ry

     iteration #  5     ecut=    60.00 Ry     beta=0.70
     Davidson diagonalization with overlap
     ethr =  4.74E-08,  avg # of iterations =  2.0

     total cpu time spent up to now is      2.00 secs

     total energy              =     -22.74055249 Ry
     Harris-Foulkes estimate   =     -22.74055252 Ry
     estimated scf accuracy    <       0.00000013 Ry

     iteration #  6     ecut=    60.00 Ry     beta=0.70
     Davidson diagonalization with overlap
     ethr =  1.64E-09,  avg # of iterations =  2.0

     total cpu time spent up to now is      2.32 secs

     End of self-consistent calculation

          k = 0.0000 0.0000 0.0000 (   531 PWs)   bands (ev):

    -7.3096  16.3290  16.3290  16.3290

          k = 0.1318 0.1318-0.1318 (   531 PWs)   bands (ev):

    -6.8305  13.6085  15.5602  15.5602

          k = 0.2635 0.2635-0.2635 (   516 PWs)   bands (ev):

    -5.4036   8.9693  14.3014  14.3014

          k = 0.3953 0.3953-0.3953 (   510 PWs)   bands (ev):

    -3.0762   4.4130  13.4143  13.4143

          k =-0.5270-0.5270 0.5270 (   502 PWs)   bands (ev):

    -0.5729   1.1298  13.1074  13.1074

          k = 0.2635 0.0000 0.0000 (   524 PWs)   bands (ev):

    -6.6710  14.2864  14.2864  15.0041

          k = 0.3953 0.1318-0.1318 (   515 PWs)   bands (ev):

    -5.5609  10.6486  12.9631  14.1239

          k = 0.5270 0.2635-0.2635 (   509 PWs)   bands (ev):

    -3.5322   6.1754  12.2344  12.7776

          k =-0.3953-0.6588 0.6588 (   512 PWs)   bands (ev):

    -0.7810   2.1998  11.6718  12.2504

          k =-0.2635-0.5270 0.5270 (   513 PWs)   bands (ev):

    -1.7342   3.4116  11.1551  12.9719

          k =-0.1318-0.3953 0.3953 (   515 PWs)   bands (ev):

    -4.3072   7.6839  11.3681  14.2129

          k = 0.0000-0.2635 0.2635 (   523 PWs)   bands (ev):

    -6.0357  11.9358  12.5455  15.4671

          k = 0.5270 0.0000 0.0000 (   504 PWs)   bands (ev):

    -4.7728  11.5227  11.5227  11.6348

          k = 0.6588 0.1318-0.1318 (   511 PWs)   bands (ev):

    -3.0636   8.1043  10.4612  10.6921

          k =-0.2635-0.7906 0.7906 (   510 PWs)   bands (ev):

    -0.5402   4.3642   8.7577  10.6741

          k =-0.1318-0.6588 0.6588 (   518 PWs)   bands (ev):

     0.3353   3.3593   7.6109  11.4585

          k = 0.0000-0.5270 0.5270 (   512 PWs)   bands (ev):

    -2.3161   6.8200   7.6146  12.8435

          k = 0.7906 0.0000 0.0000 (   504 PWs)   bands (ev):

    -1.6824   7.1265   9.6747   9.6747

          k =-0.1318-0.9223 0.9223 (   504 PWs)   bands (ev):

     0.5327   4.8225   7.8080   9.4698

          k = 0.0000-0.7906 0.7906 (   512 PWs)   bands (ev):

     2.4357   3.5398   5.4326  10.1148

          k =-1.0541 0.0000 0.0000 (   524 PWs)   bands (ev):

     2.4233   2.4233   9.0377   9.0377

          k = 0.5270 0.2635 0.0000 (   519 PWs)   bands (ev):

    -4.1499   9.2157   9.9885  13.0555

          k =-0.3953-0.6588 0.9223 (   515 PWs)   bands (ev):

    -1.8632   5.3978   9.2676  11.6209

          k =-0.2635-0.5270 0.7906 (   520 PWs)   bands (ev):

     0.5244   2.3389   9.2996  10.8678

          k =-0.2635-0.7906 1.0541 (   514 PWs)   bands (ev):

    -1.0973   6.6704   8.2760   9.4024

          k =-0.1318-0.6588 0.9223 (   504 PWs)   bands (ev):

     1.4815   4.0961   6.7171   8.9415

          k = 0.0000-0.5270 0.7906 (   513 PWs)   bands (ev):

     0.5530   5.0308   6.1083   9.9835

          k =-1.0541 0.2635 0.0000 (   504 PWs)   bands (ev):

     2.8589   2.8589   7.8473   7.8473

          k =-1.0541 0.5270 0.0000 (   516 PWs)   bands (ev):

     3.5058   3.5058   6.5822   6.5822

!    total energy              =     -22.74055250 Ry
     Harris-Foulkes estimate   =     -22.74055250 Ry
     estimated scf accuracy    <          5.9E-10 Ry

     The total energy is the sum of the following terms:

     one-electron contribution =       9.82343049 Ry
     hartree contribution      =       1.77810498 Ry
     xc contribution           =      -7.38847107 Ry
     ewald contribution        =     -26.95361691 Ry

     convergence has been achieved in   6 iterations

     Forces acting on atoms (Ry/au):

     atom   1 type  1   force =     0.00000000    0.00000000    0.00000000
     atom   2 type  1   force =     0.00000000    0.00000000    0.00000000

     Total force =     0.000000     Total SCF correction =     0.000000


     entering subroutine stress ...

          total   stress  (Ry/bohr**3)                   (kbar)     P=  908.79
   0.00617783   0.00000000   0.00000000        908.79      0.00      0.00
   0.00000000   0.00617783   0.00000000          0.00    908.79      0.00
   0.00000000   0.00000000   0.00617783          0.00      0.00    908.79


     BFGS Geometry Optimization

     bfgs converged in   1 scf cycles and   0 bfgs steps
     (criteria: energy < 0.10E-08, force < 0.10E-05)

     End of BFGS Geometry Optimization

     Final energy   =     -22.7405525011 Ry

ATOMIC_POSITIONS (crystal)
C        0.000000000   0.000000000   0.000000000
C        0.250000000   0.250000000   0.250000000



     Writing output data file pwscf.save
 
     PWSCF        :     2.62s CPU time,    3.30s wall time

     init_run     :     0.30s CPU
     electrons    :     1.94s CPU
     forces       :     0.02s CPU
     stress       :     0.11s CPU

     Called by init_run:
     wfcinit      :     0.14s CPU
     potinit      :     0.03s CPU

     Called by electrons:
     c_bands      :     1.52s CPU (       6 calls,   0.253 s avg)
     sum_band     :     0.22s CPU (       6 calls,   0.036 s avg)
     v_of_rho     :     0.10s CPU (       7 calls,   0.014 s avg)
     newd         :     0.02s CPU (       7 calls,   0.003 s avg)
     mix_rho      :     0.00s CPU (       6 calls,   0.000 s avg)

     Called by c_bands:
     init_us_2    :     0.03s CPU (     435 calls,   0.000 s avg)
     cegterg      :     1.49s CPU (     174 calls,   0.009 s avg)

     Called by *egterg:
     h_psi        :     0.59s CPU (     528 calls,   0.001 s avg)
     s_psi        :     0.01s CPU (     528 calls,   0.000 s avg)
     g_psi        :     0.00s CPU (     325 calls,   0.000 s avg)
     cdiaghg      :     0.74s CPU (     499 calls,   0.001 s avg)

     Called by h_psi:
     add_vuspsi   :     0.00s CPU (     528 calls,   0.000 s avg)

     General routines
     calbec       :     0.04s CPU (     760 calls,   0.000 s avg)
     cft3s        :     0.61s CPU (    5055 calls,   0.000 s avg)
     interpolate  :     0.00s CPU (      13 calls,   0.000 s avg)
     davcio       :     0.11s CPU (     609 calls,   0.000 s avg)
 
     Parallel routines
     fft_scatter  :     0.19s CPU (    5055 calls,   0.000 s avg)
