
     Program PWSCF     v.4.1.1  starts ...
     Today is 25Nov2010 at 15:42:37 

     Parallel version (MPI)

     Number of processors in use:       4
     R & G space division:  proc/pool =    4

     For Norm-Conserving or Ultrasoft (Vanderbilt) Pseudopotentials or PAW

     Current dimensions of program pwscf are:
     Max number of different atomic species (ntypx) = 10
     Max number of k-points (npk) =  40000
     Max angular momentum in pseudopotentials (lmaxx) =  3
     Waiting for input...
     file C.pbe-rrkjus.UPF: wavefunction(s)  2S 2P renormalized

     Subspace diagonalization in iterative solution of the eigenvalue problem:
     a parallel distributed memory algorithm will be used,
     eigenstates matrixes will be distributed block like on
     ortho sub-group =    2*   2 procs


     Planes per process (thick) : nr3 = 32 npp =   8 ncplane = 1056
     Planes per process (smooth): nr3s= 24 npps=   6 ncplanes=  576
 
     Proc/  planes cols     G    planes cols    G      columns  G
     Pool       (dense grid)       (smooth grid)      (wavefct grid)
        1     8    166     2799    6     84      994     27      187
        2     8    165     2797    6     85      986     27      187
        3     8    164     2797    6     84      981     28      189
        4     8    166     2798    6     84      982     27      186
     tot     32    661    11191   24    337     3943    109      749
 


     bravais-lattice index     =            0
     lattice parameter (a_0)   =       6.7413  a.u.
     unit-cell volume          =      63.2253 (a.u.)^3
     number of atoms/cell      =            2
     number of atomic types    =            1
     number of electrons       =         8.00
     number of Kohn-Sham states=            4
     kinetic-energy cutoff     =      60.0000  Ry
     charge density cutoff     =     480.0000  Ry
     convergence threshold     =      1.0E-08
     mixing beta               =       0.7000
     number of iterations used =            8  plain     mixing
     Exchange-correlation      =  SLA  PW   PBE  PBE (1434)
     nstep                     =           50


     celldm(1)=   6.741280  celldm(2)=   0.000000  celldm(3)=   0.000000
     celldm(4)=   0.000000  celldm(5)=   0.000000  celldm(6)=   0.000000

     crystal axes: (cart. coord. in units of a_0)
               a(1) = (  0.000000  0.469042  0.469042 )  
               a(2) = (  0.469042  0.000000  0.469042 )  
               a(3) = (  0.469042  0.469042  0.000000 )  

     reciprocal axes: (cart. coord. in units 2 pi/a_0)
               b(1) = ( -1.066004  1.066004  1.066004 )  
               b(2) = (  1.066004 -1.066004  1.066004 )  
               b(3) = (  1.066004  1.066004 -1.066004 )  


     PseudoPot. # 1 for C  read from file C.pbe-rrkjus.UPF
     Pseudo is Ultrasoft, Zval =  4.0
     Generated by new atomic code, or converted to UPF format
     Using radial grid of  627 points,  4 beta functions with: 
                l(1) =   0
                l(2) =   0
                l(3) =   1
                l(4) =   1
     Q(r) pseudized with 0 coefficients 


     atomic species   valence    mass     pseudopotential
        C              4.00    12.01070     C ( 1.00)

     48 Sym.Ops. (with inversion)


   Cartesian axes

     site n.     atom                  positions (a_0 units)
         1           C   tau(  1) = (   0.0000000   0.0000000   0.0000000  )
         2           C   tau(  2) = (   0.2345208   0.2345208   0.2345208  )

     number of k points=   29
                       cart. coord. in units 2pi/a_0
        k(    1) = (   0.0000000   0.0000000   0.0000000), wk =   0.0039062
        k(    2) = (   0.1332504   0.1332504  -0.1332504), wk =   0.0312500
        k(    3) = (   0.2665009   0.2665009  -0.2665009), wk =   0.0312500
        k(    4) = (   0.3997513   0.3997513  -0.3997513), wk =   0.0312500
        k(    5) = (  -0.5330018  -0.5330018   0.5330018), wk =   0.0156250
        k(    6) = (   0.2665009   0.0000000   0.0000000), wk =   0.0234375
        k(    7) = (   0.3997513   0.1332504  -0.1332504), wk =   0.0937500
        k(    8) = (   0.5330018   0.2665009  -0.2665009), wk =   0.0937500
        k(    9) = (  -0.3997513  -0.6662522   0.6662522), wk =   0.0937500
        k(   10) = (  -0.2665009  -0.5330018   0.5330018), wk =   0.0937500
        k(   11) = (  -0.1332504  -0.3997513   0.3997513), wk =   0.0937500
        k(   12) = (   0.0000000  -0.2665009   0.2665009), wk =   0.0468750
        k(   13) = (   0.5330018   0.0000000   0.0000000), wk =   0.0234375
        k(   14) = (   0.6662522   0.1332504  -0.1332504), wk =   0.0937500
        k(   15) = (  -0.2665009  -0.7995027   0.7995027), wk =   0.0937500
        k(   16) = (  -0.1332504  -0.6662522   0.6662522), wk =   0.0937500
        k(   17) = (   0.0000000  -0.5330018   0.5330018), wk =   0.0468750
        k(   18) = (   0.7995027   0.0000000   0.0000000), wk =   0.0234375
        k(   19) = (  -0.1332504  -0.9327531   0.9327531), wk =   0.0937500
        k(   20) = (   0.0000000  -0.7995027   0.7995027), wk =   0.0468750
        k(   21) = (  -1.0660036   0.0000000   0.0000000), wk =   0.0117188
        k(   22) = (   0.5330018   0.2665009   0.0000000), wk =   0.0937500
        k(   23) = (  -0.3997513  -0.6662522   0.9327531), wk =   0.1875000
        k(   24) = (  -0.2665009  -0.5330018   0.7995027), wk =   0.0937500
        k(   25) = (  -0.2665009  -0.7995027   1.0660036), wk =   0.0937500
        k(   26) = (  -0.1332504  -0.6662522   0.9327531), wk =   0.1875000
        k(   27) = (   0.0000000  -0.5330018   0.7995027), wk =   0.0937500
        k(   28) = (  -1.0660036   0.2665009   0.0000000), wk =   0.0468750
        k(   29) = (  -1.0660036   0.5330018   0.0000000), wk =   0.0234375

     G cutoff =  552.5432  (  11191 G-vectors)     FFT grid: ( 32, 32, 32)
     G cutoff =  276.2716  (   3943 G-vectors)  smooth grid: ( 24, 24, 24)

     Largest allocated arrays     est. size (Mb)     dimensions
        Kohn-Sham Wavefunctions         0.01 Mb     (    135,   4)
        NL pseudopotentials             0.03 Mb     (    135,  16)
        Each V/rho on FFT grid          0.13 Mb     (   8448)
        Each G-vector array             0.02 Mb     (   2799)
        G-vector shells                 0.00 Mb     (    163)
     Largest temporary arrays     est. size (Mb)     dimensions
        Auxiliary wavefunctions         0.03 Mb     (    135,  16)
        Each subspace H/S matrix        0.00 Mb     (     16,  16)
        Each <psi_i|beta_j> matrix      0.00 Mb     (     16,   4)
        Arrays for rho mixing           1.03 Mb     (   8448,   8)

     Initial potential from superposition of free atoms

     starting charge    7.99989, renormalised to    8.00000
     Starting wfc are    8 atomic wfcs

     total cpu time spent up to now is      0.38 secs

     per-process dynamical memory:    54.6 Mb

     Self-consistent Calculation

     iteration #  1     ecut=    60.00 Ry     beta=0.70
     Davidson diagonalization with overlap
     ethr =  1.00E-02,  avg # of iterations =  2.0

     total cpu time spent up to now is      0.68 secs

     total energy              =     -22.71285375 Ry
     Harris-Foulkes estimate   =     -22.79960596 Ry
     estimated scf accuracy    <       0.17754549 Ry

     iteration #  2     ecut=    60.00 Ry     beta=0.70
     Davidson diagonalization with overlap
     ethr =  2.22E-03,  avg # of iterations =  1.1

     total cpu time spent up to now is      0.91 secs

     total energy              =     -22.72428056 Ry
     Harris-Foulkes estimate   =     -22.72514350 Ry
     estimated scf accuracy    <       0.00360450 Ry

     iteration #  3     ecut=    60.00 Ry     beta=0.70
     Davidson diagonalization with overlap
     ethr =  4.51E-05,  avg # of iterations =  2.1

     total cpu time spent up to now is      1.27 secs

     total energy              =     -22.72525186 Ry
     Harris-Foulkes estimate   =     -22.72524002 Ry
     estimated scf accuracy    <       0.00004187 Ry

     iteration #  4     ecut=    60.00 Ry     beta=0.70
     Davidson diagonalization with overlap
     ethr =  5.23E-07,  avg # of iterations =  2.1

     total cpu time spent up to now is      1.61 secs

     total energy              =     -22.72526929 Ry
     Harris-Foulkes estimate   =     -22.72526878 Ry
     estimated scf accuracy    <       0.00000384 Ry

     iteration #  5     ecut=    60.00 Ry     beta=0.70
     Davidson diagonalization with overlap
     ethr =  4.80E-08,  avg # of iterations =  2.0

     total cpu time spent up to now is      1.94 secs

     total energy              =     -22.72526991 Ry
     Harris-Foulkes estimate   =     -22.72526995 Ry
     estimated scf accuracy    <       0.00000014 Ry

     iteration #  6     ecut=    60.00 Ry     beta=0.70
     Davidson diagonalization with overlap
     ethr =  1.69E-09,  avg # of iterations =  2.0

     total cpu time spent up to now is      2.26 secs

     End of self-consistent calculation

          k = 0.0000 0.0000 0.0000 (   531 PWs)   bands (ev):

    -7.1223  17.0223  17.0223  17.0223

          k = 0.1333 0.1333-0.1333 (   513 PWs)   bands (ev):

    -6.6327  14.2262  16.2259  16.2259

          k = 0.2665 0.2665-0.2665 (   507 PWs)   bands (ev):

    -5.1740   9.4785  14.9285  14.9285

          k = 0.3998 0.3998-0.3998 (   492 PWs)   bands (ev):

    -2.7896   4.8153  14.0173  14.0173

          k =-0.5330-0.5330 0.5330 (   502 PWs)   bands (ev):

    -0.1620   1.3906  13.7025  13.7025

          k = 0.2665 0.0000 0.0000 (   516 PWs)   bands (ev):

    -6.4698  14.9043  14.9043  15.6931

          k = 0.3998 0.1333-0.1333 (   498 PWs)   bands (ev):

    -5.3350  11.1967  13.5407  14.7761

          k = 0.5330 0.2665-0.2665 (   504 PWs)   bands (ev):

    -3.2586   6.6220  12.7935  13.3872

          k =-0.3998-0.6663 0.6663 (   496 PWs)   bands (ev):

    -0.4149   2.5269  12.2453  12.8138

          k =-0.2665-0.5330 0.5330 (   499 PWs)   bands (ev):

    -1.4095   3.7856  11.7085  13.5603

          k =-0.1333-0.3998 0.3998 (   501 PWs)   bands (ev):

    -4.0524   8.1661  11.9211  14.8416

          k = 0.0000-0.2665 0.2665 (   503 PWs)   bands (ev):

    -5.8204  12.5267  13.1139  16.1364

          k = 0.5330 0.0000 0.0000 (   504 PWs)   bands (ev):

    -4.5292  12.0550  12.0550  12.2780

          k = 0.6663 0.1333-0.1333 (   494 PWs)   bands (ev):

    -2.7801   8.6184  11.0084  11.2013

          k =-0.2665-0.7995 0.7995 (   497 PWs)   bands (ev):

    -0.1870   4.7752   9.2591  11.1851

          k =-0.1333-0.6663 0.6663 (   495 PWs)   bands (ev):

     0.7287   3.7239   8.0795  11.9954

          k = 0.0000-0.5330 0.5330 (   500 PWs)   bands (ev):

    -2.0125   7.3153   8.0530  13.4258

          k = 0.7995 0.0000 0.0000 (   488 PWs)   bands (ev):

    -1.3667   7.6651  10.1537  10.1537

          k =-0.1333-0.9328 0.9328 (   486 PWs)   bands (ev):

     0.9052   5.3115   8.2263   9.9437

          k = 0.0000-0.7995 0.7995 (   492 PWs)   bands (ev):

     2.9106   3.9769   5.7546  10.6090

          k =-1.0660 0.0000 0.0000 (   468 PWs)   bands (ev):

     2.8406   2.8406   9.4988   9.4988

          k = 0.5330 0.2665 0.0000 (   498 PWs)   bands (ev):

    -3.8917   9.7580  10.4864  13.6594

          k =-0.3998-0.6663 0.9328 (   494 PWs)   bands (ev):

    -1.5475   5.8312   9.7782  12.1680

          k =-0.2665-0.5330 0.7995 (   484 PWs)   bands (ev):

     0.9540   2.6421   9.8265  11.3792

          k =-0.2665-0.7995 1.0660 (   492 PWs)   bands (ev):

    -0.7652   7.2035   8.7235   9.8639

          k =-0.1333-0.6663 0.9328 (   494 PWs)   bands (ev):

     1.9013   4.5252   7.1399   9.3918

          k = 0.0000-0.5330 0.7995 (   495 PWs)   bands (ev):

     0.9400   5.5056   6.4913  10.4735

          k =-1.0660 0.2665 0.0000 (   488 PWs)   bands (ev):

     3.2983   3.2983   8.2692   8.2692

          k =-1.0660 0.5330 0.0000 (   488 PWs)   bands (ev):

     3.9953   3.9953   6.9402   6.9402

!    total energy              =     -22.72526993 Ry
     Harris-Foulkes estimate   =     -22.72526993 Ry
     estimated scf accuracy    <          4.2E-10 Ry

     The total energy is the sum of the following terms:

     one-electron contribution =      10.23448858 Ry
     hartree contribution      =       1.74685185 Ry
     xc contribution           =      -7.44842313 Ry
     ewald contribution        =     -27.25818722 Ry

     convergence has been achieved in   6 iterations

     Forces acting on atoms (Ry/au):

     atom   1 type  1   force =     0.00000000    0.00000000    0.00000000
     atom   2 type  1   force =     0.00000000    0.00000000    0.00000000

     Total force =     0.000000     Total SCF correction =     0.000000


     entering subroutine stress ...

          total   stress  (Ry/bohr**3)                   (kbar)     P= 1171.00
   0.00796030   0.00000000   0.00000000       1171.00      0.00      0.00
   0.00000000   0.00796030   0.00000000          0.00   1171.00      0.00
   0.00000000   0.00000000   0.00796030          0.00      0.00   1171.00


     BFGS Geometry Optimization

     bfgs converged in   1 scf cycles and   0 bfgs steps
     (criteria: energy < 0.10E-08, force < 0.10E-05)

     End of BFGS Geometry Optimization

     Final energy   =     -22.7252699250 Ry

ATOMIC_POSITIONS (crystal)
C        0.000000000   0.000000000   0.000000000
C        0.250000000   0.250000000   0.250000000



     Writing output data file pwscf.save
 
     PWSCF        :     2.56s CPU time,    3.12s wall time

     init_run     :     0.30s CPU
     electrons    :     1.88s CPU
     forces       :     0.03s CPU
     stress       :     0.10s CPU

     Called by init_run:
     wfcinit      :     0.13s CPU
     potinit      :     0.03s CPU

     Called by electrons:
     c_bands      :     1.45s CPU (       6 calls,   0.242 s avg)
     sum_band     :     0.21s CPU (       6 calls,   0.034 s avg)
     v_of_rho     :     0.11s CPU (       7 calls,   0.015 s avg)
     newd         :     0.01s CPU (       7 calls,   0.002 s avg)
     mix_rho      :     0.00s CPU (       6 calls,   0.000 s avg)

     Called by c_bands:
     init_us_2    :     0.03s CPU (     435 calls,   0.000 s avg)
     cegterg      :     1.40s CPU (     174 calls,   0.008 s avg)

     Called by *egterg:
     h_psi        :     0.51s CPU (     529 calls,   0.001 s avg)
     s_psi        :     0.03s CPU (     529 calls,   0.000 s avg)
     g_psi        :     0.02s CPU (     326 calls,   0.000 s avg)
     cdiaghg      :     0.70s CPU (     500 calls,   0.001 s avg)

     Called by h_psi:
     add_vuspsi   :     0.00s CPU (     529 calls,   0.000 s avg)

     General routines
     calbec       :     0.04s CPU (     761 calls,   0.000 s avg)
     cft3s        :     0.52s CPU (    5061 calls,   0.000 s avg)
     interpolate  :     0.01s CPU (      13 calls,   0.001 s avg)
     davcio       :     0.12s CPU (     609 calls,   0.000 s avg)
 
     Parallel routines
     fft_scatter  :     0.16s CPU (    5061 calls,   0.000 s avg)
