
     Program PWSCF     v.4.1.1  starts ...
     Today is 25Nov2010 at 15:47:16 

     Parallel version (MPI)

     Number of processors in use:       4
     R & G space division:  proc/pool =    4

     For Norm-Conserving or Ultrasoft (Vanderbilt) Pseudopotentials or PAW

     Current dimensions of program pwscf are:
     Max number of different atomic species (ntypx) = 10
     Max number of k-points (npk) =  40000
     Max angular momentum in pseudopotentials (lmaxx) =  3
     Waiting for input...
     file C.pbe-rrkjus.UPF: wavefunction(s)  2S 2P renormalized

     Subspace diagonalization in iterative solution of the eigenvalue problem:
     a parallel distributed memory algorithm will be used,
     eigenstates matrixes will be distributed block like on
     ortho sub-group =    2*   2 procs

     warning: symmetry operation #  2 not compatible with FFT grid. 
   0   1  -1
   1   0  -1
   0   0  -1
     warning: symmetry operation #  3 not compatible with FFT grid. 
   0  -1   1
   0  -1   0
   1  -1   0
     warning: symmetry operation #  4 not compatible with FFT grid. 
  -1   0   0
  -1   0   1
  -1   1   0
     warning: symmetry operation #  5 not compatible with FFT grid. 
  -1   0   1
   0  -1   1
   0   0   1
     warning: symmetry operation #  7 not compatible with FFT grid. 
   0   1   0
   0   1  -1
  -1   1   0
     warning: symmetry operation #  8 not compatible with FFT grid. 
   1   0  -1
   1   0   0
   1  -1   0
     warning: symmetry operation # 10 not compatible with FFT grid. 
   0  -1   1
  -1   0   1
   0   0   1
     warning: symmetry operation # 11 not compatible with FFT grid. 
   0   1  -1
   0   1   0
  -1   1   0
     warning: symmetry operation # 12 not compatible with FFT grid. 
   1   0   0
   1   0  -1
   1  -1   0
     warning: symmetry operation # 13 not compatible with FFT grid. 
   1   0  -1
   0   1  -1
   0   0  -1
     warning: symmetry operation # 15 not compatible with FFT grid. 
   0  -1   0
   0  -1   1
   1  -1   0
     warning: symmetry operation # 16 not compatible with FFT grid. 
  -1   0   1
  -1   0   0
  -1   1   0

     Planes per process (thick) : nr3 = 32 npp =   8 ncplane = 1296
     Planes per process (smooth): nr3s= 24 npps=   6 ncplanes=  576
 
     Proc/  planes cols     G    planes cols    G      columns  G
     Pool       (dense grid)       (smooth grid)      (wavefct grid)
        1     8    178     3135    6     90     1103     30      225
        2     8    177     3132    6     90     1107     30      225
        3     8    178     3134    6     89     1103     30      225
        4     8    178     3134    6     90     1112     31      226
     tot     32    711    12535   24    359     4425    121      901
 


     bravais-lattice index     =            0
     lattice parameter (a_0)   =       6.7413  a.u.
     unit-cell volume          =      70.4620 (a.u.)^3
     number of atoms/cell      =            2
     number of atomic types    =            1
     number of electrons       =         8.00
     number of Kohn-Sham states=            4
     kinetic-energy cutoff     =      60.0000  Ry
     charge density cutoff     =     480.0000  Ry
     convergence threshold     =      1.0E-08
     mixing beta               =       0.7000
     number of iterations used =            8  plain     mixing
     Exchange-correlation      =  SLA  PW   PBE  PBE (1434)
     nstep                     =           50


     celldm(1)=   6.741280  celldm(2)=   0.000000  celldm(3)=   0.000000
     celldm(4)=   0.000000  celldm(5)=   0.000000  celldm(6)=   0.000000

     crystal axes: (cart. coord. in units of a_0)
               a(1) = (  0.000000  0.479583  0.500000 )  
               a(2) = (  0.479583  0.000000  0.500000 )  
               a(3) = (  0.479583  0.479583  0.000000 )  

     reciprocal axes: (cart. coord. in units 2 pi/a_0)
               b(1) = ( -1.042572  1.042572  1.000000 )  
               b(2) = (  1.042572 -1.042572  1.000000 )  
               b(3) = (  1.042572  1.042572 -1.000000 )  


     PseudoPot. # 1 for C  read from file C.pbe-rrkjus.UPF
     Pseudo is Ultrasoft, Zval =  4.0
     Generated by new atomic code, or converted to UPF format
     Using radial grid of  627 points,  4 beta functions with: 
                l(1) =   0
                l(2) =   0
                l(3) =   1
                l(4) =   1
     Q(r) pseudized with 0 coefficients 


     atomic species   valence    mass     pseudopotential
        C              4.00    12.01070     C ( 1.00)

      4 Sym.Ops. (with inversion)


   Cartesian axes

     site n.     atom                  positions (a_0 units)
         1           C   tau(  1) = (   0.0000000   0.0000000   0.0000000  )
         2           C   tau(  2) = (   0.2397916   0.2397916   0.2500000  )

     number of k points=  150
                       cart. coord. in units 2pi/a_0
        k(    1) = (   0.0000000   0.0000000   0.0000000), wk =   0.0039062
        k(    2) = (   0.1303215   0.1303215  -0.1250000), wk =   0.0078125
        k(    3) = (   0.2606430   0.2606430  -0.2500000), wk =   0.0078125
        k(    4) = (   0.3909645   0.3909645  -0.3750000), wk =   0.0078125
        k(    5) = (  -0.5212860  -0.5212860   0.5000000), wk =   0.0039062
        k(    6) = (   0.2606430   0.0000000   0.0000000), wk =   0.0156250
        k(    7) = (   0.3909645   0.1303215  -0.1250000), wk =   0.0156250
        k(    8) = (   0.5212860   0.2606430  -0.2500000), wk =   0.0156250
        k(    9) = (  -0.3909645  -0.6516075   0.6250000), wk =   0.0156250
        k(   10) = (  -0.2606430  -0.5212860   0.5000000), wk =   0.0156250
        k(   11) = (  -0.1303215  -0.3909645   0.3750000), wk =   0.0156250
        k(   12) = (   0.0000000  -0.2606430   0.2500000), wk =   0.0156250
        k(   13) = (   0.5212860   0.0000000   0.0000000), wk =   0.0156250
        k(   14) = (   0.6516075   0.1303215  -0.1250000), wk =   0.0156250
        k(   15) = (  -0.2606430  -0.7819291   0.7500000), wk =   0.0156250
        k(   16) = (  -0.1303215  -0.6516075   0.6250000), wk =   0.0156250
        k(   17) = (   0.0000000  -0.5212860   0.5000000), wk =   0.0156250
        k(   18) = (   0.7819291   0.0000000   0.0000000), wk =   0.0156250
        k(   19) = (  -0.1303215  -0.9122506   0.8750000), wk =   0.0156250
        k(   20) = (   0.0000000  -0.7819291   0.7500000), wk =   0.0156250
        k(   21) = (  -1.0425721   0.0000000   0.0000000), wk =   0.0078125
        k(   22) = (   0.0000000   0.0000000   0.2500000), wk =   0.0078125
        k(   23) = (   0.2606430   0.2606430   0.0000000), wk =   0.0078125
        k(   24) = (   0.3909645   0.3909645  -0.1250000), wk =   0.0078125
        k(   25) = (  -0.5212860  -0.5212860   0.7500000), wk =   0.0078125
        k(   26) = (  -0.3909645  -0.3909645   0.6250000), wk =   0.0078125
        k(   27) = (  -0.2606430  -0.2606430   0.5000000), wk =   0.0078125
        k(   28) = (  -0.1303215  -0.1303215   0.3750000), wk =   0.0078125
        k(   29) = (   0.5212860   0.2606430   0.0000000), wk =   0.0156250
        k(   30) = (  -0.3909645  -0.6516075   0.8750000), wk =   0.0156250
        k(   31) = (  -0.2606430  -0.5212860   0.7500000), wk =   0.0156250
        k(   32) = (  -0.1303215  -0.3909645   0.6250000), wk =   0.0156250
        k(   33) = (   0.0000000  -0.2606430   0.5000000), wk =   0.0156250
        k(   34) = (   0.5212860   0.0000000   0.2500000), wk =   0.0156250
        k(   35) = (  -0.2606430  -0.7819291   1.0000000), wk =   0.0156250
        k(   36) = (  -0.1303215  -0.6516075   0.8750000), wk =   0.0156250
        k(   37) = (   0.0000000  -0.5212860   0.7500000), wk =   0.0156250
        k(   38) = (  -0.3909645   0.9122506  -0.6250000), wk =   0.0156250
        k(   39) = (  -0.2606430   1.0425721  -0.7500000), wk =   0.0156250
        k(   40) = (  -1.0425721   0.2606430   0.0000000), wk =   0.0156250
        k(   41) = (  -0.2606430   0.7819291  -0.5000000), wk =   0.0156250
        k(   42) = (  -0.1303215   0.9122506  -0.6250000), wk =   0.0156250
        k(   43) = (  -1.0425721   0.0000000   0.2500000), wk =   0.0156250
        k(   44) = (   0.0000000   0.7819291  -0.5000000), wk =   0.0156250
        k(   45) = (   0.0000000   0.0000000   0.5000000), wk =   0.0078125
        k(   46) = (  -0.5212860  -0.5212860   1.0000000), wk =   0.0078125
        k(   47) = (  -0.3909645  -0.3909645   0.8750000), wk =   0.0078125
        k(   48) = (  -0.2606430  -0.2606430   0.7500000), wk =   0.0078125
        k(   49) = (  -0.1303215  -0.1303215   0.6250000), wk =   0.0078125
        k(   50) = (  -0.2606430  -0.5212860   1.0000000), wk =   0.0156250
        k(   51) = (  -0.1303215  -0.3909645   0.8750000), wk =   0.0156250
        k(   52) = (   0.0000000  -0.2606430   0.7500000), wk =   0.0156250
        k(   53) = (  -1.0425721   0.5212860   0.0000000), wk =   0.0156250
        k(   54) = (  -1.0425721   0.0000000   0.5000000), wk =   0.0078125
        k(   55) = (   0.0000000   0.0000000   0.7500000), wk =   0.0078125
        k(   56) = (  -0.2606430  -0.2606430   1.0000000), wk =   0.0078125
        k(   57) = (  -0.1303215  -0.1303215   0.8750000), wk =   0.0078125
        k(   58) = (  -1.0425721   0.7819291   0.0000000), wk =   0.0156250
        k(   59) = (   0.0000000   0.0000000  -1.0000000), wk =   0.0039062
        k(   60) = (   0.1303215   0.1303215   0.1250000), wk =   0.0078125
        k(   61) = (   0.1303215  -0.1303215  -0.1250000), wk =   0.0156250
        k(   62) = (   0.2606430   0.2606430   0.2500000), wk =   0.0078125
        k(   63) = (   0.2606430  -0.2606430  -0.2500000), wk =   0.0156250
        k(   64) = (   0.3909645   0.3909645   0.3750000), wk =   0.0078125
        k(   65) = (   0.3909645  -0.3909645  -0.3750000), wk =   0.0156250
        k(   66) = (  -0.5212860  -0.5212860  -0.5000000), wk =   0.0039062
        k(   67) = (  -0.5212860   0.5212860   0.5000000), wk =   0.0078125
        k(   68) = (   0.1303215   0.3909645   0.1250000), wk =   0.0156250
        k(   69) = (   0.1303215  -0.3909645  -0.1250000), wk =   0.0156250
        k(   70) = (  -0.1303215   0.3909645  -0.1250000), wk =   0.0156250
        k(   71) = (   0.2606430   0.5212860   0.2500000), wk =   0.0156250
        k(   72) = (   0.2606430  -0.5212860  -0.2500000), wk =   0.0156250
        k(   73) = (  -0.2606430   0.5212860  -0.2500000), wk =   0.0156250
        k(   74) = (  -0.6516075  -0.3909645  -0.6250000), wk =   0.0156250
        k(   75) = (  -0.6516075   0.3909645   0.6250000), wk =   0.0156250
        k(   76) = (   0.6516075  -0.3909645   0.6250000), wk =   0.0156250
        k(   77) = (  -0.5212860  -0.2606430  -0.5000000), wk =   0.0156250
        k(   78) = (  -0.5212860   0.2606430   0.5000000), wk =   0.0156250
        k(   79) = (   0.5212860  -0.2606430   0.5000000), wk =   0.0156250
        k(   80) = (  -0.3909645  -0.1303215  -0.3750000), wk =   0.0156250
        k(   81) = (  -0.3909645   0.1303215   0.3750000), wk =   0.0156250
        k(   82) = (   0.3909645  -0.1303215   0.3750000), wk =   0.0156250
        k(   83) = (  -0.2606430   0.0000000  -0.2500000), wk =   0.0156250
        k(   84) = (   0.1303215   0.6516075   0.1250000), wk =   0.0156250
        k(   85) = (   0.1303215  -0.6516075  -0.1250000), wk =   0.0156250
        k(   86) = (  -0.1303215   0.6516075  -0.1250000), wk =   0.0156250
        k(   87) = (  -0.7819291  -0.2606430  -0.7500000), wk =   0.0156250
        k(   88) = (  -0.7819291   0.2606430   0.7500000), wk =   0.0156250
        k(   89) = (   0.7819291  -0.2606430   0.7500000), wk =   0.0156250
        k(   90) = (  -0.6516075  -0.1303215  -0.6250000), wk =   0.0156250
        k(   91) = (  -0.6516075   0.1303215   0.6250000), wk =   0.0156250
        k(   92) = (   0.6516075  -0.1303215   0.6250000), wk =   0.0156250
        k(   93) = (  -0.5212860   0.0000000  -0.5000000), wk =   0.0156250
        k(   94) = (  -0.9122506  -0.1303215  -0.8750000), wk =   0.0156250
        k(   95) = (  -0.9122506   0.1303215   0.8750000), wk =   0.0156250
        k(   96) = (   0.9122506  -0.1303215   0.8750000), wk =   0.0156250
        k(   97) = (  -0.7819291   0.0000000  -0.7500000), wk =   0.0156250
        k(   98) = (   0.2606430  -0.2606430   0.0000000), wk =   0.0078125
        k(   99) = (   0.3909645   0.3909645   0.1250000), wk =   0.0078125
        k(  100) = (   0.3909645  -0.3909645  -0.1250000), wk =   0.0156250
        k(  101) = (  -0.5212860  -0.5212860  -0.7500000), wk =   0.0078125
        k(  102) = (  -0.5212860   0.5212860   0.7500000), wk =   0.0156250
        k(  103) = (  -0.3909645  -0.3909645  -0.6250000), wk =   0.0078125
        k(  104) = (  -0.3909645   0.3909645   0.6250000), wk =   0.0156250
        k(  105) = (  -0.2606430  -0.2606430  -0.5000000), wk =   0.0078125
        k(  106) = (  -0.2606430   0.2606430   0.5000000), wk =   0.0156250
        k(  107) = (  -0.1303215  -0.1303215  -0.3750000), wk =   0.0078125
        k(  108) = (  -0.1303215   0.1303215   0.3750000), wk =   0.0156250
        k(  109) = (   0.2606430  -0.5212860   0.0000000), wk =   0.0156250
        k(  110) = (  -0.6516075  -0.3909645  -0.8750000), wk =   0.0156250
        k(  111) = (  -0.6516075   0.3909645   0.8750000), wk =   0.0156250
        k(  112) = (   0.6516075  -0.3909645   0.8750000), wk =   0.0156250
        k(  113) = (  -0.5212860  -0.2606430  -0.7500000), wk =   0.0156250
        k(  114) = (  -0.5212860   0.2606430   0.7500000), wk =   0.0156250
        k(  115) = (   0.5212860  -0.2606430   0.7500000), wk =   0.0156250
        k(  116) = (  -0.3909645  -0.1303215  -0.6250000), wk =   0.0156250
        k(  117) = (  -0.3909645   0.1303215   0.6250000), wk =   0.0156250
        k(  118) = (   0.3909645  -0.1303215   0.6250000), wk =   0.0156250
        k(  119) = (  -0.2606430   0.0000000  -0.5000000), wk =   0.0156250
        k(  120) = (   0.0000000   0.5212860  -0.2500000), wk =   0.0156250
        k(  121) = (  -0.7819291   0.2606430   1.0000000), wk =   0.0156250
        k(  122) = (  -0.6516075  -0.1303215  -0.8750000), wk =   0.0156250
        k(  123) = (  -0.6516075   0.1303215   0.8750000), wk =   0.0156250
        k(  124) = (   0.6516075  -0.1303215   0.8750000), wk =   0.0156250
        k(  125) = (  -0.5212860   0.0000000  -0.7500000), wk =   0.0156250
        k(  126) = (   0.9122506  -0.3909645   0.6250000), wk =   0.0156250
        k(  127) = (   0.9122506   0.3909645  -0.6250000), wk =   0.0156250
        k(  128) = (  -0.9122506  -0.3909645  -0.6250000), wk =   0.0156250
        k(  129) = (   1.0425721  -0.2606430   0.7500000), wk =   0.0156250
        k(  130) = (   0.7819291   0.2606430  -0.5000000), wk =   0.0078125
        k(  131) = (  -0.7819291  -0.2606430  -0.5000000), wk =   0.0078125
        k(  132) = (   0.9122506  -0.1303215   0.6250000), wk =   0.0156250
        k(  133) = (   0.9122506   0.1303215  -0.6250000), wk =   0.0156250
        k(  134) = (  -0.9122506  -0.1303215  -0.6250000), wk =   0.0156250
        k(  135) = (   0.7819291   0.0000000   0.5000000), wk =   0.0156250
        k(  136) = (  -0.5212860   0.5212860   1.0000000), wk =   0.0078125
        k(  137) = (  -0.3909645  -0.3909645  -0.8750000), wk =   0.0078125
        k(  138) = (  -0.3909645   0.3909645   0.8750000), wk =   0.0156250
        k(  139) = (  -0.2606430  -0.2606430  -0.7500000), wk =   0.0078125
        k(  140) = (  -0.2606430   0.2606430   0.7500000), wk =   0.0156250
        k(  141) = (  -0.1303215  -0.1303215  -0.6250000), wk =   0.0078125
        k(  142) = (  -0.1303215   0.1303215   0.6250000), wk =   0.0156250
        k(  143) = (  -0.5212860   0.2606430   1.0000000), wk =   0.0156250
        k(  144) = (  -0.3909645  -0.1303215  -0.8750000), wk =   0.0156250
        k(  145) = (  -0.3909645   0.1303215   0.8750000), wk =   0.0156250
        k(  146) = (   0.3909645  -0.1303215   0.8750000), wk =   0.0156250
        k(  147) = (  -0.2606430   0.0000000  -0.7500000), wk =   0.0156250
        k(  148) = (  -0.2606430   0.2606430   1.0000000), wk =   0.0078125
        k(  149) = (  -0.1303215  -0.1303215  -0.8750000), wk =   0.0078125
        k(  150) = (  -0.1303215   0.1303215   0.8750000), wk =   0.0156250

     G cutoff =  552.5432  (  12535 G-vectors)     FFT grid: ( 36, 36, 32)
     G cutoff =  276.2716  (   4425 G-vectors)  smooth grid: ( 24, 24, 24)

     Largest allocated arrays     est. size (Mb)     dimensions
        Kohn-Sham Wavefunctions         0.01 Mb     (    145,   4)
        NL pseudopotentials             0.04 Mb     (    145,  16)
        Each V/rho on FFT grid          0.16 Mb     (  10368)
        Each G-vector array             0.02 Mb     (   3135)
        G-vector shells                 0.01 Mb     (    810)
     Largest temporary arrays     est. size (Mb)     dimensions
        Auxiliary wavefunctions         0.04 Mb     (    145,  16)
        Each subspace H/S matrix        0.00 Mb     (     16,  16)
        Each <psi_i|beta_j> matrix      0.00 Mb     (     16,   4)
        Arrays for rho mixing           1.27 Mb     (  10368,   8)

     Initial potential from superposition of free atoms

     starting charge    7.99989, renormalised to    8.00000
     Starting wfc are    8 atomic wfcs

     total cpu time spent up to now is      1.02 secs

     per-process dynamical memory:    54.7 Mb

     Self-consistent Calculation

     iteration #  1     ecut=    60.00 Ry     beta=0.70
     Davidson diagonalization with overlap
     ethr =  1.00E-02,  avg # of iterations =  2.0

     total cpu time spent up to now is      2.60 secs

     total energy              =     -22.75019459 Ry
     Harris-Foulkes estimate   =     -22.81643525 Ry
     estimated scf accuracy    <       0.14164875 Ry

     iteration #  2     ecut=    60.00 Ry     beta=0.70
     Davidson diagonalization with overlap
     ethr =  1.77E-03,  avg # of iterations =  1.0

     total cpu time spent up to now is      3.68 secs

     total energy              =     -22.75932563 Ry
     Harris-Foulkes estimate   =     -22.75989129 Ry
     estimated scf accuracy    <       0.00305899 Ry

     iteration #  3     ecut=    60.00 Ry     beta=0.70
     Davidson diagonalization with overlap
     ethr =  3.82E-05,  avg # of iterations =  2.1

     total cpu time spent up to now is      5.44 secs

     total energy              =     -22.76007767 Ry
     Harris-Foulkes estimate   =     -22.76006353 Ry
     estimated scf accuracy    <       0.00004212 Ry

     iteration #  4     ecut=    60.00 Ry     beta=0.70
     Davidson diagonalization with overlap
     ethr =  5.26E-07,  avg # of iterations =  2.0

     total cpu time spent up to now is      7.18 secs

     total energy              =     -22.76009363 Ry
     Harris-Foulkes estimate   =     -22.76009360 Ry
     estimated scf accuracy    <       0.00000392 Ry

     iteration #  5     ecut=    60.00 Ry     beta=0.70
     Davidson diagonalization with overlap
     ethr =  4.90E-08,  avg # of iterations =  2.0

     total cpu time spent up to now is      8.90 secs

     total energy              =     -22.76009432 Ry
     Harris-Foulkes estimate   =     -22.76009436 Ry
     estimated scf accuracy    <       0.00000015 Ry

     iteration #  6     ecut=    60.00 Ry     beta=0.70
     Davidson diagonalization with overlap
     ethr =  1.88E-09,  avg # of iterations =  1.9

     total cpu time spent up to now is     10.45 secs

     End of self-consistent calculation

          k = 0.0000 0.0000 0.0000 (   549 PWs)   bands (ev):

    -7.6989  14.3950  15.0907  15.0907

          k = 0.1303 0.1303-0.1250 (   549 PWs)   bands (ev):

    -7.2422  12.2684  13.9265  14.4075

          k = 0.2606 0.2606-0.2500 (   555 PWs)   bands (ev):

    -5.8837   7.8954  12.6526  13.2995

          k = 0.3910 0.3910-0.3750 (   560 PWs)   bands (ev):

    -3.6798   3.5735  11.7510  12.5279

          k =-0.5213-0.5213 0.5000 (   558 PWs)   bands (ev):

    -1.4276   0.5789  11.4358  12.2632

          k = 0.2606 0.0000 0.0000 (   552 PWs)   bands (ev):

    -7.0732  12.6357  13.0819  13.7861

          k = 0.3910 0.1303-0.1250 (   559 PWs)   bands (ev):

    -5.9993   9.4329  11.5785  12.9637

          k = 0.5213 0.2606-0.2500 (   551 PWs)   bands (ev):

    -4.0583   5.1753  10.8096  11.7888

          k =-0.3910-0.6516 0.6250 (   556 PWs)   bands (ev):

    -1.5065   1.4763  10.4912  11.0619

          k =-0.2606-0.5213 0.5000 (   552 PWs)   bands (ev):

    -2.4640   2.7019  10.1484  11.5579

          k =-0.1303-0.3910 0.3750 (   553 PWs)   bands (ev):

    -4.8746   6.7400  10.3483  12.6939

          k = 0.0000-0.2606 0.2500 (   556 PWs)   bands (ev):

    -6.5019  10.6657  11.5179  13.8989

          k = 0.5213 0.0000 0.0000 (   562 PWs)   bands (ev):

    -5.2158  10.1234  10.3551  10.5566

          k = 0.6516 0.1303-0.1250 (   556 PWs)   bands (ev):

    -3.5612   6.9849   9.3381   9.5800

          k =-0.2606-0.7819 0.7500 (   553 PWs)   bands (ev):

    -1.1688   3.4207   7.9320   9.3982

          k =-0.1303-0.6516 0.6250 (   547 PWs)   bands (ev):

    -0.5563   2.7131   6.8478  10.0968

          k = 0.0000-0.5213 0.5000 (   552 PWs)   bands (ev):

    -3.0177   5.8975   6.8911  11.3780

          k = 0.7819 0.0000 0.0000 (   550 PWs)   bands (ev):

    -2.2023   6.2812   8.4188   8.5185

          k =-0.1303-0.9123 0.8750 (   554 PWs)   bands (ev):

    -0.0728   4.0089   6.7999   8.2612

          k = 0.0000-0.7819 0.7500 (   544 PWs)   bands (ev):

     1.4813   2.8228   4.7986   8.8476

          k =-1.0426 0.0000 0.0000 (   544 PWs)   bands (ev):

     1.7752   1.7752   7.8562   7.8562

          k = 0.0000 0.0000 0.2500 (   549 PWs)   bands (ev):

    -7.1242  13.0389  13.2319  13.2319

          k = 0.2606 0.2606 0.0000 (   553 PWs)   bands (ev):

    -6.4512  10.6709  11.0212  14.3834

          k = 0.3910 0.3910-0.1250 (   551 PWs)   bands (ev):

    -4.7757   6.5215   9.8778  13.2862

          k =-0.5213-0.5213 0.7500 (   563 PWs)   bands (ev):

    -2.3330   2.4944   9.5618  12.1630

          k =-0.3910-0.3910 0.6250 (   555 PWs)   bands (ev):

    -1.6550   1.6137   9.9726  11.4812

          k =-0.2606-0.2606 0.5000 (   556 PWs)   bands (ev):

    -4.2047   5.3599  11.0104  11.4259

          k =-0.1303-0.1303 0.3750 (   556 PWs)   bands (ev):

    -6.1001   9.5642  12.0498  12.3728

          k = 0.5213 0.2606 0.0000 (   553 PWs)   bands (ev):

    -4.6088   7.9530   8.6201  12.1294

          k =-0.3910-0.6516 0.8750 (   554 PWs)   bands (ev):

    -2.4062   4.2835   7.8591  10.8275

          k =-0.2606-0.5213 0.7500 (   554 PWs)   bands (ev):

    -0.4050   1.6945   7.9692   9.9407

          k =-0.1303-0.3910 0.6250 (   552 PWs)   bands (ev):

    -2.6842   4.6420   8.3050  10.2231

          k = 0.0000-0.2606 0.5000 (   553 PWs)   bands (ev):

    -4.8067   8.0932   9.2273  11.4757

          k = 0.5213 0.0000 0.2500 (   555 PWs)   bands (ev):

    -4.6580   8.0984   8.9969  11.7804

          k =-0.2606-0.7819 1.0000 (   548 PWs)   bands (ev):

    -1.6433   5.5456   7.0267   8.5392

          k =-0.1303-0.6516 0.8750 (   550 PWs)   bands (ev):

     0.7249   3.0883   5.8908   7.8014

          k = 0.0000-0.5213 0.7500 (   549 PWs)   bands (ev):

    -0.4500   4.1694   5.5662   8.5989

          k =-0.3910 0.9123-0.6250 (   552 PWs)   bands (ev):

    -2.4956   4.5228   8.3479  10.4352

          k =-0.2606 1.0426-0.7500 (   552 PWs)   bands (ev):

    -1.6859   5.7059   7.3035   8.3917

          k =-1.0426 0.2606 0.0000 (   554 PWs)   bands (ev):

     2.1316   2.1316   6.7271   6.7271

          k =-0.2606 0.7819-0.5000 (   550 PWs)   bands (ev):

    -0.3372   1.7255   8.4629   9.6680

          k =-0.1303 0.9123-0.6250 (   545 PWs)   bands (ev):

     0.7064   3.2551   5.9759   7.9499

          k =-1.0426 0.0000 0.2500 (   544 PWs)   bands (ev):

     2.1273   2.1273   6.8730   6.8730

          k = 0.0000 0.7819-0.5000 (   544 PWs)   bands (ev):

    -0.2379   4.1689   5.4198   8.9509

          k = 0.0000 0.0000 0.5000 (   556 PWs)   bands (ev):

    -5.4159   9.6781  10.7413  10.7413

          k =-0.5213-0.5213 1.0000 (   554 PWs)   bands (ev):

    -2.8313   5.5124   6.3285  12.0672

          k =-0.3910-0.3910 0.8750 (   553 PWs)   bands (ev):

    -0.3885   2.3637   6.1936  10.7847

          k =-0.2606-0.2606 0.7500 (   552 PWs)   bands (ev):

    -1.5216   3.6370   7.2515  10.0304

          k =-0.1303-0.1303 0.6250 (   553 PWs)   bands (ev):

    -3.8540   6.9401   9.1001  10.0090

          k =-0.2606-0.5213 1.0000 (   557 PWs)   bands (ev):

    -0.1149   3.7207   4.9697   9.3331

          k =-0.1303-0.3910 0.8750 (   556 PWs)   bands (ev):

     0.3339   3.1623   5.6704   8.3049

          k = 0.0000-0.2606 0.7500 (   550 PWs)   bands (ev):

    -2.0616   5.2750   7.7012   8.4749

          k =-1.0426 0.5213 0.0000 (   548 PWs)   bands (ev):

     2.3766   2.3766   5.8522   5.8522

          k =-1.0426 0.0000 0.5000 (   528 PWs)   bands (ev):

     2.6155   2.6155   5.8600   5.8600

          k = 0.0000 0.0000 0.7500 (   560 PWs)   bands (ev):

    -2.6334   5.3904   9.0838   9.0838

          k =-0.2606-0.2606 1.0000 (   558 PWs)   bands (ev):

     1.3058   2.2033   4.7361   9.5323

          k =-0.1303-0.1303 0.8750 (   558 PWs)   bands (ev):

    -0.6135   3.3225   7.2361   8.9148

          k =-1.0426 0.7819 0.0000 (   558 PWs)   bands (ev):

     1.5228   1.5228   7.3159   7.3159

          k = 0.0000 0.0000-1.0000 (   556 PWs)   bands (ev):

     1.0775   1.0775   8.5134   8.5134

          k = 0.1303 0.1303 0.1250 (   549 PWs)   bands (ev):

    -7.2422  12.2684  13.9265  14.4075

          k = 0.1303-0.1303-0.1250 (   549 PWs)   bands (ev):

    -7.2422  12.2684  13.9265  14.4075

          k = 0.2606 0.2606 0.2500 (   555 PWs)   bands (ev):

    -5.8837   7.8954  12.6526  13.2995

          k = 0.2606-0.2606-0.2500 (   555 PWs)   bands (ev):

    -5.8837   7.8954  12.6526  13.2995

          k = 0.3910 0.3910 0.3750 (   560 PWs)   bands (ev):

    -3.6798   3.5735  11.7510  12.5279

          k = 0.3910-0.3910-0.3750 (   560 PWs)   bands (ev):

    -3.6798   3.5735  11.7510  12.5279

          k =-0.5213-0.5213-0.5000 (   558 PWs)   bands (ev):

    -1.4276   0.5789  11.4358  12.2632

          k =-0.5213 0.5213 0.5000 (   558 PWs)   bands (ev):

    -1.4276   0.5789  11.4358  12.2632

          k = 0.1303 0.3910 0.1250 (   559 PWs)   bands (ev):

    -5.9993   9.4329  11.5785  12.9637

          k = 0.1303-0.3910-0.1250 (   559 PWs)   bands (ev):

    -5.9993   9.4329  11.5785  12.9637

          k =-0.1303 0.3910-0.1250 (   559 PWs)   bands (ev):

    -5.9993   9.4329  11.5785  12.9637

          k = 0.2606 0.5213 0.2500 (   551 PWs)   bands (ev):

    -4.0583   5.1753  10.8096  11.7888

          k = 0.2606-0.5213-0.2500 (   551 PWs)   bands (ev):

    -4.0583   5.1753  10.8096  11.7888

          k =-0.2606 0.5213-0.2500 (   551 PWs)   bands (ev):

    -4.0583   5.1753  10.8096  11.7888

          k =-0.6516-0.3910-0.6250 (   556 PWs)   bands (ev):

    -1.5065   1.4763  10.4912  11.0618

          k =-0.6516 0.3910 0.6250 (   556 PWs)   bands (ev):

    -1.5065   1.4763  10.4912  11.0618

          k = 0.6516-0.3910 0.6250 (   556 PWs)   bands (ev):

    -1.5065   1.4763  10.4912  11.0618

          k =-0.5213-0.2606-0.5000 (   552 PWs)   bands (ev):

    -2.4640   2.7019  10.1484  11.5579

          k =-0.5213 0.2606 0.5000 (   552 PWs)   bands (ev):

    -2.4640   2.7019  10.1484  11.5579

          k = 0.5213-0.2606 0.5000 (   552 PWs)   bands (ev):

    -2.4640   2.7019  10.1484  11.5579

          k =-0.3910-0.1303-0.3750 (   553 PWs)   bands (ev):

    -4.8746   6.7400  10.3483  12.6939

          k =-0.3910 0.1303 0.3750 (   553 PWs)   bands (ev):

    -4.8746   6.7400  10.3483  12.6939

          k = 0.3910-0.1303 0.3750 (   553 PWs)   bands (ev):

    -4.8746   6.7400  10.3483  12.6939

          k =-0.2606 0.0000-0.2500 (   556 PWs)   bands (ev):

    -6.5019  10.6657  11.5179  13.8989

          k = 0.1303 0.6516 0.1250 (   556 PWs)   bands (ev):

    -3.5612   6.9849   9.3381   9.5800

          k = 0.1303-0.6516-0.1250 (   556 PWs)   bands (ev):

    -3.5612   6.9849   9.3381   9.5800

          k =-0.1303 0.6516-0.1250 (   556 PWs)   bands (ev):

    -3.5612   6.9849   9.3381   9.5800

          k =-0.7819-0.2606-0.7500 (   553 PWs)   bands (ev):

    -1.1688   3.4207   7.9320   9.3982

          k =-0.7819 0.2606 0.7500 (   553 PWs)   bands (ev):

    -1.1688   3.4207   7.9320   9.3982

          k = 0.7819-0.2606 0.7500 (   553 PWs)   bands (ev):

    -1.1688   3.4207   7.9320   9.3982

          k =-0.6516-0.1303-0.6250 (   547 PWs)   bands (ev):

    -0.5563   2.7131   6.8478  10.0968

          k =-0.6516 0.1303 0.6250 (   547 PWs)   bands (ev):

    -0.5563   2.7131   6.8478  10.0968

          k = 0.6516-0.1303 0.6250 (   547 PWs)   bands (ev):

    -0.5563   2.7131   6.8478  10.0968

          k =-0.5213 0.0000-0.5000 (   552 PWs)   bands (ev):

    -3.0177   5.8975   6.8911  11.3780

          k =-0.9123-0.1303-0.8750 (   554 PWs)   bands (ev):

    -0.0728   4.0089   6.7999   8.2612

          k =-0.9123 0.1303 0.8750 (   554 PWs)   bands (ev):

    -0.0728   4.0089   6.7999   8.2612

          k = 0.9123-0.1303 0.8750 (   554 PWs)   bands (ev):

    -0.0728   4.0089   6.7999   8.2612

          k =-0.7819 0.0000-0.7500 (   544 PWs)   bands (ev):

     1.4813   2.8228   4.7986   8.8476

          k = 0.2606-0.2606 0.0000 (   553 PWs)   bands (ev):

    -6.4512  10.6709  11.0212  14.3834

          k = 0.3910 0.3910 0.1250 (   551 PWs)   bands (ev):

    -4.7757   6.5215   9.8778  13.2862

          k = 0.3910-0.3910-0.1250 (   551 PWs)   bands (ev):

    -4.7757   6.5215   9.8778  13.2862

          k =-0.5213-0.5213-0.7500 (   563 PWs)   bands (ev):

    -2.3330   2.4944   9.5618  12.1630

          k =-0.5213 0.5213 0.7500 (   563 PWs)   bands (ev):

    -2.3330   2.4944   9.5618  12.1630

          k =-0.3910-0.3910-0.6250 (   555 PWs)   bands (ev):

    -1.6550   1.6137   9.9726  11.4812

          k =-0.3910 0.3910 0.6250 (   555 PWs)   bands (ev):

    -1.6550   1.6137   9.9726  11.4812

          k =-0.2606-0.2606-0.5000 (   556 PWs)   bands (ev):

    -4.2047   5.3599  11.0104  11.4259

          k =-0.2606 0.2606 0.5000 (   556 PWs)   bands (ev):

    -4.2047   5.3599  11.0104  11.4259

          k =-0.1303-0.1303-0.3750 (   556 PWs)   bands (ev):

    -6.1001   9.5642  12.0498  12.3728

          k =-0.1303 0.1303 0.3750 (   556 PWs)   bands (ev):

    -6.1001   9.5643  12.0498  12.3728

          k = 0.2606-0.5213 0.0000 (   553 PWs)   bands (ev):

    -4.6088   7.9530   8.6201  12.1294

          k =-0.6516-0.3910-0.8750 (   554 PWs)   bands (ev):

    -2.4062   4.2836   7.8591  10.8275

          k =-0.6516 0.3910 0.8750 (   554 PWs)   bands (ev):

    -2.4062   4.2836   7.8591  10.8275

          k = 0.6516-0.3910 0.8750 (   554 PWs)   bands (ev):

    -2.4062   4.2836   7.8591  10.8275

          k =-0.5213-0.2606-0.7500 (   554 PWs)   bands (ev):

    -0.4050   1.6945   7.9692   9.9407

          k =-0.5213 0.2606 0.7500 (   554 PWs)   bands (ev):

    -0.4050   1.6945   7.9692   9.9407

          k = 0.5213-0.2606 0.7500 (   554 PWs)   bands (ev):

    -0.4050   1.6945   7.9692   9.9407

          k =-0.3910-0.1303-0.6250 (   552 PWs)   bands (ev):

    -2.6842   4.6420   8.3050  10.2231

          k =-0.3910 0.1303 0.6250 (   552 PWs)   bands (ev):

    -2.6842   4.6420   8.3050  10.2231

          k = 0.3910-0.1303 0.6250 (   552 PWs)   bands (ev):

    -2.6842   4.6420   8.3050  10.2231

          k =-0.2606 0.0000-0.5000 (   553 PWs)   bands (ev):

    -4.8067   8.0932   9.2273  11.4757

          k = 0.0000 0.5213-0.2500 (   555 PWs)   bands (ev):

    -4.6580   8.0984   8.9969  11.7804

          k =-0.7819 0.2606 1.0000 (   548 PWs)   bands (ev):

    -1.6433   5.5456   7.0267   8.5392

          k =-0.6516-0.1303-0.8750 (   550 PWs)   bands (ev):

     0.7249   3.0883   5.8908   7.8014

          k =-0.6516 0.1303 0.8750 (   550 PWs)   bands (ev):

     0.7249   3.0883   5.8908   7.8014

          k = 0.6516-0.1303 0.8750 (   550 PWs)   bands (ev):

     0.7249   3.0883   5.8908   7.8014

          k =-0.5213 0.0000-0.7500 (   549 PWs)   bands (ev):

    -0.4500   4.1694   5.5662   8.5989

          k = 0.9123-0.3910 0.6250 (   552 PWs)   bands (ev):

    -2.4956   4.5228   8.3479  10.4352

          k = 0.9123 0.3910-0.6250 (   552 PWs)   bands (ev):

    -2.4956   4.5228   8.3479  10.4352

          k =-0.9123-0.3910-0.6250 (   552 PWs)   bands (ev):

    -2.4956   4.5228   8.3479  10.4352

          k = 1.0426-0.2606 0.7500 (   552 PWs)   bands (ev):

    -1.6859   5.7059   7.3035   8.3917

          k = 0.7819 0.2606-0.5000 (   550 PWs)   bands (ev):

    -0.3372   1.7255   8.4629   9.6680

          k =-0.7819-0.2606-0.5000 (   550 PWs)   bands (ev):

    -0.3372   1.7255   8.4629   9.6680

          k = 0.9123-0.1303 0.6250 (   545 PWs)   bands (ev):

     0.7064   3.2551   5.9759   7.9499

          k = 0.9123 0.1303-0.6250 (   545 PWs)   bands (ev):

     0.7064   3.2551   5.9759   7.9499

          k =-0.9123-0.1303-0.6250 (   545 PWs)   bands (ev):

     0.7064   3.2551   5.9759   7.9499

          k = 0.7819 0.0000 0.5000 (   544 PWs)   bands (ev):

    -0.2379   4.1689   5.4198   8.9509

          k =-0.5213 0.5213 1.0000 (   554 PWs)   bands (ev):

    -2.8313   5.5124   6.3285  12.0672

          k =-0.3910-0.3910-0.8750 (   553 PWs)   bands (ev):

    -0.3885   2.3637   6.1936  10.7847

          k =-0.3910 0.3910 0.8750 (   553 PWs)   bands (ev):

    -0.3885   2.3637   6.1936  10.7847

          k =-0.2606-0.2606-0.7500 (   552 PWs)   bands (ev):

    -1.5216   3.6370   7.2515  10.0304

          k =-0.2606 0.2606 0.7500 (   552 PWs)   bands (ev):

    -1.5216   3.6370   7.2515  10.0304

          k =-0.1303-0.1303-0.6250 (   553 PWs)   bands (ev):

    -3.8540   6.9401   9.1001  10.0090

          k =-0.1303 0.1303 0.6250 (   553 PWs)   bands (ev):

    -3.8540   6.9401   9.1001  10.0090

          k =-0.5213 0.2606 1.0000 (   557 PWs)   bands (ev):

    -0.1149   3.7207   4.9697   9.3331

          k =-0.3910-0.1303-0.8750 (   556 PWs)   bands (ev):

     0.3339   3.1623   5.6704   8.3049

          k =-0.3910 0.1303 0.8750 (   556 PWs)   bands (ev):

     0.3339   3.1623   5.6704   8.3049

          k = 0.3910-0.1303 0.8750 (   556 PWs)   bands (ev):

     0.3339   3.1623   5.6704   8.3049

          k =-0.2606 0.0000-0.7500 (   550 PWs)   bands (ev):

    -2.0616   5.2750   7.7012   8.4749

          k =-0.2606 0.2606 1.0000 (   558 PWs)   bands (ev):

     1.3058   2.2033   4.7361   9.5323

          k =-0.1303-0.1303-0.8750 (   558 PWs)   bands (ev):

    -0.6135   3.3225   7.2361   8.9148

          k =-0.1303 0.1303 0.8750 (   558 PWs)   bands (ev):

    -0.6135   3.3225   7.2361   8.9148

!    total energy              =     -22.76009433 Ry
     Harris-Foulkes estimate   =     -22.76009433 Ry
     estimated scf accuracy    <          1.3E-09 Ry

     The total energy is the sum of the following terms:

     one-electron contribution =       8.95164937 Ry
     hartree contribution      =       1.84430714 Ry
     xc contribution           =      -7.25796419 Ry
     ewald contribution        =     -26.29808666 Ry

     convergence has been achieved in   6 iterations

     Forces acting on atoms (Ry/au):

     atom   1 type  1   force =     0.00000005    0.00000005   -0.00000002
     atom   2 type  1   force =    -0.00000005   -0.00000005    0.00000002

     Total force =     0.000000     Total SCF correction =     0.000000


     entering subroutine stress ...

          total   stress  (Ry/bohr**3)                   (kbar)     P=  419.38
   0.00385274   0.00000000   0.00000000        566.76      0.00      0.00
   0.00000000   0.00385274   0.00000000          0.00    566.76      0.00
   0.00000000   0.00000000   0.00084717          0.00      0.00    124.62


     BFGS Geometry Optimization

     bfgs converged in   1 scf cycles and   0 bfgs steps
     (criteria: energy < 0.10E-08, force < 0.10E-05)

     End of BFGS Geometry Optimization

     Final energy   =     -22.7600943339 Ry

ATOMIC_POSITIONS (crystal)
C        0.000000000   0.000000000   0.000000000
C        0.250000000   0.250000000   0.250000000



     Writing output data file pwscf.save
 
     PWSCF        :    11.34s CPU time,   13.49s wall time

     init_run     :     0.93s CPU
     electrons    :     9.43s CPU
     forces       :     0.09s CPU
     stress       :     0.35s CPU

     Called by init_run:
     wfcinit      :     0.71s CPU
     potinit      :     0.05s CPU

     Called by electrons:
     c_bands      :     8.38s CPU (       6 calls,   1.397 s avg)
     sum_band     :     0.79s CPU (       6 calls,   0.132 s avg)
     v_of_rho     :     0.13s CPU (       7 calls,   0.019 s avg)
     newd         :     0.05s CPU (       7 calls,   0.007 s avg)
     mix_rho      :     0.01s CPU (       6 calls,   0.002 s avg)

     Called by c_bands:
     init_us_2    :     0.26s CPU (    2250 calls,   0.000 s avg)
     cegterg      :     8.10s CPU (     900 calls,   0.009 s avg)

     Called by *egterg:
     h_psi        :     2.80s CPU (    2712 calls,   0.001 s avg)
     s_psi        :     0.09s CPU (    2712 calls,   0.000 s avg)
     g_psi        :     0.05s CPU (    1662 calls,   0.000 s avg)
     cdiaghg      :     4.46s CPU (    2562 calls,   0.002 s avg)

     Called by h_psi:
     add_vuspsi   :     0.03s CPU (    2712 calls,   0.000 s avg)

     General routines
     calbec       :     0.12s CPU (    3912 calls,   0.000 s avg)
     cft3s        :     2.89s CPU (   25659 calls,   0.000 s avg)
     interpolate  :     0.00s CPU (      13 calls,   0.000 s avg)
     davcio       :     0.55s CPU (    3150 calls,   0.000 s avg)
 
     Parallel routines
     fft_scatter  :     0.94s CPU (   25659 calls,   0.000 s avg)
