
     Program PWSCF     v.4.1.1  starts ...
     Today is 25Nov2010 at 15:47:36 

     Parallel version (MPI)

     Number of processors in use:       4
     R & G space division:  proc/pool =    4

     For Norm-Conserving or Ultrasoft (Vanderbilt) Pseudopotentials or PAW

     Current dimensions of program pwscf are:
     Max number of different atomic species (ntypx) = 10
     Max number of k-points (npk) =  40000
     Max angular momentum in pseudopotentials (lmaxx) =  3
     Waiting for input...
     file C.pbe-rrkjus.UPF: wavefunction(s)  2S 2P renormalized

     Subspace diagonalization in iterative solution of the eigenvalue problem:
     a parallel distributed memory algorithm will be used,
     eigenstates matrixes will be distributed block like on
     ortho sub-group =    2*   2 procs


     Planes per process (thick) : nr3 = 36 npp =   9 ncplane = 1296
     Planes per process (smooth): nr3s= 24 npps=   6 ncplanes=  576
 
     Proc/  planes cols     G    planes cols    G      columns  G
     Pool       (dense grid)       (smooth grid)      (wavefct grid)
        1     9    181     3189    6     91     1128     30      225
        2     9    182     3190    6     90     1131     30      225
        3     9    181     3188    6     91     1132     30      225
        4     9    181     3188    6     91     1126     31      226
     tot     36    725    12755   24    363     4517    121      901
 


     bravais-lattice index     =            0
     lattice parameter (a_0)   =       6.7413  a.u.
     unit-cell volume          =      71.9938 (a.u.)^3
     number of atoms/cell      =            2
     number of atomic types    =            1
     number of electrons       =         8.00
     number of Kohn-Sham states=            4
     kinetic-energy cutoff     =      60.0000  Ry
     charge density cutoff     =     480.0000  Ry
     convergence threshold     =      1.0E-08
     mixing beta               =       0.7000
     number of iterations used =            8  plain     mixing
     Exchange-correlation      =  SLA  PW   PBE  PBE (1434)
     nstep                     =           50


     celldm(1)=   6.741280  celldm(2)=   0.000000  celldm(3)=   0.000000
     celldm(4)=   0.000000  celldm(5)=   0.000000  celldm(6)=   0.000000

     crystal axes: (cart. coord. in units of a_0)
               a(1) = (  0.000000  0.484768  0.500000 )  
               a(2) = (  0.484768  0.000000  0.500000 )  
               a(3) = (  0.484768  0.484768  0.000000 )  

     reciprocal axes: (cart. coord. in units 2 pi/a_0)
               b(1) = ( -1.031421  1.031421  1.000000 )  
               b(2) = (  1.031421 -1.031421  1.000000 )  
               b(3) = (  1.031421  1.031421 -1.000000 )  


     PseudoPot. # 1 for C  read from file C.pbe-rrkjus.UPF
     Pseudo is Ultrasoft, Zval =  4.0
     Generated by new atomic code, or converted to UPF format
     Using radial grid of  627 points,  4 beta functions with: 
                l(1) =   0
                l(2) =   0
                l(3) =   1
                l(4) =   1
     Q(r) pseudized with 0 coefficients 


     atomic species   valence    mass     pseudopotential
        C              4.00    12.01070     C ( 1.00)

     16 Sym.Ops. (with inversion)


   Cartesian axes

     site n.     atom                  positions (a_0 units)
         1           C   tau(  1) = (   0.0000000   0.0000000   0.0000000  )
         2           C   tau(  2) = (   0.2423840   0.2423840   0.2500000  )

     number of k points=   59
                       cart. coord. in units 2pi/a_0
        k(    1) = (   0.0000000   0.0000000   0.0000000), wk =   0.0039062
        k(    2) = (   0.1289277   0.1289277  -0.1250000), wk =   0.0312500
        k(    3) = (   0.2578553   0.2578553  -0.2500000), wk =   0.0312500
        k(    4) = (   0.3867830   0.3867830  -0.3750000), wk =   0.0312500
        k(    5) = (  -0.5157106  -0.5157106   0.5000000), wk =   0.0156250
        k(    6) = (   0.2578553   0.0000000   0.0000000), wk =   0.0156250
        k(    7) = (   0.3867830   0.1289277  -0.1250000), wk =   0.0625000
        k(    8) = (   0.5157106   0.2578553  -0.2500000), wk =   0.0625000
        k(    9) = (  -0.3867830  -0.6446383   0.6250000), wk =   0.0625000
        k(   10) = (  -0.2578553  -0.5157106   0.5000000), wk =   0.0625000
        k(   11) = (  -0.1289277  -0.3867830   0.3750000), wk =   0.0625000
        k(   12) = (   0.0000000  -0.2578553   0.2500000), wk =   0.0312500
        k(   13) = (   0.5157106   0.0000000   0.0000000), wk =   0.0156250
        k(   14) = (   0.6446383   0.1289277  -0.1250000), wk =   0.0625000
        k(   15) = (  -0.2578553  -0.7735659   0.7500000), wk =   0.0625000
        k(   16) = (  -0.1289277  -0.6446383   0.6250000), wk =   0.0625000
        k(   17) = (   0.0000000  -0.5157106   0.5000000), wk =   0.0312500
        k(   18) = (   0.7735659   0.0000000   0.0000000), wk =   0.0156250
        k(   19) = (  -0.1289277  -0.9024936   0.8750000), wk =   0.0625000
        k(   20) = (   0.0000000  -0.7735659   0.7500000), wk =   0.0312500
        k(   21) = (  -1.0314212   0.0000000   0.0000000), wk =   0.0078125
        k(   22) = (   0.0000000   0.0000000   0.2500000), wk =   0.0078125
        k(   23) = (   0.2578553   0.2578553   0.0000000), wk =   0.0156250
        k(   24) = (   0.3867830   0.3867830  -0.1250000), wk =   0.0312500
        k(   25) = (  -0.5157106  -0.5157106   0.7500000), wk =   0.0312500
        k(   26) = (  -0.3867830  -0.3867830   0.6250000), wk =   0.0312500
        k(   27) = (  -0.2578553  -0.2578553   0.5000000), wk =   0.0312500
        k(   28) = (  -0.1289277  -0.1289277   0.3750000), wk =   0.0312500
        k(   29) = (   0.5157106   0.2578553   0.0000000), wk =   0.0312500
        k(   30) = (  -0.3867830  -0.6446383   0.8750000), wk =   0.0625000
        k(   31) = (  -0.2578553  -0.5157106   0.7500000), wk =   0.0625000
        k(   32) = (  -0.1289277  -0.3867830   0.6250000), wk =   0.0625000
        k(   33) = (   0.0000000  -0.2578553   0.5000000), wk =   0.0312500
        k(   34) = (   0.5157106   0.0000000   0.2500000), wk =   0.0312500
        k(   35) = (  -0.2578553  -0.7735659   1.0000000), wk =   0.0312500
        k(   36) = (  -0.1289277  -0.6446383   0.8750000), wk =   0.0625000
        k(   37) = (   0.0000000  -0.5157106   0.7500000), wk =   0.0312500
        k(   38) = (  -0.3867830   0.9024936  -0.6250000), wk =   0.0625000
        k(   39) = (  -0.2578553   1.0314212  -0.7500000), wk =   0.0312500
        k(   40) = (  -1.0314212   0.2578553   0.0000000), wk =   0.0156250
        k(   41) = (  -0.2578553   0.7735659  -0.5000000), wk =   0.0312500
        k(   42) = (  -0.1289277   0.9024936  -0.6250000), wk =   0.0625000
        k(   43) = (  -1.0314212   0.0000000   0.2500000), wk =   0.0156250
        k(   44) = (   0.0000000   0.7735659  -0.5000000), wk =   0.0312500
        k(   45) = (   0.0000000   0.0000000   0.5000000), wk =   0.0078125
        k(   46) = (  -0.5157106  -0.5157106   1.0000000), wk =   0.0156250
        k(   47) = (  -0.3867830  -0.3867830   0.8750000), wk =   0.0312500
        k(   48) = (  -0.2578553  -0.2578553   0.7500000), wk =   0.0312500
        k(   49) = (  -0.1289277  -0.1289277   0.6250000), wk =   0.0312500
        k(   50) = (  -0.2578553  -0.5157106   1.0000000), wk =   0.0312500
        k(   51) = (  -0.1289277  -0.3867830   0.8750000), wk =   0.0625000
        k(   52) = (   0.0000000  -0.2578553   0.7500000), wk =   0.0312500
        k(   53) = (  -1.0314212   0.5157106   0.0000000), wk =   0.0156250
        k(   54) = (  -1.0314212   0.0000000   0.5000000), wk =   0.0078125
        k(   55) = (   0.0000000   0.0000000   0.7500000), wk =   0.0078125
        k(   56) = (  -0.2578553  -0.2578553   1.0000000), wk =   0.0156250
        k(   57) = (  -0.1289277  -0.1289277   0.8750000), wk =   0.0312500
        k(   58) = (  -1.0314212   0.7735659   0.0000000), wk =   0.0156250
        k(   59) = (   0.0000000   0.0000000  -1.0000000), wk =   0.0039062

     G cutoff =  552.5432  (  12755 G-vectors)     FFT grid: ( 36, 36, 36)
     G cutoff =  276.2716  (   4517 G-vectors)  smooth grid: ( 24, 24, 24)

     Largest allocated arrays     est. size (Mb)     dimensions
        Kohn-Sham Wavefunctions         0.01 Mb     (    144,   4)
        NL pseudopotentials             0.04 Mb     (    144,  16)
        Each V/rho on FFT grid          0.18 Mb     (  11664)
        Each G-vector array             0.02 Mb     (   3189)
        G-vector shells                 0.01 Mb     (    826)
     Largest temporary arrays     est. size (Mb)     dimensions
        Auxiliary wavefunctions         0.04 Mb     (    144,  16)
        Each subspace H/S matrix        0.00 Mb     (     16,  16)
        Each <psi_i|beta_j> matrix      0.00 Mb     (     16,   4)
        Arrays for rho mixing           1.42 Mb     (  11664,   8)

     Initial potential from superposition of free atoms

     starting charge    7.99989, renormalised to    8.00000
     Starting wfc are    8 atomic wfcs

     total cpu time spent up to now is      0.60 secs

     per-process dynamical memory:    54.8 Mb

     Self-consistent Calculation

     iteration #  1     ecut=    60.00 Ry     beta=0.70
     Davidson diagonalization with overlap
     ethr =  1.00E-02,  avg # of iterations =  2.0

     total cpu time spent up to now is      1.25 secs

     total energy              =     -22.75569043 Ry
     Harris-Foulkes estimate   =     -22.81836279 Ry
     estimated scf accuracy    <       0.13540982 Ry

     iteration #  2     ecut=    60.00 Ry     beta=0.70
     Davidson diagonalization with overlap
     ethr =  1.69E-03,  avg # of iterations =  1.0

     total cpu time spent up to now is      1.71 secs

     total energy              =     -22.76441828 Ry
     Harris-Foulkes estimate   =     -22.76493280 Ry
     estimated scf accuracy    <       0.00297002 Ry

     iteration #  3     ecut=    60.00 Ry     beta=0.70
     Davidson diagonalization with overlap
     ethr =  3.71E-05,  avg # of iterations =  2.1

     total cpu time spent up to now is      2.44 secs

     total energy              =     -22.76512788 Ry
     Harris-Foulkes estimate   =     -22.76511319 Ry
     estimated scf accuracy    <       0.00004232 Ry

     iteration #  4     ecut=    60.00 Ry     beta=0.70
     Davidson diagonalization with overlap
     ethr =  5.29E-07,  avg # of iterations =  2.0

     total cpu time spent up to now is      3.16 secs

     total energy              =     -22.76514369 Ry
     Harris-Foulkes estimate   =     -22.76514374 Ry
     estimated scf accuracy    <       0.00000386 Ry

     iteration #  5     ecut=    60.00 Ry     beta=0.70
     Davidson diagonalization with overlap
     ethr =  4.82E-08,  avg # of iterations =  2.1

     total cpu time spent up to now is      3.86 secs

     total energy              =     -22.76514438 Ry
     Harris-Foulkes estimate   =     -22.76514442 Ry
     estimated scf accuracy    <       0.00000015 Ry

     iteration #  6     ecut=    60.00 Ry     beta=0.70
     Davidson diagonalization with overlap
     ethr =  1.87E-09,  avg # of iterations =  1.9

     total cpu time spent up to now is      4.50 secs

     End of self-consistent calculation

          k = 0.0000 0.0000 0.0000 (   553 PWs)   bands (ev):

    -7.8073  14.1139  14.6163  14.6163

          k = 0.1289 0.1289-0.1250 (   555 PWs)   bands (ev):

    -7.3572  11.9151  13.5869  13.9414

          k = 0.2579 0.2579-0.2500 (   570 PWs)   bands (ev):

    -6.0192   7.5904  12.3690  12.8369

          k = 0.3868 0.3868-0.3750 (   571 PWs)   bands (ev):

    -3.8524   3.3335  11.5008  12.0619

          k =-0.5157-0.5157 0.5000 (   570 PWs)   bands (ev):

    -1.6705   0.4192  11.1975  11.7949

          k = 0.2579 0.0000 0.0000 (   562 PWs)   bands (ev):

    -7.1950  12.3612  12.6854  13.3094

          k = 0.3868 0.1289-0.1250 (   567 PWs)   bands (ev):

    -6.1414   9.1209  11.2801  12.5123

          k = 0.5157 0.2579-0.2500 (   567 PWs)   bands (ev):

    -4.2354   4.9245  10.5482  11.3388

          k =-0.3868-0.6446 0.6250 (   566 PWs)   bands (ev):

    -1.7429   1.2956  10.1912  10.6768

          k =-0.2579-0.5157 0.5000 (   568 PWs)   bands (ev):

    -2.6490   2.4604   9.7869  11.2443

          k =-0.1289-0.3868 0.3750 (   569 PWs)   bands (ev):

    -5.0175   6.4307   9.9835  12.3704

          k = 0.0000-0.2579 0.2500 (   563 PWs)   bands (ev):

    -6.6236  10.3212  11.1318  13.5415

          k = 0.5157 0.0000 0.0000 (   568 PWs)   bands (ev):

    -5.3780   9.8786  10.0481  10.0939

          k = 0.6446 0.1289-0.1250 (   568 PWs)   bands (ev):

    -3.7572   6.6859   9.0496   9.2362

          k =-0.2579-0.7736 0.7500 (   565 PWs)   bands (ev):

    -1.4151   3.1960   7.5747   9.1435

          k =-0.1289-0.6446 0.6250 (   560 PWs)   bands (ev):

    -0.7770   2.4589   6.5125   9.8392

          k = 0.0000-0.5157 0.5000 (   562 PWs)   bands (ev):

    -3.1837   5.5656   6.5793  11.0979

          k = 0.7736 0.0000 0.0000 (   562 PWs)   bands (ev):

    -2.4308   5.8761   8.1973   8.2705

          k =-0.1289-0.9025 0.8750 (   565 PWs)   bands (ev):

    -0.3470   3.6560   6.5832   8.0334

          k = 0.0000-0.7736 0.7500 (   558 PWs)   bands (ev):

     1.1907   2.5027   4.5887   8.6136

          k =-1.0314 0.0000 0.0000 (   564 PWs)   bands (ev):

     1.4597   1.4597   7.6358   7.6358

          k = 0.0000 0.0000 0.2500 (   553 PWs)   bands (ev):

    -7.2324  12.7712  12.7937  12.7937

          k = 0.2579 0.2579 0.0000 (   565 PWs)   bands (ev):

    -6.5866  10.3199  10.7700  13.8950

          k = 0.3868 0.3868-0.1250 (   567 PWs)   bands (ev):

    -4.9454   6.2720   9.6354  12.8016

          k =-0.5157-0.5157 0.7500 (   569 PWs)   bands (ev):

    -2.5543   2.3100   9.3487  11.6928

          k =-0.3868-0.3868 0.6250 (   568 PWs)   bands (ev):

    -1.8488   1.3930   9.7672  11.0292

          k =-0.2579-0.2579 0.5000 (   566 PWs)   bands (ev):

    -4.3422   5.0582  10.7835  10.9896

          k =-0.1289-0.1289 0.3750 (   564 PWs)   bands (ev):

    -6.2152   9.2166  11.6201  12.0900

          k = 0.5157 0.2579 0.0000 (   561 PWs)   bands (ev):

    -4.7848   7.6582   8.4096  11.6734

          k =-0.3868-0.6446 0.8750 (   568 PWs)   bands (ev):

    -2.6304   4.0781   7.6491  10.3989

          k =-0.2579-0.5157 0.7500 (   567 PWs)   bands (ev):

    -0.6478   1.5038   7.7346   9.5770

          k =-0.1289-0.3868 0.6250 (   569 PWs)   bands (ev):

    -2.8324   4.3373   7.9825   9.9554

          k = 0.0000-0.2579 0.5000 (   563 PWs)   bands (ev):

    -4.9293   7.7630   8.8526  11.2004

          k = 0.5157 0.0000 0.2500 (   563 PWs)   bands (ev):

    -4.8207   7.7664   8.6850  11.4186

          k =-0.2579-0.7736 1.0000 (   571 PWs)   bands (ev):

    -1.8855   5.2324   6.8440   8.2238

          k =-0.1289-0.6446 0.8750 (   567 PWs)   bands (ev):

     0.4353   2.8563   5.6313   7.5780

          k = 0.0000-0.5157 0.7500 (   559 PWs)   bands (ev):

    -0.6331   3.8448   5.2696   8.4025

          k =-0.3868 0.9025-0.6250 (   563 PWs)   bands (ev):

    -2.6951   4.2520   8.0052  10.1155

          k =-0.2579 1.0314-0.7500 (   568 PWs)   bands (ev):

    -1.9163   5.3447   7.0461   8.1208

          k =-1.0314 0.2579 0.0000 (   568 PWs)   bands (ev):

     1.8111   1.8111   6.5388   6.5388

          k =-0.2579 0.7736-0.5000 (   562 PWs)   bands (ev):

    -0.6015   1.5303   8.0763   9.3961

          k =-0.1289 0.9025-0.6250 (   559 PWs)   bands (ev):

     0.4220   2.9754   5.6899   7.6923

          k =-1.0314 0.0000 0.2500 (   548 PWs)   bands (ev):

     1.8080   1.8080   6.6452   6.6452

          k = 0.0000 0.7736-0.5000 (   560 PWs)   bands (ev):

    -0.4798   3.8443   5.1645   8.6586

          k = 0.0000 0.0000 0.5000 (   572 PWs)   bands (ev):

    -5.5243   9.4611  10.3286  10.3286

          k =-0.5157-0.5157 1.0000 (   564 PWs)   bands (ev):

    -3.0483   5.2847   6.1691  11.5952

          k =-0.3868-0.3868 0.8750 (   565 PWs)   bands (ev):

    -0.6574   2.2057   6.0369  10.3378

          k =-0.2579-0.2579 0.7500 (   566 PWs)   bands (ev):

    -1.6708   3.3494   7.0811   9.6057

          k =-0.1289-0.1289 0.6250 (   566 PWs)   bands (ev):

    -3.9710   6.6557   8.8306   9.5969

          k =-0.2579-0.5157 1.0000 (   574 PWs)   bands (ev):

    -0.3919   3.5195   4.8378   8.9341

          k =-0.1289-0.3868 0.8750 (   565 PWs)   bands (ev):

     0.1554   2.9030   5.4739   7.9443

          k = 0.0000-0.2579 0.7500 (   566 PWs)   bands (ev):

    -2.1901   5.0389   7.3354   8.1761

          k =-1.0314 0.5157 0.0000 (   558 PWs)   bands (ev):

     2.1199   2.1199   5.6212   5.6212

          k =-1.0314 0.0000 0.5000 (   556 PWs)   bands (ev):

     2.2867   2.2867   5.6343   5.6343

          k = 0.0000 0.0000 0.7500 (   564 PWs)   bands (ev):

    -2.7454   5.2314   8.6822   8.6822

          k =-0.2579-0.2579 1.0000 (   566 PWs)   bands (ev):

     1.0677   2.0520   4.5383   9.1107

          k =-0.1289-0.1289 0.8750 (   574 PWs)   bands (ev):

    -0.7403   3.1605   6.8977   8.5095

          k =-1.0314 0.7736 0.0000 (   566 PWs)   bands (ev):

     1.3709   1.3709   6.9650   6.9650

          k = 0.0000 0.0000-1.0000 (   556 PWs)   bands (ev):

     0.9522   0.9522   8.1149   8.1149

!    total energy              =     -22.76514440 Ry
     Harris-Foulkes estimate   =     -22.76514440 Ry
     estimated scf accuracy    <          8.9E-10 Ry

     The total energy is the sum of the following terms:

     one-electron contribution =       8.69660405 Ry
     hartree contribution      =       1.86755871 Ry
     xc contribution           =      -7.22217679 Ry
     ewald contribution        =     -26.10713037 Ry

     convergence has been achieved in   6 iterations

     Forces acting on atoms (Ry/au):

     atom   1 type  1   force =     0.00000000    0.00000000    0.00000000
     atom   2 type  1   force =     0.00000000    0.00000000    0.00000000

     Total force =     0.000000     Total SCF correction =     0.000000


     entering subroutine stress ...

          total   stress  (Ry/bohr**3)                   (kbar)     P=  299.35
   0.00275436   0.00000000   0.00000000        405.18      0.00      0.00
   0.00000000   0.00275436   0.00000000          0.00    405.18      0.00
   0.00000000   0.00000000   0.00059617          0.00      0.00     87.70


     BFGS Geometry Optimization

     bfgs converged in   1 scf cycles and   0 bfgs steps
     (criteria: energy < 0.10E-08, force < 0.10E-05)

     End of BFGS Geometry Optimization

     Final energy   =     -22.7651443970 Ry

ATOMIC_POSITIONS (crystal)
C        0.000000000   0.000000000   0.000000000
C        0.250000000   0.250000000   0.250000000



     Writing output data file pwscf.save
 
     PWSCF        :     4.99s CPU time,    6.04s wall time

     init_run     :     0.51s CPU
     electrons    :     3.90s CPU
     forces       :     0.06s CPU
     stress       :     0.21s CPU

     Called by init_run:
     wfcinit      :     0.27s CPU
     potinit      :     0.06s CPU

     Called by electrons:
     c_bands      :     3.21s CPU (       6 calls,   0.535 s avg)
     sum_band     :     0.39s CPU (       6 calls,   0.065 s avg)
     v_of_rho     :     0.14s CPU (       7 calls,   0.020 s avg)
     newd         :     0.05s CPU (       7 calls,   0.007 s avg)
     mix_rho      :     0.03s CPU (       6 calls,   0.005 s avg)

     Called by c_bands:
     init_us_2    :     0.07s CPU (     885 calls,   0.000 s avg)
     cegterg      :     3.10s CPU (     354 calls,   0.009 s avg)

     Called by *egterg:
     h_psi        :     1.20s CPU (    1065 calls,   0.001 s avg)
     s_psi        :     0.01s CPU (    1065 calls,   0.000 s avg)
     g_psi        :     0.02s CPU (     652 calls,   0.000 s avg)
     cdiaghg      :     1.59s CPU (    1006 calls,   0.002 s avg)

     Called by h_psi:
     add_vuspsi   :     0.01s CPU (    1065 calls,   0.000 s avg)

     General routines
     calbec       :     0.07s CPU (    1537 calls,   0.000 s avg)
     cft3s        :     1.29s CPU (   10137 calls,   0.000 s avg)
     interpolate  :     0.00s CPU (      13 calls,   0.000 s avg)
     davcio       :     0.20s CPU (    1239 calls,   0.000 s avg)
 
     Parallel routines
     fft_scatter  :     0.39s CPU (   10137 calls,   0.000 s avg)
