
     Program PWSCF     v.4.1.1  starts ...
     Today is 25Nov2010 at 15:48:26 

     Parallel version (MPI)

     Number of processors in use:       4
     R & G space division:  proc/pool =    4

     For Norm-Conserving or Ultrasoft (Vanderbilt) Pseudopotentials or PAW

     Current dimensions of program pwscf are:
     Max number of different atomic species (ntypx) = 10
     Max number of k-points (npk) =  40000
     Max angular momentum in pseudopotentials (lmaxx) =  3
     Waiting for input...
     file C.pbe-rrkjus.UPF: wavefunction(s)  2S 2P renormalized

     Subspace diagonalization in iterative solution of the eigenvalue problem:
     a parallel distributed memory algorithm will be used,
     eigenstates matrixes will be distributed block like on
     ortho sub-group =    2*   2 procs


     Planes per process (thick) : nr3 = 36 npp =   9 ncplane = 1296
     Planes per process (smooth): nr3s= 24 npps=   6 ncplanes=  576
 
     Proc/  planes cols     G    planes cols    G      columns  G
     Pool       (dense grid)       (smooth grid)      (wavefct grid)
        1     9    190     3466    6     95     1235     30      235
        2     9    189     3464    6     94     1227     31      238
        3     9    189     3465    6     95     1230     30      234
        4     9    189     3464    6     95     1233     30      234
     tot     36    757    13859   24    379     4925    121      941
 


     bravais-lattice index     =            0
     lattice parameter (a_0)   =       6.7413  a.u.
     unit-cell volume          =      78.1209 (a.u.)^3
     number of atoms/cell      =            2
     number of atomic types    =            1
     number of electrons       =         8.00
     number of Kohn-Sham states=            4
     kinetic-energy cutoff     =      60.0000  Ry
     charge density cutoff     =     480.0000  Ry
     convergence threshold     =      1.0E-08
     mixing beta               =       0.7000
     number of iterations used =            8  plain     mixing
     Exchange-correlation      =  SLA  PW   PBE  PBE (1434)
     nstep                     =           50


     celldm(1)=   6.741280  celldm(2)=   0.000000  celldm(3)=   0.000000
     celldm(4)=   0.000000  celldm(5)=   0.000000  celldm(6)=   0.000000

     crystal axes: (cart. coord. in units of a_0)
               a(1) = (  0.000000  0.504975  0.500000 )  
               a(2) = (  0.504975  0.000000  0.500000 )  
               a(3) = (  0.504975  0.504975  0.000000 )  

     reciprocal axes: (cart. coord. in units 2 pi/a_0)
               b(1) = ( -0.990148  0.990148  1.000000 )  
               b(2) = (  0.990148 -0.990148  1.000000 )  
               b(3) = (  0.990148  0.990148 -1.000000 )  


     PseudoPot. # 1 for C  read from file C.pbe-rrkjus.UPF
     Pseudo is Ultrasoft, Zval =  4.0
     Generated by new atomic code, or converted to UPF format
     Using radial grid of  627 points,  4 beta functions with: 
                l(1) =   0
                l(2) =   0
                l(3) =   1
                l(4) =   1
     Q(r) pseudized with 0 coefficients 


     atomic species   valence    mass     pseudopotential
        C              4.00    12.01070     C ( 1.00)

     16 Sym.Ops. (with inversion)


   Cartesian axes

     site n.     atom                  positions (a_0 units)
         1           C   tau(  1) = (   0.0000000   0.0000000   0.0000000  )
         2           C   tau(  2) = (   0.2524876   0.2524876   0.2500000  )

     number of k points=   59
                       cart. coord. in units 2pi/a_0
        k(    1) = (   0.0000000   0.0000000   0.0000000), wk =   0.0039062
        k(    2) = (   0.1237684   0.1237684  -0.1250000), wk =   0.0312500
        k(    3) = (   0.2475369   0.2475369  -0.2500000), wk =   0.0312500
        k(    4) = (   0.3713053   0.3713053  -0.3750000), wk =   0.0312500
        k(    5) = (  -0.4950738  -0.4950738   0.5000000), wk =   0.0156250
        k(    6) = (   0.2475369   0.0000000   0.0000000), wk =   0.0156250
        k(    7) = (   0.3713053   0.1237684  -0.1250000), wk =   0.0625000
        k(    8) = (   0.4950738   0.2475369  -0.2500000), wk =   0.0625000
        k(    9) = (  -0.3713053  -0.6188422   0.6250000), wk =   0.0625000
        k(   10) = (  -0.2475369  -0.4950738   0.5000000), wk =   0.0625000
        k(   11) = (  -0.1237684  -0.3713053   0.3750000), wk =   0.0625000
        k(   12) = (   0.0000000  -0.2475369   0.2500000), wk =   0.0312500
        k(   13) = (   0.4950738   0.0000000   0.0000000), wk =   0.0156250
        k(   14) = (   0.6188422   0.1237684  -0.1250000), wk =   0.0625000
        k(   15) = (  -0.2475369  -0.7426107   0.7500000), wk =   0.0625000
        k(   16) = (  -0.1237684  -0.6188422   0.6250000), wk =   0.0625000
        k(   17) = (   0.0000000  -0.4950738   0.5000000), wk =   0.0312500
        k(   18) = (   0.7426107   0.0000000   0.0000000), wk =   0.0156250
        k(   19) = (  -0.1237684  -0.8663791   0.8750000), wk =   0.0625000
        k(   20) = (   0.0000000  -0.7426107   0.7500000), wk =   0.0312500
        k(   21) = (  -0.9901475   0.0000000   0.0000000), wk =   0.0078125
        k(   22) = (   0.0000000   0.0000000   0.2500000), wk =   0.0078125
        k(   23) = (   0.2475369   0.2475369   0.0000000), wk =   0.0156250
        k(   24) = (   0.3713053   0.3713053  -0.1250000), wk =   0.0312500
        k(   25) = (  -0.4950738  -0.4950738   0.7500000), wk =   0.0312500
        k(   26) = (  -0.3713053  -0.3713053   0.6250000), wk =   0.0312500
        k(   27) = (  -0.2475369  -0.2475369   0.5000000), wk =   0.0312500
        k(   28) = (  -0.1237684  -0.1237684   0.3750000), wk =   0.0312500
        k(   29) = (   0.4950738   0.2475369   0.0000000), wk =   0.0312500
        k(   30) = (  -0.3713053  -0.6188422   0.8750000), wk =   0.0625000
        k(   31) = (  -0.2475369  -0.4950738   0.7500000), wk =   0.0625000
        k(   32) = (  -0.1237684  -0.3713053   0.6250000), wk =   0.0625000
        k(   33) = (   0.0000000  -0.2475369   0.5000000), wk =   0.0312500
        k(   34) = (   0.4950738   0.0000000   0.2500000), wk =   0.0312500
        k(   35) = (  -0.2475369  -0.7426107   1.0000000), wk =   0.0312500
        k(   36) = (  -0.1237684  -0.6188422   0.8750000), wk =   0.0625000
        k(   37) = (   0.0000000  -0.4950738   0.7500000), wk =   0.0312500
        k(   38) = (  -0.3713053   0.8663791  -0.6250000), wk =   0.0625000
        k(   39) = (  -0.2475369   0.9901475  -0.7500000), wk =   0.0312500
        k(   40) = (  -0.9901475   0.2475369   0.0000000), wk =   0.0156250
        k(   41) = (  -0.2475369   0.7426107  -0.5000000), wk =   0.0312500
        k(   42) = (  -0.1237684   0.8663791  -0.6250000), wk =   0.0625000
        k(   43) = (  -0.9901475   0.0000000   0.2500000), wk =   0.0156250
        k(   44) = (   0.0000000   0.7426107  -0.5000000), wk =   0.0312500
        k(   45) = (   0.0000000   0.0000000   0.5000000), wk =   0.0078125
        k(   46) = (  -0.4950738  -0.4950738   1.0000000), wk =   0.0156250
        k(   47) = (  -0.3713053  -0.3713053   0.8750000), wk =   0.0312500
        k(   48) = (  -0.2475369  -0.2475369   0.7500000), wk =   0.0312500
        k(   49) = (  -0.1237684  -0.1237684   0.6250000), wk =   0.0312500
        k(   50) = (  -0.2475369  -0.4950738   1.0000000), wk =   0.0312500
        k(   51) = (  -0.1237684  -0.3713053   0.8750000), wk =   0.0625000
        k(   52) = (   0.0000000  -0.2475369   0.7500000), wk =   0.0312500
        k(   53) = (  -0.9901475   0.4950738   0.0000000), wk =   0.0156250
        k(   54) = (  -0.9901475   0.0000000   0.5000000), wk =   0.0078125
        k(   55) = (   0.0000000   0.0000000   0.7500000), wk =   0.0078125
        k(   56) = (  -0.2475369  -0.2475369   1.0000000), wk =   0.0156250
        k(   57) = (  -0.1237684  -0.1237684   0.8750000), wk =   0.0312500
        k(   58) = (  -0.9901475   0.7426107   0.0000000), wk =   0.0156250
        k(   59) = (   0.0000000   0.0000000  -1.0000000), wk =   0.0039062

     G cutoff =  552.5432  (  13859 G-vectors)     FFT grid: ( 36, 36, 36)
     G cutoff =  276.2716  (   4925 G-vectors)  smooth grid: ( 24, 24, 24)

     Largest allocated arrays     est. size (Mb)     dimensions
        Kohn-Sham Wavefunctions         0.01 Mb     (    163,   4)
        NL pseudopotentials             0.04 Mb     (    163,  16)
        Each V/rho on FFT grid          0.18 Mb     (  11664)
        Each G-vector array             0.03 Mb     (   3466)
        G-vector shells                 0.01 Mb     (    868)
     Largest temporary arrays     est. size (Mb)     dimensions
        Auxiliary wavefunctions         0.04 Mb     (    163,  16)
        Each subspace H/S matrix        0.00 Mb     (     16,  16)
        Each <psi_i|beta_j> matrix      0.00 Mb     (     16,   4)
        Arrays for rho mixing           1.42 Mb     (  11664,   8)

     Initial potential from superposition of free atoms

     starting charge    7.99989, renormalised to    8.00000
     Starting wfc are    8 atomic wfcs

     total cpu time spent up to now is      0.58 secs

     per-process dynamical memory:    54.9 Mb

     Self-consistent Calculation

     iteration #  1     ecut=    60.00 Ry     beta=0.70
     Davidson diagonalization with overlap
     ethr =  1.00E-02,  avg # of iterations =  2.0

     total cpu time spent up to now is      1.22 secs

     total energy              =     -22.76262420 Ry
     Harris-Foulkes estimate   =     -22.81246776 Ry
     estimated scf accuracy    <       0.11283747 Ry

     iteration #  2     ecut=    60.00 Ry     beta=0.70
     Davidson diagonalization with overlap
     ethr =  1.41E-03,  avg # of iterations =  1.1

     total cpu time spent up to now is      1.69 secs

     total energy              =     -22.77002487 Ry
     Harris-Foulkes estimate   =     -22.77035925 Ry
     estimated scf accuracy    <       0.00267026 Ry

     iteration #  3     ecut=    60.00 Ry     beta=0.70
     Davidson diagonalization with overlap
     ethr =  3.34E-05,  avg # of iterations =  2.1

     total cpu time spent up to now is      2.37 secs

     total energy              =     -22.77058565 Ry
     Harris-Foulkes estimate   =     -22.77056946 Ry
     estimated scf accuracy    <       0.00004470 Ry

     iteration #  4     ecut=    60.00 Ry     beta=0.70
     Davidson diagonalization with overlap
     ethr =  5.59E-07,  avg # of iterations =  2.1

     total cpu time spent up to now is      3.08 secs

     total energy              =     -22.77060042 Ry
     Harris-Foulkes estimate   =     -22.77060057 Ry
     estimated scf accuracy    <       0.00000318 Ry

     iteration #  5     ecut=    60.00 Ry     beta=0.70
     Davidson diagonalization with overlap
     ethr =  3.97E-08,  avg # of iterations =  2.1

     total cpu time spent up to now is      3.78 secs

     total energy              =     -22.77060105 Ry
     Harris-Foulkes estimate   =     -22.77060109 Ry
     estimated scf accuracy    <       0.00000013 Ry

     iteration #  6     ecut=    60.00 Ry     beta=0.70
     Davidson diagonalization with overlap
     ethr =  1.68E-09,  avg # of iterations =  1.9

     total cpu time spent up to now is      4.39 secs

     End of self-consistent calculation

          k = 0.0000 0.0000 0.0000 (   609 PWs)   bands (ev):

    -8.1946  12.9082  12.9082  13.0531

          k = 0.1238 0.1238-0.1250 (   605 PWs)   bands (ev):

    -7.7691  10.5890  12.2667  12.3756

          k = 0.2475 0.2475-0.2500 (   607 PWs)   bands (ev):

    -6.5062   6.4856  11.1824  11.3181

          k = 0.3713 0.3713-0.3750 (   610 PWs)   bands (ev):

    -4.4761   2.4730  10.4017  10.5633

          k =-0.4951-0.4951 0.5000 (   610 PWs)   bands (ev):

    -2.5375  -0.1598  10.1290  10.3009

          k = 0.2475 0.0000 0.0000 (   601 PWs)   bands (ev):

    -7.6312  11.2543  11.3500  11.5894

          k = 0.3713 0.1238-0.1250 (   605 PWs)   bands (ev):

    -6.6513   7.9697  10.1801  10.9228

          k = 0.4951 0.2475-0.2500 (   611 PWs)   bands (ev):

    -4.8726   4.0153   9.5409   9.7796

          k =-0.3713-0.6188 0.6250 (   610 PWs)   bands (ev):

    -2.5918   0.6428   8.8297   9.5580

          k =-0.2475-0.4951 0.5000 (   611 PWs)   bands (ev):

    -3.3216   1.5985   8.4182  10.1574

          k =-0.1238-0.3713 0.3750 (   614 PWs)   bands (ev):

    -5.5328   5.3140   8.6452  11.1989

          k = 0.0000-0.2475 0.2500 (   610 PWs)   bands (ev):

    -7.0606   9.0373   9.7473  12.2498

          k = 0.4951 0.0000 0.0000 (   610 PWs)   bands (ev):

    -5.9601   8.4281   8.9405   8.9918

          k = 0.6188 0.1238-0.1250 (   613 PWs)   bands (ev):

    -4.4615   5.5485   7.8130   8.2566

          k =-0.2475-0.7426 0.7500 (   617 PWs)   bands (ev):

    -2.2995   2.3636   6.2991   8.2341

          k =-0.1238-0.6188 0.6250 (   616 PWs)   bands (ev):

    -1.5868   1.5488   5.3172   8.8943

          k = 0.0000-0.4951 0.5000 (   614 PWs)   bands (ev):

    -3.7865   4.3611   5.4713  10.0580

          k = 0.7426 0.0000 0.0000 (   624 PWs)   bands (ev):

    -3.2514   4.4232   7.3773   7.3997

          k =-0.1238-0.8664 0.8750 (   617 PWs)   bands (ev):

    -1.3310   2.3841   5.8090   7.2117

          k = 0.0000-0.7426 0.7500 (   620 PWs)   bands (ev):

     0.1344   1.3518   3.8508   7.7591

          k =-0.9901 0.0000 0.0000 (   628 PWs)   bands (ev):

     0.3277   0.3277   6.8429   6.8429

          k = 0.0000 0.0000 0.2500 (   605 PWs)   bands (ev):

    -7.6199  11.2230  11.2230  11.7427

          k = 0.2475 0.2475 0.0000 (   608 PWs)   bands (ev):

    -7.0718   9.0425   9.8552  12.1444

          k = 0.3713 0.3713-0.1250 (   611 PWs)   bands (ev):

    -5.5544   5.3606   8.7537  11.0719

          k =-0.4951-0.4951 0.7500 (   612 PWs)   bands (ev):

    -3.3489   1.6423   8.5564  10.0195

          k =-0.3713-0.3713 0.6250 (   609 PWs)   bands (ev):

    -2.5627   0.6168   8.9866   9.4214

          k =-0.2475-0.2475 0.5000 (   613 PWs)   bands (ev):

    -4.8407   3.9765   9.4352   9.9138

          k =-0.1238-0.1238 0.3750 (   606 PWs)   bands (ev):

    -6.6290   7.9424  10.0855  11.0349

          k = 0.4951 0.2475 0.0000 (   608 PWs)   bands (ev):

    -5.4165   6.5680   7.6497  10.0584

          k =-0.3713-0.6188 0.8750 (   616 PWs)   bands (ev):

    -3.4346   3.3193   6.8676   8.8966

          k =-0.2475-0.4951 0.7500 (   614 PWs)   bands (ev):

    -1.5370   0.8283   6.7815   8.3689

          k =-0.1238-0.3713 0.6250 (   614 PWs)   bands (ev):

    -3.3750   3.2449   6.7631   9.0271

          k = 0.0000-0.2475 0.5000 (   615 PWs)   bands (ev):

    -5.3731   6.5356   7.5171  10.1934

          k = 0.4951 0.0000 0.2500 (   612 PWs)   bands (ev):

    -5.4058   6.5338   7.5667  10.1346

          k =-0.2475-0.7426 1.0000 (   612 PWs)   bands (ev):

    -2.7543   4.0533   6.1849   7.1413

          k =-0.1238-0.6188 0.8750 (   617 PWs)   bands (ev):

    -0.6037   1.9681   4.7153   6.8030

          k = 0.0000-0.4951 0.7500 (   617 PWs)   bands (ev):

    -1.3137   2.6678   4.2316   7.6831

          k =-0.3713 0.8664-0.6250 (   612 PWs)   bands (ev):

    -3.4157   3.2681   6.7635   8.9764

          k =-0.2475 0.9901-0.7500 (   613 PWs)   bands (ev):

    -2.7454   4.0249   6.1242   7.1669

          k =-0.9901 0.2475 0.0000 (   618 PWs)   bands (ev):

     0.6612   0.6612   5.8584   5.8584

          k =-0.2475 0.7426-0.5000 (   612 PWs)   bands (ev):

    -1.5479   0.8165   6.7018   8.4011

          k =-0.1238 0.8664-0.6250 (   619 PWs)   bands (ev):

    -0.6000   1.9359   4.6996   6.7636

          k =-0.9901 0.0000 0.2500 (   618 PWs)   bands (ev):

     0.6621   0.6621   5.8266   5.8266

          k = 0.0000 0.7426-0.5000 (   620 PWs)   bands (ev):

    -1.3578   2.6680   4.2610   7.6077

          k = 0.0000 0.0000 0.5000 (   604 PWs)   bands (ev):

    -5.9160   8.6077   8.8578   8.8578

          k =-0.4951-0.4951 1.0000 (   612 PWs)   bands (ev):

    -3.8263   4.4447   5.5940   9.9152

          k =-0.3713-0.3713 0.8750 (   611 PWs)   bands (ev):

    -1.6195   1.6230   5.4572   8.7489

          k =-0.2475-0.2475 0.7500 (   613 PWs)   bands (ev):

    -2.2250   2.3235   6.4411   8.0959

          k =-0.1238-0.1238 0.6250 (   612 PWs)   bands (ev):

    -4.3973   5.5585   7.8890   8.1309

          k =-0.2475-0.4951 1.0000 (   619 PWs)   bands (ev):

    -1.3820   2.7621   4.3571   7.5293

          k =-0.1238-0.3713 0.8750 (   616 PWs)   bands (ev):

    -0.5263   1.9637   4.7543   6.6974

          k = 0.0000-0.2475 0.7500 (   610 PWs)   bands (ev):

    -2.6638   4.1067   6.0386   7.1561

          k =-0.9901 0.4951 0.0000 (   616 PWs)   bands (ev):

     1.1506   1.1506   4.8341   4.8341

          k =-0.9901 0.0000 0.5000 (   616 PWs)   bands (ev):

     1.1083   1.1083   4.8227   4.8227

          k = 0.0000 0.0000 0.7500 (   616 PWs)   bands (ev):

    -3.1571   4.6098   7.2547   7.2547

          k =-0.2475-0.2475 1.0000 (   622 PWs)   bands (ev):

     0.1662   1.4850   3.8705   7.6128

          k =-0.1238-0.1238 0.8750 (   618 PWs)   bands (ev):

    -1.2146   2.5255   5.7197   7.0698

          k =-0.9901 0.7426 0.0000 (   622 PWs)   bands (ev):

     0.7881   0.7881   5.7349   5.7349

          k = 0.0000 0.0000-1.0000 (   620 PWs)   bands (ev):

     0.4778   0.4778   6.6998   6.6998

!    total energy              =     -22.77060107 Ry
     Harris-Foulkes estimate   =     -22.77060107 Ry
     estimated scf accuracy    <          4.6E-10 Ry

     The total energy is the sum of the following terms:

     one-electron contribution =       7.76825540 Ry
     hartree contribution      =       1.95217695 Ry
     xc contribution           =      -7.08843806 Ry
     ewald contribution        =     -25.40259536 Ry

     convergence has been achieved in   6 iterations

     Forces acting on atoms (Ry/au):

     atom   1 type  1   force =     0.00000000    0.00000000    0.00000000
     atom   2 type  1   force =     0.00000000    0.00000000    0.00000000

     Total force =     0.000000     Total SCF correction =     0.000000


     entering subroutine stress ...

          total   stress  (Ry/bohr**3)                   (kbar)     P=  -82.37
  -0.00076235   0.00000000   0.00000000       -112.15      0.00      0.00
   0.00000000  -0.00076235   0.00000000          0.00   -112.15      0.00
   0.00000000   0.00000000  -0.00015513          0.00      0.00    -22.82


     BFGS Geometry Optimization

     bfgs converged in   1 scf cycles and   0 bfgs steps
     (criteria: energy < 0.10E-08, force < 0.10E-05)

     End of BFGS Geometry Optimization

     Final energy   =     -22.7706010661 Ry

ATOMIC_POSITIONS (crystal)
C        0.000000000   0.000000000   0.000000000
C        0.250000000   0.250000000   0.250000000



     Writing output data file pwscf.save
 
     PWSCF        :     4.89s CPU time,    5.90s wall time

     init_run     :     0.50s CPU
     electrons    :     3.81s CPU
     forces       :     0.06s CPU
     stress       :     0.22s CPU

     Called by init_run:
     wfcinit      :     0.27s CPU
     potinit      :     0.06s CPU

     Called by electrons:
     c_bands      :     3.13s CPU (       6 calls,   0.522 s avg)
     sum_band     :     0.39s CPU (       6 calls,   0.065 s avg)
     v_of_rho     :     0.13s CPU (       7 calls,   0.019 s avg)
     newd         :     0.04s CPU (       7 calls,   0.006 s avg)
     mix_rho      :     0.01s CPU (       6 calls,   0.002 s avg)

     Called by c_bands:
     init_us_2    :     0.07s CPU (     885 calls,   0.000 s avg)
     cegterg      :     2.96s CPU (     354 calls,   0.008 s avg)

     Called by *egterg:
     h_psi        :     1.24s CPU (    1073 calls,   0.001 s avg)
     s_psi        :     0.02s CPU (    1073 calls,   0.000 s avg)
     g_psi        :     0.00s CPU (     660 calls,   0.000 s avg)
     cdiaghg      :     1.37s CPU (    1014 calls,   0.001 s avg)

     Called by h_psi:
     add_vuspsi   :     0.05s CPU (    1073 calls,   0.000 s avg)

     General routines
     calbec       :     0.06s CPU (    1545 calls,   0.000 s avg)
     cft3s        :     1.19s CPU (   10113 calls,   0.000 s avg)
     interpolate  :     0.01s CPU (      13 calls,   0.001 s avg)
     davcio       :     0.31s CPU (    1239 calls,   0.000 s avg)
 
     Parallel routines
     fft_scatter  :     0.38s CPU (   10113 calls,   0.000 s avg)
