
     Program PWSCF     v.4.1.1  starts ...
     Today is 25Nov2010 at 15:45:21 

     Parallel version (MPI)

     Number of processors in use:       4
     R & G space division:  proc/pool =    4

     For Norm-Conserving or Ultrasoft (Vanderbilt) Pseudopotentials or PAW

     Current dimensions of program pwscf are:
     Max number of different atomic species (ntypx) = 10
     Max number of k-points (npk) =  40000
     Max angular momentum in pseudopotentials (lmaxx) =  3
     Waiting for input...
     file C.pbe-rrkjus.UPF: wavefunction(s)  2S 2P renormalized

     Subspace diagonalization in iterative solution of the eigenvalue problem:
     a parallel distributed memory algorithm will be used,
     eigenstates matrixes will be distributed block like on
     ortho sub-group =    2*   2 procs


     Planes per process (thick) : nr3 = 40 npp =  10 ncplane = 1600
     Planes per process (smooth): nr3s= 28 npps=   7 ncplanes=  784
 
     Proc/  planes cols     G    planes cols    G      columns  G
     Pool       (dense grid)       (smooth grid)      (wavefct grid)
        1    10    228     4483    7    113     1579     38      304
        2    10    228     4484    7    113     1578     38      303
        3    10    229     4484    7    112     1568     38      303
        4    10    228     4482    7    113     1578     37      301
     tot     40    913    17933   28    451     6303    151     1211
 


     bravais-lattice index     =            0
     lattice parameter (a_0)   =       6.7413  a.u.
     unit-cell volume          =     100.6790 (a.u.)^3
     number of atoms/cell      =            2
     number of atomic types    =            1
     number of electrons       =         8.00
     number of Kohn-Sham states=            4
     kinetic-energy cutoff     =      60.0000  Ry
     charge density cutoff     =     480.0000  Ry
     convergence threshold     =      1.0E-08
     mixing beta               =       0.7000
     number of iterations used =            8  plain     mixing
     Exchange-correlation      =  SLA  PW   PBE  PBE (1434)
     nstep                     =           50


     celldm(1)=   6.741280  celldm(2)=   0.000000  celldm(3)=   0.000000
     celldm(4)=   0.000000  celldm(5)=   0.000000  celldm(6)=   0.000000

     crystal axes: (cart. coord. in units of a_0)
               a(1) = (  0.000000  0.547723  0.547723 )  
               a(2) = (  0.547723  0.000000  0.547723 )  
               a(3) = (  0.547723  0.547723  0.000000 )  

     reciprocal axes: (cart. coord. in units 2 pi/a_0)
               b(1) = ( -0.912871  0.912871  0.912871 )  
               b(2) = (  0.912871 -0.912871  0.912871 )  
               b(3) = (  0.912871  0.912871 -0.912871 )  


     PseudoPot. # 1 for C  read from file C.pbe-rrkjus.UPF
     Pseudo is Ultrasoft, Zval =  4.0
     Generated by new atomic code, or converted to UPF format
     Using radial grid of  627 points,  4 beta functions with: 
                l(1) =   0
                l(2) =   0
                l(3) =   1
                l(4) =   1
     Q(r) pseudized with 0 coefficients 


     atomic species   valence    mass     pseudopotential
        C              4.00    12.01070     C ( 1.00)

     48 Sym.Ops. (with inversion)


   Cartesian axes

     site n.     atom                  positions (a_0 units)
         1           C   tau(  1) = (   0.0000000   0.0000000   0.0000000  )
         2           C   tau(  2) = (   0.2738613   0.2738613   0.2738613  )

     number of k points=   29
                       cart. coord. in units 2pi/a_0
        k(    1) = (   0.0000000   0.0000000   0.0000000), wk =   0.0039062
        k(    2) = (   0.1141089   0.1141089  -0.1141089), wk =   0.0312500
        k(    3) = (   0.2282177   0.2282177  -0.2282177), wk =   0.0312500
        k(    4) = (   0.3423266   0.3423266  -0.3423266), wk =   0.0312500
        k(    5) = (  -0.4564355  -0.4564355   0.4564355), wk =   0.0156250
        k(    6) = (   0.2282177   0.0000000   0.0000000), wk =   0.0234375
        k(    7) = (   0.3423266   0.1141089  -0.1141089), wk =   0.0937500
        k(    8) = (   0.4564355   0.2282177  -0.2282177), wk =   0.0937500
        k(    9) = (  -0.3423266  -0.5705443   0.5705443), wk =   0.0937500
        k(   10) = (  -0.2282177  -0.4564355   0.4564355), wk =   0.0937500
        k(   11) = (  -0.1141089  -0.3423266   0.3423266), wk =   0.0937500
        k(   12) = (   0.0000000  -0.2282177   0.2282177), wk =   0.0468750
        k(   13) = (   0.4564355   0.0000000   0.0000000), wk =   0.0234375
        k(   14) = (   0.5705443   0.1141089  -0.1141089), wk =   0.0937500
        k(   15) = (  -0.2282177  -0.6846532   0.6846532), wk =   0.0937500
        k(   16) = (  -0.1141089  -0.5705443   0.5705443), wk =   0.0937500
        k(   17) = (   0.0000000  -0.4564355   0.4564355), wk =   0.0468750
        k(   18) = (   0.6846532   0.0000000   0.0000000), wk =   0.0234375
        k(   19) = (  -0.1141089  -0.7987621   0.7987621), wk =   0.0937500
        k(   20) = (   0.0000000  -0.6846532   0.6846532), wk =   0.0468750
        k(   21) = (  -0.9128709   0.0000000   0.0000000), wk =   0.0117188
        k(   22) = (   0.4564355   0.2282177   0.0000000), wk =   0.0937500
        k(   23) = (  -0.3423266  -0.5705443   0.7987621), wk =   0.1875000
        k(   24) = (  -0.2282177  -0.4564355   0.6846532), wk =   0.0937500
        k(   25) = (  -0.2282177  -0.6846532   0.9128709), wk =   0.0937500
        k(   26) = (  -0.1141089  -0.5705443   0.7987621), wk =   0.1875000
        k(   27) = (   0.0000000  -0.4564355   0.6846532), wk =   0.0937500
        k(   28) = (  -0.9128709   0.2282177   0.0000000), wk =   0.0468750
        k(   29) = (  -0.9128709   0.4564355   0.0000000), wk =   0.0234375

     G cutoff =  552.5432  (  17933 G-vectors)     FFT grid: ( 40, 40, 40)
     G cutoff =  276.2716  (   6303 G-vectors)  smooth grid: ( 28, 28, 28)

     Largest allocated arrays     est. size (Mb)     dimensions
        Kohn-Sham Wavefunctions         0.01 Mb     (    207,   4)
        NL pseudopotentials             0.05 Mb     (    207,  16)
        Each V/rho on FFT grid          0.24 Mb     (  16000)
        Each G-vector array             0.03 Mb     (   4483)
        G-vector shells                 0.00 Mb     (    223)
     Largest temporary arrays     est. size (Mb)     dimensions
        Auxiliary wavefunctions         0.05 Mb     (    207,  16)
        Each subspace H/S matrix        0.00 Mb     (     16,  16)
        Each <psi_i|beta_j> matrix      0.00 Mb     (     16,   4)
        Arrays for rho mixing           1.95 Mb     (  16000,   8)

     Initial potential from superposition of free atoms

     starting charge    7.99989, renormalised to    8.00000
     Starting wfc are    8 atomic wfcs

     total cpu time spent up to now is      0.50 secs

     per-process dynamical memory:    55.4 Mb

     Self-consistent Calculation

     iteration #  1     ecut=    60.00 Ry     beta=0.70
     Davidson diagonalization with overlap
     ethr =  1.00E-02,  avg # of iterations =  2.0

     Threshold (ethr) on eigenvalues was too large:
     Diagonalizing with lowered threshold

     Davidson diagonalization with overlap
     ethr =  7.41E-04,  avg # of iterations =  1.0

     total cpu time spent up to now is      1.15 secs

     total energy              =     -22.69607674 Ry
     Harris-Foulkes estimate   =     -22.71541529 Ry
     estimated scf accuracy    <       0.05864326 Ry

     iteration #  2     ecut=    60.00 Ry     beta=0.70
     Davidson diagonalization with overlap
     ethr =  7.33E-04,  avg # of iterations =  1.0

     total cpu time spent up to now is      1.48 secs

     total energy              =     -22.69924258 Ry
     Harris-Foulkes estimate   =     -22.69925105 Ry
     estimated scf accuracy    <       0.00223922 Ry

     iteration #  3     ecut=    60.00 Ry     beta=0.70
     Davidson diagonalization with overlap
     ethr =  2.80E-05,  avg # of iterations =  2.0

     total cpu time spent up to now is      1.89 secs

     total energy              =     -22.69950834 Ry
     Harris-Foulkes estimate   =     -22.69949292 Ry
     estimated scf accuracy    <       0.00003872 Ry

     iteration #  4     ecut=    60.00 Ry     beta=0.70
     Davidson diagonalization with overlap
     ethr =  4.84E-07,  avg # of iterations =  2.7

     total cpu time spent up to now is      2.42 secs

     total energy              =     -22.69952678 Ry
     Harris-Foulkes estimate   =     -22.69952627 Ry
     estimated scf accuracy    <       0.00000055 Ry

     iteration #  5     ecut=    60.00 Ry     beta=0.70
     Davidson diagonalization with overlap
     ethr =  6.88E-09,  avg # of iterations =  2.6

     total cpu time spent up to now is      2.91 secs

     total energy              =     -22.69952700 Ry
     Harris-Foulkes estimate   =     -22.69952700 Ry
     estimated scf accuracy    <       0.00000001 Ry

     iteration #  6     ecut=    60.00 Ry     beta=0.70
     Davidson diagonalization with overlap
     ethr =  1.55E-10,  avg # of iterations =  2.2

     total cpu time spent up to now is      3.36 secs

     End of self-consistent calculation

          k = 0.0000 0.0000 0.0000 (   749 PWs)   bands (ev):

    -9.2056   8.9004   8.9004   8.9004

          k = 0.1141 0.1141-0.1141 (   797 PWs)   bands (ev):

    -8.8516   6.9017   8.4187   8.4187

          k = 0.2282 0.2282-0.2282 (   797 PWs)   bands (ev):

    -7.8081   3.4480   7.5777   7.5777

          k = 0.3423 0.3423-0.3423 (   784 PWs)   bands (ev):

    -6.1776   0.1419   6.9597   6.9597

          k =-0.4564-0.4564 0.4564 (   796 PWs)   bands (ev):

    -4.8319  -1.7897   6.7419   6.7419

          k = 0.2282 0.0000 0.0000 (   797 PWs)   bands (ev):

    -8.7334   7.5318   7.6393   7.6393

          k = 0.3423 0.1141-0.1141 (   800 PWs)   bands (ev):

    -7.9183   4.6310   6.7538   7.1724

          k = 0.4564 0.2282-0.2282 (   788 PWs)   bands (ev):

    -6.4668   1.3463   6.2339   6.2668

          k =-0.3423-0.5705 0.5705 (   795 PWs)   bands (ev):

    -4.7687  -1.2642   5.5400   6.2115

          k =-0.2282-0.4564 0.4564 (   790 PWs)   bands (ev):

    -5.2863  -0.5527   5.2360   6.6709

          k =-0.1141-0.3423 0.3423 (   796 PWs)   bands (ev):

    -7.0155   2.4336   5.4613   7.4840

          k = 0.0000-0.2282 0.2282 (   799 PWs)   bands (ev):

    -8.2669   5.4689   6.4610   8.3072

          k = 0.4564 0.0000 0.0000 (   817 PWs)   bands (ev):

    -7.3371   4.6243   5.8006   5.8006

          k = 0.5705 0.1141-0.1141 (   792 PWs)   bands (ev):

    -6.1008   2.3282   4.7766   5.2253

          k =-0.2282-0.6847 0.6847 (   788 PWs)   bands (ev):

    -4.4006  -0.1669   3.5290   5.1924

          k =-0.1141-0.5705 0.5705 (   789 PWs)   bands (ev):

    -3.9469  -0.6902   2.7594   5.7003

          k = 0.0000-0.4564 0.4564 (   792 PWs)   bands (ev):

    -5.6070   1.3828   3.0448   6.6024

          k = 0.6847 0.0000 0.0000 (   789 PWs)   bands (ev):

    -5.0875   1.2350   4.5357   4.5357

          k =-0.1141-0.7988 0.7988 (   782 PWs)   bands (ev):

    -3.5296  -0.4909   3.3418   4.3881

          k = 0.0000-0.6847 0.6847 (   786 PWs)   bands (ev):

    -2.5758  -1.2441   1.9320   4.8148

          k =-0.9129 0.0000 0.0000 (   790 PWs)   bands (ev):

    -2.1372  -2.1372   4.0956   4.0956

          k = 0.4564 0.2282 0.0000 (   800 PWs)   bands (ev):

    -6.8927   3.2231   4.6994   6.6311

          k =-0.3423-0.5705 0.7988 (   791 PWs)   bands (ev):

    -5.2953   0.6420   3.8853   5.7817

          k =-0.2282-0.4564 0.6847 (   802 PWs)   bands (ev):

    -3.9763  -1.1411   3.7670   5.3673

          k =-0.2282-0.6847 0.9129 (   793 PWs)   bands (ev):

    -4.7042   0.8719   3.5498   4.4320

          k =-0.1141-0.5705 0.7988 (   783 PWs)   bands (ev):

    -3.0799  -0.7540   2.4430   4.1186

          k = 0.0000-0.4564 0.6847 (   788 PWs)   bands (ev):

    -3.6845  -0.1758   2.1506   4.7542

          k =-0.9129 0.2282 0.0000 (   778 PWs)   bands (ev):

    -1.9371  -1.9371   3.3646   3.3646

          k =-0.9129 0.4564 0.0000 (   772 PWs)   bands (ev):

    -1.6996  -1.6996   2.6883   2.6883

!    total energy              =     -22.69952701 Ry
     Harris-Foulkes estimate   =     -22.69952701 Ry
     estimated scf accuracy    <          1.2E-10 Ry

     The total energy is the sum of the following terms:

     one-electron contribution =       5.11736842 Ry
     hartree contribution      =       2.23443819 Ry
     xc contribution           =      -6.70881666 Ry
     ewald contribution        =     -23.34251696 Ry

     convergence has been achieved in   6 iterations

     Forces acting on atoms (Ry/au):

     atom   1 type  1   force =     0.00000000    0.00000000    0.00000000
     atom   2 type  1   force =     0.00000000    0.00000000    0.00000000

     Total force =     0.000000     Total SCF correction =     0.000000


     entering subroutine stress ...

          total   stress  (Ry/bohr**3)                   (kbar)     P= -701.99
  -0.00477200   0.00000000   0.00000000       -701.99      0.00      0.00
   0.00000000  -0.00477200   0.00000000          0.00   -701.99      0.00
   0.00000000   0.00000000  -0.00477200          0.00      0.00   -701.99


     BFGS Geometry Optimization

     bfgs converged in   1 scf cycles and   0 bfgs steps
     (criteria: energy < 0.10E-08, force < 0.10E-05)

     End of BFGS Geometry Optimization

     Final energy   =     -22.6995270057 Ry

ATOMIC_POSITIONS (crystal)
C        0.000000000   0.000000000   0.000000000
C        0.250000000   0.250000000   0.250000000



     Writing output data file pwscf.save
 
     PWSCF        :     3.74s CPU time,    4.39s wall time

     init_run     :     0.39s CPU
     electrons    :     2.86s CPU
     forces       :     0.04s CPU
     stress       :     0.16s CPU

     Called by init_run:
     wfcinit      :     0.17s CPU
     potinit      :     0.04s CPU

     Called by electrons:
     c_bands      :     2.10s CPU (       7 calls,   0.300 s avg)
     sum_band     :     0.42s CPU (       7 calls,   0.060 s avg)
     v_of_rho     :     0.21s CPU (       7 calls,   0.029 s avg)
     newd         :     0.04s CPU (       7 calls,   0.005 s avg)
     mix_rho      :     0.01s CPU (       7 calls,   0.001 s avg)

     Called by c_bands:
     init_us_2    :     0.05s CPU (     493 calls,   0.000 s avg)
     cegterg      :     2.05s CPU (     203 calls,   0.010 s avg)

     Called by *egterg:
     h_psi        :     0.91s CPU (     621 calls,   0.001 s avg)
     s_psi        :     0.01s CPU (     621 calls,   0.000 s avg)
     g_psi        :     0.00s CPU (     389 calls,   0.000 s avg)
     cdiaghg      :     0.93s CPU (     563 calls,   0.002 s avg)

     Called by h_psi:
     add_vuspsi   :     0.01s CPU (     621 calls,   0.000 s avg)

     General routines
     calbec       :     0.06s CPU (     882 calls,   0.000 s avg)
     cft3s        :     1.00s CPU (    5551 calls,   0.000 s avg)
     interpolate  :     0.01s CPU (      14 calls,   0.001 s avg)
     davcio       :     0.13s CPU (     696 calls,   0.000 s avg)
 
     Parallel routines
     fft_scatter  :     0.27s CPU (    5551 calls,   0.000 s avg)
