
     Program PWSCF     v.4.1.1  starts ...
     Today is 25Nov2010 at 15:50: 9 

     Parallel version (MPI)

     Number of processors in use:       4
     R & G space division:  proc/pool =    4

     For Norm-Conserving or Ultrasoft (Vanderbilt) Pseudopotentials or PAW

     Current dimensions of program pwscf are:
     Max number of different atomic species (ntypx) = 10
     Max number of k-points (npk) =  40000
     Max angular momentum in pseudopotentials (lmaxx) =  3
     Waiting for input...
     file C.pbe-rrkjus.UPF: wavefunction(s)  2S 2P renormalized

     Subspace diagonalization in iterative solution of the eigenvalue problem:
     a parallel distributed memory algorithm will be used,
     eigenstates matrixes will be distributed block like on
     ortho sub-group =    2*   2 procs

     warning: symmetry operation #  2 not compatible with FFT grid. 
   0   1  -1
   1   0  -1
   0   0  -1
     warning: symmetry operation #  3 not compatible with FFT grid. 
   0  -1   1
   0  -1   0
   1  -1   0
     warning: symmetry operation #  4 not compatible with FFT grid. 
  -1   0   0
  -1   0   1
  -1   1   0
     warning: symmetry operation #  5 not compatible with FFT grid. 
  -1   0   1
   0  -1   1
   0   0   1
     warning: symmetry operation #  7 not compatible with FFT grid. 
   0   1   0
   0   1  -1
  -1   1   0
     warning: symmetry operation #  8 not compatible with FFT grid. 
   1   0  -1
   1   0   0
   1  -1   0
     warning: symmetry operation # 10 not compatible with FFT grid. 
   0  -1   1
  -1   0   1
   0   0   1
     warning: symmetry operation # 11 not compatible with FFT grid. 
   0   1  -1
   0   1   0
  -1   1   0
     warning: symmetry operation # 12 not compatible with FFT grid. 
   1   0   0
   1   0  -1
   1  -1   0
     warning: symmetry operation # 13 not compatible with FFT grid. 
   1   0  -1
   0   1  -1
   0   0  -1
     warning: symmetry operation # 15 not compatible with FFT grid. 
   0  -1   0
   0  -1   1
   1  -1   0
     warning: symmetry operation # 16 not compatible with FFT grid. 
  -1   0   1
  -1   0   0
  -1   1   0

     Planes per process (thick) : nr3 = 40 npp =  10 ncplane = 1296
     Planes per process (smooth): nr3s= 28 npps=   7 ncplanes=  784
 
     Proc/  planes cols     G    planes cols    G      columns  G
     Pool       (dense grid)       (smooth grid)      (wavefct grid)
        1    10    210     4025    7    104     1417     35      269
        2    10    212     4025    7    105     1421     34      268
        3    10    211     4025    7    104     1420     35      268
        4    10    210     4024    7    104     1419     35      268
     tot     40    843    16099   28    417     5677    139     1073
 


     bravais-lattice index     =            0
     lattice parameter (a_0)   =       6.7413  a.u.
     unit-cell volume          =      90.3752 (a.u.)^3
     number of atoms/cell      =            2
     number of atomic types    =            1
     number of electrons       =         8.00
     number of Kohn-Sham states=            4
     kinetic-energy cutoff     =      60.0000  Ry
     charge density cutoff     =     480.0000  Ry
     convergence threshold     =      1.0E-08
     mixing beta               =       0.7000
     number of iterations used =            8  plain     mixing
     Exchange-correlation      =  SLA  PW   PBE  PBE (1434)
     nstep                     =           50


     celldm(1)=   6.741280  celldm(2)=   0.000000  celldm(3)=   0.000000
     celldm(4)=   0.000000  celldm(5)=   0.000000  celldm(6)=   0.000000

     crystal axes: (cart. coord. in units of a_0)
               a(1) = (  0.000000  0.543139  0.500000 )  
               a(2) = (  0.543139  0.000000  0.500000 )  
               a(3) = (  0.543139  0.543139  0.000000 )  

     reciprocal axes: (cart. coord. in units 2 pi/a_0)
               b(1) = ( -0.920575  0.920575  1.000000 )  
               b(2) = (  0.920575 -0.920575  1.000000 )  
               b(3) = (  0.920575  0.920575 -1.000000 )  


     PseudoPot. # 1 for C  read from file C.pbe-rrkjus.UPF
     Pseudo is Ultrasoft, Zval =  4.0
     Generated by new atomic code, or converted to UPF format
     Using radial grid of  627 points,  4 beta functions with: 
                l(1) =   0
                l(2) =   0
                l(3) =   1
                l(4) =   1
     Q(r) pseudized with 0 coefficients 


     atomic species   valence    mass     pseudopotential
        C              4.00    12.01070     C ( 1.00)

      4 Sym.Ops. (with inversion)


   Cartesian axes

     site n.     atom                  positions (a_0 units)
         1           C   tau(  1) = (   0.0000000   0.0000000   0.0000000  )
         2           C   tau(  2) = (   0.2715695   0.2715695   0.2500000  )

     number of k points=  150
                       cart. coord. in units 2pi/a_0
        k(    1) = (   0.0000000   0.0000000   0.0000000), wk =   0.0039062
        k(    2) = (   0.1150718   0.1150718  -0.1250000), wk =   0.0078125
        k(    3) = (   0.2301437   0.2301437  -0.2500000), wk =   0.0078125
        k(    4) = (   0.3452155   0.3452155  -0.3750000), wk =   0.0078125
        k(    5) = (  -0.4602873  -0.4602873   0.5000000), wk =   0.0039062
        k(    6) = (   0.2301437   0.0000000   0.0000000), wk =   0.0156250
        k(    7) = (   0.3452155   0.1150718  -0.1250000), wk =   0.0156250
        k(    8) = (   0.4602873   0.2301437  -0.2500000), wk =   0.0156250
        k(    9) = (  -0.3452155  -0.5753591   0.6250000), wk =   0.0156250
        k(   10) = (  -0.2301437  -0.4602873   0.5000000), wk =   0.0156250
        k(   11) = (  -0.1150718  -0.3452155   0.3750000), wk =   0.0156250
        k(   12) = (   0.0000000  -0.2301437   0.2500000), wk =   0.0156250
        k(   13) = (   0.4602873   0.0000000   0.0000000), wk =   0.0156250
        k(   14) = (   0.5753591   0.1150718  -0.1250000), wk =   0.0156250
        k(   15) = (  -0.2301437  -0.6904310   0.7500000), wk =   0.0156250
        k(   16) = (  -0.1150718  -0.5753591   0.6250000), wk =   0.0156250
        k(   17) = (   0.0000000  -0.4602873   0.5000000), wk =   0.0156250
        k(   18) = (   0.6904310   0.0000000   0.0000000), wk =   0.0156250
        k(   19) = (  -0.1150718  -0.8055028   0.8750000), wk =   0.0156250
        k(   20) = (   0.0000000  -0.6904310   0.7500000), wk =   0.0156250
        k(   21) = (  -0.9205746   0.0000000   0.0000000), wk =   0.0078125
        k(   22) = (   0.0000000   0.0000000   0.2500000), wk =   0.0078125
        k(   23) = (   0.2301437   0.2301437   0.0000000), wk =   0.0078125
        k(   24) = (   0.3452155   0.3452155  -0.1250000), wk =   0.0078125
        k(   25) = (  -0.4602873  -0.4602873   0.7500000), wk =   0.0078125
        k(   26) = (  -0.3452155  -0.3452155   0.6250000), wk =   0.0078125
        k(   27) = (  -0.2301437  -0.2301437   0.5000000), wk =   0.0078125
        k(   28) = (  -0.1150718  -0.1150718   0.3750000), wk =   0.0078125
        k(   29) = (   0.4602873   0.2301437   0.0000000), wk =   0.0156250
        k(   30) = (  -0.3452155  -0.5753591   0.8750000), wk =   0.0156250
        k(   31) = (  -0.2301437  -0.4602873   0.7500000), wk =   0.0156250
        k(   32) = (  -0.1150718  -0.3452155   0.6250000), wk =   0.0156250
        k(   33) = (   0.0000000  -0.2301437   0.5000000), wk =   0.0156250
        k(   34) = (   0.4602873   0.0000000   0.2500000), wk =   0.0156250
        k(   35) = (  -0.2301437  -0.6904310   1.0000000), wk =   0.0156250
        k(   36) = (  -0.1150718  -0.5753591   0.8750000), wk =   0.0156250
        k(   37) = (   0.0000000  -0.4602873   0.7500000), wk =   0.0156250
        k(   38) = (  -0.3452155   0.8055028  -0.6250000), wk =   0.0156250
        k(   39) = (  -0.2301437   0.9205746  -0.7500000), wk =   0.0156250
        k(   40) = (  -0.9205746   0.2301437   0.0000000), wk =   0.0156250
        k(   41) = (  -0.2301437   0.6904310  -0.5000000), wk =   0.0156250
        k(   42) = (  -0.1150718   0.8055028  -0.6250000), wk =   0.0156250
        k(   43) = (  -0.9205746   0.0000000   0.2500000), wk =   0.0156250
        k(   44) = (   0.0000000   0.6904310  -0.5000000), wk =   0.0156250
        k(   45) = (   0.0000000   0.0000000   0.5000000), wk =   0.0078125
        k(   46) = (  -0.4602873  -0.4602873   1.0000000), wk =   0.0078125
        k(   47) = (  -0.3452155  -0.3452155   0.8750000), wk =   0.0078125
        k(   48) = (  -0.2301437  -0.2301437   0.7500000), wk =   0.0078125
        k(   49) = (  -0.1150718  -0.1150718   0.6250000), wk =   0.0078125
        k(   50) = (  -0.2301437  -0.4602873   1.0000000), wk =   0.0156250
        k(   51) = (  -0.1150718  -0.3452155   0.8750000), wk =   0.0156250
        k(   52) = (   0.0000000  -0.2301437   0.7500000), wk =   0.0156250
        k(   53) = (  -0.9205746   0.4602873   0.0000000), wk =   0.0156250
        k(   54) = (  -0.9205746   0.0000000   0.5000000), wk =   0.0078125
        k(   55) = (   0.0000000   0.0000000   0.7500000), wk =   0.0078125
        k(   56) = (  -0.2301437  -0.2301437   1.0000000), wk =   0.0078125
        k(   57) = (  -0.1150718  -0.1150718   0.8750000), wk =   0.0078125
        k(   58) = (  -0.9205746   0.6904310   0.0000000), wk =   0.0156250
        k(   59) = (   0.0000000   0.0000000  -1.0000000), wk =   0.0039062
        k(   60) = (   0.1150718   0.1150718   0.1250000), wk =   0.0078125
        k(   61) = (   0.1150718  -0.1150718  -0.1250000), wk =   0.0156250
        k(   62) = (   0.2301437   0.2301437   0.2500000), wk =   0.0078125
        k(   63) = (   0.2301437  -0.2301437  -0.2500000), wk =   0.0156250
        k(   64) = (   0.3452155   0.3452155   0.3750000), wk =   0.0078125
        k(   65) = (   0.3452155  -0.3452155  -0.3750000), wk =   0.0156250
        k(   66) = (  -0.4602873  -0.4602873  -0.5000000), wk =   0.0039062
        k(   67) = (  -0.4602873   0.4602873   0.5000000), wk =   0.0078125
        k(   68) = (   0.1150718   0.3452155   0.1250000), wk =   0.0156250
        k(   69) = (   0.1150718  -0.3452155  -0.1250000), wk =   0.0156250
        k(   70) = (  -0.1150718   0.3452155  -0.1250000), wk =   0.0156250
        k(   71) = (   0.2301437   0.4602873   0.2500000), wk =   0.0156250
        k(   72) = (   0.2301437  -0.4602873  -0.2500000), wk =   0.0156250
        k(   73) = (  -0.2301437   0.4602873  -0.2500000), wk =   0.0156250
        k(   74) = (  -0.5753591  -0.3452155  -0.6250000), wk =   0.0156250
        k(   75) = (  -0.5753591   0.3452155   0.6250000), wk =   0.0156250
        k(   76) = (   0.5753591  -0.3452155   0.6250000), wk =   0.0156250
        k(   77) = (  -0.4602873  -0.2301437  -0.5000000), wk =   0.0156250
        k(   78) = (  -0.4602873   0.2301437   0.5000000), wk =   0.0156250
        k(   79) = (   0.4602873  -0.2301437   0.5000000), wk =   0.0156250
        k(   80) = (  -0.3452155  -0.1150718  -0.3750000), wk =   0.0156250
        k(   81) = (  -0.3452155   0.1150718   0.3750000), wk =   0.0156250
        k(   82) = (   0.3452155  -0.1150718   0.3750000), wk =   0.0156250
        k(   83) = (  -0.2301437   0.0000000  -0.2500000), wk =   0.0156250
        k(   84) = (   0.1150718   0.5753591   0.1250000), wk =   0.0156250
        k(   85) = (   0.1150718  -0.5753591  -0.1250000), wk =   0.0156250
        k(   86) = (  -0.1150718   0.5753591  -0.1250000), wk =   0.0156250
        k(   87) = (  -0.6904310  -0.2301437  -0.7500000), wk =   0.0156250
        k(   88) = (  -0.6904310   0.2301437   0.7500000), wk =   0.0156250
        k(   89) = (   0.6904310  -0.2301437   0.7500000), wk =   0.0156250
        k(   90) = (  -0.5753591  -0.1150718  -0.6250000), wk =   0.0156250
        k(   91) = (  -0.5753591   0.1150718   0.6250000), wk =   0.0156250
        k(   92) = (   0.5753591  -0.1150718   0.6250000), wk =   0.0156250
        k(   93) = (  -0.4602873   0.0000000  -0.5000000), wk =   0.0156250
        k(   94) = (  -0.8055028  -0.1150718  -0.8750000), wk =   0.0156250
        k(   95) = (  -0.8055028   0.1150718   0.8750000), wk =   0.0156250
        k(   96) = (   0.8055028  -0.1150718   0.8750000), wk =   0.0156250
        k(   97) = (  -0.6904310   0.0000000  -0.7500000), wk =   0.0156250
        k(   98) = (   0.2301437  -0.2301437   0.0000000), wk =   0.0078125
        k(   99) = (   0.3452155   0.3452155   0.1250000), wk =   0.0078125
        k(  100) = (   0.3452155  -0.3452155  -0.1250000), wk =   0.0156250
        k(  101) = (  -0.4602873  -0.4602873  -0.7500000), wk =   0.0078125
        k(  102) = (  -0.4602873   0.4602873   0.7500000), wk =   0.0156250
        k(  103) = (  -0.3452155  -0.3452155  -0.6250000), wk =   0.0078125
        k(  104) = (  -0.3452155   0.3452155   0.6250000), wk =   0.0156250
        k(  105) = (  -0.2301437  -0.2301437  -0.5000000), wk =   0.0078125
        k(  106) = (  -0.2301437   0.2301437   0.5000000), wk =   0.0156250
        k(  107) = (  -0.1150718  -0.1150718  -0.3750000), wk =   0.0078125
        k(  108) = (  -0.1150718   0.1150718   0.3750000), wk =   0.0156250
        k(  109) = (   0.2301437  -0.4602873   0.0000000), wk =   0.0156250
        k(  110) = (  -0.5753591  -0.3452155  -0.8750000), wk =   0.0156250
        k(  111) = (  -0.5753591   0.3452155   0.8750000), wk =   0.0156250
        k(  112) = (   0.5753591  -0.3452155   0.8750000), wk =   0.0156250
        k(  113) = (  -0.4602873  -0.2301437  -0.7500000), wk =   0.0156250
        k(  114) = (  -0.4602873   0.2301437   0.7500000), wk =   0.0156250
        k(  115) = (   0.4602873  -0.2301437   0.7500000), wk =   0.0156250
        k(  116) = (  -0.3452155  -0.1150718  -0.6250000), wk =   0.0156250
        k(  117) = (  -0.3452155   0.1150718   0.6250000), wk =   0.0156250
        k(  118) = (   0.3452155  -0.1150718   0.6250000), wk =   0.0156250
        k(  119) = (  -0.2301437   0.0000000  -0.5000000), wk =   0.0156250
        k(  120) = (   0.0000000   0.4602873  -0.2500000), wk =   0.0156250
        k(  121) = (  -0.6904310   0.2301437   1.0000000), wk =   0.0156250
        k(  122) = (  -0.5753591  -0.1150718  -0.8750000), wk =   0.0156250
        k(  123) = (  -0.5753591   0.1150718   0.8750000), wk =   0.0156250
        k(  124) = (   0.5753591  -0.1150718   0.8750000), wk =   0.0156250
        k(  125) = (  -0.4602873   0.0000000  -0.7500000), wk =   0.0156250
        k(  126) = (   0.8055028  -0.3452155   0.6250000), wk =   0.0156250
        k(  127) = (   0.8055028   0.3452155  -0.6250000), wk =   0.0156250
        k(  128) = (  -0.8055028  -0.3452155  -0.6250000), wk =   0.0156250
        k(  129) = (   0.9205746  -0.2301437   0.7500000), wk =   0.0156250
        k(  130) = (   0.6904310   0.2301437  -0.5000000), wk =   0.0078125
        k(  131) = (  -0.6904310  -0.2301437  -0.5000000), wk =   0.0078125
        k(  132) = (   0.8055028  -0.1150718   0.6250000), wk =   0.0156250
        k(  133) = (   0.8055028   0.1150718  -0.6250000), wk =   0.0156250
        k(  134) = (  -0.8055028  -0.1150718  -0.6250000), wk =   0.0156250
        k(  135) = (   0.6904310   0.0000000   0.5000000), wk =   0.0156250
        k(  136) = (  -0.4602873   0.4602873   1.0000000), wk =   0.0078125
        k(  137) = (  -0.3452155  -0.3452155  -0.8750000), wk =   0.0078125
        k(  138) = (  -0.3452155   0.3452155   0.8750000), wk =   0.0156250
        k(  139) = (  -0.2301437  -0.2301437  -0.7500000), wk =   0.0078125
        k(  140) = (  -0.2301437   0.2301437   0.7500000), wk =   0.0156250
        k(  141) = (  -0.1150718  -0.1150718  -0.6250000), wk =   0.0078125
        k(  142) = (  -0.1150718   0.1150718   0.6250000), wk =   0.0156250
        k(  143) = (  -0.4602873   0.2301437   1.0000000), wk =   0.0156250
        k(  144) = (  -0.3452155  -0.1150718  -0.8750000), wk =   0.0156250
        k(  145) = (  -0.3452155   0.1150718   0.8750000), wk =   0.0156250
        k(  146) = (   0.3452155  -0.1150718   0.8750000), wk =   0.0156250
        k(  147) = (  -0.2301437   0.0000000  -0.7500000), wk =   0.0156250
        k(  148) = (  -0.2301437   0.2301437   1.0000000), wk =   0.0078125
        k(  149) = (  -0.1150718  -0.1150718  -0.8750000), wk =   0.0078125
        k(  150) = (  -0.1150718   0.1150718   0.8750000), wk =   0.0156250

     G cutoff =  552.5432  (  16099 G-vectors)     FFT grid: ( 36, 36, 40)
     G cutoff =  276.2716  (   5677 G-vectors)  smooth grid: ( 28, 28, 28)

     Largest allocated arrays     est. size (Mb)     dimensions
        Kohn-Sham Wavefunctions         0.01 Mb     (    186,   4)
        NL pseudopotentials             0.05 Mb     (    186,  16)
        Each V/rho on FFT grid          0.20 Mb     (  12960)
        Each G-vector array             0.03 Mb     (   4025)
        G-vector shells                 0.01 Mb     (   1000)
     Largest temporary arrays     est. size (Mb)     dimensions
        Auxiliary wavefunctions         0.05 Mb     (    186,  16)
        Each subspace H/S matrix        0.00 Mb     (     16,  16)
        Each <psi_i|beta_j> matrix      0.00 Mb     (     16,   4)
        Arrays for rho mixing           1.58 Mb     (  12960,   8)

     Initial potential from superposition of free atoms

     starting charge    7.99989, renormalised to    8.00000
     Starting wfc are    8 atomic wfcs

     total cpu time spent up to now is      1.18 secs

     per-process dynamical memory:    55.0 Mb

     Self-consistent Calculation

     iteration #  1     ecut=    60.00 Ry     beta=0.70
     Davidson diagonalization with overlap
     ethr =  1.00E-02,  avg # of iterations =  2.0

     Threshold (ethr) on eigenvalues was too large:
     Diagonalizing with lowered threshold

     Davidson diagonalization with overlap
     ethr =  9.75E-04,  avg # of iterations =  1.0

     total cpu time spent up to now is      4.08 secs

     total energy              =     -22.72804927 Ry
     Harris-Foulkes estimate   =     -22.75793465 Ry
     estimated scf accuracy    <       0.07726146 Ry

     iteration #  2     ecut=    60.00 Ry     beta=0.70
     Davidson diagonalization with overlap
     ethr =  9.66E-04,  avg # of iterations =  1.0

     total cpu time spent up to now is      5.38 secs

     total energy              =     -22.73258023 Ry
     Harris-Foulkes estimate   =     -22.73270831 Ry
     estimated scf accuracy    <       0.00240628 Ry

     iteration #  3     ecut=    60.00 Ry     beta=0.70
     Davidson diagonalization with overlap
     ethr =  3.01E-05,  avg # of iterations =  2.1

     total cpu time spent up to now is      7.30 secs

     total energy              =     -22.73298391 Ry
     Harris-Foulkes estimate   =     -22.73296935 Ry
     estimated scf accuracy    <       0.00004307 Ry

     iteration #  4     ecut=    60.00 Ry     beta=0.70
     Davidson diagonalization with overlap
     ethr =  5.38E-07,  avg # of iterations =  2.4

     total cpu time spent up to now is      9.50 secs

     total energy              =     -22.73299962 Ry
     Harris-Foulkes estimate   =     -22.73299929 Ry
     estimated scf accuracy    <       0.00000188 Ry

     iteration #  5     ecut=    60.00 Ry     beta=0.70
     Davidson diagonalization with overlap
     ethr =  2.35E-08,  avg # of iterations =  2.2

     total cpu time spent up to now is     11.55 secs

     total energy              =     -22.73300008 Ry
     Harris-Foulkes estimate   =     -22.73300012 Ry
     estimated scf accuracy    <       0.00000011 Ry

     iteration #  6     ecut=    60.00 Ry     beta=0.70
     Davidson diagonalization with overlap
     ethr =  1.36E-09,  avg # of iterations =  2.0

     total cpu time spent up to now is     13.41 secs

     End of self-consistent calculation

          k = 0.0000 0.0000 0.0000 (   693 PWs)   bands (ev):

    -8.7959  10.1987  10.1987  11.2056

          k = 0.1151 0.1151-0.1250 (   705 PWs)   bands (ev):

    -8.4107   8.3560   9.6222  10.4328

          k = 0.2301 0.2301-0.2500 (   707 PWs)   bands (ev):

    -7.2716   4.7056   8.5979   9.5419

          k = 0.3452 0.3452-0.3750 (   709 PWs)   bands (ev):

    -5.4679   1.1136   7.8326   8.9401

          k =-0.4603-0.4603 0.5000 (   714 PWs)   bands (ev):

    -3.8861  -1.0966   7.5606   8.7336

          k = 0.2301 0.0000 0.0000 (   701 PWs)   bands (ev):

    -8.3108   8.8445   8.9711   9.6669

          k = 0.3452 0.1151-0.1250 (   709 PWs)   bands (ev):

    -7.4496   6.0310   8.1392   8.7415

          k = 0.4603 0.2301-0.2500 (   710 PWs)   bands (ev):

    -5.8774   2.5380   7.1889   8.0483

          k =-0.3452-0.5754 0.6250 (   709 PWs)   bands (ev):

    -3.9240  -0.4119   6.4374   7.9671

          k =-0.2301-0.4603 0.5000 (   711 PWs)   bands (ev):

    -4.4078   0.2512   6.1661   8.4285

          k =-0.1151-0.3452 0.3750 (   709 PWs)   bands (ev):

    -6.3508   3.5272   6.4851   9.2749

          k = 0.0000-0.2301 0.2500 (   706 PWs)   bands (ev):

    -7.7458   6.8797   7.5709  10.1564

          k = 0.4603 0.0000 0.0000 (   711 PWs)   bands (ev):

    -6.8723   5.7860   7.1738   7.5605

          k = 0.5754 0.1151-0.1250 (   710 PWs)   bands (ev):

    -5.5682   3.5305   5.9454   6.8131

          k =-0.2301-0.6904 0.7500 (   708 PWs)   bands (ev):

    -3.6892   0.9359   4.3770   6.7735

          k =-0.1151-0.5754 0.6250 (   709 PWs)   bands (ev):

    -2.9142   0.0998   3.4900   7.3227

          k = 0.0000-0.4603 0.5000 (   708 PWs)   bands (ev):

    -4.7587   2.4234   3.7676   8.2978

          k = 0.6904 0.0000 0.0000 (   709 PWs)   bands (ev):

    -4.5406   2.1403   5.9556   6.1284

          k =-0.1151-0.8055 0.8750 (   699 PWs)   bands (ev):

    -2.8762   0.3737   4.5917   5.8973

          k = 0.0000-0.6904 0.7500 (   709 PWs)   bands (ev):

    -1.5559  -0.4648   2.7244   6.3593

          k =-0.9206 0.0000 0.0000 (   694 PWs)   bands (ev):

    -1.4491  -1.4491   5.5830   5.5830

          k = 0.0000 0.0000 0.2500 (   697 PWs)   bands (ev):

    -8.2256   8.7559   8.7559   9.8719

          k = 0.2301 0.2301 0.0000 (   705 PWs)   bands (ev):

    -7.8296   6.9559   8.3626   9.3973

          k = 0.3452 0.3452-0.1250 (   709 PWs)   bands (ev):

    -6.5098   3.8542   7.3156   8.3838

          k =-0.4603-0.4603 0.7500 (   712 PWs)   bands (ev):

    -4.5955   0.5578   7.1948   7.4368

          k =-0.3452-0.3452 0.6250 (   714 PWs)   bands (ev):

    -3.7406  -0.5642   6.9432   7.5821

          k =-0.2301-0.2301 0.5000 (   713 PWs)   bands (ev):

    -5.6430   2.2752   7.0316   8.3263

          k =-0.1151-0.1151 0.3750 (   699 PWs)   bands (ev):

    -7.2827   5.8767   7.6962   9.1812

          k = 0.4603 0.2301 0.0000 (   714 PWs)   bands (ev):

    -6.4065   4.7117   6.4290   7.6091

          k =-0.3452-0.5754 0.8750 (   714 PWs)   bands (ev):

    -4.6943   2.0212   5.4786   6.7244

          k =-0.2301-0.4603 0.7500 (   710 PWs)   bands (ev):

    -2.9726  -0.2435   4.9398   6.7538

          k =-0.1151-0.3452 0.6250 (   710 PWs)   bands (ev):

    -4.2690   1.5281   4.7521   7.5330

          k = 0.0000-0.2301 0.5000 (   704 PWs)   bands (ev):

    -6.0850   4.5026   5.4508   8.4691

          k = 0.4603 0.0000 0.2500 (   698 PWs)   bands (ev):

    -6.3283   4.4593   5.8097   8.1558

          k =-0.2301-0.6904 1.0000 (   711 PWs)   bands (ev):

    -4.1159   2.0489   5.1268   5.5610

          k =-0.1151-0.5754 0.8750 (   706 PWs)   bands (ev):

    -2.2340   0.3815   3.3749   5.6083

          k = 0.0000-0.4603 0.7500 (   710 PWs)   bands (ev):

    -2.4723   0.7849   2.6939   6.4701

          k =-0.3452 0.8055-0.6250 (   711 PWs)   bands (ev):

    -4.5625   1.6611   4.8104   7.1864

          k =-0.2301 0.9206-0.7500 (   701 PWs)   bands (ev):

    -4.0545   1.8962   4.6765   5.6953

          k =-0.9206 0.2301 0.0000 (   692 PWs)   bands (ev):

    -1.1439  -1.1439   4.7654   4.7654

          k =-0.2301 0.6904-0.5000 (   708 PWs)   bands (ev):

    -3.0276  -0.3656   4.5961   6.7680

          k =-0.1151 0.8055-0.6250 (   706 PWs)   bands (ev):

    -2.2083   0.1960   3.2476   5.2833

          k =-0.9206 0.0000 0.2500 (   696 PWs)   bands (ev):

    -1.1375  -1.1375   4.5307   4.5307

          k = 0.0000 0.6904-0.5000 (   707 PWs)   bands (ev):

    -2.7680   0.7841   2.8788   5.9433

          k = 0.0000 0.0000 0.5000 (   696 PWs)   bands (ev):

    -6.5422   6.5808   6.5808   6.9658

          k =-0.4603-0.4603 1.0000 (   716 PWs)   bands (ev):

    -5.0433   3.0222   4.6683   7.3198

          k =-0.3452-0.3452 0.8750 (   711 PWs)   bands (ev):

    -3.1212   0.6327   4.4720   6.3027

          k =-0.2301-0.2301 0.7500 (   717 PWs)   bands (ev):

    -3.1745   0.7389   5.2974   5.7726

          k =-0.1151-0.1151 0.6250 (   715 PWs)   bands (ev):

    -5.0943   3.6747   5.8707   6.3467

          k =-0.2301-0.4603 1.0000 (   709 PWs)   bands (ev):

    -2.9257   1.4186   3.5688   5.4274

          k =-0.1151-0.3452 0.8750 (   716 PWs)   bands (ev):

    -1.7514   0.4772   3.4866   4.9463

          k = 0.0000-0.2301 0.7500 (   712 PWs)   bands (ev):

    -3.4634   2.3943   4.0599   5.6480

          k =-0.9206 0.4603 0.0000 (   712 PWs)   bands (ev):

    -0.4996  -0.4996   3.6911   3.6911

          k =-0.9206 0.0000 0.5000 (   716 PWs)   bands (ev):

    -0.7378  -0.7378   3.5378   3.5378

          k = 0.0000 0.0000 0.7500 (   724 PWs)   bands (ev):

    -3.8476   3.4098   5.0598   5.0598

          k =-0.2301-0.2301 1.0000 (   714 PWs)   bands (ev):

    -1.3698   0.4841   2.9094   5.3109

          k =-0.1151-0.1151 0.8750 (   726 PWs)   bands (ev):

    -2.0456   1.3079   4.0010   4.8584

          k =-0.9206 0.6904 0.0000 (   722 PWs)   bands (ev):

    -0.2885  -0.2885   3.9145   3.9145

          k = 0.0000 0.0000-1.0000 (   740 PWs)   bands (ev):

    -0.3793  -0.3793   4.5275   4.5275

          k = 0.1151 0.1151 0.1250 (   705 PWs)   bands (ev):

    -8.4107   8.3560   9.6222  10.4328

          k = 0.1151-0.1151-0.1250 (   705 PWs)   bands (ev):

    -8.4107   8.3560   9.6222  10.4328

          k = 0.2301 0.2301 0.2500 (   707 PWs)   bands (ev):

    -7.2716   4.7056   8.5979   9.5419

          k = 0.2301-0.2301-0.2500 (   707 PWs)   bands (ev):

    -7.2716   4.7056   8.5979   9.5419

          k = 0.3452 0.3452 0.3750 (   709 PWs)   bands (ev):

    -5.4679   1.1136   7.8326   8.9402

          k = 0.3452-0.3452-0.3750 (   709 PWs)   bands (ev):

    -5.4679   1.1136   7.8326   8.9401

          k =-0.4603-0.4603-0.5000 (   714 PWs)   bands (ev):

    -3.8861  -1.0966   7.5606   8.7336

          k =-0.4603 0.4603 0.5000 (   714 PWs)   bands (ev):

    -3.8861  -1.0966   7.5606   8.7336

          k = 0.1151 0.3452 0.1250 (   709 PWs)   bands (ev):

    -7.4496   6.0310   8.1392   8.7415

          k = 0.1151-0.3452-0.1250 (   709 PWs)   bands (ev):

    -7.4496   6.0310   8.1392   8.7415

          k =-0.1151 0.3452-0.1250 (   709 PWs)   bands (ev):

    -7.4496   6.0310   8.1392   8.7415

          k = 0.2301 0.4603 0.2500 (   710 PWs)   bands (ev):

    -5.8774   2.5380   7.1889   8.0483

          k = 0.2301-0.4603-0.2500 (   710 PWs)   bands (ev):

    -5.8774   2.5380   7.1889   8.0483

          k =-0.2301 0.4603-0.2500 (   710 PWs)   bands (ev):

    -5.8774   2.5380   7.1889   8.0483

          k =-0.5754-0.3452-0.6250 (   709 PWs)   bands (ev):

    -3.9240  -0.4119   6.4374   7.9671

          k =-0.5754 0.3452 0.6250 (   709 PWs)   bands (ev):

    -3.9240  -0.4119   6.4374   7.9671

          k = 0.5754-0.3452 0.6250 (   709 PWs)   bands (ev):

    -3.9240  -0.4119   6.4374   7.9671

          k =-0.4603-0.2301-0.5000 (   711 PWs)   bands (ev):

    -4.4078   0.2512   6.1661   8.4285

          k =-0.4603 0.2301 0.5000 (   711 PWs)   bands (ev):

    -4.4078   0.2512   6.1661   8.4285

          k = 0.4603-0.2301 0.5000 (   711 PWs)   bands (ev):

    -4.4078   0.2512   6.1661   8.4285

          k =-0.3452-0.1151-0.3750 (   709 PWs)   bands (ev):

    -6.3508   3.5272   6.4851   9.2749

          k =-0.3452 0.1151 0.3750 (   709 PWs)   bands (ev):

    -6.3508   3.5272   6.4851   9.2749

          k = 0.3452-0.1151 0.3750 (   709 PWs)   bands (ev):

    -6.3508   3.5272   6.4851   9.2749

          k =-0.2301 0.0000-0.2500 (   706 PWs)   bands (ev):

    -7.7458   6.8797   7.5709  10.1564

          k = 0.1151 0.5754 0.1250 (   710 PWs)   bands (ev):

    -5.5682   3.5305   5.9454   6.8131

          k = 0.1151-0.5754-0.1250 (   710 PWs)   bands (ev):

    -5.5682   3.5305   5.9454   6.8131

          k =-0.1151 0.5754-0.1250 (   710 PWs)   bands (ev):

    -5.5682   3.5305   5.9454   6.8131

          k =-0.6904-0.2301-0.7500 (   708 PWs)   bands (ev):

    -3.6892   0.9359   4.3770   6.7735

          k =-0.6904 0.2301 0.7500 (   708 PWs)   bands (ev):

    -3.6892   0.9359   4.3770   6.7735

          k = 0.6904-0.2301 0.7500 (   708 PWs)   bands (ev):

    -3.6892   0.9359   4.3770   6.7735

          k =-0.5754-0.1151-0.6250 (   709 PWs)   bands (ev):

    -2.9142   0.0998   3.4900   7.3227

          k =-0.5754 0.1151 0.6250 (   709 PWs)   bands (ev):

    -2.9142   0.0998   3.4900   7.3227

          k = 0.5754-0.1151 0.6250 (   709 PWs)   bands (ev):

    -2.9142   0.0998   3.4900   7.3227

          k =-0.4603 0.0000-0.5000 (   708 PWs)   bands (ev):

    -4.7587   2.4234   3.7676   8.2978

          k =-0.8055-0.1151-0.8750 (   699 PWs)   bands (ev):

    -2.8762   0.3737   4.5917   5.8973

          k =-0.8055 0.1151 0.8750 (   699 PWs)   bands (ev):

    -2.8762   0.3737   4.5917   5.8973

          k = 0.8055-0.1151 0.8750 (   699 PWs)   bands (ev):

    -2.8762   0.3737   4.5917   5.8973

          k =-0.6904 0.0000-0.7500 (   709 PWs)   bands (ev):

    -1.5559  -0.4648   2.7244   6.3593

          k = 0.2301-0.2301 0.0000 (   705 PWs)   bands (ev):

    -7.8296   6.9559   8.3626   9.3973

          k = 0.3452 0.3452 0.1250 (   709 PWs)   bands (ev):

    -6.5098   3.8542   7.3156   8.3838

          k = 0.3452-0.3452-0.1250 (   709 PWs)   bands (ev):

    -6.5098   3.8542   7.3156   8.3838

          k =-0.4603-0.4603-0.7500 (   712 PWs)   bands (ev):

    -4.5955   0.5578   7.1948   7.4368

          k =-0.4603 0.4603 0.7500 (   712 PWs)   bands (ev):

    -4.5955   0.5578   7.1948   7.4368

          k =-0.3452-0.3452-0.6250 (   714 PWs)   bands (ev):

    -3.7406  -0.5642   6.9432   7.5821

          k =-0.3452 0.3452 0.6250 (   714 PWs)   bands (ev):

    -3.7406  -0.5642   6.9432   7.5821

          k =-0.2301-0.2301-0.5000 (   713 PWs)   bands (ev):

    -5.6430   2.2752   7.0316   8.3263

          k =-0.2301 0.2301 0.5000 (   713 PWs)   bands (ev):

    -5.6430   2.2752   7.0316   8.3263

          k =-0.1151-0.1151-0.3750 (   699 PWs)   bands (ev):

    -7.2827   5.8767   7.6962   9.1812

          k =-0.1151 0.1151 0.3750 (   699 PWs)   bands (ev):

    -7.2827   5.8767   7.6962   9.1812

          k = 0.2301-0.4603 0.0000 (   714 PWs)   bands (ev):

    -6.4065   4.7117   6.4290   7.6091

          k =-0.5754-0.3452-0.8750 (   714 PWs)   bands (ev):

    -4.6943   2.0212   5.4786   6.7244

          k =-0.5754 0.3452 0.8750 (   714 PWs)   bands (ev):

    -4.6943   2.0212   5.4786   6.7244

          k = 0.5754-0.3452 0.8750 (   714 PWs)   bands (ev):

    -4.6943   2.0212   5.4786   6.7244

          k =-0.4603-0.2301-0.7500 (   710 PWs)   bands (ev):

    -2.9726  -0.2435   4.9398   6.7538

          k =-0.4603 0.2301 0.7500 (   710 PWs)   bands (ev):

    -2.9726  -0.2435   4.9398   6.7538

          k = 0.4603-0.2301 0.7500 (   710 PWs)   bands (ev):

    -2.9726  -0.2435   4.9398   6.7538

          k =-0.3452-0.1151-0.6250 (   710 PWs)   bands (ev):

    -4.2690   1.5281   4.7521   7.5330

          k =-0.3452 0.1151 0.6250 (   710 PWs)   bands (ev):

    -4.2690   1.5281   4.7521   7.5330

          k = 0.3452-0.1151 0.6250 (   710 PWs)   bands (ev):

    -4.2690   1.5281   4.7521   7.5330

          k =-0.2301 0.0000-0.5000 (   704 PWs)   bands (ev):

    -6.0850   4.5026   5.4508   8.4691

          k = 0.0000 0.4603-0.2500 (   698 PWs)   bands (ev):

    -6.3283   4.4593   5.8097   8.1558

          k =-0.6904 0.2301 1.0000 (   711 PWs)   bands (ev):

    -4.1159   2.0489   5.1268   5.5610

          k =-0.5754-0.1151-0.8750 (   706 PWs)   bands (ev):

    -2.2340   0.3815   3.3749   5.6083

          k =-0.5754 0.1151 0.8750 (   706 PWs)   bands (ev):

    -2.2340   0.3815   3.3749   5.6083

          k = 0.5754-0.1151 0.8750 (   706 PWs)   bands (ev):

    -2.2340   0.3815   3.3749   5.6083

          k =-0.4603 0.0000-0.7500 (   710 PWs)   bands (ev):

    -2.4723   0.7849   2.6939   6.4701

          k = 0.8055-0.3452 0.6250 (   711 PWs)   bands (ev):

    -4.5625   1.6611   4.8104   7.1864

          k = 0.8055 0.3452-0.6250 (   711 PWs)   bands (ev):

    -4.5625   1.6611   4.8104   7.1864

          k =-0.8055-0.3452-0.6250 (   711 PWs)   bands (ev):

    -4.5625   1.6611   4.8104   7.1864

          k = 0.9206-0.2301 0.7500 (   701 PWs)   bands (ev):

    -4.0545   1.8962   4.6765   5.6953

          k = 0.6904 0.2301-0.5000 (   708 PWs)   bands (ev):

    -3.0276  -0.3656   4.5961   6.7680

          k =-0.6904-0.2301-0.5000 (   708 PWs)   bands (ev):

    -3.0276  -0.3656   4.5961   6.7680

          k = 0.8055-0.1151 0.6250 (   706 PWs)   bands (ev):

    -2.2083   0.1960   3.2476   5.2833

          k = 0.8055 0.1151-0.6250 (   706 PWs)   bands (ev):

    -2.2083   0.1960   3.2476   5.2833

          k =-0.8055-0.1151-0.6250 (   706 PWs)   bands (ev):

    -2.2083   0.1960   3.2476   5.2833

          k = 0.6904 0.0000 0.5000 (   707 PWs)   bands (ev):

    -2.7680   0.7841   2.8788   5.9433

          k =-0.4603 0.4603 1.0000 (   716 PWs)   bands (ev):

    -5.0433   3.0222   4.6683   7.3198

          k =-0.3452-0.3452-0.8750 (   711 PWs)   bands (ev):

    -3.1212   0.6327   4.4720   6.3027

          k =-0.3452 0.3452 0.8750 (   711 PWs)   bands (ev):

    -3.1212   0.6327   4.4720   6.3027

          k =-0.2301-0.2301-0.7500 (   717 PWs)   bands (ev):

    -3.1745   0.7389   5.2974   5.7726

          k =-0.2301 0.2301 0.7500 (   717 PWs)   bands (ev):

    -3.1745   0.7389   5.2974   5.7726

          k =-0.1151-0.1151-0.6250 (   715 PWs)   bands (ev):

    -5.0943   3.6747   5.8707   6.3467

          k =-0.1151 0.1151 0.6250 (   715 PWs)   bands (ev):

    -5.0943   3.6747   5.8707   6.3467

          k =-0.4603 0.2301 1.0000 (   709 PWs)   bands (ev):

    -2.9257   1.4186   3.5688   5.4274

          k =-0.3452-0.1151-0.8750 (   716 PWs)   bands (ev):

    -1.7514   0.4772   3.4866   4.9463

          k =-0.3452 0.1151 0.8750 (   716 PWs)   bands (ev):

    -1.7514   0.4772   3.4866   4.9463

          k = 0.3452-0.1151 0.8750 (   716 PWs)   bands (ev):

    -1.7514   0.4772   3.4866   4.9463

          k =-0.2301 0.0000-0.7500 (   712 PWs)   bands (ev):

    -3.4634   2.3943   4.0599   5.6480

          k =-0.2301 0.2301 1.0000 (   714 PWs)   bands (ev):

    -1.3698   0.4841   2.9094   5.3109

          k =-0.1151-0.1151-0.8750 (   726 PWs)   bands (ev):

    -2.0456   1.3079   4.0010   4.8584

          k =-0.1151 0.1151 0.8750 (   726 PWs)   bands (ev):

    -2.0456   1.3079   4.0010   4.8585

!    total energy              =     -22.73300010 Ry
     Harris-Foulkes estimate   =     -22.73300010 Ry
     estimated scf accuracy    <          3.9E-10 Ry

     The total energy is the sum of the following terms:

     one-electron contribution =       6.25992571 Ry
     hartree contribution      =       2.08904566 Ry
     xc contribution           =      -6.85884882 Ry
     ewald contribution        =     -24.22312265 Ry

     convergence has been achieved in   6 iterations

     Forces acting on atoms (Ry/au):

     atom   1 type  1   force =     0.00000002    0.00000002   -0.00000001
     atom   2 type  1   force =    -0.00000002   -0.00000002    0.00000001

     Total force =     0.000000     Total SCF correction =     0.000000


     entering subroutine stress ...

          total   stress  (Ry/bohr**3)                   (kbar)     P= -520.59
  -0.00486128   0.00000000   0.00000000       -715.12      0.00      0.00
   0.00000000  -0.00486128   0.00000000          0.00   -715.12      0.00
   0.00000000   0.00000000  -0.00089405          0.00      0.00   -131.52


     BFGS Geometry Optimization

     bfgs converged in   1 scf cycles and   0 bfgs steps
     (criteria: energy < 0.10E-08, force < 0.10E-05)

     End of BFGS Geometry Optimization

     Final energy   =     -22.7330000985 Ry

ATOMIC_POSITIONS (crystal)
C        0.000000000   0.000000000   0.000000000
C        0.250000000   0.250000000   0.250000000



     Writing output data file pwscf.save
 
     PWSCF        :    14.39s CPU time,   16.59s wall time

     init_run     :     1.10s CPU
     electrons    :    12.23s CPU
     forces       :     0.11s CPU
     stress       :     0.43s CPU

     Called by init_run:
     wfcinit      :     0.84s CPU
     potinit      :     0.06s CPU

     Called by electrons:
     c_bands      :    10.63s CPU (       7 calls,   1.518 s avg)
     sum_band     :     1.28s CPU (       7 calls,   0.183 s avg)
     v_of_rho     :     0.17s CPU (       7 calls,   0.024 s avg)
     newd         :     0.08s CPU (       7 calls,   0.011 s avg)
     mix_rho      :     0.00s CPU (       7 calls,   0.000 s avg)

     Called by c_bands:
     init_us_2    :     0.28s CPU (    2550 calls,   0.000 s avg)
     cegterg      :    10.24s CPU (    1050 calls,   0.010 s avg)

     Called by *egterg:
     h_psi        :     4.58s CPU (    3091 calls,   0.001 s avg)
     s_psi        :     0.11s CPU (    3091 calls,   0.000 s avg)
     g_psi        :     0.06s CPU (    1891 calls,   0.000 s avg)
     cdiaghg      :     4.61s CPU (    2791 calls,   0.002 s avg)

     Called by h_psi:
     add_vuspsi   :     0.08s CPU (    3091 calls,   0.000 s avg)

     General routines
     calbec       :     0.21s CPU (    4441 calls,   0.000 s avg)
     cft3s        :     4.76s CPU (   28343 calls,   0.000 s avg)
     interpolate  :     0.04s CPU (      14 calls,   0.003 s avg)
     davcio       :     0.65s CPU (    3600 calls,   0.000 s avg)
 
     Parallel routines
     fft_scatter  :     1.24s CPU (   28343 calls,   0.000 s avg)
