
     Program PWSCF     v.4.1.1  starts ...
     Today is 25Nov2010 at 15:42: 6 

     Parallel version (MPI)

     Number of processors in use:       4
     R & G space division:  proc/pool =    4

     For Norm-Conserving or Ultrasoft (Vanderbilt) Pseudopotentials or PAW

     Current dimensions of program pwscf are:
     Max number of different atomic species (ntypx) = 10
     Max number of k-points (npk) =  40000
     Max angular momentum in pseudopotentials (lmaxx) =  3
     Waiting for input...
     file C.pbe-rrkjus.UPF: wavefunction(s)  2S 2P renormalized

     Subspace diagonalization in iterative solution of the eigenvalue problem:
     a parallel distributed memory algorithm will be used,
     eigenstates matrixes will be distributed block like on
     ortho sub-group =    2*   2 procs


     Planes per process (thick) : nr3 = 32 npp =   8 ncplane = 1056
     Planes per process (smooth): nr3s= 22 npps=   6 ncplanes=  484
 
     Proc/  planes cols     G    planes cols    G      columns  G
     Pool       (dense grid)       (smooth grid)      (wavefct grid)
        1     8    153     2521    6     78      880     27      181
        2     8    153     2521    6     79      888     27      181
        3     8    154     2520    5     78      885     27      181
        4     8    153     2519    5     78      874     28      182
     tot     32    613    10081   22    313     3527    109      725
 


     bravais-lattice index     =            0
     lattice parameter (a_0)   =       6.7413  a.u.
     unit-cell volume          =      56.8706 (a.u.)^3
     number of atoms/cell      =            2
     number of atomic types    =            1
     number of electrons       =         8.00
     number of Kohn-Sham states=            4
     kinetic-energy cutoff     =      60.0000  Ry
     charge density cutoff     =     480.0000  Ry
     convergence threshold     =      1.0E-08
     mixing beta               =       0.7000
     number of iterations used =            8  plain     mixing
     Exchange-correlation      =  SLA  PW   PBE  PBE (1434)
     nstep                     =           50


     celldm(1)=   6.741280  celldm(2)=   0.000000  celldm(3)=   0.000000
     celldm(4)=   0.000000  celldm(5)=   0.000000  celldm(6)=   0.000000

     crystal axes: (cart. coord. in units of a_0)
               a(1) = (  0.000000  0.452769  0.452769 )  
               a(2) = (  0.452769  0.000000  0.452769 )  
               a(3) = (  0.452769  0.452769  0.000000 )  

     reciprocal axes: (cart. coord. in units 2 pi/a_0)
               b(1) = ( -1.104315  1.104315  1.104315 )  
               b(2) = (  1.104315 -1.104315  1.104315 )  
               b(3) = (  1.104315  1.104315 -1.104315 )  


     PseudoPot. # 1 for C  read from file C.pbe-rrkjus.UPF
     Pseudo is Ultrasoft, Zval =  4.0
     Generated by new atomic code, or converted to UPF format
     Using radial grid of  627 points,  4 beta functions with: 
                l(1) =   0
                l(2) =   0
                l(3) =   1
                l(4) =   1
     Q(r) pseudized with 0 coefficients 


     atomic species   valence    mass     pseudopotential
        C              4.00    12.01070     C ( 1.00)

     48 Sym.Ops. (with inversion)


   Cartesian axes

     site n.     atom                  positions (a_0 units)
         1           C   tau(  1) = (   0.0000000   0.0000000   0.0000000  )
         2           C   tau(  2) = (   0.2263846   0.2263846   0.2263846  )

     number of k points=   29
                       cart. coord. in units 2pi/a_0
        k(    1) = (   0.0000000   0.0000000   0.0000000), wk =   0.0039062
        k(    2) = (   0.1380394   0.1380394  -0.1380394), wk =   0.0312500
        k(    3) = (   0.2760788   0.2760788  -0.2760788), wk =   0.0312500
        k(    4) = (   0.4141182   0.4141182  -0.4141182), wk =   0.0312500
        k(    5) = (  -0.5521576  -0.5521576   0.5521576), wk =   0.0156250
        k(    6) = (   0.2760788   0.0000000   0.0000000), wk =   0.0234375
        k(    7) = (   0.4141182   0.1380394  -0.1380394), wk =   0.0937500
        k(    8) = (   0.5521576   0.2760788  -0.2760788), wk =   0.0937500
        k(    9) = (  -0.4141182  -0.6901970   0.6901970), wk =   0.0937500
        k(   10) = (  -0.2760788  -0.5521576   0.5521576), wk =   0.0937500
        k(   11) = (  -0.1380394  -0.4141182   0.4141182), wk =   0.0937500
        k(   12) = (   0.0000000  -0.2760788   0.2760788), wk =   0.0468750
        k(   13) = (   0.5521576   0.0000000   0.0000000), wk =   0.0234375
        k(   14) = (   0.6901970   0.1380394  -0.1380394), wk =   0.0937500
        k(   15) = (  -0.2760788  -0.8282364   0.8282364), wk =   0.0937500
        k(   16) = (  -0.1380394  -0.6901970   0.6901970), wk =   0.0937500
        k(   17) = (   0.0000000  -0.5521576   0.5521576), wk =   0.0468750
        k(   18) = (   0.8282364   0.0000000   0.0000000), wk =   0.0234375
        k(   19) = (  -0.1380394  -0.9662759   0.9662759), wk =   0.0937500
        k(   20) = (   0.0000000  -0.8282364   0.8282364), wk =   0.0468750
        k(   21) = (  -1.1043153   0.0000000   0.0000000), wk =   0.0117188
        k(   22) = (   0.5521576   0.2760788   0.0000000), wk =   0.0937500
        k(   23) = (  -0.4141182  -0.6901970   0.9662759), wk =   0.1875000
        k(   24) = (  -0.2760788  -0.5521576   0.8282364), wk =   0.0937500
        k(   25) = (  -0.2760788  -0.8282364   1.1043153), wk =   0.0937500
        k(   26) = (  -0.1380394  -0.6901970   0.9662759), wk =   0.1875000
        k(   27) = (   0.0000000  -0.5521576   0.8282364), wk =   0.0937500
        k(   28) = (  -1.1043153   0.2760788   0.0000000), wk =   0.0468750
        k(   29) = (  -1.1043153   0.5521576   0.0000000), wk =   0.0234375

     G cutoff =  552.5432  (  10081 G-vectors)     FFT grid: ( 32, 32, 32)
     G cutoff =  276.2716  (   3527 G-vectors)  smooth grid: ( 22, 22, 22)

     Largest allocated arrays     est. size (Mb)     dimensions
        Kohn-Sham Wavefunctions         0.01 Mb     (    117,   4)
        NL pseudopotentials             0.03 Mb     (    117,  16)
        Each V/rho on FFT grid          0.13 Mb     (   8448)
        Each G-vector array             0.02 Mb     (   2521)
        G-vector shells                 0.00 Mb     (    153)
     Largest temporary arrays     est. size (Mb)     dimensions
        Auxiliary wavefunctions         0.03 Mb     (    117,  16)
        Each subspace H/S matrix        0.00 Mb     (     16,  16)
        Each <psi_i|beta_j> matrix      0.00 Mb     (     16,   4)
        Arrays for rho mixing           1.03 Mb     (   8448,   8)

     Initial potential from superposition of free atoms

     starting charge    7.99989, renormalised to    8.00000
     Starting wfc are    8 atomic wfcs

     total cpu time spent up to now is      0.39 secs

     per-process dynamical memory:    54.5 Mb

     Self-consistent Calculation

     iteration #  1     ecut=    60.00 Ry     beta=0.70
     Davidson diagonalization with overlap
     ethr =  1.00E-02,  avg # of iterations =  2.0

     total cpu time spent up to now is      0.72 secs

     total energy              =     -22.63908587 Ry
     Harris-Foulkes estimate   =     -22.74810893 Ry
     estimated scf accuracy    <       0.21642632 Ry

     iteration #  2     ecut=    60.00 Ry     beta=0.70
     Davidson diagonalization with overlap
     ethr =  2.71E-03,  avg # of iterations =  1.1

     total cpu time spent up to now is      0.97 secs

     total energy              =     -22.65289240 Ry
     Harris-Foulkes estimate   =     -22.65411071 Ry
     estimated scf accuracy    <       0.00427281 Ry

     iteration #  3     ecut=    60.00 Ry     beta=0.70
     Davidson diagonalization with overlap
     ethr =  5.34E-05,  avg # of iterations =  2.1

     total cpu time spent up to now is      1.34 secs

     total energy              =     -22.65412688 Ry
     Harris-Foulkes estimate   =     -22.65411920 Ry
     estimated scf accuracy    <       0.00004500 Ry

     iteration #  4     ecut=    60.00 Ry     beta=0.70
     Davidson diagonalization with overlap
     ethr =  5.63E-07,  avg # of iterations =  2.0

     total cpu time spent up to now is      1.69 secs

     total energy              =     -22.65414529 Ry
     Harris-Foulkes estimate   =     -22.65414418 Ry
     estimated scf accuracy    <       0.00000372 Ry

     iteration #  5     ecut=    60.00 Ry     beta=0.70
     Davidson diagonalization with overlap
     ethr =  4.65E-08,  avg # of iterations =  2.0

     total cpu time spent up to now is      2.05 secs

     total energy              =     -22.65414585 Ry
     Harris-Foulkes estimate   =     -22.65414589 Ry
     estimated scf accuracy    <       0.00000013 Ry

     iteration #  6     ecut=    60.00 Ry     beta=0.70
     Davidson diagonalization with overlap
     ethr =  1.65E-09,  avg # of iterations =  2.0

     total cpu time spent up to now is      2.38 secs

     End of self-consistent calculation

          k = 0.0000 0.0000 0.0000 (   459 PWs)   bands (ev):

    -6.4880  19.3217  19.3217  19.3217

          k = 0.1380 0.1380-0.1380 (   450 PWs)   bands (ev):

    -5.9652  16.2696  18.4323  18.4323

          k = 0.2761 0.2761-0.2761 (   450 PWs)   bands (ev):

    -4.4053  11.1659  17.0076  17.0076

          k = 0.4141 0.4141-0.4141 (   443 PWs)   bands (ev):

    -1.8418   6.1599  16.0175  16.0175

          k =-0.5522-0.5522 0.5522 (   434 PWs)   bands (ev):

     1.2173   2.2476  15.6771  15.6771

          k = 0.2761 0.0000 0.0000 (   451 PWs)   bands (ev):

    -5.7911  16.9504  16.9504  17.9745

          k = 0.4141 0.1380-0.1380 (   451 PWs)   bands (ev):

    -4.5776  13.0073  15.4536  16.9414

          k = 0.5522 0.2761-0.2761 (   450 PWs)   bands (ev):

    -2.3501   8.1056  14.6461  15.4103

          k =-0.4141-0.6902 0.6902 (   447 PWs)   bands (ev):

     0.7815   3.6343  14.1481  14.6818

          k =-0.2761-0.5522 0.5522 (   447 PWs)   bands (ev):

    -0.3424   5.0406  13.5444  15.5119

          k =-0.1380-0.4141 0.4141 (   451 PWs)   bands (ev):

    -3.2032   9.7640  13.7558  16.9273

          k = 0.0000-0.2761 0.2761 (   451 PWs)   bands (ev):

    -5.0969  14.4783  14.9993  18.3568

          k = 0.5522 0.0000 0.0000 (   456 PWs)   bands (ev):

    -3.7148  13.8184  13.8184  14.4052

          k = 0.6902 0.1380-0.1380 (   447 PWs)   bands (ev):

    -1.8382  10.3042  12.8382  12.8883

          k =-0.2761-0.8282 0.8282 (   447 PWs)   bands (ev):

     0.9750   6.1371  10.9324  12.8784

          k =-0.1380-0.6902 0.6902 (   449 PWs)   bands (ev):

     2.0183   4.9388   9.6455  13.7750

          k = 0.0000-0.5522 0.5522 (   443 PWs)   bands (ev):

    -1.0086   8.9498   9.5215  15.3564

          k = 0.8282 0.0000 0.0000 (   448 PWs)   bands (ev):

    -0.3200   9.4427  11.7412  11.7412

          k =-0.1380-0.9663 0.9663 (   452 PWs)   bands (ev):

     2.1349   6.9281   9.6168  11.5145

          k = 0.0000-0.8282 0.8282 (   440 PWs)   bands (ev):

     4.4956   5.4197   6.8178  12.2469

          k =-1.1043 0.0000 0.0000 (   444 PWs)   bands (ev):

     4.2179   4.2179  11.0272  11.0272

          k = 0.5522 0.2761 0.0000 (   448 PWs)   bands (ev):

    -3.0313  11.5438  12.1426  15.6658

          k =-0.4141-0.6902 0.9663 (   442 PWs)   bands (ev):

    -0.5051   7.2682  11.4761  13.9849

          k =-0.2761-0.5522 0.8282 (   442 PWs)   bands (ev):

     2.3910   3.6322  11.5815  13.0727

          k =-0.2761-0.8282 1.1043 (   454 PWs)   bands (ev):

     0.3327   8.9654  10.2154  11.3932

          k =-0.1380-0.6902 0.9663 (   444 PWs)   bands (ev):

     3.2821   5.9279   8.5722  10.8876

          k = 0.0000-0.5522 0.8282 (   440 PWs)   bands (ev):

     2.2107   7.0704   7.7824  12.1017

          k =-1.1043 0.2761 0.0000 (   452 PWs)   bands (ev):

     4.7467   4.7467   9.6749   9.6749

          k =-1.1043 0.5522 0.0000 (   444 PWs)   bands (ev):

     5.6253   5.6253   8.1215   8.1215

!    total energy              =     -22.65414587 Ry
     Harris-Foulkes estimate   =     -22.65414587 Ry
     estimated scf accuracy    <          9.0E-11 Ry

     The total energy is the sum of the following terms:

     one-electron contribution =      11.57498218 Ry
     hartree contribution      =       1.65191622 Ry
     xc contribution           =      -7.64321031 Ry
     ewald contribution        =     -28.23783396 Ry

     convergence has been achieved in   6 iterations

     Forces acting on atoms (Ry/au):

     atom   1 type  1   force =     0.00000000    0.00000000    0.00000000
     atom   2 type  1   force =     0.00000000    0.00000000    0.00000000

     Total force =     0.000000     Total SCF correction =     0.000000


     entering subroutine stress ...

          total   stress  (Ry/bohr**3)                   (kbar)     P= 2192.69
   0.01490561   0.00000000   0.00000000       2192.69      0.00      0.00
   0.00000000   0.01490561   0.00000000          0.00   2192.69      0.00
   0.00000000   0.00000000   0.01490561          0.00      0.00   2192.69


     BFGS Geometry Optimization

     bfgs converged in   1 scf cycles and   0 bfgs steps
     (criteria: energy < 0.10E-08, force < 0.10E-05)

     End of BFGS Geometry Optimization

     Final energy   =     -22.6541458667 Ry

ATOMIC_POSITIONS (crystal)
C        0.000000000   0.000000000   0.000000000
C        0.250000000   0.250000000   0.250000000



     Writing output data file pwscf.save
 
     PWSCF        :     2.67s CPU time,    4.74s wall time

     init_run     :     0.30s CPU
     electrons    :     1.99s CPU
     forces       :     0.02s CPU
     stress       :     0.10s CPU

     Called by init_run:
     wfcinit      :     0.13s CPU
     potinit      :     0.02s CPU

     Called by electrons:
     c_bands      :     1.58s CPU (       6 calls,   0.263 s avg)
     sum_band     :     0.21s CPU (       6 calls,   0.035 s avg)
     v_of_rho     :     0.09s CPU (       7 calls,   0.013 s avg)
     newd         :     0.03s CPU (       7 calls,   0.004 s avg)
     mix_rho      :     0.00s CPU (       6 calls,   0.000 s avg)

     Called by c_bands:
     init_us_2    :     0.02s CPU (     435 calls,   0.000 s avg)
     cegterg      :     1.51s CPU (     174 calls,   0.009 s avg)

     Called by *egterg:
     h_psi        :     0.51s CPU (     528 calls,   0.001 s avg)
     s_psi        :     0.00s CPU (     528 calls,   0.000 s avg)
     g_psi        :     0.00s CPU (     325 calls,   0.000 s avg)
     cdiaghg      :     0.80s CPU (     499 calls,   0.002 s avg)

     Called by h_psi:
     add_vuspsi   :     0.01s CPU (     528 calls,   0.000 s avg)

     General routines
     calbec       :     0.03s CPU (     760 calls,   0.000 s avg)
     cft3s        :     0.57s CPU (    5097 calls,   0.000 s avg)
     interpolate  :     0.00s CPU (      13 calls,   0.000 s avg)
     davcio       :     0.11s CPU (     609 calls,   0.000 s avg)
 
     Parallel routines
     fft_scatter  :     0.16s CPU (    5097 calls,   0.000 s avg)
