
     Program PWSCF     v.4.1.1  starts ...
     Today is 25Nov2010 at 15:46: 4 

     Parallel version (MPI)

     Number of processors in use:       4
     R & G space division:  proc/pool =    4

     For Norm-Conserving or Ultrasoft (Vanderbilt) Pseudopotentials or PAW

     Current dimensions of program pwscf are:
     Max number of different atomic species (ntypx) = 10
     Max number of k-points (npk) =  40000
     Max angular momentum in pseudopotentials (lmaxx) =  3
     Waiting for input...
     file C.pbe-rrkjus.UPF: wavefunction(s)  2S 2P renormalized

     Subspace diagonalization in iterative solution of the eigenvalue problem:
     a parallel distributed memory algorithm will be used,
     eigenstates matrixes will be distributed block like on
     ortho sub-group =    2*   2 procs


     Planes per process (thick) : nr3 = 32 npp =   8 ncplane = 1056
     Planes per process (smooth): nr3s= 22 npps=   6 ncplanes=  576
 
     Proc/  planes cols     G    planes cols    G      columns  G
     Pool       (dense grid)       (smooth grid)      (wavefct grid)
        1     8    166     2857    6     84     1016     28      199
        2     8    165     2856    6     85     1016     28      199
        3     8    166     2858    5     84     1010     28      199
        4     8    166     2856    5     84     1007     29      200
     tot     32    663    11427   22    337     4049    113      797
 


     bravais-lattice index     =            0
     lattice parameter (a_0)   =       6.7413  a.u.
     unit-cell volume          =      64.3349 (a.u.)^3
     number of atoms/cell      =            2
     number of atomic types    =            1
     number of electrons       =         8.00
     number of Kohn-Sham states=            4
     kinetic-energy cutoff     =      60.0000  Ry
     charge density cutoff     =     480.0000  Ry
     convergence threshold     =      1.0E-08
     mixing beta               =       0.7000
     number of iterations used =            8  plain     mixing
     Exchange-correlation      =  SLA  PW   PBE  PBE (1434)
     nstep                     =           50


     celldm(1)=   6.741280  celldm(2)=   0.000000  celldm(3)=   0.000000
     celldm(4)=   0.000000  celldm(5)=   0.000000  celldm(6)=   0.000000

     crystal axes: (cart. coord. in units of a_0)
               a(1) = (  0.000000  0.458258  0.500000 )  
               a(2) = (  0.458258  0.000000  0.500000 )  
               a(3) = (  0.458258  0.458258  0.000000 )  

     reciprocal axes: (cart. coord. in units 2 pi/a_0)
               b(1) = ( -1.091089  1.091089  1.000000 )  
               b(2) = (  1.091089 -1.091089  1.000000 )  
               b(3) = (  1.091089  1.091089 -1.000000 )  


     PseudoPot. # 1 for C  read from file C.pbe-rrkjus.UPF
     Pseudo is Ultrasoft, Zval =  4.0
     Generated by new atomic code, or converted to UPF format
     Using radial grid of  627 points,  4 beta functions with: 
                l(1) =   0
                l(2) =   0
                l(3) =   1
                l(4) =   1
     Q(r) pseudized with 0 coefficients 


     atomic species   valence    mass     pseudopotential
        C              4.00    12.01070     C ( 1.00)

     16 Sym.Ops. (with inversion)


   Cartesian axes

     site n.     atom                  positions (a_0 units)
         1           C   tau(  1) = (   0.0000000   0.0000000   0.0000000  )
         2           C   tau(  2) = (   0.2291288   0.2291288   0.2500000  )

     number of k points=   59
                       cart. coord. in units 2pi/a_0
        k(    1) = (   0.0000000   0.0000000   0.0000000), wk =   0.0039062
        k(    2) = (   0.1363862   0.1363862  -0.1250000), wk =   0.0312500
        k(    3) = (   0.2727724   0.2727724  -0.2500000), wk =   0.0312500
        k(    4) = (   0.4091585   0.4091585  -0.3750000), wk =   0.0312500
        k(    5) = (  -0.5455447  -0.5455447   0.5000000), wk =   0.0156250
        k(    6) = (   0.2727724   0.0000000   0.0000000), wk =   0.0156250
        k(    7) = (   0.4091585   0.1363862  -0.1250000), wk =   0.0625000
        k(    8) = (   0.5455447   0.2727724  -0.2500000), wk =   0.0625000
        k(    9) = (  -0.4091585  -0.6819309   0.6250000), wk =   0.0625000
        k(   10) = (  -0.2727724  -0.5455447   0.5000000), wk =   0.0625000
        k(   11) = (  -0.1363862  -0.4091585   0.3750000), wk =   0.0625000
        k(   12) = (   0.0000000  -0.2727724   0.2500000), wk =   0.0312500
        k(   13) = (   0.5455447   0.0000000   0.0000000), wk =   0.0156250
        k(   14) = (   0.6819309   0.1363862  -0.1250000), wk =   0.0625000
        k(   15) = (  -0.2727724  -0.8183171   0.7500000), wk =   0.0625000
        k(   16) = (  -0.1363862  -0.6819309   0.6250000), wk =   0.0625000
        k(   17) = (   0.0000000  -0.5455447   0.5000000), wk =   0.0312500
        k(   18) = (   0.8183171   0.0000000   0.0000000), wk =   0.0156250
        k(   19) = (  -0.1363862  -0.9547033   0.8750000), wk =   0.0625000
        k(   20) = (   0.0000000  -0.8183171   0.7500000), wk =   0.0312500
        k(   21) = (  -1.0910895   0.0000000   0.0000000), wk =   0.0078125
        k(   22) = (   0.0000000   0.0000000   0.2500000), wk =   0.0078125
        k(   23) = (   0.2727724   0.2727724   0.0000000), wk =   0.0156250
        k(   24) = (   0.4091585   0.4091585  -0.1250000), wk =   0.0312500
        k(   25) = (  -0.5455447  -0.5455447   0.7500000), wk =   0.0312500
        k(   26) = (  -0.4091585  -0.4091585   0.6250000), wk =   0.0312500
        k(   27) = (  -0.2727724  -0.2727724   0.5000000), wk =   0.0312500
        k(   28) = (  -0.1363862  -0.1363862   0.3750000), wk =   0.0312500
        k(   29) = (   0.5455447   0.2727724   0.0000000), wk =   0.0312500
        k(   30) = (  -0.4091585  -0.6819309   0.8750000), wk =   0.0625000
        k(   31) = (  -0.2727724  -0.5455447   0.7500000), wk =   0.0625000
        k(   32) = (  -0.1363862  -0.4091585   0.6250000), wk =   0.0625000
        k(   33) = (   0.0000000  -0.2727724   0.5000000), wk =   0.0312500
        k(   34) = (   0.5455447   0.0000000   0.2500000), wk =   0.0312500
        k(   35) = (  -0.2727724  -0.8183171   1.0000000), wk =   0.0312500
        k(   36) = (  -0.1363862  -0.6819309   0.8750000), wk =   0.0625000
        k(   37) = (   0.0000000  -0.5455447   0.7500000), wk =   0.0312500
        k(   38) = (  -0.4091585   0.9547033  -0.6250000), wk =   0.0625000
        k(   39) = (  -0.2727724   1.0910895  -0.7500000), wk =   0.0312500
        k(   40) = (  -1.0910895   0.2727724   0.0000000), wk =   0.0156250
        k(   41) = (  -0.2727724   0.8183171  -0.5000000), wk =   0.0312500
        k(   42) = (  -0.1363862   0.9547033  -0.6250000), wk =   0.0625000
        k(   43) = (  -1.0910895   0.0000000   0.2500000), wk =   0.0156250
        k(   44) = (   0.0000000   0.8183171  -0.5000000), wk =   0.0312500
        k(   45) = (   0.0000000   0.0000000   0.5000000), wk =   0.0078125
        k(   46) = (  -0.5455447  -0.5455447   1.0000000), wk =   0.0156250
        k(   47) = (  -0.4091585  -0.4091585   0.8750000), wk =   0.0312500
        k(   48) = (  -0.2727724  -0.2727724   0.7500000), wk =   0.0312500
        k(   49) = (  -0.1363862  -0.1363862   0.6250000), wk =   0.0312500
        k(   50) = (  -0.2727724  -0.5455447   1.0000000), wk =   0.0312500
        k(   51) = (  -0.1363862  -0.4091585   0.8750000), wk =   0.0625000
        k(   52) = (   0.0000000  -0.2727724   0.7500000), wk =   0.0312500
        k(   53) = (  -1.0910895   0.5455447   0.0000000), wk =   0.0156250
        k(   54) = (  -1.0910895   0.0000000   0.5000000), wk =   0.0078125
        k(   55) = (   0.0000000   0.0000000   0.7500000), wk =   0.0078125
        k(   56) = (  -0.2727724  -0.2727724   1.0000000), wk =   0.0156250
        k(   57) = (  -0.1363862  -0.1363862   0.8750000), wk =   0.0312500
        k(   58) = (  -1.0910895   0.8183171   0.0000000), wk =   0.0156250
        k(   59) = (   0.0000000   0.0000000  -1.0000000), wk =   0.0039062

     G cutoff =  552.5432  (  11427 G-vectors)     FFT grid: ( 32, 32, 32)
     G cutoff =  276.2716  (   4049 G-vectors)  smooth grid: ( 24, 24, 22)

     Largest allocated arrays     est. size (Mb)     dimensions
        Kohn-Sham Wavefunctions         0.01 Mb     (    133,   4)
        NL pseudopotentials             0.03 Mb     (    133,  16)
        Each V/rho on FFT grid          0.13 Mb     (   8448)
        Each G-vector array             0.02 Mb     (   2857)
        G-vector shells                 0.01 Mb     (    690)
     Largest temporary arrays     est. size (Mb)     dimensions
        Auxiliary wavefunctions         0.03 Mb     (    133,  16)
        Each subspace H/S matrix        0.00 Mb     (     16,  16)
        Each <psi_i|beta_j> matrix      0.00 Mb     (     16,   4)
        Arrays for rho mixing           1.03 Mb     (   8448,   8)

     Initial potential from superposition of free atoms

     starting charge    7.99989, renormalised to    8.00000
     Starting wfc are    8 atomic wfcs

     total cpu time spent up to now is      0.55 secs

     per-process dynamical memory:    54.5 Mb

     Self-consistent Calculation

     iteration #  1     ecut=    60.00 Ry     beta=0.70
     Davidson diagonalization with overlap
     ethr =  1.00E-02,  avg # of iterations =  2.0

     total cpu time spent up to now is      1.17 secs

     total energy              =     -22.70867002 Ry
     Harris-Foulkes estimate   =     -22.79059671 Ry
     estimated scf accuracy    <       0.16901917 Ry

     iteration #  2     ecut=    60.00 Ry     beta=0.70
     Davidson diagonalization with overlap
     ethr =  2.11E-03,  avg # of iterations =  1.0

     total cpu time spent up to now is      1.61 secs

     total energy              =     -22.71953718 Ry
     Harris-Foulkes estimate   =     -22.72034069 Ry
     estimated scf accuracy    <       0.00347168 Ry

     iteration #  3     ecut=    60.00 Ry     beta=0.70
     Davidson diagonalization with overlap
     ethr =  4.34E-05,  avg # of iterations =  2.1

     total cpu time spent up to now is      2.32 secs

     total energy              =     -22.72048492 Ry
     Harris-Foulkes estimate   =     -22.72047414 Ry
     estimated scf accuracy    <       0.00004372 Ry

     iteration #  4     ecut=    60.00 Ry     beta=0.70
     Davidson diagonalization with overlap
     ethr =  5.47E-07,  avg # of iterations =  2.0

     total cpu time spent up to now is      2.99 secs

     total energy              =     -22.72050248 Ry
     Harris-Foulkes estimate   =     -22.72050209 Ry
     estimated scf accuracy    <       0.00000412 Ry

     iteration #  5     ecut=    60.00 Ry     beta=0.70
     Davidson diagonalization with overlap
     ethr =  5.15E-08,  avg # of iterations =  2.0

     total cpu time spent up to now is      3.66 secs

     total energy              =     -22.72050316 Ry
     Harris-Foulkes estimate   =     -22.72050320 Ry
     estimated scf accuracy    <       0.00000016 Ry

     iteration #  6     ecut=    60.00 Ry     beta=0.70
     Davidson diagonalization with overlap
     ethr =  1.98E-09,  avg # of iterations =  1.8

     total cpu time spent up to now is      4.25 secs

     End of self-consistent calculation

          k = 0.0000 0.0000 0.0000 (   525 PWs)   bands (ev):

    -7.2103  15.5866  17.2198  17.2198

          k = 0.1364 0.1364-0.1250 (   514 PWs)   bands (ev):

    -6.7240  13.7557  15.4884  16.5029

          k = 0.2728 0.2728-0.2500 (   512 PWs)   bands (ev):

    -5.2753   9.2550  13.8853  15.3892

          k = 0.4092 0.4092-0.3750 (   503 PWs)   bands (ev):

    -2.9093   4.6566  12.8256  14.6421

          k =-0.5455-0.5455 0.5000 (   504 PWs)   bands (ev):

    -0.3289   1.2898  12.4560  14.3914

          k = 0.2728 0.0000 0.0000 (   519 PWs)   bands (ev):

    -6.5246  13.8346  14.8573  15.9189

          k = 0.4092 0.1364-0.1250 (   507 PWs)   bands (ev):

    -5.3605  10.7961  12.9057  15.0127

          k = 0.5455 0.2728-0.2500 (   502 PWs)   bands (ev):

    -3.2648   6.2951  11.9491  13.8331

          k =-0.4092-0.6819 0.6250 (   499 PWs)   bands (ev):

    -0.4459   2.2872  11.6181  12.9885

          k =-0.2728-0.5455 0.5000 (   497 PWs)   bands (ev):

    -1.6449   3.7980  11.6040  13.0942

          k =-0.1364-0.4092 0.3750 (   511 PWs)   bands (ev):

    -4.2355   8.1232  11.9268  14.1575

          k = 0.0000-0.2728 0.2500 (   515 PWs)   bands (ev):

    -5.9546  12.1400  13.2574  15.5054

          k = 0.5455 0.0000 0.0000 (   498 PWs)   bands (ev):

    -4.4871  11.2148  11.7305  12.6311

          k = 0.6819 0.1364-0.1250 (   502 PWs)   bands (ev):

    -2.6816   8.2569  10.4858  11.3386

          k =-0.2728-0.8183 0.7500 (   502 PWs)   bands (ev):

    -0.0636   4.4045   9.5037  10.5896

          k =-0.1364-0.6819 0.6250 (   502 PWs)   bands (ev):

     0.4098   3.8653   8.3569  11.2341

          k = 0.0000-0.5455 0.5000 (   507 PWs)   bands (ev):

    -2.2801   7.3705   8.3089  12.5921

          k = 0.8183 0.0000 0.0000 (   504 PWs)   bands (ev):

    -1.1763   8.1050   9.4131   9.6314

          k =-0.1364-0.9547 0.8750 (   505 PWs)   bands (ev):

     1.1590   5.5829   7.7870   9.2822

          k = 0.0000-0.8183 0.7500 (   504 PWs)   bands (ev):

     2.7621   4.2590   5.7728   9.8819

          k =-1.0911 0.0000 0.0000 (   500 PWs)   bands (ev):

     3.1941   3.1941   8.8466   8.8466

          k = 0.0000 0.0000 0.2500 (   513 PWs)   bands (ev):

    -6.6374  14.1530  15.2073  15.2073

          k = 0.2728 0.2728 0.0000 (   513 PWs)   bands (ev):

    -5.8421  12.1348  12.2284  16.5852

          k = 0.4092 0.4092-0.1250 (   512 PWs)   bands (ev):

    -4.0141   7.6267  10.9548  15.4809

          k =-0.5455-0.5455 0.7500 (   504 PWs)   bands (ev):

    -1.3397   3.3198  10.4878  14.2991

          k =-0.4092-0.4092 0.6250 (   506 PWs)   bands (ev):

    -0.8096   2.6318  10.8440  13.5355

          k =-0.2728-0.2728 0.5000 (   507 PWs)   bands (ev):

    -3.5927   6.7185  11.9625  13.4058

          k =-0.1364-0.1364 0.3750 (   517 PWs)   bands (ev):

    -5.5843  11.0703  13.6181  13.9936

          k = 0.5455 0.2728 0.0000 (   502 PWs)   bands (ev):

    -3.8182   9.2435   9.5636  14.2062

          k =-0.4092-0.6819 0.8750 (   503 PWs)   bands (ev):

    -1.3984   5.1854   8.7765  12.7936

          k =-0.2728-0.5455 0.7500 (   506 PWs)   bands (ev):

     0.6500   2.5806   8.9099  11.6775

          k =-0.1364-0.4092 0.6250 (   506 PWs)   bands (ev):

    -2.0303   6.0135   9.6151  11.5354

          k = 0.0000-0.2728 0.5000 (   512 PWs)   bands (ev):

    -4.2597   9.4961  10.9270  12.7210

          k = 0.5455 0.0000 0.2500 (   504 PWs)   bands (ev):

    -3.9290   9.5352  10.4029  13.4273

          k =-0.2728-0.8183 1.0000 (   505 PWs)   bands (ev):

    -0.5542   6.8720   7.8461  10.0357

          k =-0.1364-0.6819 0.8750 (   504 PWs)   bands (ev):

     2.0260   4.0658   7.0410   8.8784

          k = 0.0000-0.5455 0.7500 (   506 PWs)   bands (ev):

     0.3437   5.6053   6.9350   9.4748

          k =-0.4092 0.9547-0.6250 (   498 PWs)   bands (ev):

    -1.6056   5.7290   9.8579  11.8955

          k =-0.2728 1.0911-0.7500 (   500 PWs)   bands (ev):

    -0.6544   7.2835   8.4649   9.6517

          k =-1.0911 0.2728 0.0000 (   510 PWs)   bands (ev):

     3.5737   3.5737   7.5702   7.5702

          k =-0.2728 0.8183-0.5000 (   506 PWs)   bands (ev):

     0.8548   2.5877  10.2159  10.8649

          k =-0.1364 0.9547-0.6250 (   502 PWs)   bands (ev):

     1.9820   4.4624   7.3153   9.1049

          k =-1.0911 0.0000 0.2500 (   510 PWs)   bands (ev):

     3.5623   3.5623   7.8985   7.8985

          k = 0.0000 0.8183-0.5000 (   497 PWs)   bands (ev):

     0.8343   5.6118   6.5877  10.2651

          k = 0.0000 0.0000 0.5000 (   512 PWs)   bands (ev):

    -4.9313  10.5620  12.6130  12.6130

          k =-0.5455-0.5455 1.0000 (   509 PWs)   bands (ev):

    -1.8553   6.5098   7.0451  14.2103

          k =-0.4092-0.4092 0.8750 (   497 PWs)   bands (ev):

     0.8248   3.0583   6.8793  12.8169

          k =-0.2728-0.2728 0.7500 (   505 PWs)   bands (ev):

    -0.8737   4.9330   7.9928  11.9618

          k =-0.1364-0.1364 0.6250 (   501 PWs)   bands (ev):

    -3.3351   8.0763  10.3981  11.8810

          k =-0.2728-0.5455 1.0000 (   504 PWs)   bands (ev):

     1.1373   4.5852   5.5550  11.1621

          k =-0.1364-0.4092 0.8750 (   504 PWs)   bands (ev):

     1.0874   4.2955   6.5715   9.9785

          k = 0.0000-0.2728 0.7500 (   503 PWs)   bands (ev):

    -1.4985   6.2181   9.3686   9.9023

          k =-1.0911 0.5455 0.0000 (   510 PWs)   bands (ev):

     3.4529   3.4529   6.9649   6.9649

          k =-1.0911 0.0000 0.5000 (   500 PWs)   bands (ev):

     4.0964   4.0964   6.8745   6.8745

          k = 0.0000 0.0000 0.7500 (   480 PWs)   bands (ev):

    -2.1404   6.0473  10.9102  10.9102

          k =-0.2728-0.2728 1.0000 (   498 PWs)   bands (ev):

     2.2964   2.8558   5.7028  11.4504

          k =-0.1364-0.1364 0.8750 (   502 PWs)   bands (ev):

    -0.0646   3.9906   8.8037  10.7587

          k =-1.0911 0.8183 0.0000 (   508 PWs)   bands (ev):

     2.1637   2.1637   8.9312   8.9312

          k = 0.0000 0.0000-1.0000 (   508 PWs)   bands (ev):

     1.6137   1.6137  10.3269  10.3269

!    total energy              =     -22.72050317 Ry
     Harris-Foulkes estimate   =     -22.72050317 Ry
     estimated scf accuracy    <          3.3E-09 Ry

     The total energy is the sum of the following terms:

     one-electron contribution =      10.08167376 Ry
     hartree contribution      =       1.74158575 Ry
     xc contribution           =      -7.41194217 Ry
     ewald contribution        =     -27.13182050 Ry

     convergence has been achieved in   6 iterations

     Forces acting on atoms (Ry/au):

     atom   1 type  1   force =     0.00000000    0.00000000    0.00000000
     atom   2 type  1   force =     0.00000000    0.00000000    0.00000000

     Total force =     0.000000     Total SCF correction =     0.000000


     entering subroutine stress ...

          total   stress  (Ry/bohr**3)                   (kbar)     P= 1031.05
   0.00940563   0.00000000   0.00000000       1383.61      0.00      0.00
   0.00000000   0.00940563   0.00000000          0.00   1383.61      0.00
   0.00000000   0.00000000   0.00221555          0.00      0.00    325.92


     BFGS Geometry Optimization

     bfgs converged in   1 scf cycles and   0 bfgs steps
     (criteria: energy < 0.10E-08, force < 0.10E-05)

     End of BFGS Geometry Optimization

     Final energy   =     -22.7205031707 Ry

ATOMIC_POSITIONS (crystal)
C        0.000000000   0.000000000   0.000000000
C        0.250000000   0.250000000   0.250000000



     Writing output data file pwscf.save
 
     PWSCF        :     4.71s CPU time,    5.78s wall time

     init_run     :     0.47s CPU
     electrons    :     3.69s CPU
     forces       :     0.06s CPU
     stress       :     0.18s CPU

     Called by init_run:
     wfcinit      :     0.27s CPU
     potinit      :     0.04s CPU

     Called by electrons:
     c_bands      :     3.12s CPU (       6 calls,   0.519 s avg)
     sum_band     :     0.36s CPU (       6 calls,   0.059 s avg)
     v_of_rho     :     0.08s CPU (       7 calls,   0.011 s avg)
     newd         :     0.04s CPU (       7 calls,   0.006 s avg)
     mix_rho      :     0.01s CPU (       6 calls,   0.002 s avg)

     Called by c_bands:
     init_us_2    :     0.04s CPU (     885 calls,   0.000 s avg)
     cegterg      :     3.00s CPU (     354 calls,   0.008 s avg)

     Called by *egterg:
     h_psi        :     1.09s CPU (    1059 calls,   0.001 s avg)
     s_psi        :     0.02s CPU (    1059 calls,   0.000 s avg)
     g_psi        :     0.01s CPU (     646 calls,   0.000 s avg)
     cdiaghg      :     1.73s CPU (    1000 calls,   0.002 s avg)

     Called by h_psi:
     add_vuspsi   :     0.04s CPU (    1059 calls,   0.000 s avg)

     General routines
     calbec       :     0.05s CPU (    1531 calls,   0.000 s avg)
     cft3s        :     1.11s CPU (   10099 calls,   0.000 s avg)
     interpolate  :     0.01s CPU (      13 calls,   0.001 s avg)
     davcio       :     0.25s CPU (    1239 calls,   0.000 s avg)
 
     Parallel routines
     fft_scatter  :     0.31s CPU (   10099 calls,   0.000 s avg)
