
     Program PWSCF     v.4.1.1  starts ...
     Today is 25Nov2010 at 15:43:26 

     Parallel version (MPI)

     Number of processors in use:       4
     R & G space division:  proc/pool =    4

     For Norm-Conserving or Ultrasoft (Vanderbilt) Pseudopotentials or PAW

     Current dimensions of program pwscf are:
     Max number of different atomic species (ntypx) = 10
     Max number of k-points (npk) =  40000
     Max angular momentum in pseudopotentials (lmaxx) =  3
     Waiting for input...
     file C.pbe-rrkjus.UPF: wavefunction(s)  2S 2P renormalized

     Subspace diagonalization in iterative solution of the eigenvalue problem:
     a parallel distributed memory algorithm will be used,
     eigenstates matrixes will be distributed block like on
     ortho sub-group =    2*   2 procs


     Planes per process (thick) : nr3 = 36 npp =   9 ncplane = 1296
     Planes per process (smooth): nr3s= 24 npps=   6 ncplanes=  576
 
     Proc/  planes cols     G    planes cols    G      columns  G
     Pool       (dense grid)       (smooth grid)      (wavefct grid)
        1     9    187     3333    6     92     1165     30      223
        2     9    186     3330    6     92     1159     30      223
        3     9    186     3330    6     92     1162     31      225
        4     9    186     3330    6     91     1159     30      222
     tot     36    745    13323   24    367     4645    121      893
 


     bravais-lattice index     =            0
     lattice parameter (a_0)   =       6.7413  a.u.
     unit-cell volume          =      74.3030 (a.u.)^3
     number of atoms/cell      =            2
     number of atomic types    =            1
     number of electrons       =         8.00
     number of Kohn-Sham states=            4
     kinetic-energy cutoff     =      60.0000  Ry
     charge density cutoff     =     480.0000  Ry
     convergence threshold     =      1.0E-08
     mixing beta               =       0.7000
     number of iterations used =            8  plain     mixing
     Exchange-correlation      =  SLA  PW   PBE  PBE (1434)
     nstep                     =           50


     celldm(1)=   6.741280  celldm(2)=   0.000000  celldm(3)=   0.000000
     celldm(4)=   0.000000  celldm(5)=   0.000000  celldm(6)=   0.000000

     crystal axes: (cart. coord. in units of a_0)
               a(1) = (  0.000000  0.494975  0.494975 )  
               a(2) = (  0.494975  0.000000  0.494975 )  
               a(3) = (  0.494975  0.494975  0.000000 )  

     reciprocal axes: (cart. coord. in units 2 pi/a_0)
               b(1) = ( -1.010153  1.010153  1.010153 )  
               b(2) = (  1.010153 -1.010153  1.010153 )  
               b(3) = (  1.010153  1.010153 -1.010153 )  


     PseudoPot. # 1 for C  read from file C.pbe-rrkjus.UPF
     Pseudo is Ultrasoft, Zval =  4.0
     Generated by new atomic code, or converted to UPF format
     Using radial grid of  627 points,  4 beta functions with: 
                l(1) =   0
                l(2) =   0
                l(3) =   1
                l(4) =   1
     Q(r) pseudized with 0 coefficients 


     atomic species   valence    mass     pseudopotential
        C              4.00    12.01070     C ( 1.00)

     48 Sym.Ops. (with inversion)


   Cartesian axes

     site n.     atom                  positions (a_0 units)
         1           C   tau(  1) = (   0.0000000   0.0000000   0.0000000  )
         2           C   tau(  2) = (   0.2474874   0.2474874   0.2474874  )

     number of k points=   29
                       cart. coord. in units 2pi/a_0
        k(    1) = (   0.0000000   0.0000000   0.0000000), wk =   0.0039062
        k(    2) = (   0.1262691   0.1262691  -0.1262691), wk =   0.0312500
        k(    3) = (   0.2525381   0.2525381  -0.2525381), wk =   0.0312500
        k(    4) = (   0.3788072   0.3788072  -0.3788072), wk =   0.0312500
        k(    5) = (  -0.5050763  -0.5050763   0.5050763), wk =   0.0156250
        k(    6) = (   0.2525381   0.0000000   0.0000000), wk =   0.0234375
        k(    7) = (   0.3788072   0.1262691  -0.1262691), wk =   0.0937500
        k(    8) = (   0.5050763   0.2525381  -0.2525381), wk =   0.0937500
        k(    9) = (  -0.3788072  -0.6313453   0.6313453), wk =   0.0937500
        k(   10) = (  -0.2525381  -0.5050763   0.5050763), wk =   0.0937500
        k(   11) = (  -0.1262691  -0.3788072   0.3788072), wk =   0.0937500
        k(   12) = (   0.0000000  -0.2525381   0.2525381), wk =   0.0468750
        k(   13) = (   0.5050763   0.0000000   0.0000000), wk =   0.0234375
        k(   14) = (   0.6313453   0.1262691  -0.1262691), wk =   0.0937500
        k(   15) = (  -0.2525381  -0.7576144   0.7576144), wk =   0.0937500
        k(   16) = (  -0.1262691  -0.6313453   0.6313453), wk =   0.0937500
        k(   17) = (   0.0000000  -0.5050763   0.5050763), wk =   0.0468750
        k(   18) = (   0.7576144   0.0000000   0.0000000), wk =   0.0234375
        k(   19) = (  -0.1262691  -0.8838835   0.8838835), wk =   0.0937500
        k(   20) = (   0.0000000  -0.7576144   0.7576144), wk =   0.0468750
        k(   21) = (  -1.0101525   0.0000000   0.0000000), wk =   0.0117188
        k(   22) = (   0.5050763   0.2525381   0.0000000), wk =   0.0937500
        k(   23) = (  -0.3788072  -0.6313453   0.8838835), wk =   0.1875000
        k(   24) = (  -0.2525381  -0.5050763   0.7576144), wk =   0.0937500
        k(   25) = (  -0.2525381  -0.7576144   1.0101525), wk =   0.0937500
        k(   26) = (  -0.1262691  -0.6313453   0.8838835), wk =   0.1875000
        k(   27) = (   0.0000000  -0.5050763   0.7576144), wk =   0.0937500
        k(   28) = (  -1.0101525   0.2525381   0.0000000), wk =   0.0468750
        k(   29) = (  -1.0101525   0.5050763   0.0000000), wk =   0.0234375

     G cutoff =  552.5432  (  13323 G-vectors)     FFT grid: ( 36, 36, 36)
     G cutoff =  276.2716  (   4645 G-vectors)  smooth grid: ( 24, 24, 24)

     Largest allocated arrays     est. size (Mb)     dimensions
        Kohn-Sham Wavefunctions         0.01 Mb     (    155,   4)
        NL pseudopotentials             0.04 Mb     (    155,  16)
        Each V/rho on FFT grid          0.18 Mb     (  11664)
        Each G-vector array             0.03 Mb     (   3333)
        G-vector shells                 0.00 Mb     (    181)
     Largest temporary arrays     est. size (Mb)     dimensions
        Auxiliary wavefunctions         0.04 Mb     (    155,  16)
        Each subspace H/S matrix        0.00 Mb     (     16,  16)
        Each <psi_i|beta_j> matrix      0.00 Mb     (     16,   4)
        Arrays for rho mixing           1.42 Mb     (  11664,   8)

     Initial potential from superposition of free atoms

     starting charge    7.99989, renormalised to    8.00000
     Starting wfc are    8 atomic wfcs

     total cpu time spent up to now is      0.40 secs

     per-process dynamical memory:    54.9 Mb

     Self-consistent Calculation

     iteration #  1     ecut=    60.00 Ry     beta=0.70
     Davidson diagonalization with overlap
     ethr =  1.00E-02,  avg # of iterations =  2.0

     total cpu time spent up to now is      0.75 secs

     total energy              =     -22.76132586 Ry
     Harris-Foulkes estimate   =     -22.81890833 Ry
     estimated scf accuracy    <       0.12651141 Ry

     iteration #  2     ecut=    60.00 Ry     beta=0.70
     Davidson diagonalization with overlap
     ethr =  1.58E-03,  avg # of iterations =  1.0

     total cpu time spent up to now is      0.98 secs

     total energy              =     -22.76947179 Ry
     Harris-Foulkes estimate   =     -22.76991517 Ry
     estimated scf accuracy    <       0.00284705 Ry

     iteration #  3     ecut=    60.00 Ry     beta=0.70
     Davidson diagonalization with overlap
     ethr =  3.56E-05,  avg # of iterations =  2.1

     total cpu time spent up to now is      1.34 secs

     total energy              =     -22.77012254 Ry
     Harris-Foulkes estimate   =     -22.77010696 Ry
     estimated scf accuracy    <       0.00004237 Ry

     iteration #  4     ecut=    60.00 Ry     beta=0.70
     Davidson diagonalization with overlap
     ethr =  5.30E-07,  avg # of iterations =  2.0

     total cpu time spent up to now is      1.69 secs

     total energy              =     -22.77013776 Ry
     Harris-Foulkes estimate   =     -22.77013783 Ry
     estimated scf accuracy    <       0.00000359 Ry

     iteration #  5     ecut=    60.00 Ry     beta=0.70
     Davidson diagonalization with overlap
     ethr =  4.49E-08,  avg # of iterations =  2.1

     total cpu time spent up to now is      2.04 secs

     total energy              =     -22.77013842 Ry
     Harris-Foulkes estimate   =     -22.77013846 Ry
     estimated scf accuracy    <       0.00000014 Ry

     iteration #  6     ecut=    60.00 Ry     beta=0.70
     Davidson diagonalization with overlap
     ethr =  1.75E-09,  avg # of iterations =  1.9

     total cpu time spent up to now is      2.36 secs

     End of self-consistent calculation

          k = 0.0000 0.0000 0.0000 (   561 PWs)   bands (ev):

    -7.9618  13.8596  13.8596  13.8596

          k = 0.1263 0.1263-0.1263 (   576 PWs)   bands (ev):

    -7.5215  11.4012  13.1884  13.1884

          k = 0.2525 0.2525-0.2525 (   576 PWs)   bands (ev):

    -6.2132   7.1523  12.0674  12.0674

          k = 0.3788 0.3788-0.3788 (   595 PWs)   bands (ev):

    -4.1003   2.9903  11.2673  11.2673

          k =-0.5051-0.5051 0.5051 (   580 PWs)   bands (ev):

    -2.0171   0.1894  10.9891  10.9891

          k = 0.2525 0.0000 0.0000 (   568 PWs)   bands (ev):

    -7.3749  12.0827  12.0827  12.5441

          k = 0.3788 0.1263-0.1263 (   580 PWs)   bands (ev):

    -6.3563   8.6851  10.9036  11.8049

          k = 0.5051 0.2525-0.2525 (   588 PWs)   bands (ev):

    -4.5061   4.5850  10.2421  10.6089

          k =-0.3788-0.6313 0.6313 (   586 PWs)   bands (ev):

    -2.0975   1.0508   9.6308  10.2434

          k =-0.2525-0.5051 0.5051 (   585 PWs)   bands (ev):

    -2.9007   2.0921   9.1852  10.8765

          k =-0.1263-0.3788 0.3788 (   583 PWs)   bands (ev):

    -5.2110   5.9621   9.4003  11.9745

          k = 0.0000-0.2525 0.2525 (   576 PWs)   bands (ev):

    -6.7918   9.8194  10.5224  13.0849

          k = 0.5051 0.0000 0.0000 (   576 PWs)   bands (ev):

    -5.6333   9.3346   9.6245   9.6245

          k = 0.6313 0.1263-0.1263 (   589 PWs)   bands (ev):

    -4.0718   6.2459   8.5333   8.8773

          k =-0.2525-0.7576 0.7576 (   579 PWs)   bands (ev):

    -1.8076   2.8934   6.9868   8.8535

          k =-0.1263-0.6313 0.6313 (   581 PWs)   bands (ev):

    -1.0777   2.0557   5.9595   9.5456

          k = 0.0000-0.5051 0.5051 (   590 PWs)   bands (ev):

    -3.4014   5.0441   6.0701  10.7693

          k = 0.7576 0.0000 0.0000 (   584 PWs)   bands (ev):

    -2.8078   5.1966   7.9678   7.9678

          k =-0.1263-0.8839 0.8839 (   588 PWs)   bands (ev):

    -0.8013   3.0741   6.3211   7.7814

          k = 0.0000-0.7576 0.7576 (   588 PWs)   bands (ev):

     0.7558   1.9734   4.2800   8.3542

          k =-1.0102 0.0000 0.0000 (   588 PWs)   bands (ev):

     0.9283   0.9283   7.3953   7.3953

          k = 0.5051 0.2525 0.0000 (   584 PWs)   bands (ev):

    -5.0652   7.2673   8.2212  10.9104

          k =-0.3788-0.6313 0.8839 (   581 PWs)   bands (ev):

    -2.9931   3.8483   7.4569   9.6756

          k =-0.2525-0.5051 0.7576 (   578 PWs)   bands (ev):

    -0.9915   1.2371   7.4347   9.0442

          k =-0.2525-0.7576 1.0102 (   588 PWs)   bands (ev):

    -2.2849   4.7640   6.6913   7.7561

          k =-0.1263-0.6313 0.8839 (   588 PWs)   bands (ev):

    -0.0233   2.5385   5.2469   7.3390

          k = 0.0000-0.5051 0.7576 (   578 PWs)   bands (ev):

    -0.8381   3.3278   4.7660   8.2419

          k =-1.0102 0.2525 0.0000 (   586 PWs)   bands (ev):

     1.2839   1.2839   6.3510   6.3510

          k =-1.0102 0.5051 0.0000 (   604 PWs)   bands (ev):

     1.7698   1.7698   5.3004   5.3004

!    total energy              =     -22.77013844 Ry
     Harris-Foulkes estimate   =     -22.77013844 Ry
     estimated scf accuracy    <          6.4E-10 Ry

     The total energy is the sum of the following terms:

     one-electron contribution =       8.32852361 Ry
     hartree contribution      =       1.90162089 Ry
     xc contribution           =      -7.17023167 Ry
     ewald contribution        =     -25.83005127 Ry

     convergence has been achieved in   6 iterations

     Forces acting on atoms (Ry/au):

     atom   1 type  1   force =     0.00000000    0.00000000    0.00000000
     atom   2 type  1   force =     0.00000000    0.00000000    0.00000000

     Total force =     0.000000     Total SCF correction =     0.000000


     entering subroutine stress ...

          total   stress  (Ry/bohr**3)                   (kbar)     P=  138.39
   0.00094073   0.00000000   0.00000000        138.39      0.00      0.00
   0.00000000   0.00094073   0.00000000          0.00    138.39      0.00
   0.00000000   0.00000000   0.00094073          0.00      0.00    138.39


     BFGS Geometry Optimization

     bfgs converged in   1 scf cycles and   0 bfgs steps
     (criteria: energy < 0.10E-08, force < 0.10E-05)

     End of BFGS Geometry Optimization

     Final energy   =     -22.7701384402 Ry

ATOMIC_POSITIONS (crystal)
C        0.000000000   0.000000000   0.000000000
C        0.250000000   0.250000000   0.250000000



     Writing output data file pwscf.save
 
     PWSCF        :     2.68s CPU time,    3.24s wall time

     init_run     :     0.32s CPU
     electrons    :     1.96s CPU
     forces       :     0.03s CPU
     stress       :     0.12s CPU

     Called by init_run:
     wfcinit      :     0.13s CPU
     potinit      :     0.03s CPU

     Called by electrons:
     c_bands      :     1.43s CPU (       6 calls,   0.239 s avg)
     sum_band     :     0.24s CPU (       6 calls,   0.041 s avg)
     v_of_rho     :     0.14s CPU (       7 calls,   0.020 s avg)
     newd         :     0.03s CPU (       7 calls,   0.004 s avg)
     mix_rho      :     0.00s CPU (       6 calls,   0.000 s avg)

     Called by c_bands:
     init_us_2    :     0.03s CPU (     435 calls,   0.000 s avg)
     cegterg      :     1.38s CPU (     174 calls,   0.008 s avg)

     Called by *egterg:
     h_psi        :     0.52s CPU (     524 calls,   0.001 s avg)
     s_psi        :     0.00s CPU (     524 calls,   0.000 s avg)
     g_psi        :     0.03s CPU (     321 calls,   0.000 s avg)
     cdiaghg      :     0.71s CPU (     495 calls,   0.001 s avg)

     Called by h_psi:
     add_vuspsi   :     0.02s CPU (     524 calls,   0.000 s avg)

     General routines
     calbec       :     0.03s CPU (     756 calls,   0.000 s avg)
     cft3s        :     0.55s CPU (    5025 calls,   0.000 s avg)
     interpolate  :     0.01s CPU (      13 calls,   0.001 s avg)
     davcio       :     0.12s CPU (     609 calls,   0.000 s avg)
 
     Parallel routines
     fft_scatter  :     0.17s CPU (    5025 calls,   0.000 s avg)
