
     Program PWSCF     v.4.1.1  starts ...
     Today is 25Nov2010 at 15:46:16 

     Parallel version (MPI)

     Number of processors in use:       4
     R & G space division:  proc/pool =    4

     For Norm-Conserving or Ultrasoft (Vanderbilt) Pseudopotentials or PAW

     Current dimensions of program pwscf are:
     Max number of different atomic species (ntypx) = 10
     Max number of k-points (npk) =  40000
     Max angular momentum in pseudopotentials (lmaxx) =  3
     Waiting for input...
     file C.pbe-rrkjus.UPF: wavefunction(s)  2S 2P renormalized

     Subspace diagonalization in iterative solution of the eigenvalue problem:
     a parallel distributed memory algorithm will be used,
     eigenstates matrixes will be distributed block like on
     ortho sub-group =    2*   2 procs

     warning: symmetry operation #  2 not compatible with FFT grid. 
   0   1  -1
   1   0  -1
   0   0  -1
     warning: symmetry operation #  3 not compatible with FFT grid. 
   0  -1   1
   0  -1   0
   1  -1   0
     warning: symmetry operation #  4 not compatible with FFT grid. 
  -1   0   0
  -1   0   1
  -1   1   0
     warning: symmetry operation #  5 not compatible with FFT grid. 
  -1   0   1
   0  -1   1
   0   0   1
     warning: symmetry operation #  7 not compatible with FFT grid. 
   0   1   0
   0   1  -1
  -1   1   0
     warning: symmetry operation #  8 not compatible with FFT grid. 
   1   0  -1
   1   0   0
   1  -1   0
     warning: symmetry operation # 10 not compatible with FFT grid. 
   0  -1   1
  -1   0   1
   0   0   1
     warning: symmetry operation # 11 not compatible with FFT grid. 
   0   1  -1
   0   1   0
  -1   1   0
     warning: symmetry operation # 12 not compatible with FFT grid. 
   1   0   0
   1   0  -1
   1  -1   0
     warning: symmetry operation # 13 not compatible with FFT grid. 
   1   0  -1
   0   1  -1
   0   0  -1
     warning: symmetry operation # 15 not compatible with FFT grid. 
   0  -1   0
   0  -1   1
   1  -1   0
     warning: symmetry operation # 16 not compatible with FFT grid. 
  -1   0   1
  -1   0   0
  -1   1   0

     Planes per process (thick) : nr3 = 32 npp =   8 ncplane = 1296
     Planes per process (smooth): nr3s= 22 npps=   6 ncplanes=  576
 
     Proc/  planes cols     G    planes cols    G      columns  G
     Pool       (dense grid)       (smooth grid)      (wavefct grid)
        1     8    170     2917    6     86     1039     29      205
        2     8    170     2917    6     85     1034     29      205
        3     8    170     2917    5     85     1039     29      206
        4     8    169     2916    5     85     1033     30      205
     tot     32    679    11667   22    341     4145    117      821
 


     bravais-lattice index     =            0
     lattice parameter (a_0)   =       6.7413  a.u.
     unit-cell volume          =      65.8666 (a.u.)^3
     number of atoms/cell      =            2
     number of atomic types    =            1
     number of electrons       =         8.00
     number of Kohn-Sham states=            4
     kinetic-energy cutoff     =      60.0000  Ry
     charge density cutoff     =     480.0000  Ry
     convergence threshold     =      1.0E-08
     mixing beta               =       0.7000
     number of iterations used =            8  plain     mixing
     Exchange-correlation      =  SLA  PW   PBE  PBE (1434)
     nstep                     =           50


     celldm(1)=   6.741280  celldm(2)=   0.000000  celldm(3)=   0.000000
     celldm(4)=   0.000000  celldm(5)=   0.000000  celldm(6)=   0.000000

     crystal axes: (cart. coord. in units of a_0)
               a(1) = (  0.000000  0.463681  0.500000 )  
               a(2) = (  0.463681  0.000000  0.500000 )  
               a(3) = (  0.463681  0.463681  0.000000 )  

     reciprocal axes: (cart. coord. in units 2 pi/a_0)
               b(1) = ( -1.078328  1.078328  1.000000 )  
               b(2) = (  1.078328 -1.078328  1.000000 )  
               b(3) = (  1.078328  1.078328 -1.000000 )  


     PseudoPot. # 1 for C  read from file C.pbe-rrkjus.UPF
     Pseudo is Ultrasoft, Zval =  4.0
     Generated by new atomic code, or converted to UPF format
     Using radial grid of  627 points,  4 beta functions with: 
                l(1) =   0
                l(2) =   0
                l(3) =   1
                l(4) =   1
     Q(r) pseudized with 0 coefficients 


     atomic species   valence    mass     pseudopotential
        C              4.00    12.01070     C ( 1.00)

      4 Sym.Ops. (with inversion)


   Cartesian axes

     site n.     atom                  positions (a_0 units)
         1           C   tau(  1) = (   0.0000000   0.0000000   0.0000000  )
         2           C   tau(  2) = (   0.2318405   0.2318405   0.2500000  )

     number of k points=  150
                       cart. coord. in units 2pi/a_0
        k(    1) = (   0.0000000   0.0000000   0.0000000), wk =   0.0039062
        k(    2) = (   0.1347910   0.1347910  -0.1250000), wk =   0.0078125
        k(    3) = (   0.2695819   0.2695819  -0.2500000), wk =   0.0078125
        k(    4) = (   0.4043729   0.4043729  -0.3750000), wk =   0.0078125
        k(    5) = (  -0.5391639  -0.5391639   0.5000000), wk =   0.0039062
        k(    6) = (   0.2695819   0.0000000   0.0000000), wk =   0.0156250
        k(    7) = (   0.4043729   0.1347910  -0.1250000), wk =   0.0156250
        k(    8) = (   0.5391639   0.2695819  -0.2500000), wk =   0.0156250
        k(    9) = (  -0.4043729  -0.6739548   0.6250000), wk =   0.0156250
        k(   10) = (  -0.2695819  -0.5391639   0.5000000), wk =   0.0156250
        k(   11) = (  -0.1347910  -0.4043729   0.3750000), wk =   0.0156250
        k(   12) = (   0.0000000  -0.2695819   0.2500000), wk =   0.0156250
        k(   13) = (   0.5391639   0.0000000   0.0000000), wk =   0.0156250
        k(   14) = (   0.6739548   0.1347910  -0.1250000), wk =   0.0156250
        k(   15) = (  -0.2695819  -0.8087458   0.7500000), wk =   0.0156250
        k(   16) = (  -0.1347910  -0.6739548   0.6250000), wk =   0.0156250
        k(   17) = (   0.0000000  -0.5391639   0.5000000), wk =   0.0156250
        k(   18) = (   0.8087458   0.0000000   0.0000000), wk =   0.0156250
        k(   19) = (  -0.1347910  -0.9435368   0.8750000), wk =   0.0156250
        k(   20) = (   0.0000000  -0.8087458   0.7500000), wk =   0.0156250
        k(   21) = (  -1.0783277   0.0000000   0.0000000), wk =   0.0078125
        k(   22) = (   0.0000000   0.0000000   0.2500000), wk =   0.0078125
        k(   23) = (   0.2695819   0.2695819   0.0000000), wk =   0.0078125
        k(   24) = (   0.4043729   0.4043729  -0.1250000), wk =   0.0078125
        k(   25) = (  -0.5391639  -0.5391639   0.7500000), wk =   0.0078125
        k(   26) = (  -0.4043729  -0.4043729   0.6250000), wk =   0.0078125
        k(   27) = (  -0.2695819  -0.2695819   0.5000000), wk =   0.0078125
        k(   28) = (  -0.1347910  -0.1347910   0.3750000), wk =   0.0078125
        k(   29) = (   0.5391639   0.2695819   0.0000000), wk =   0.0156250
        k(   30) = (  -0.4043729  -0.6739548   0.8750000), wk =   0.0156250
        k(   31) = (  -0.2695819  -0.5391639   0.7500000), wk =   0.0156250
        k(   32) = (  -0.1347910  -0.4043729   0.6250000), wk =   0.0156250
        k(   33) = (   0.0000000  -0.2695819   0.5000000), wk =   0.0156250
        k(   34) = (   0.5391639   0.0000000   0.2500000), wk =   0.0156250
        k(   35) = (  -0.2695819  -0.8087458   1.0000000), wk =   0.0156250
        k(   36) = (  -0.1347910  -0.6739548   0.8750000), wk =   0.0156250
        k(   37) = (   0.0000000  -0.5391639   0.7500000), wk =   0.0156250
        k(   38) = (  -0.4043729   0.9435368  -0.6250000), wk =   0.0156250
        k(   39) = (  -0.2695819   1.0783277  -0.7500000), wk =   0.0156250
        k(   40) = (  -1.0783277   0.2695819   0.0000000), wk =   0.0156250
        k(   41) = (  -0.2695819   0.8087458  -0.5000000), wk =   0.0156250
        k(   42) = (  -0.1347910   0.9435368  -0.6250000), wk =   0.0156250
        k(   43) = (  -1.0783277   0.0000000   0.2500000), wk =   0.0156250
        k(   44) = (   0.0000000   0.8087458  -0.5000000), wk =   0.0156250
        k(   45) = (   0.0000000   0.0000000   0.5000000), wk =   0.0078125
        k(   46) = (  -0.5391639  -0.5391639   1.0000000), wk =   0.0078125
        k(   47) = (  -0.4043729  -0.4043729   0.8750000), wk =   0.0078125
        k(   48) = (  -0.2695819  -0.2695819   0.7500000), wk =   0.0078125
        k(   49) = (  -0.1347910  -0.1347910   0.6250000), wk =   0.0078125
        k(   50) = (  -0.2695819  -0.5391639   1.0000000), wk =   0.0156250
        k(   51) = (  -0.1347910  -0.4043729   0.8750000), wk =   0.0156250
        k(   52) = (   0.0000000  -0.2695819   0.7500000), wk =   0.0156250
        k(   53) = (  -1.0783277   0.5391639   0.0000000), wk =   0.0156250
        k(   54) = (  -1.0783277   0.0000000   0.5000000), wk =   0.0078125
        k(   55) = (   0.0000000   0.0000000   0.7500000), wk =   0.0078125
        k(   56) = (  -0.2695819  -0.2695819   1.0000000), wk =   0.0078125
        k(   57) = (  -0.1347910  -0.1347910   0.8750000), wk =   0.0078125
        k(   58) = (  -1.0783277   0.8087458   0.0000000), wk =   0.0156250
        k(   59) = (   0.0000000   0.0000000  -1.0000000), wk =   0.0039062
        k(   60) = (   0.1347910   0.1347910   0.1250000), wk =   0.0078125
        k(   61) = (   0.1347910  -0.1347910  -0.1250000), wk =   0.0156250
        k(   62) = (   0.2695819   0.2695819   0.2500000), wk =   0.0078125
        k(   63) = (   0.2695819  -0.2695819  -0.2500000), wk =   0.0156250
        k(   64) = (   0.4043729   0.4043729   0.3750000), wk =   0.0078125
        k(   65) = (   0.4043729  -0.4043729  -0.3750000), wk =   0.0156250
        k(   66) = (  -0.5391639  -0.5391639  -0.5000000), wk =   0.0039062
        k(   67) = (  -0.5391639   0.5391639   0.5000000), wk =   0.0078125
        k(   68) = (   0.1347910   0.4043729   0.1250000), wk =   0.0156250
        k(   69) = (   0.1347910  -0.4043729  -0.1250000), wk =   0.0156250
        k(   70) = (  -0.1347910   0.4043729  -0.1250000), wk =   0.0156250
        k(   71) = (   0.2695819   0.5391639   0.2500000), wk =   0.0156250
        k(   72) = (   0.2695819  -0.5391639  -0.2500000), wk =   0.0156250
        k(   73) = (  -0.2695819   0.5391639  -0.2500000), wk =   0.0156250
        k(   74) = (  -0.6739548  -0.4043729  -0.6250000), wk =   0.0156250
        k(   75) = (  -0.6739548   0.4043729   0.6250000), wk =   0.0156250
        k(   76) = (   0.6739548  -0.4043729   0.6250000), wk =   0.0156250
        k(   77) = (  -0.5391639  -0.2695819  -0.5000000), wk =   0.0156250
        k(   78) = (  -0.5391639   0.2695819   0.5000000), wk =   0.0156250
        k(   79) = (   0.5391639  -0.2695819   0.5000000), wk =   0.0156250
        k(   80) = (  -0.4043729  -0.1347910  -0.3750000), wk =   0.0156250
        k(   81) = (  -0.4043729   0.1347910   0.3750000), wk =   0.0156250
        k(   82) = (   0.4043729  -0.1347910   0.3750000), wk =   0.0156250
        k(   83) = (  -0.2695819   0.0000000  -0.2500000), wk =   0.0156250
        k(   84) = (   0.1347910   0.6739548   0.1250000), wk =   0.0156250
        k(   85) = (   0.1347910  -0.6739548  -0.1250000), wk =   0.0156250
        k(   86) = (  -0.1347910   0.6739548  -0.1250000), wk =   0.0156250
        k(   87) = (  -0.8087458  -0.2695819  -0.7500000), wk =   0.0156250
        k(   88) = (  -0.8087458   0.2695819   0.7500000), wk =   0.0156250
        k(   89) = (   0.8087458  -0.2695819   0.7500000), wk =   0.0156250
        k(   90) = (  -0.6739548  -0.1347910  -0.6250000), wk =   0.0156250
        k(   91) = (  -0.6739548   0.1347910   0.6250000), wk =   0.0156250
        k(   92) = (   0.6739548  -0.1347910   0.6250000), wk =   0.0156250
        k(   93) = (  -0.5391639   0.0000000  -0.5000000), wk =   0.0156250
        k(   94) = (  -0.9435368  -0.1347910  -0.8750000), wk =   0.0156250
        k(   95) = (  -0.9435368   0.1347910   0.8750000), wk =   0.0156250
        k(   96) = (   0.9435368  -0.1347910   0.8750000), wk =   0.0156250
        k(   97) = (  -0.8087458   0.0000000  -0.7500000), wk =   0.0156250
        k(   98) = (   0.2695819  -0.2695819   0.0000000), wk =   0.0078125
        k(   99) = (   0.4043729   0.4043729   0.1250000), wk =   0.0078125
        k(  100) = (   0.4043729  -0.4043729  -0.1250000), wk =   0.0156250
        k(  101) = (  -0.5391639  -0.5391639  -0.7500000), wk =   0.0078125
        k(  102) = (  -0.5391639   0.5391639   0.7500000), wk =   0.0156250
        k(  103) = (  -0.4043729  -0.4043729  -0.6250000), wk =   0.0078125
        k(  104) = (  -0.4043729   0.4043729   0.6250000), wk =   0.0156250
        k(  105) = (  -0.2695819  -0.2695819  -0.5000000), wk =   0.0078125
        k(  106) = (  -0.2695819   0.2695819   0.5000000), wk =   0.0156250
        k(  107) = (  -0.1347910  -0.1347910  -0.3750000), wk =   0.0078125
        k(  108) = (  -0.1347910   0.1347910   0.3750000), wk =   0.0156250
        k(  109) = (   0.2695819  -0.5391639   0.0000000), wk =   0.0156250
        k(  110) = (  -0.6739548  -0.4043729  -0.8750000), wk =   0.0156250
        k(  111) = (  -0.6739548   0.4043729   0.8750000), wk =   0.0156250
        k(  112) = (   0.6739548  -0.4043729   0.8750000), wk =   0.0156250
        k(  113) = (  -0.5391639  -0.2695819  -0.7500000), wk =   0.0156250
        k(  114) = (  -0.5391639   0.2695819   0.7500000), wk =   0.0156250
        k(  115) = (   0.5391639  -0.2695819   0.7500000), wk =   0.0156250
        k(  116) = (  -0.4043729  -0.1347910  -0.6250000), wk =   0.0156250
        k(  117) = (  -0.4043729   0.1347910   0.6250000), wk =   0.0156250
        k(  118) = (   0.4043729  -0.1347910   0.6250000), wk =   0.0156250
        k(  119) = (  -0.2695819   0.0000000  -0.5000000), wk =   0.0156250
        k(  120) = (   0.0000000   0.5391639  -0.2500000), wk =   0.0156250
        k(  121) = (  -0.8087458   0.2695819   1.0000000), wk =   0.0156250
        k(  122) = (  -0.6739548  -0.1347910  -0.8750000), wk =   0.0156250
        k(  123) = (  -0.6739548   0.1347910   0.8750000), wk =   0.0156250
        k(  124) = (   0.6739548  -0.1347910   0.8750000), wk =   0.0156250
        k(  125) = (  -0.5391639   0.0000000  -0.7500000), wk =   0.0156250
        k(  126) = (   0.9435368  -0.4043729   0.6250000), wk =   0.0156250
        k(  127) = (   0.9435368   0.4043729  -0.6250000), wk =   0.0156250
        k(  128) = (  -0.9435368  -0.4043729  -0.6250000), wk =   0.0156250
        k(  129) = (   1.0783277  -0.2695819   0.7500000), wk =   0.0156250
        k(  130) = (   0.8087458   0.2695819  -0.5000000), wk =   0.0078125
        k(  131) = (  -0.8087458  -0.2695819  -0.5000000), wk =   0.0078125
        k(  132) = (   0.9435368  -0.1347910   0.6250000), wk =   0.0156250
        k(  133) = (   0.9435368   0.1347910  -0.6250000), wk =   0.0156250
        k(  134) = (  -0.9435368  -0.1347910  -0.6250000), wk =   0.0156250
        k(  135) = (   0.8087458   0.0000000   0.5000000), wk =   0.0156250
        k(  136) = (  -0.5391639   0.5391639   1.0000000), wk =   0.0078125
        k(  137) = (  -0.4043729  -0.4043729  -0.8750000), wk =   0.0078125
        k(  138) = (  -0.4043729   0.4043729   0.8750000), wk =   0.0156250
        k(  139) = (  -0.2695819  -0.2695819  -0.7500000), wk =   0.0078125
        k(  140) = (  -0.2695819   0.2695819   0.7500000), wk =   0.0156250
        k(  141) = (  -0.1347910  -0.1347910  -0.6250000), wk =   0.0078125
        k(  142) = (  -0.1347910   0.1347910   0.6250000), wk =   0.0156250
        k(  143) = (  -0.5391639   0.2695819   1.0000000), wk =   0.0156250
        k(  144) = (  -0.4043729  -0.1347910  -0.8750000), wk =   0.0156250
        k(  145) = (  -0.4043729   0.1347910   0.8750000), wk =   0.0156250
        k(  146) = (   0.4043729  -0.1347910   0.8750000), wk =   0.0156250
        k(  147) = (  -0.2695819   0.0000000  -0.7500000), wk =   0.0156250
        k(  148) = (  -0.2695819   0.2695819   1.0000000), wk =   0.0078125
        k(  149) = (  -0.1347910  -0.1347910  -0.8750000), wk =   0.0078125
        k(  150) = (  -0.1347910   0.1347910   0.8750000), wk =   0.0156250

     G cutoff =  552.5432  (  11667 G-vectors)     FFT grid: ( 36, 36, 32)
     G cutoff =  276.2716  (   4145 G-vectors)  smooth grid: ( 24, 24, 22)

     Largest allocated arrays     est. size (Mb)     dimensions
        Kohn-Sham Wavefunctions         0.01 Mb     (    139,   4)
        NL pseudopotentials             0.03 Mb     (    139,  16)
        Each V/rho on FFT grid          0.16 Mb     (  10368)
        Each G-vector array             0.02 Mb     (   2917)
        G-vector shells                 0.01 Mb     (    740)
     Largest temporary arrays     est. size (Mb)     dimensions
        Auxiliary wavefunctions         0.03 Mb     (    139,  16)
        Each subspace H/S matrix        0.00 Mb     (     16,  16)
        Each <psi_i|beta_j> matrix      0.00 Mb     (     16,   4)
        Arrays for rho mixing           1.27 Mb     (  10368,   8)

     Initial potential from superposition of free atoms

     starting charge    7.99989, renormalised to    8.00000
     Starting wfc are    8 atomic wfcs

     total cpu time spent up to now is      0.98 secs

     per-process dynamical memory:    54.7 Mb

     Self-consistent Calculation

     iteration #  1     ecut=    60.00 Ry     beta=0.70
     Davidson diagonalization with overlap
     ethr =  1.00E-02,  avg # of iterations =  2.0

     total cpu time spent up to now is      2.51 secs

     total energy              =     -22.72234973 Ry
     Harris-Foulkes estimate   =     -22.80015288 Ry
     estimated scf accuracy    <       0.16181599 Ry

     iteration #  2     ecut=    60.00 Ry     beta=0.70
     Davidson diagonalization with overlap
     ethr =  2.02E-03,  avg # of iterations =  1.0

     total cpu time spent up to now is      3.58 secs

     total energy              =     -22.73276752 Ry
     Harris-Foulkes estimate   =     -22.73350685 Ry
     estimated scf accuracy    <       0.00336151 Ry

     iteration #  3     ecut=    60.00 Ry     beta=0.70
     Davidson diagonalization with overlap
     ethr =  4.20E-05,  avg # of iterations =  2.1

     total cpu time spent up to now is      5.30 secs

     total energy              =     -22.73366374 Ry
     Harris-Foulkes estimate   =     -22.73365204 Ry
     estimated scf accuracy    <       0.00004306 Ry

     iteration #  4     ecut=    60.00 Ry     beta=0.70
     Davidson diagonalization with overlap
     ethr =  5.38E-07,  avg # of iterations =  2.0

     total cpu time spent up to now is      7.01 secs

     total energy              =     -22.73368092 Ry
     Harris-Foulkes estimate   =     -22.73368063 Ry
     estimated scf accuracy    <       0.00000410 Ry

     iteration #  5     ecut=    60.00 Ry     beta=0.70
     Davidson diagonalization with overlap
     ethr =  5.13E-08,  avg # of iterations =  2.0

     total cpu time spent up to now is      8.69 secs

     total energy              =     -22.73368161 Ry
     Harris-Foulkes estimate   =     -22.73368165 Ry
     estimated scf accuracy    <       0.00000016 Ry

     iteration #  6     ecut=    60.00 Ry     beta=0.70
     Davidson diagonalization with overlap
     ethr =  1.96E-09,  avg # of iterations =  1.9

     total cpu time spent up to now is     10.18 secs

     End of self-consistent calculation

          k = 0.0000 0.0000 0.0000 (   541 PWs)   bands (ev):

    -7.3415  15.2784  16.6496  16.6496

          k = 0.1348 0.1348-0.1250 (   526 PWs)   bands (ev):

    -6.8630  13.3740  15.0628  15.9411

          k = 0.2696 0.2696-0.2500 (   518 PWs)   bands (ev):

    -5.4381   8.8923  13.5612  14.8274

          k = 0.4044 0.4044-0.3750 (   512 PWs)   bands (ev):

    -3.1149   4.3655  12.5451  14.0723

          k =-0.5392-0.5392 0.5000 (   516 PWs)   bands (ev):

    -0.6245   1.1002  12.1902  13.8173

          k = 0.2696 0.0000 0.0000 (   527 PWs)   bands (ev):

    -6.6717  13.5187  14.3824  15.3486

          k = 0.4044 0.1348-0.1250 (   516 PWs)   bands (ev):

    -5.5317  10.4366  12.5513  14.4613

          k = 0.5392 0.2696-0.2500 (   524 PWs)   bands (ev):

    -3.4770   5.9958  11.6485  13.2826

          k =-0.4044-0.6740 0.6250 (   520 PWs)   bands (ev):

    -0.7296   2.0698  11.3342  12.4577

          k =-0.2696-0.5392 0.5000 (   517 PWs)   bands (ev):

    -1.8625   3.5025  11.2434  12.6592

          k =-0.1348-0.4044 0.3750 (   522 PWs)   bands (ev):

    -4.4063   7.7536  11.5151  13.7618

          k = 0.0000-0.2696 0.2500 (   525 PWs)   bands (ev):

    -6.1013  11.7571  12.7904  15.0741

          k = 0.5392 0.0000 0.0000 (   520 PWs)   bands (ev):

    -4.6823  10.9235  11.3625  12.0759

          k = 0.6740 0.1348-0.1250 (   518 PWs)   bands (ev):

    -2.9170   7.9257  10.1844  10.8522

          k =-0.2696-0.8087 0.7500 (   515 PWs)   bands (ev):

    -0.3595   4.1443   9.0928  10.2583

          k =-0.1348-0.6740 0.6250 (   516 PWs)   bands (ev):

     0.1549   3.5545   7.9530  10.9317

          k = 0.0000-0.5392 0.5000 (   516 PWs)   bands (ev):

    -2.4765   6.9788   7.9263  12.2734

          k = 0.8087 0.0000 0.0000 (   512 PWs)   bands (ev):

    -1.4511   7.6157   9.1466   9.3333

          k =-0.1348-0.9435 0.8750 (   520 PWs)   bands (ev):

     0.8289   5.1636   7.5198   9.0088

          k = 0.0000-0.8087 0.7500 (   515 PWs)   bands (ev):

     2.4234   3.8745   5.5062   9.6073

          k =-1.0783 0.0000 0.0000 (   516 PWs)   bands (ev):

     2.8138   2.8138   8.5810   8.5810

          k = 0.0000 0.0000 0.2500 (   541 PWs)   bands (ev):

    -6.7679  13.8679  14.6768  14.6768

          k = 0.2696 0.2696 0.0000 (   515 PWs)   bands (ev):

    -6.0054  11.8138  11.8386  15.9940

          k = 0.4044 0.4044-0.1250 (   522 PWs)   bands (ev):

    -4.2180   7.3327  10.6679  14.8901

          k =-0.5392-0.5392 0.7500 (   514 PWs)   bands (ev):

    -1.6056   3.0988  10.2442  13.7230

          k =-0.4044-0.4044 0.6250 (   515 PWs)   bands (ev):

    -1.0321   2.3547  10.6180  12.9814

          k =-0.2696-0.2696 0.5000 (   519 PWs)   bands (ev):

    -3.7558   6.3540  11.7171  12.8722

          k =-0.1348-0.1348 0.3750 (   532 PWs)   bands (ev):

    -5.7224  10.6775  13.2858  13.4706

          k = 0.5392 0.2696 0.0000 (   518 PWs)   bands (ev):

    -4.0299   8.9025   9.3109  13.6456

          k =-0.4044-0.6740 0.8750 (   514 PWs)   bands (ev):

    -1.6684   4.9465   8.5341  12.2611

          k =-0.2696-0.5392 0.7500 (   515 PWs)   bands (ev):

     0.3738   2.3373   8.6725  11.1990

          k =-0.1348-0.4044 0.6250 (   520 PWs)   bands (ev):

    -2.2037   5.6457   9.2887  11.1629

          k = 0.0000-0.2696 0.5000 (   519 PWs)   bands (ev):

    -4.4057   9.1347  10.4691  12.3834

          k = 0.5392 0.0000 0.2500 (   520 PWs)   bands (ev):

    -4.1240   9.1586  10.0254  12.9829

          k =-0.2696-0.8087 1.0000 (   517 PWs)   bands (ev):

    -0.8460   6.5292   7.6265   9.6221

          k =-0.1348-0.6740 0.8750 (   515 PWs)   bands (ev):

     1.6775   3.8128   6.7386   8.5757

          k = 0.0000-0.5392 0.7500 (   512 PWs)   bands (ev):

     0.1353   5.2247   6.5627   9.2400

          k =-0.4044 0.9435-0.6250 (   513 PWs)   bands (ev):

    -1.8431   5.4071   9.4590  11.4998

          k =-0.2696 1.0783-0.7500 (   516 PWs)   bands (ev):

    -0.9302   6.8691   8.1528   9.3060

          k =-1.0783 0.2696 0.0000 (   520 PWs)   bands (ev):

     3.1871   3.1871   7.3446   7.3446

          k =-0.2696 0.8087-0.5000 (   514 PWs)   bands (ev):

     0.5347   2.3587   9.7439  10.5480

          k =-0.1348 0.9435-0.6250 (   509 PWs)   bands (ev):

     1.6406   4.1464   6.9482   8.7956

          k =-1.0783 0.0000 0.2500 (   510 PWs)   bands (ev):

     3.1778   3.1778   7.6233   7.6233

          k = 0.0000 0.8087-0.5000 (   508 PWs)   bands (ev):

     0.5493   5.2277   6.2714   9.9127

          k = 0.0000 0.0000 0.5000 (   520 PWs)   bands (ev):

    -5.0608  10.3384  12.1087  12.1087

          k =-0.5392-0.5392 1.0000 (   519 PWs)   bands (ev):

    -2.1169   6.2461   6.8528  13.6324

          k =-0.4044-0.4044 0.8750 (   518 PWs)   bands (ev):

     0.4990   2.8742   6.6982  12.2685

          k =-0.2696-0.2696 0.7500 (   517 PWs)   bands (ev):

    -1.0442   4.5858   7.7968  11.4407

          k =-0.1348-0.1348 0.6250 (   519 PWs)   bands (ev):

    -3.4732   7.7955  10.0342  11.3761

          k =-0.2696-0.5392 1.0000 (   513 PWs)   bands (ev):

     0.8005   4.3591   5.3992  10.6667

          k =-0.1348-0.4044 0.8750 (   521 PWs)   bands (ev):

     0.8924   3.9990   6.3242   9.5227

          k = 0.0000-0.2696 0.7500 (   514 PWs)   bands (ev):

    -1.6474   5.9829   8.9182   9.5067

          k =-1.0783 0.5392 0.0000 (   526 PWs)   bands (ev):

     3.1770   3.1770   6.6544   6.6544

          k =-1.0783 0.0000 0.5000 (   508 PWs)   bands (ev):

     3.6991   3.6991   6.6025   6.6025

          k = 0.0000 0.0000 0.7500 (   504 PWs)   bands (ev):

    -2.2710   5.8794  10.4173  10.4173

          k =-0.2696-0.2696 1.0000 (   514 PWs)   bands (ev):

     2.0441   2.6848   5.4306  10.9327

          k =-0.1348-0.1348 0.8750 (   512 PWs)   bands (ev):

    -0.2087   3.8200   8.3769  10.2610

          k =-1.0783 0.8087 0.0000 (   512 PWs)   bands (ev):

     1.9978   1.9978   8.4927   8.4927

          k = 0.0000 0.0000-1.0000 (   508 PWs)   bands (ev):

     1.4738   1.4738   9.8373   9.8373

          k = 0.1348 0.1348 0.1250 (   526 PWs)   bands (ev):

    -6.8630  13.3740  15.0628  15.9411

          k = 0.1348-0.1348-0.1250 (   526 PWs)   bands (ev):

    -6.8630  13.3740  15.0628  15.9411

          k = 0.2696 0.2696 0.2500 (   518 PWs)   bands (ev):

    -5.4381   8.8923  13.5612  14.8274

          k = 0.2696-0.2696-0.2500 (   518 PWs)   bands (ev):

    -5.4381   8.8923  13.5612  14.8274

          k = 0.4044 0.4044 0.3750 (   512 PWs)   bands (ev):

    -3.1149   4.3655  12.5451  14.0723

          k = 0.4044-0.4044-0.3750 (   512 PWs)   bands (ev):

    -3.1149   4.3655  12.5451  14.0723

          k =-0.5392-0.5392-0.5000 (   516 PWs)   bands (ev):

    -0.6245   1.1002  12.1902  13.8173

          k =-0.5392 0.5392 0.5000 (   516 PWs)   bands (ev):

    -0.6245   1.1002  12.1902  13.8173

          k = 0.1348 0.4044 0.1250 (   516 PWs)   bands (ev):

    -5.5317  10.4366  12.5513  14.4613

          k = 0.1348-0.4044-0.1250 (   516 PWs)   bands (ev):

    -5.5317  10.4366  12.5513  14.4613

          k =-0.1348 0.4044-0.1250 (   516 PWs)   bands (ev):

    -5.5317  10.4366  12.5513  14.4613

          k = 0.2696 0.5392 0.2500 (   524 PWs)   bands (ev):

    -3.4770   5.9958  11.6485  13.2826

          k = 0.2696-0.5392-0.2500 (   524 PWs)   bands (ev):

    -3.4770   5.9958  11.6485  13.2826

          k =-0.2696 0.5392-0.2500 (   524 PWs)   bands (ev):

    -3.4770   5.9958  11.6485  13.2826

          k =-0.6740-0.4044-0.6250 (   520 PWs)   bands (ev):

    -0.7296   2.0698  11.3342  12.4577

          k =-0.6740 0.4044 0.6250 (   520 PWs)   bands (ev):

    -0.7296   2.0698  11.3342  12.4577

          k = 0.6740-0.4044 0.6250 (   520 PWs)   bands (ev):

    -0.7296   2.0698  11.3342  12.4577

          k =-0.5392-0.2696-0.5000 (   517 PWs)   bands (ev):

    -1.8625   3.5025  11.2434  12.6592

          k =-0.5392 0.2696 0.5000 (   517 PWs)   bands (ev):

    -1.8625   3.5025  11.2434  12.6592

          k = 0.5392-0.2696 0.5000 (   517 PWs)   bands (ev):

    -1.8625   3.5025  11.2434  12.6592

          k =-0.4044-0.1348-0.3750 (   522 PWs)   bands (ev):

    -4.4063   7.7536  11.5151  13.7618

          k =-0.4044 0.1348 0.3750 (   522 PWs)   bands (ev):

    -4.4063   7.7536  11.5151  13.7618

          k = 0.4044-0.1348 0.3750 (   522 PWs)   bands (ev):

    -4.4063   7.7536  11.5151  13.7618

          k =-0.2696 0.0000-0.2500 (   525 PWs)   bands (ev):

    -6.1013  11.7571  12.7904  15.0741

          k = 0.1348 0.6740 0.1250 (   518 PWs)   bands (ev):

    -2.9170   7.9257  10.1844  10.8522

          k = 0.1348-0.6740-0.1250 (   518 PWs)   bands (ev):

    -2.9170   7.9257  10.1844  10.8522

          k =-0.1348 0.6740-0.1250 (   518 PWs)   bands (ev):

    -2.9170   7.9257  10.1844  10.8522

          k =-0.8087-0.2696-0.7500 (   515 PWs)   bands (ev):

    -0.3595   4.1443   9.0928  10.2583

          k =-0.8087 0.2696 0.7500 (   515 PWs)   bands (ev):

    -0.3595   4.1443   9.0928  10.2583

          k = 0.8087-0.2696 0.7500 (   515 PWs)   bands (ev):

    -0.3595   4.1443   9.0928  10.2583

          k =-0.6740-0.1348-0.6250 (   516 PWs)   bands (ev):

     0.1549   3.5545   7.9530  10.9317

          k =-0.6740 0.1348 0.6250 (   516 PWs)   bands (ev):

     0.1549   3.5545   7.9530  10.9317

          k = 0.6740-0.1348 0.6250 (   516 PWs)   bands (ev):

     0.1549   3.5545   7.9530  10.9317

          k =-0.5392 0.0000-0.5000 (   516 PWs)   bands (ev):

    -2.4765   6.9788   7.9263  12.2734

          k =-0.9435-0.1348-0.8750 (   520 PWs)   bands (ev):

     0.8289   5.1636   7.5198   9.0088

          k =-0.9435 0.1348 0.8750 (   520 PWs)   bands (ev):

     0.8289   5.1636   7.5198   9.0088

          k = 0.9435-0.1348 0.8750 (   520 PWs)   bands (ev):

     0.8289   5.1636   7.5198   9.0088

          k =-0.8087 0.0000-0.7500 (   515 PWs)   bands (ev):

     2.4234   3.8745   5.5062   9.6073

          k = 0.2696-0.2696 0.0000 (   515 PWs)   bands (ev):

    -6.0054  11.8138  11.8386  15.9940

          k = 0.4044 0.4044 0.1250 (   522 PWs)   bands (ev):

    -4.2180   7.3327  10.6679  14.8901

          k = 0.4044-0.4044-0.1250 (   522 PWs)   bands (ev):

    -4.2180   7.3327  10.6679  14.8901

          k =-0.5392-0.5392-0.7500 (   514 PWs)   bands (ev):

    -1.6056   3.0988  10.2442  13.7230

          k =-0.5392 0.5392 0.7500 (   514 PWs)   bands (ev):

    -1.6056   3.0988  10.2442  13.7230

          k =-0.4044-0.4044-0.6250 (   515 PWs)   bands (ev):

    -1.0321   2.3547  10.6180  12.9814

          k =-0.4044 0.4044 0.6250 (   515 PWs)   bands (ev):

    -1.0321   2.3547  10.6180  12.9814

          k =-0.2696-0.2696-0.5000 (   519 PWs)   bands (ev):

    -3.7558   6.3540  11.7171  12.8722

          k =-0.2696 0.2696 0.5000 (   519 PWs)   bands (ev):

    -3.7558   6.3540  11.7171  12.8722

          k =-0.1348-0.1348-0.3750 (   532 PWs)   bands (ev):

    -5.7224  10.6775  13.2858  13.4706

          k =-0.1348 0.1348 0.3750 (   532 PWs)   bands (ev):

    -5.7224  10.6775  13.2858  13.4706

          k = 0.2696-0.5392 0.0000 (   518 PWs)   bands (ev):

    -4.0299   8.9025   9.3109  13.6456

          k =-0.6740-0.4044-0.8750 (   514 PWs)   bands (ev):

    -1.6684   4.9465   8.5341  12.2611

          k =-0.6740 0.4044 0.8750 (   514 PWs)   bands (ev):

    -1.6684   4.9465   8.5341  12.2611

          k = 0.6740-0.4044 0.8750 (   514 PWs)   bands (ev):

    -1.6684   4.9465   8.5341  12.2611

          k =-0.5392-0.2696-0.7500 (   515 PWs)   bands (ev):

     0.3738   2.3373   8.6725  11.1990

          k =-0.5392 0.2696 0.7500 (   515 PWs)   bands (ev):

     0.3738   2.3373   8.6725  11.1990

          k = 0.5392-0.2696 0.7500 (   515 PWs)   bands (ev):

     0.3738   2.3373   8.6725  11.1990

          k =-0.4044-0.1348-0.6250 (   520 PWs)   bands (ev):

    -2.2037   5.6457   9.2887  11.1629

          k =-0.4044 0.1348 0.6250 (   520 PWs)   bands (ev):

    -2.2037   5.6457   9.2887  11.1629

          k = 0.4044-0.1348 0.6250 (   520 PWs)   bands (ev):

    -2.2037   5.6457   9.2887  11.1629

          k =-0.2696 0.0000-0.5000 (   519 PWs)   bands (ev):

    -4.4057   9.1347  10.4691  12.3834

          k = 0.0000 0.5392-0.2500 (   520 PWs)   bands (ev):

    -4.1240   9.1586  10.0254  12.9829

          k =-0.8087 0.2696 1.0000 (   517 PWs)   bands (ev):

    -0.8460   6.5292   7.6265   9.6221

          k =-0.6740-0.1348-0.8750 (   515 PWs)   bands (ev):

     1.6775   3.8128   6.7386   8.5757

          k =-0.6740 0.1348 0.8750 (   515 PWs)   bands (ev):

     1.6775   3.8128   6.7386   8.5757

          k = 0.6740-0.1348 0.8750 (   515 PWs)   bands (ev):

     1.6775   3.8128   6.7386   8.5757

          k =-0.5392 0.0000-0.7500 (   512 PWs)   bands (ev):

     0.1353   5.2247   6.5627   9.2400

          k = 0.9435-0.4044 0.6250 (   513 PWs)   bands (ev):

    -1.8431   5.4071   9.4590  11.4998

          k = 0.9435 0.4044-0.6250 (   513 PWs)   bands (ev):

    -1.8431   5.4071   9.4590  11.4998

          k =-0.9435-0.4044-0.6250 (   513 PWs)   bands (ev):

    -1.8431   5.4071   9.4590  11.4998

          k = 1.0783-0.2696 0.7500 (   516 PWs)   bands (ev):

    -0.9302   6.8691   8.1528   9.3060

          k = 0.8087 0.2696-0.5000 (   514 PWs)   bands (ev):

     0.5347   2.3587   9.7439  10.5480

          k =-0.8087-0.2696-0.5000 (   514 PWs)   bands (ev):

     0.5347   2.3587   9.7439  10.5480

          k = 0.9435-0.1348 0.6250 (   509 PWs)   bands (ev):

     1.6406   4.1464   6.9482   8.7956

          k = 0.9435 0.1348-0.6250 (   509 PWs)   bands (ev):

     1.6406   4.1464   6.9482   8.7956

          k =-0.9435-0.1348-0.6250 (   509 PWs)   bands (ev):

     1.6406   4.1464   6.9482   8.7956

          k = 0.8087 0.0000 0.5000 (   508 PWs)   bands (ev):

     0.5493   5.2277   6.2714   9.9127

          k =-0.5392 0.5392 1.0000 (   519 PWs)   bands (ev):

    -2.1169   6.2461   6.8528  13.6324

          k =-0.4044-0.4044-0.8750 (   518 PWs)   bands (ev):

     0.4990   2.8742   6.6982  12.2685

          k =-0.4044 0.4044 0.8750 (   518 PWs)   bands (ev):

     0.4990   2.8742   6.6982  12.2685

          k =-0.2696-0.2696-0.7500 (   517 PWs)   bands (ev):

    -1.0442   4.5858   7.7968  11.4407

          k =-0.2696 0.2696 0.7500 (   517 PWs)   bands (ev):

    -1.0442   4.5858   7.7968  11.4407

          k =-0.1348-0.1348-0.6250 (   519 PWs)   bands (ev):

    -3.4732   7.7955  10.0342  11.3761

          k =-0.1348 0.1348 0.6250 (   519 PWs)   bands (ev):

    -3.4732   7.7955  10.0342  11.3761

          k =-0.5392 0.2696 1.0000 (   513 PWs)   bands (ev):

     0.8006   4.3591   5.3992  10.6667

          k =-0.4044-0.1348-0.8750 (   521 PWs)   bands (ev):

     0.8924   3.9990   6.3242   9.5227

          k =-0.4044 0.1348 0.8750 (   521 PWs)   bands (ev):

     0.8924   3.9990   6.3242   9.5227

          k = 0.4044-0.1348 0.8750 (   521 PWs)   bands (ev):

     0.8924   3.9990   6.3242   9.5227

          k =-0.2696 0.0000-0.7500 (   514 PWs)   bands (ev):

    -1.6474   5.9829   8.9182   9.5067

          k =-0.2696 0.2696 1.0000 (   514 PWs)   bands (ev):

     2.0441   2.6848   5.4306  10.9327

          k =-0.1348-0.1348-0.8750 (   512 PWs)   bands (ev):

    -0.2087   3.8200   8.3769  10.2610

          k =-0.1348 0.1348 0.8750 (   512 PWs)   bands (ev):

    -0.2087   3.8200   8.3769  10.2610

!    total energy              =     -22.73368162 Ry
     Harris-Foulkes estimate   =     -22.73368162 Ry
     estimated scf accuracy    <          2.8E-09 Ry

     The total energy is the sum of the following terms:

     one-electron contribution =       9.78129319 Ry
     hartree contribution      =       1.76881911 Ry
     xc contribution           =      -7.37171174 Ry
     ewald contribution        =     -26.91208219 Ry

     convergence has been achieved in   6 iterations

     Forces acting on atoms (Ry/au):

     atom   1 type  1   force =     0.00000002    0.00000002    0.00000003
     atom   2 type  1   force =    -0.00000002   -0.00000002   -0.00000003

     Total force =     0.000000     Total SCF correction =     0.000000


     entering subroutine stress ...

          total   stress  (Ry/bohr**3)                   (kbar)     P=  855.64
   0.00782027   0.00000000   0.00000000       1150.40      0.00      0.00
   0.00000000   0.00782027   0.00000000          0.00   1150.40      0.00
   0.00000000   0.00000000   0.00180908          0.00      0.00    266.12


     BFGS Geometry Optimization

     bfgs converged in   1 scf cycles and   0 bfgs steps
     (criteria: energy < 0.10E-08, force < 0.10E-05)

     End of BFGS Geometry Optimization

     Final energy   =     -22.7336816213 Ry

ATOMIC_POSITIONS (crystal)
C        0.000000000   0.000000000   0.000000000
C        0.250000000   0.250000000   0.250000000



     Writing output data file pwscf.save
 
     PWSCF        :    11.04s CPU time,   13.12s wall time

     init_run     :     0.90s CPU
     electrons    :     9.20s CPU
     forces       :     0.08s CPU
     stress       :     0.34s CPU

     Called by init_run:
     wfcinit      :     0.68s CPU
     potinit      :     0.04s CPU

     Called by electrons:
     c_bands      :     8.19s CPU (       6 calls,   1.364 s avg)
     sum_band     :     0.75s CPU (       6 calls,   0.125 s avg)
     v_of_rho     :     0.11s CPU (       7 calls,   0.016 s avg)
     newd         :     0.06s CPU (       7 calls,   0.009 s avg)
     mix_rho      :     0.02s CPU (       6 calls,   0.003 s avg)

     Called by c_bands:
     init_us_2    :     0.14s CPU (    2250 calls,   0.000 s avg)
     cegterg      :     7.99s CPU (     900 calls,   0.009 s avg)

     Called by *egterg:
     h_psi        :     2.80s CPU (    2705 calls,   0.001 s avg)
     s_psi        :     0.02s CPU (    2705 calls,   0.000 s avg)
     g_psi        :     0.02s CPU (    1655 calls,   0.000 s avg)
     cdiaghg      :     4.58s CPU (    2555 calls,   0.002 s avg)

     Called by h_psi:
     add_vuspsi   :     0.04s CPU (    2705 calls,   0.000 s avg)

     General routines
     calbec       :     0.13s CPU (    3905 calls,   0.000 s avg)
     cft3s        :     2.83s CPU (   25577 calls,   0.000 s avg)
     interpolate  :     0.02s CPU (      13 calls,   0.001 s avg)
     davcio       :     0.59s CPU (    3150 calls,   0.000 s avg)
 
     Parallel routines
     fft_scatter  :     0.98s CPU (   25577 calls,   0.000 s avg)
