
     Program PWSCF     v.4.1.1  starts ...
     Today is 25Nov2010 at 15:50:32 

     Parallel version (MPI)

     Number of processors in use:       4
     R & G space division:  proc/pool =    4

     For Norm-Conserving or Ultrasoft (Vanderbilt) Pseudopotentials or PAW

     Current dimensions of program pwscf are:
     Max number of different atomic species (ntypx) = 10
     Max number of k-points (npk) =  40000
     Max angular momentum in pseudopotentials (lmaxx) =  3
     Waiting for input...
     file C.pbe-rrkjus.UPF: wavefunction(s)  2S 2P renormalized

     Subspace diagonalization in iterative solution of the eigenvalue problem:
     a parallel distributed memory algorithm will be used,
     eigenstates matrixes will be distributed block like on
     ortho sub-group =    2*   2 procs

     warning: symmetry operation #  2 not compatible with FFT grid. 
   0   1  -1
   1   0  -1
   0   0  -1
     warning: symmetry operation #  3 not compatible with FFT grid. 
   0  -1   1
   0  -1   0
   1  -1   0
     warning: symmetry operation #  4 not compatible with FFT grid. 
  -1   0   0
  -1   0   1
  -1   1   0
     warning: symmetry operation #  5 not compatible with FFT grid. 
  -1   0   1
   0  -1   1
   0   0   1
     warning: symmetry operation #  7 not compatible with FFT grid. 
   0   1   0
   0   1  -1
  -1   1   0
     warning: symmetry operation #  8 not compatible with FFT grid. 
   1   0  -1
   1   0   0
   1  -1   0
     warning: symmetry operation # 10 not compatible with FFT grid. 
   0  -1   1
  -1   0   1
   0   0   1
     warning: symmetry operation # 11 not compatible with FFT grid. 
   0   1  -1
   0   1   0
  -1   1   0
     warning: symmetry operation # 12 not compatible with FFT grid. 
   1   0   0
   1   0  -1
   1  -1   0
     warning: symmetry operation # 13 not compatible with FFT grid. 
   1   0  -1
   0   1  -1
   0   0  -1
     warning: symmetry operation # 15 not compatible with FFT grid. 
   0  -1   0
   0  -1   1
   1  -1   0
     warning: symmetry operation # 16 not compatible with FFT grid. 
  -1   0   1
  -1   0   0
  -1   1   0

     Planes per process (thick) : nr3 = 40 npp =  10 ncplane = 1296
     Planes per process (smooth): nr3s= 28 npps=   7 ncplanes=  784
 
     Proc/  planes cols     G    planes cols    G      columns  G
     Pool       (dense grid)       (smooth grid)      (wavefct grid)
        1    10    214     4100    7    106     1431     36      281
        2    10    213     4098    7    105     1429     35      280
        3    10    214     4098    7    105     1430     36      280
        4    10    214     4099    7    105     1443     36      280
     tot     40    855    16395   28    421     5733    143     1121
 


     bravais-lattice index     =            0
     lattice parameter (a_0)   =       6.7413  a.u.
     unit-cell volume          =      91.9069 (a.u.)^3
     number of atoms/cell      =            2
     number of atomic types    =            1
     number of electrons       =         8.00
     number of Kohn-Sham states=            4
     kinetic-energy cutoff     =      60.0000  Ry
     charge density cutoff     =     480.0000  Ry
     convergence threshold     =      1.0E-08
     mixing beta               =       0.7000
     number of iterations used =            8  plain     mixing
     Exchange-correlation      =  SLA  PW   PBE  PBE (1434)
     nstep                     =           50


     celldm(1)=   6.741280  celldm(2)=   0.000000  celldm(3)=   0.000000
     celldm(4)=   0.000000  celldm(5)=   0.000000  celldm(6)=   0.000000

     crystal axes: (cart. coord. in units of a_0)
               a(1) = (  0.000000  0.547723  0.500000 )  
               a(2) = (  0.547723  0.000000  0.500000 )  
               a(3) = (  0.547723  0.547723  0.000000 )  

     reciprocal axes: (cart. coord. in units 2 pi/a_0)
               b(1) = ( -0.912871  0.912871  1.000000 )  
               b(2) = (  0.912871 -0.912871  1.000000 )  
               b(3) = (  0.912871  0.912871 -1.000000 )  


     PseudoPot. # 1 for C  read from file C.pbe-rrkjus.UPF
     Pseudo is Ultrasoft, Zval =  4.0
     Generated by new atomic code, or converted to UPF format
     Using radial grid of  627 points,  4 beta functions with: 
                l(1) =   0
                l(2) =   0
                l(3) =   1
                l(4) =   1
     Q(r) pseudized with 0 coefficients 


     atomic species   valence    mass     pseudopotential
        C              4.00    12.01070     C ( 1.00)

      4 Sym.Ops. (with inversion)


   Cartesian axes

     site n.     atom                  positions (a_0 units)
         1           C   tau(  1) = (   0.0000000   0.0000000   0.0000000  )
         2           C   tau(  2) = (   0.2738613   0.2738613   0.2500000  )

     number of k points=  150
                       cart. coord. in units 2pi/a_0
        k(    1) = (   0.0000000   0.0000000   0.0000000), wk =   0.0039062
        k(    2) = (   0.1141089   0.1141089  -0.1250000), wk =   0.0078125
        k(    3) = (   0.2282177   0.2282177  -0.2500000), wk =   0.0078125
        k(    4) = (   0.3423266   0.3423266  -0.3750000), wk =   0.0078125
        k(    5) = (  -0.4564355  -0.4564355   0.5000000), wk =   0.0039062
        k(    6) = (   0.2282177   0.0000000   0.0000000), wk =   0.0156250
        k(    7) = (   0.3423266   0.1141089  -0.1250000), wk =   0.0156250
        k(    8) = (   0.4564355   0.2282177  -0.2500000), wk =   0.0156250
        k(    9) = (  -0.3423266  -0.5705443   0.6250000), wk =   0.0156250
        k(   10) = (  -0.2282177  -0.4564355   0.5000000), wk =   0.0156250
        k(   11) = (  -0.1141089  -0.3423266   0.3750000), wk =   0.0156250
        k(   12) = (   0.0000000  -0.2282177   0.2500000), wk =   0.0156250
        k(   13) = (   0.4564355   0.0000000   0.0000000), wk =   0.0156250
        k(   14) = (   0.5705443   0.1141089  -0.1250000), wk =   0.0156250
        k(   15) = (  -0.2282177  -0.6846532   0.7500000), wk =   0.0156250
        k(   16) = (  -0.1141089  -0.5705443   0.6250000), wk =   0.0156250
        k(   17) = (   0.0000000  -0.4564355   0.5000000), wk =   0.0156250
        k(   18) = (   0.6846532   0.0000000   0.0000000), wk =   0.0156250
        k(   19) = (  -0.1141089  -0.7987621   0.8750000), wk =   0.0156250
        k(   20) = (   0.0000000  -0.6846532   0.7500000), wk =   0.0156250
        k(   21) = (  -0.9128709   0.0000000   0.0000000), wk =   0.0078125
        k(   22) = (   0.0000000   0.0000000   0.2500000), wk =   0.0078125
        k(   23) = (   0.2282177   0.2282177   0.0000000), wk =   0.0078125
        k(   24) = (   0.3423266   0.3423266  -0.1250000), wk =   0.0078125
        k(   25) = (  -0.4564355  -0.4564355   0.7500000), wk =   0.0078125
        k(   26) = (  -0.3423266  -0.3423266   0.6250000), wk =   0.0078125
        k(   27) = (  -0.2282177  -0.2282177   0.5000000), wk =   0.0078125
        k(   28) = (  -0.1141089  -0.1141089   0.3750000), wk =   0.0078125
        k(   29) = (   0.4564355   0.2282177   0.0000000), wk =   0.0156250
        k(   30) = (  -0.3423266  -0.5705443   0.8750000), wk =   0.0156250
        k(   31) = (  -0.2282177  -0.4564355   0.7500000), wk =   0.0156250
        k(   32) = (  -0.1141089  -0.3423266   0.6250000), wk =   0.0156250
        k(   33) = (   0.0000000  -0.2282177   0.5000000), wk =   0.0156250
        k(   34) = (   0.4564355   0.0000000   0.2500000), wk =   0.0156250
        k(   35) = (  -0.2282177  -0.6846532   1.0000000), wk =   0.0156250
        k(   36) = (  -0.1141089  -0.5705443   0.8750000), wk =   0.0156250
        k(   37) = (   0.0000000  -0.4564355   0.7500000), wk =   0.0156250
        k(   38) = (  -0.3423266   0.7987621  -0.6250000), wk =   0.0156250
        k(   39) = (  -0.2282177   0.9128709  -0.7500000), wk =   0.0156250
        k(   40) = (  -0.9128709   0.2282177   0.0000000), wk =   0.0156250
        k(   41) = (  -0.2282177   0.6846532  -0.5000000), wk =   0.0156250
        k(   42) = (  -0.1141089   0.7987621  -0.6250000), wk =   0.0156250
        k(   43) = (  -0.9128709   0.0000000   0.2500000), wk =   0.0156250
        k(   44) = (   0.0000000   0.6846532  -0.5000000), wk =   0.0156250
        k(   45) = (   0.0000000   0.0000000   0.5000000), wk =   0.0078125
        k(   46) = (  -0.4564355  -0.4564355   1.0000000), wk =   0.0078125
        k(   47) = (  -0.3423266  -0.3423266   0.8750000), wk =   0.0078125
        k(   48) = (  -0.2282177  -0.2282177   0.7500000), wk =   0.0078125
        k(   49) = (  -0.1141089  -0.1141089   0.6250000), wk =   0.0078125
        k(   50) = (  -0.2282177  -0.4564355   1.0000000), wk =   0.0156250
        k(   51) = (  -0.1141089  -0.3423266   0.8750000), wk =   0.0156250
        k(   52) = (   0.0000000  -0.2282177   0.7500000), wk =   0.0156250
        k(   53) = (  -0.9128709   0.4564355   0.0000000), wk =   0.0156250
        k(   54) = (  -0.9128709   0.0000000   0.5000000), wk =   0.0078125
        k(   55) = (   0.0000000   0.0000000   0.7500000), wk =   0.0078125
        k(   56) = (  -0.2282177  -0.2282177   1.0000000), wk =   0.0078125
        k(   57) = (  -0.1141089  -0.1141089   0.8750000), wk =   0.0078125
        k(   58) = (  -0.9128709   0.6846532   0.0000000), wk =   0.0156250
        k(   59) = (   0.0000000   0.0000000  -1.0000000), wk =   0.0039062
        k(   60) = (   0.1141089   0.1141089   0.1250000), wk =   0.0078125
        k(   61) = (   0.1141089  -0.1141089  -0.1250000), wk =   0.0156250
        k(   62) = (   0.2282177   0.2282177   0.2500000), wk =   0.0078125
        k(   63) = (   0.2282177  -0.2282177  -0.2500000), wk =   0.0156250
        k(   64) = (   0.3423266   0.3423266   0.3750000), wk =   0.0078125
        k(   65) = (   0.3423266  -0.3423266  -0.3750000), wk =   0.0156250
        k(   66) = (  -0.4564355  -0.4564355  -0.5000000), wk =   0.0039062
        k(   67) = (  -0.4564355   0.4564355   0.5000000), wk =   0.0078125
        k(   68) = (   0.1141089   0.3423266   0.1250000), wk =   0.0156250
        k(   69) = (   0.1141089  -0.3423266  -0.1250000), wk =   0.0156250
        k(   70) = (  -0.1141089   0.3423266  -0.1250000), wk =   0.0156250
        k(   71) = (   0.2282177   0.4564355   0.2500000), wk =   0.0156250
        k(   72) = (   0.2282177  -0.4564355  -0.2500000), wk =   0.0156250
        k(   73) = (  -0.2282177   0.4564355  -0.2500000), wk =   0.0156250
        k(   74) = (  -0.5705443  -0.3423266  -0.6250000), wk =   0.0156250
        k(   75) = (  -0.5705443   0.3423266   0.6250000), wk =   0.0156250
        k(   76) = (   0.5705443  -0.3423266   0.6250000), wk =   0.0156250
        k(   77) = (  -0.4564355  -0.2282177  -0.5000000), wk =   0.0156250
        k(   78) = (  -0.4564355   0.2282177   0.5000000), wk =   0.0156250
        k(   79) = (   0.4564355  -0.2282177   0.5000000), wk =   0.0156250
        k(   80) = (  -0.3423266  -0.1141089  -0.3750000), wk =   0.0156250
        k(   81) = (  -0.3423266   0.1141089   0.3750000), wk =   0.0156250
        k(   82) = (   0.3423266  -0.1141089   0.3750000), wk =   0.0156250
        k(   83) = (  -0.2282177   0.0000000  -0.2500000), wk =   0.0156250
        k(   84) = (   0.1141089   0.5705443   0.1250000), wk =   0.0156250
        k(   85) = (   0.1141089  -0.5705443  -0.1250000), wk =   0.0156250
        k(   86) = (  -0.1141089   0.5705443  -0.1250000), wk =   0.0156250
        k(   87) = (  -0.6846532  -0.2282177  -0.7500000), wk =   0.0156250
        k(   88) = (  -0.6846532   0.2282177   0.7500000), wk =   0.0156250
        k(   89) = (   0.6846532  -0.2282177   0.7500000), wk =   0.0156250
        k(   90) = (  -0.5705443  -0.1141089  -0.6250000), wk =   0.0156250
        k(   91) = (  -0.5705443   0.1141089   0.6250000), wk =   0.0156250
        k(   92) = (   0.5705443  -0.1141089   0.6250000), wk =   0.0156250
        k(   93) = (  -0.4564355   0.0000000  -0.5000000), wk =   0.0156250
        k(   94) = (  -0.7987621  -0.1141089  -0.8750000), wk =   0.0156250
        k(   95) = (  -0.7987621   0.1141089   0.8750000), wk =   0.0156250
        k(   96) = (   0.7987621  -0.1141089   0.8750000), wk =   0.0156250
        k(   97) = (  -0.6846532   0.0000000  -0.7500000), wk =   0.0156250
        k(   98) = (   0.2282177  -0.2282177   0.0000000), wk =   0.0078125
        k(   99) = (   0.3423266   0.3423266   0.1250000), wk =   0.0078125
        k(  100) = (   0.3423266  -0.3423266  -0.1250000), wk =   0.0156250
        k(  101) = (  -0.4564355  -0.4564355  -0.7500000), wk =   0.0078125
        k(  102) = (  -0.4564355   0.4564355   0.7500000), wk =   0.0156250
        k(  103) = (  -0.3423266  -0.3423266  -0.6250000), wk =   0.0078125
        k(  104) = (  -0.3423266   0.3423266   0.6250000), wk =   0.0156250
        k(  105) = (  -0.2282177  -0.2282177  -0.5000000), wk =   0.0078125
        k(  106) = (  -0.2282177   0.2282177   0.5000000), wk =   0.0156250
        k(  107) = (  -0.1141089  -0.1141089  -0.3750000), wk =   0.0078125
        k(  108) = (  -0.1141089   0.1141089   0.3750000), wk =   0.0156250
        k(  109) = (   0.2282177  -0.4564355   0.0000000), wk =   0.0156250
        k(  110) = (  -0.5705443  -0.3423266  -0.8750000), wk =   0.0156250
        k(  111) = (  -0.5705443   0.3423266   0.8750000), wk =   0.0156250
        k(  112) = (   0.5705443  -0.3423266   0.8750000), wk =   0.0156250
        k(  113) = (  -0.4564355  -0.2282177  -0.7500000), wk =   0.0156250
        k(  114) = (  -0.4564355   0.2282177   0.7500000), wk =   0.0156250
        k(  115) = (   0.4564355  -0.2282177   0.7500000), wk =   0.0156250
        k(  116) = (  -0.3423266  -0.1141089  -0.6250000), wk =   0.0156250
        k(  117) = (  -0.3423266   0.1141089   0.6250000), wk =   0.0156250
        k(  118) = (   0.3423266  -0.1141089   0.6250000), wk =   0.0156250
        k(  119) = (  -0.2282177   0.0000000  -0.5000000), wk =   0.0156250
        k(  120) = (   0.0000000   0.4564355  -0.2500000), wk =   0.0156250
        k(  121) = (  -0.6846532   0.2282177   1.0000000), wk =   0.0156250
        k(  122) = (  -0.5705443  -0.1141089  -0.8750000), wk =   0.0156250
        k(  123) = (  -0.5705443   0.1141089   0.8750000), wk =   0.0156250
        k(  124) = (   0.5705443  -0.1141089   0.8750000), wk =   0.0156250
        k(  125) = (  -0.4564355   0.0000000  -0.7500000), wk =   0.0156250
        k(  126) = (   0.7987621  -0.3423266   0.6250000), wk =   0.0156250
        k(  127) = (   0.7987621   0.3423266  -0.6250000), wk =   0.0156250
        k(  128) = (  -0.7987621  -0.3423266  -0.6250000), wk =   0.0156250
        k(  129) = (   0.9128709  -0.2282177   0.7500000), wk =   0.0156250
        k(  130) = (   0.6846532   0.2282177  -0.5000000), wk =   0.0078125
        k(  131) = (  -0.6846532  -0.2282177  -0.5000000), wk =   0.0078125
        k(  132) = (   0.7987621  -0.1141089   0.6250000), wk =   0.0156250
        k(  133) = (   0.7987621   0.1141089  -0.6250000), wk =   0.0156250
        k(  134) = (  -0.7987621  -0.1141089  -0.6250000), wk =   0.0156250
        k(  135) = (   0.6846532   0.0000000   0.5000000), wk =   0.0156250
        k(  136) = (  -0.4564355   0.4564355   1.0000000), wk =   0.0078125
        k(  137) = (  -0.3423266  -0.3423266  -0.8750000), wk =   0.0078125
        k(  138) = (  -0.3423266   0.3423266   0.8750000), wk =   0.0156250
        k(  139) = (  -0.2282177  -0.2282177  -0.7500000), wk =   0.0078125
        k(  140) = (  -0.2282177   0.2282177   0.7500000), wk =   0.0156250
        k(  141) = (  -0.1141089  -0.1141089  -0.6250000), wk =   0.0078125
        k(  142) = (  -0.1141089   0.1141089   0.6250000), wk =   0.0156250
        k(  143) = (  -0.4564355   0.2282177   1.0000000), wk =   0.0156250
        k(  144) = (  -0.3423266  -0.1141089  -0.8750000), wk =   0.0156250
        k(  145) = (  -0.3423266   0.1141089   0.8750000), wk =   0.0156250
        k(  146) = (   0.3423266  -0.1141089   0.8750000), wk =   0.0156250
        k(  147) = (  -0.2282177   0.0000000  -0.7500000), wk =   0.0156250
        k(  148) = (  -0.2282177   0.2282177   1.0000000), wk =   0.0078125
        k(  149) = (  -0.1141089  -0.1141089  -0.8750000), wk =   0.0078125
        k(  150) = (  -0.1141089   0.1141089   0.8750000), wk =   0.0156250

     G cutoff =  552.5432  (  16395 G-vectors)     FFT grid: ( 36, 36, 40)
     G cutoff =  276.2716  (   5733 G-vectors)  smooth grid: ( 28, 28, 28)

     Largest allocated arrays     est. size (Mb)     dimensions
        Kohn-Sham Wavefunctions         0.01 Mb     (    191,   4)
        NL pseudopotentials             0.05 Mb     (    191,  16)
        Each V/rho on FFT grid          0.20 Mb     (  12960)
        Each G-vector array             0.03 Mb     (   4100)
        G-vector shells                 0.00 Mb     (    406)
     Largest temporary arrays     est. size (Mb)     dimensions
        Auxiliary wavefunctions         0.05 Mb     (    191,  16)
        Each subspace H/S matrix        0.00 Mb     (     16,  16)
        Each <psi_i|beta_j> matrix      0.00 Mb     (     16,   4)
        Arrays for rho mixing           1.58 Mb     (  12960,   8)

     Initial potential from superposition of free atoms

     starting charge    7.99989, renormalised to    8.00000
     Starting wfc are    8 atomic wfcs

     total cpu time spent up to now is      1.14 secs

     per-process dynamical memory:    55.2 Mb

     Self-consistent Calculation

     iteration #  1     ecut=    60.00 Ry     beta=0.70
     Davidson diagonalization with overlap
     ethr =  1.00E-02,  avg # of iterations =  2.0

     Threshold (ethr) on eigenvalues was too large:
     Diagonalizing with lowered threshold

     Davidson diagonalization with overlap
     ethr =  9.31E-04,  avg # of iterations =  1.0

     total cpu time spent up to now is      4.04 secs

     total energy              =     -22.72063612 Ry
     Harris-Foulkes estimate   =     -22.74853412 Ry
     estimated scf accuracy    <       0.07370059 Ry

     iteration #  2     ecut=    60.00 Ry     beta=0.70
     Davidson diagonalization with overlap
     ethr =  9.21E-04,  avg # of iterations =  1.0

     total cpu time spent up to now is      5.35 secs

     total energy              =     -22.72490560 Ry
     Harris-Foulkes estimate   =     -22.72501362 Ry
     estimated scf accuracy    <       0.00236604 Ry

     iteration #  3     ecut=    60.00 Ry     beta=0.70
     Davidson diagonalization with overlap
     ethr =  2.96E-05,  avg # of iterations =  2.1

     total cpu time spent up to now is      7.27 secs

     total energy              =     -22.72528632 Ry
     Harris-Foulkes estimate   =     -22.72527163 Ry
     estimated scf accuracy    <       0.00004239 Ry

     iteration #  4     ecut=    60.00 Ry     beta=0.70
     Davidson diagonalization with overlap
     ethr =  5.30E-07,  avg # of iterations =  2.4

     total cpu time spent up to now is      9.48 secs

     total energy              =     -22.72530248 Ry
     Harris-Foulkes estimate   =     -22.72530207 Ry
     estimated scf accuracy    <       0.00000163 Ry

     iteration #  5     ecut=    60.00 Ry     beta=0.70
     Davidson diagonalization with overlap
     ethr =  2.04E-08,  avg # of iterations =  2.3

     total cpu time spent up to now is     11.60 secs

     total energy              =     -22.72530291 Ry
     Harris-Foulkes estimate   =     -22.72530294 Ry
     estimated scf accuracy    <       0.00000009 Ry

     iteration #  6     ecut=    60.00 Ry     beta=0.70
     Davidson diagonalization with overlap
     ethr =  1.17E-09,  avg # of iterations =  1.9

     total cpu time spent up to now is     13.40 secs

     End of self-consistent calculation

          k = 0.0000 0.0000 0.0000 (   693 PWs)   bands (ev):

    -8.8583   9.9117   9.9117  10.9976

          k = 0.1141 0.1141-0.1250 (   717 PWs)   bands (ev):

    -8.4775   8.1122   9.3430  10.2219

          k = 0.2282 0.2282-0.2500 (   721 PWs)   bands (ev):

    -7.3518   4.5142   8.3274   9.3449

          k = 0.3423 0.3423-0.3750 (   719 PWs)   bands (ev):

    -5.5728   0.9693   7.5658   8.7571

          k =-0.4564-0.4564 0.5000 (   722 PWs)   bands (ev):

    -4.0268  -1.1977   7.2946   8.5557

          k = 0.2282 0.0000 0.0000 (   725 PWs)   bands (ev):

    -8.3815   8.5520   8.7281   9.4824

          k = 0.3423 0.1141-0.1250 (   724 PWs)   bands (ev):

    -7.5330   5.8152   7.8950   8.5426

          k = 0.4564 0.2282-0.2500 (   718 PWs)   bands (ev):

    -5.9830   2.3775   6.9307   7.8734

          k =-0.3423-0.5705 0.6250 (   721 PWs)   bands (ev):

    -4.0636  -0.5260   6.1862   7.7927

          k =-0.2282-0.4564 0.5000 (   723 PWs)   bands (ev):

    -4.5240   0.1093   5.9276   8.2390

          k =-0.1141-0.3423 0.3750 (   720 PWs)   bands (ev):

    -6.4373   3.3362   6.2562   9.0639

          k = 0.0000-0.2282 0.2500 (   720 PWs)   bands (ev):

    -7.8176   6.6433   7.3420   9.9293

          k = 0.4564 0.0000 0.0000 (   723 PWs)   bands (ev):

    -6.9676   5.5060   6.9856   7.4066

          k = 0.5705 0.1141-0.1250 (   721 PWs)   bands (ev):

    -5.6842   3.3028   5.7606   6.6596

          k =-0.2282-0.6847 0.7500 (   722 PWs)   bands (ev):

    -3.8350   0.7746   4.1841   6.6157

          k =-0.1141-0.5705 0.6250 (   724 PWs)   bands (ev):

    -3.0574  -0.0559   3.3036   7.1501

          k = 0.0000-0.4564 0.5000 (   726 PWs)   bands (ev):

    -4.8628   2.2162   3.5915   8.1028

          k = 0.6847 0.0000 0.0000 (   723 PWs)   bands (ev):

    -4.6758   1.9002   5.8044   5.9928

          k =-0.1141-0.7988 0.8750 (   711 PWs)   bands (ev):

    -3.0383   0.1619   4.4629   5.7569

          k = 0.0000-0.6847 0.7500 (   721 PWs)   bands (ev):

    -1.7350  -0.6563   2.6075   6.2073

          k =-0.9129 0.0000 0.0000 (   698 PWs)   bands (ev):

    -1.6356  -1.6356   5.4491   5.4491

          k = 0.0000 0.0000 0.2500 (   709 PWs)   bands (ev):

    -8.2888   8.4965   8.4965   9.6538

          k = 0.2282 0.2282 0.0000 (   715 PWs)   bands (ev):

    -7.9086   6.7290   8.2007   9.1088

          k = 0.3423 0.3423-0.1250 (   725 PWs)   bands (ev):

    -6.6098   3.6884   7.1596   8.1036

          k =-0.4564-0.4564 0.7500 (   721 PWs)   bands (ev):

    -4.7261   0.4398   7.0410   7.1691

          k =-0.3423-0.3423 0.6250 (   719 PWs)   bands (ev):

    -3.8681  -0.6867   6.6867   7.4185

          k =-0.2282-0.2282 0.5000 (   727 PWs)   bands (ev):

    -5.7288   2.0958   6.7821   8.1402

          k =-0.1141-0.1141 0.3750 (   720 PWs)   bands (ev):

    -7.3516   5.6557   7.4468   8.9680

          k = 0.4564 0.2282 0.0000 (   728 PWs)   bands (ev):

    -6.5100   4.5031   6.2979   7.3596

          k =-0.3423-0.5705 0.8750 (   724 PWs)   bands (ev):

    -4.8261   1.8739   5.3144   6.5170

          k =-0.2282-0.4564 0.7500 (   720 PWs)   bands (ev):

    -3.1252  -0.3597   4.7311   6.5937

          k =-0.1141-0.3423 0.6250 (   723 PWs)   bands (ev):

    -4.3666   1.3471   4.5391   7.3660

          k = 0.0000-0.2282 0.5000 (   717 PWs)   bands (ev):

    -6.1610   4.2827   5.2363   8.2726

          k = 0.4564 0.0000 0.2500 (   722 PWs)   bands (ev):

    -6.4252   4.2312   5.6250   7.9496

          k =-0.2282-0.6847 1.0000 (   721 PWs)   bands (ev):

    -4.2585   1.8294   5.0132   5.4005

          k =-0.1141-0.5705 0.8750 (   718 PWs)   bands (ev):

    -2.4051   0.2018   3.2418   5.4809

          k = 0.0000-0.4564 0.7500 (   712 PWs)   bands (ev):

    -2.6012   0.5848   2.5396   6.3341

          k =-0.3423 0.7988-0.6250 (   722 PWs)   bands (ev):

    -4.6839   1.4860   4.6076   6.9966

          k =-0.2282 0.9129-0.7500 (   718 PWs)   bands (ev):

    -4.1923   1.6696   4.5241   5.5409

          k =-0.9129 0.2282 0.0000 (   724 PWs)   bands (ev):

    -1.3334  -1.3334   4.6482   4.6482

          k =-0.2282 0.6847-0.5000 (   716 PWs)   bands (ev):

    -3.1825  -0.4957   4.3800   6.5908

          k =-0.1141 0.7988-0.6250 (   716 PWs)   bands (ev):

    -2.3773   0.0066   3.1011   5.1258

          k =-0.9129 0.0000 0.2500 (   718 PWs)   bands (ev):

    -1.3264  -1.3264   4.3933   4.3933

          k = 0.0000 0.6847-0.5000 (   721 PWs)   bands (ev):

    -2.9182   0.5836   2.7360   5.7669

          k = 0.0000 0.0000 0.5000 (   732 PWs)   bands (ev):

    -6.6090   6.3443   6.3443   6.7667

          k =-0.4564-0.4564 1.0000 (   716 PWs)   bands (ev):

    -5.1705   2.8627   4.5685   7.0505

          k =-0.3423-0.3423 0.8750 (   727 PWs)   bands (ev):

    -3.2782   0.5209   4.3615   6.0496

          k =-0.2282-0.2282 0.7500 (   724 PWs)   bands (ev):

    -3.2812   0.5744   5.1636   5.5325

          k =-0.1141-0.1141 0.6250 (   721 PWs)   bands (ev):

    -5.1701   3.4694   5.6367   6.1711

          k =-0.2282-0.4564 1.0000 (   716 PWs)   bands (ev):

    -3.0871   1.2633   3.4827   5.2154

          k =-0.1141-0.3423 0.8750 (   726 PWs)   bands (ev):

    -1.8920   0.3192   3.3398   4.7794

          k = 0.0000-0.2282 0.7500 (   730 PWs)   bands (ev):

    -3.5526   2.1996   3.8570   5.4892

          k =-0.9129 0.4564 0.0000 (   716 PWs)   bands (ev):

    -0.6802  -0.6802   3.5746   3.5746

          k =-0.9129 0.0000 0.5000 (   716 PWs)   bands (ev):

    -0.9312  -0.9312   3.4018   3.4018

          k = 0.0000 0.0000 0.7500 (   740 PWs)   bands (ev):

    -3.9244   3.2624   4.8330   4.8330

          k =-0.2282-0.2282 1.0000 (   726 PWs)   bands (ev):

    -1.5378   0.3681   2.8115   5.0731

          k =-0.1141-0.1141 0.8750 (   736 PWs)   bands (ev):

    -2.1412   1.1615   3.8295   4.6302

          k =-0.9129 0.6847 0.0000 (   738 PWs)   bands (ev):

    -0.4163  -0.4163   3.7324   3.7324

          k = 0.0000 0.0000-1.0000 (   756 PWs)   bands (ev):

    -0.4805  -0.4805   4.3035   4.3035

          k = 0.1141 0.1141 0.1250 (   717 PWs)   bands (ev):

    -8.4775   8.1122   9.3430  10.2219

          k = 0.1141-0.1141-0.1250 (   717 PWs)   bands (ev):

    -8.4775   8.1122   9.3430  10.2219

          k = 0.2282 0.2282 0.2500 (   721 PWs)   bands (ev):

    -7.3518   4.5142   8.3274   9.3449

          k = 0.2282-0.2282-0.2500 (   721 PWs)   bands (ev):

    -7.3518   4.5142   8.3274   9.3449

          k = 0.3423 0.3423 0.3750 (   719 PWs)   bands (ev):

    -5.5728   0.9693   7.5658   8.7571

          k = 0.3423-0.3423-0.3750 (   719 PWs)   bands (ev):

    -5.5728   0.9693   7.5658   8.7571

          k =-0.4564-0.4564-0.5000 (   722 PWs)   bands (ev):

    -4.0268  -1.1977   7.2946   8.5557

          k =-0.4564 0.4564 0.5000 (   722 PWs)   bands (ev):

    -4.0268  -1.1977   7.2946   8.5557

          k = 0.1141 0.3423 0.1250 (   724 PWs)   bands (ev):

    -7.5330   5.8152   7.8950   8.5426

          k = 0.1141-0.3423-0.1250 (   724 PWs)   bands (ev):

    -7.5330   5.8152   7.8950   8.5426

          k =-0.1141 0.3423-0.1250 (   724 PWs)   bands (ev):

    -7.5330   5.8152   7.8950   8.5426

          k = 0.2282 0.4564 0.2500 (   718 PWs)   bands (ev):

    -5.9830   2.3775   6.9307   7.8734

          k = 0.2282-0.4564-0.2500 (   718 PWs)   bands (ev):

    -5.9830   2.3775   6.9307   7.8734

          k =-0.2282 0.4564-0.2500 (   718 PWs)   bands (ev):

    -5.9830   2.3775   6.9307   7.8734

          k =-0.5705-0.3423-0.6250 (   721 PWs)   bands (ev):

    -4.0636  -0.5260   6.1862   7.7927

          k =-0.5705 0.3423 0.6250 (   721 PWs)   bands (ev):

    -4.0636  -0.5260   6.1862   7.7927

          k = 0.5705-0.3423 0.6250 (   721 PWs)   bands (ev):

    -4.0636  -0.5260   6.1862   7.7927

          k =-0.4564-0.2282-0.5000 (   723 PWs)   bands (ev):

    -4.5240   0.1093   5.9276   8.2390

          k =-0.4564 0.2282 0.5000 (   723 PWs)   bands (ev):

    -4.5240   0.1093   5.9276   8.2390

          k = 0.4564-0.2282 0.5000 (   723 PWs)   bands (ev):

    -4.5240   0.1093   5.9276   8.2390

          k =-0.3423-0.1141-0.3750 (   720 PWs)   bands (ev):

    -6.4373   3.3362   6.2562   9.0639

          k =-0.3423 0.1141 0.3750 (   720 PWs)   bands (ev):

    -6.4373   3.3362   6.2562   9.0639

          k = 0.3423-0.1141 0.3750 (   720 PWs)   bands (ev):

    -6.4373   3.3362   6.2562   9.0639

          k =-0.2282 0.0000-0.2500 (   720 PWs)   bands (ev):

    -7.8176   6.6433   7.3420   9.9293

          k = 0.1141 0.5705 0.1250 (   721 PWs)   bands (ev):

    -5.6842   3.3028   5.7606   6.6596

          k = 0.1141-0.5705-0.1250 (   721 PWs)   bands (ev):

    -5.6842   3.3028   5.7606   6.6596

          k =-0.1141 0.5705-0.1250 (   721 PWs)   bands (ev):

    -5.6842   3.3028   5.7606   6.6596

          k =-0.6847-0.2282-0.7500 (   722 PWs)   bands (ev):

    -3.8350   0.7746   4.1841   6.6157

          k =-0.6847 0.2282 0.7500 (   722 PWs)   bands (ev):

    -3.8350   0.7746   4.1841   6.6157

          k = 0.6847-0.2282 0.7500 (   722 PWs)   bands (ev):

    -3.8350   0.7746   4.1841   6.6157

          k =-0.5705-0.1141-0.6250 (   724 PWs)   bands (ev):

    -3.0574  -0.0559   3.3036   7.1501

          k =-0.5705 0.1141 0.6250 (   724 PWs)   bands (ev):

    -3.0574  -0.0559   3.3036   7.1501

          k = 0.5705-0.1141 0.6250 (   724 PWs)   bands (ev):

    -3.0574  -0.0559   3.3036   7.1501

          k =-0.4564 0.0000-0.5000 (   726 PWs)   bands (ev):

    -4.8628   2.2162   3.5915   8.1028

          k =-0.7988-0.1141-0.8750 (   711 PWs)   bands (ev):

    -3.0383   0.1619   4.4629   5.7569

          k =-0.7988 0.1141 0.8750 (   711 PWs)   bands (ev):

    -3.0383   0.1619   4.4629   5.7569

          k = 0.7988-0.1141 0.8750 (   711 PWs)   bands (ev):

    -3.0383   0.1619   4.4629   5.7569

          k =-0.6847 0.0000-0.7500 (   721 PWs)   bands (ev):

    -1.7350  -0.6563   2.6075   6.2073

          k = 0.2282-0.2282 0.0000 (   715 PWs)   bands (ev):

    -7.9086   6.7290   8.2007   9.1088

          k = 0.3423 0.3423 0.1250 (   725 PWs)   bands (ev):

    -6.6098   3.6884   7.1596   8.1036

          k = 0.3423-0.3423-0.1250 (   725 PWs)   bands (ev):

    -6.6098   3.6884   7.1596   8.1036

          k =-0.4564-0.4564-0.7500 (   721 PWs)   bands (ev):

    -4.7261   0.4398   7.0410   7.1691

          k =-0.4564 0.4564 0.7500 (   721 PWs)   bands (ev):

    -4.7261   0.4398   7.0410   7.1691

          k =-0.3423-0.3423-0.6250 (   719 PWs)   bands (ev):

    -3.8681  -0.6867   6.6867   7.4185

          k =-0.3423 0.3423 0.6250 (   719 PWs)   bands (ev):

    -3.8681  -0.6867   6.6867   7.4185

          k =-0.2282-0.2282-0.5000 (   727 PWs)   bands (ev):

    -5.7288   2.0958   6.7821   8.1402

          k =-0.2282 0.2282 0.5000 (   727 PWs)   bands (ev):

    -5.7288   2.0958   6.7821   8.1402

          k =-0.1141-0.1141-0.3750 (   720 PWs)   bands (ev):

    -7.3516   5.6557   7.4468   8.9680

          k =-0.1141 0.1141 0.3750 (   720 PWs)   bands (ev):

    -7.3516   5.6557   7.4468   8.9680

          k = 0.2282-0.4564 0.0000 (   728 PWs)   bands (ev):

    -6.5100   4.5031   6.2979   7.3596

          k =-0.5705-0.3423-0.8750 (   724 PWs)   bands (ev):

    -4.8261   1.8739   5.3144   6.5170

          k =-0.5705 0.3423 0.8750 (   724 PWs)   bands (ev):

    -4.8261   1.8739   5.3144   6.5170

          k = 0.5705-0.3423 0.8750 (   724 PWs)   bands (ev):

    -4.8261   1.8739   5.3144   6.5170

          k =-0.4564-0.2282-0.7500 (   720 PWs)   bands (ev):

    -3.1252  -0.3597   4.7311   6.5937

          k =-0.4564 0.2282 0.7500 (   720 PWs)   bands (ev):

    -3.1252  -0.3597   4.7311   6.5937

          k = 0.4564-0.2282 0.7500 (   720 PWs)   bands (ev):

    -3.1252  -0.3597   4.7311   6.5937

          k =-0.3423-0.1141-0.6250 (   723 PWs)   bands (ev):

    -4.3666   1.3471   4.5391   7.3660

          k =-0.3423 0.1141 0.6250 (   723 PWs)   bands (ev):

    -4.3666   1.3471   4.5391   7.3660

          k = 0.3423-0.1141 0.6250 (   723 PWs)   bands (ev):

    -4.3666   1.3471   4.5391   7.3660

          k =-0.2282 0.0000-0.5000 (   717 PWs)   bands (ev):

    -6.1610   4.2827   5.2363   8.2726

          k = 0.0000 0.4564-0.2500 (   722 PWs)   bands (ev):

    -6.4252   4.2312   5.6250   7.9496

          k =-0.6847 0.2282 1.0000 (   721 PWs)   bands (ev):

    -4.2585   1.8294   5.0132   5.4005

          k =-0.5705-0.1141-0.8750 (   718 PWs)   bands (ev):

    -2.4051   0.2018   3.2418   5.4809

          k =-0.5705 0.1141 0.8750 (   718 PWs)   bands (ev):

    -2.4051   0.2018   3.2418   5.4809

          k = 0.5705-0.1141 0.8750 (   718 PWs)   bands (ev):

    -2.4051   0.2018   3.2418   5.4809

          k =-0.4564 0.0000-0.7500 (   712 PWs)   bands (ev):

    -2.6012   0.5848   2.5396   6.3341

          k = 0.7988-0.3423 0.6250 (   722 PWs)   bands (ev):

    -4.6839   1.4860   4.6076   6.9966

          k = 0.7988 0.3423-0.6250 (   722 PWs)   bands (ev):

    -4.6839   1.4861   4.6076   6.9966

          k =-0.7988-0.3423-0.6250 (   722 PWs)   bands (ev):

    -4.6839   1.4861   4.6076   6.9966

          k = 0.9129-0.2282 0.7500 (   718 PWs)   bands (ev):

    -4.1923   1.6696   4.5241   5.5409

          k = 0.6847 0.2282-0.5000 (   716 PWs)   bands (ev):

    -3.1825  -0.4957   4.3800   6.5908

          k =-0.6847-0.2282-0.5000 (   716 PWs)   bands (ev):

    -3.1825  -0.4957   4.3800   6.5908

          k = 0.7988-0.1141 0.6250 (   716 PWs)   bands (ev):

    -2.3773   0.0066   3.1011   5.1258

          k = 0.7988 0.1141-0.6250 (   716 PWs)   bands (ev):

    -2.3773   0.0066   3.1011   5.1258

          k =-0.7988-0.1141-0.6250 (   716 PWs)   bands (ev):

    -2.3773   0.0066   3.1011   5.1258

          k = 0.6847 0.0000 0.5000 (   721 PWs)   bands (ev):

    -2.9182   0.5836   2.7360   5.7669

          k =-0.4564 0.4564 1.0000 (   716 PWs)   bands (ev):

    -5.1705   2.8627   4.5685   7.0505

          k =-0.3423-0.3423-0.8750 (   727 PWs)   bands (ev):

    -3.2782   0.5209   4.3615   6.0496

          k =-0.3423 0.3423 0.8750 (   727 PWs)   bands (ev):

    -3.2782   0.5209   4.3615   6.0496

          k =-0.2282-0.2282-0.7500 (   724 PWs)   bands (ev):

    -3.2812   0.5744   5.1636   5.5325

          k =-0.2282 0.2282 0.7500 (   724 PWs)   bands (ev):

    -3.2812   0.5744   5.1636   5.5325

          k =-0.1141-0.1141-0.6250 (   721 PWs)   bands (ev):

    -5.1701   3.4694   5.6367   6.1711

          k =-0.1141 0.1141 0.6250 (   721 PWs)   bands (ev):

    -5.1701   3.4694   5.6367   6.1711

          k =-0.4564 0.2282 1.0000 (   716 PWs)   bands (ev):

    -3.0871   1.2633   3.4827   5.2154

          k =-0.3423-0.1141-0.8750 (   726 PWs)   bands (ev):

    -1.8920   0.3192   3.3398   4.7794

          k =-0.3423 0.1141 0.8750 (   726 PWs)   bands (ev):

    -1.8920   0.3192   3.3398   4.7794

          k = 0.3423-0.1141 0.8750 (   726 PWs)   bands (ev):

    -1.8920   0.3192   3.3398   4.7794

          k =-0.2282 0.0000-0.7500 (   730 PWs)   bands (ev):

    -3.5526   2.1996   3.8570   5.4892

          k =-0.2282 0.2282 1.0000 (   726 PWs)   bands (ev):

    -1.5378   0.3681   2.8115   5.0731

          k =-0.1141-0.1141-0.8750 (   736 PWs)   bands (ev):

    -2.1412   1.1615   3.8295   4.6302

          k =-0.1141 0.1141 0.8750 (   736 PWs)   bands (ev):

    -2.1412   1.1615   3.8295   4.6302

!    total energy              =     -22.72530293 Ry
     Harris-Foulkes estimate   =     -22.72530293 Ry
     estimated scf accuracy    <          6.3E-10 Ry

     The total energy is the sum of the following terms:

     one-electron contribution =       6.09721783 Ry
     hartree contribution      =       2.10375554 Ry
     xc contribution           =      -6.83316009 Ry
     ewald contribution        =     -24.09311620 Ry

     convergence has been achieved in   6 iterations

     Forces acting on atoms (Ry/au):

     atom   1 type  1   force =     0.00000002    0.00000002    0.00000000
     atom   2 type  1   force =    -0.00000002   -0.00000002    0.00000000

     Total force =     0.000000     Total SCF correction =     0.000000


     entering subroutine stress ...

          total   stress  (Ry/bohr**3)                   (kbar)     P= -554.57
  -0.00518363   0.00000000   0.00000000       -762.54      0.00      0.00
   0.00000000  -0.00518363   0.00000000          0.00   -762.54      0.00
   0.00000000   0.00000000  -0.00094247          0.00      0.00   -138.64


     BFGS Geometry Optimization

     bfgs converged in   1 scf cycles and   0 bfgs steps
     (criteria: energy < 0.10E-08, force < 0.10E-05)

     End of BFGS Geometry Optimization

     Final energy   =     -22.7253029256 Ry

ATOMIC_POSITIONS (crystal)
C        0.000000000   0.000000000   0.000000000
C        0.250000000   0.250000000   0.250000000



     Writing output data file pwscf.save
 
     PWSCF        :    14.34s CPU time,   16.55s wall time

     init_run     :     1.07s CPU
     electrons    :    12.26s CPU
     forces       :     0.08s CPU
     stress       :     0.41s CPU

     Called by init_run:
     wfcinit      :     0.84s CPU
     potinit      :     0.05s CPU

     Called by electrons:
     c_bands      :    10.66s CPU (       7 calls,   1.523 s avg)
     sum_band     :     1.27s CPU (       7 calls,   0.182 s avg)
     v_of_rho     :     0.16s CPU (       7 calls,   0.022 s avg)
     newd         :     0.04s CPU (       7 calls,   0.006 s avg)
     mix_rho      :     0.01s CPU (       7 calls,   0.001 s avg)

     Called by c_bands:
     init_us_2    :     0.24s CPU (    2550 calls,   0.000 s avg)
     cegterg      :    10.27s CPU (    1050 calls,   0.010 s avg)

     Called by *egterg:
     h_psi        :     4.70s CPU (    3101 calls,   0.002 s avg)
     s_psi        :     0.12s CPU (    3101 calls,   0.000 s avg)
     g_psi        :     0.08s CPU (    1901 calls,   0.000 s avg)
     cdiaghg      :     4.54s CPU (    2801 calls,   0.002 s avg)

     Called by h_psi:
     add_vuspsi   :     0.07s CPU (    3101 calls,   0.000 s avg)

     General routines
     calbec       :     0.30s CPU (    4451 calls,   0.000 s avg)
     cft3s        :     4.98s CPU (   28227 calls,   0.000 s avg)
     interpolate  :     0.00s CPU (      14 calls,   0.000 s avg)
     davcio       :     0.70s CPU (    3600 calls,   0.000 s avg)
 
     Parallel routines
     fft_scatter  :     1.34s CPU (   28227 calls,   0.000 s avg)
