
     Program PWSCF     v.4.1.1  starts ...
     Today is 25Nov2010 at 15:48:14 

     Parallel version (MPI)

     Number of processors in use:       4
     R & G space division:  proc/pool =    4

     For Norm-Conserving or Ultrasoft (Vanderbilt) Pseudopotentials or PAW

     Current dimensions of program pwscf are:
     Max number of different atomic species (ntypx) = 10
     Max number of k-points (npk) =  40000
     Max angular momentum in pseudopotentials (lmaxx) =  3
     Waiting for input...
     file C.pbe-rrkjus.UPF: wavefunction(s)  2S 2P renormalized

     Subspace diagonalization in iterative solution of the eigenvalue problem:
     a parallel distributed memory algorithm will be used,
     eigenstates matrixes will be distributed block like on
     ortho sub-group =    2*   2 procs


     Planes per process (thick) : nr3 = 36 npp =   9 ncplane = 1296
     Planes per process (smooth): nr3s= 24 npps=   6 ncplanes=  576
 
     Proc/  planes cols     G    planes cols    G      columns  G
     Pool       (dense grid)       (smooth grid)      (wavefct grid)
        1     9    186     3408    6     95     1236     30      235
        2     9    186     3408    6     95     1226     31      238
        3     9    187     3412    6     94     1224     30      234
        4     9    186     3407    6     95     1223     30      234
     tot     36    745    13635   24    379     4909    121      941
 


     bravais-lattice index     =            0
     lattice parameter (a_0)   =       6.7413  a.u.
     unit-cell volume          =      76.6044 (a.u.)^3
     number of atoms/cell      =            2
     number of atomic types    =            1
     number of electrons       =         8.00
     number of Kohn-Sham states=            4
     kinetic-energy cutoff     =      60.0000  Ry
     charge density cutoff     =     480.0000  Ry
     convergence threshold     =      1.0E-08
     mixing beta               =       0.7000
     number of iterations used =            8  plain     mixing
     Exchange-correlation      =  SLA  PW   PBE  PBE (1434)
     nstep                     =           50


     celldm(1)=   6.741280  celldm(2)=   0.000000  celldm(3)=   0.000000
     celldm(4)=   0.000000  celldm(5)=   0.000000  celldm(6)=   0.000000

     crystal axes: (cart. coord. in units of a_0)
               a(1) = (  0.000000  0.500050  0.500000 )  
               a(2) = (  0.500050  0.000000  0.500000 )  
               a(3) = (  0.500050  0.500050  0.000000 )  

     reciprocal axes: (cart. coord. in units 2 pi/a_0)
               b(1) = ( -0.999900  0.999900  1.000000 )  
               b(2) = (  0.999900 -0.999900  1.000000 )  
               b(3) = (  0.999900  0.999900 -1.000000 )  


     PseudoPot. # 1 for C  read from file C.pbe-rrkjus.UPF
     Pseudo is Ultrasoft, Zval =  4.0
     Generated by new atomic code, or converted to UPF format
     Using radial grid of  627 points,  4 beta functions with: 
                l(1) =   0
                l(2) =   0
                l(3) =   1
                l(4) =   1
     Q(r) pseudized with 0 coefficients 


     atomic species   valence    mass     pseudopotential
        C              4.00    12.01070     C ( 1.00)

     16 Sym.Ops. (with inversion)


   Cartesian axes

     site n.     atom                  positions (a_0 units)
         1           C   tau(  1) = (   0.0000000   0.0000000   0.0000000  )
         2           C   tau(  2) = (   0.2500250   0.2500250   0.2500000  )

     number of k points=   59
                       cart. coord. in units 2pi/a_0
        k(    1) = (   0.0000000   0.0000000   0.0000000), wk =   0.0039062
        k(    2) = (   0.1249875   0.1249875  -0.1250000), wk =   0.0312500
        k(    3) = (   0.2499750   0.2499750  -0.2500000), wk =   0.0312500
        k(    4) = (   0.3749625   0.3749625  -0.3750000), wk =   0.0312500
        k(    5) = (  -0.4999500  -0.4999500   0.5000000), wk =   0.0156250
        k(    6) = (   0.2499750   0.0000000   0.0000000), wk =   0.0156250
        k(    7) = (   0.3749625   0.1249875  -0.1250000), wk =   0.0625000
        k(    8) = (   0.4999500   0.2499750  -0.2500000), wk =   0.0625000
        k(    9) = (  -0.3749625  -0.6249375   0.6250000), wk =   0.0625000
        k(   10) = (  -0.2499750  -0.4999500   0.5000000), wk =   0.0625000
        k(   11) = (  -0.1249875  -0.3749625   0.3750000), wk =   0.0625000
        k(   12) = (   0.0000000  -0.2499750   0.2500000), wk =   0.0312500
        k(   13) = (   0.4999500   0.0000000   0.0000000), wk =   0.0156250
        k(   14) = (   0.6249375   0.1249875  -0.1250000), wk =   0.0625000
        k(   15) = (  -0.2499750  -0.7499250   0.7500000), wk =   0.0625000
        k(   16) = (  -0.1249875  -0.6249375   0.6250000), wk =   0.0625000
        k(   17) = (   0.0000000  -0.4999500   0.5000000), wk =   0.0312500
        k(   18) = (   0.7499250   0.0000000   0.0000000), wk =   0.0156250
        k(   19) = (  -0.1249875  -0.8749125   0.8750000), wk =   0.0625000
        k(   20) = (   0.0000000  -0.7499250   0.7500000), wk =   0.0312500
        k(   21) = (  -0.9999000   0.0000000   0.0000000), wk =   0.0078125
        k(   22) = (   0.0000000   0.0000000   0.2500000), wk =   0.0078125
        k(   23) = (   0.2499750   0.2499750   0.0000000), wk =   0.0156250
        k(   24) = (   0.3749625   0.3749625  -0.1250000), wk =   0.0312500
        k(   25) = (  -0.4999500  -0.4999500   0.7500000), wk =   0.0312500
        k(   26) = (  -0.3749625  -0.3749625   0.6250000), wk =   0.0312500
        k(   27) = (  -0.2499750  -0.2499750   0.5000000), wk =   0.0312500
        k(   28) = (  -0.1249875  -0.1249875   0.3750000), wk =   0.0312500
        k(   29) = (   0.4999500   0.2499750   0.0000000), wk =   0.0312500
        k(   30) = (  -0.3749625  -0.6249375   0.8750000), wk =   0.0625000
        k(   31) = (  -0.2499750  -0.4999500   0.7500000), wk =   0.0625000
        k(   32) = (  -0.1249875  -0.3749625   0.6250000), wk =   0.0625000
        k(   33) = (   0.0000000  -0.2499750   0.5000000), wk =   0.0312500
        k(   34) = (   0.4999500   0.0000000   0.2500000), wk =   0.0312500
        k(   35) = (  -0.2499750  -0.7499250   1.0000000), wk =   0.0312500
        k(   36) = (  -0.1249875  -0.6249375   0.8750000), wk =   0.0625000
        k(   37) = (   0.0000000  -0.4999500   0.7500000), wk =   0.0312500
        k(   38) = (  -0.3749625   0.8749125  -0.6250000), wk =   0.0625000
        k(   39) = (  -0.2499750   0.9999000  -0.7500000), wk =   0.0312500
        k(   40) = (  -0.9999000   0.2499750   0.0000000), wk =   0.0156250
        k(   41) = (  -0.2499750   0.7499250  -0.5000000), wk =   0.0312500
        k(   42) = (  -0.1249875   0.8749125  -0.6250000), wk =   0.0625000
        k(   43) = (  -0.9999000   0.0000000   0.2500000), wk =   0.0156250
        k(   44) = (   0.0000000   0.7499250  -0.5000000), wk =   0.0312500
        k(   45) = (   0.0000000   0.0000000   0.5000000), wk =   0.0078125
        k(   46) = (  -0.4999500  -0.4999500   1.0000000), wk =   0.0156250
        k(   47) = (  -0.3749625  -0.3749625   0.8750000), wk =   0.0312500
        k(   48) = (  -0.2499750  -0.2499750   0.7500000), wk =   0.0312500
        k(   49) = (  -0.1249875  -0.1249875   0.6250000), wk =   0.0312500
        k(   50) = (  -0.2499750  -0.4999500   1.0000000), wk =   0.0312500
        k(   51) = (  -0.1249875  -0.3749625   0.8750000), wk =   0.0625000
        k(   52) = (   0.0000000  -0.2499750   0.7500000), wk =   0.0312500
        k(   53) = (  -0.9999000   0.4999500   0.0000000), wk =   0.0156250
        k(   54) = (  -0.9999000   0.0000000   0.5000000), wk =   0.0078125
        k(   55) = (   0.0000000   0.0000000   0.7500000), wk =   0.0078125
        k(   56) = (  -0.2499750  -0.2499750   1.0000000), wk =   0.0156250
        k(   57) = (  -0.1249875  -0.1249875   0.8750000), wk =   0.0312500
        k(   58) = (  -0.9999000   0.7499250   0.0000000), wk =   0.0156250
        k(   59) = (   0.0000000   0.0000000  -1.0000000), wk =   0.0039062

     G cutoff =  552.5432  (  13635 G-vectors)     FFT grid: ( 36, 36, 36)
     G cutoff =  276.2716  (   4909 G-vectors)  smooth grid: ( 24, 24, 24)

     Largest allocated arrays     est. size (Mb)     dimensions
        Kohn-Sham Wavefunctions         0.01 Mb     (    159,   4)
        NL pseudopotentials             0.04 Mb     (    159,  16)
        Each V/rho on FFT grid          0.18 Mb     (  11664)
        Each G-vector array             0.03 Mb     (   3408)
        G-vector shells                 0.01 Mb     (    866)
     Largest temporary arrays     est. size (Mb)     dimensions
        Auxiliary wavefunctions         0.04 Mb     (    159,  16)
        Each subspace H/S matrix        0.00 Mb     (     16,  16)
        Each <psi_i|beta_j> matrix      0.00 Mb     (     16,   4)
        Arrays for rho mixing           1.42 Mb     (  11664,   8)

     Initial potential from superposition of free atoms

     starting charge    7.99989, renormalised to    8.00000
     Starting wfc are    8 atomic wfcs

     total cpu time spent up to now is      0.58 secs

     per-process dynamical memory:    54.9 Mb

     Self-consistent Calculation

     iteration #  1     ecut=    60.00 Ry     beta=0.70
     Davidson diagonalization with overlap
     ethr =  1.00E-02,  avg # of iterations =  2.0

     total cpu time spent up to now is      1.23 secs

     total energy              =     -22.76289526 Ry
     Harris-Foulkes estimate   =     -22.81570801 Ry
     estimated scf accuracy    <       0.11809829 Ry

     iteration #  2     ecut=    60.00 Ry     beta=0.70
     Davidson diagonalization with overlap
     ethr =  1.48E-03,  avg # of iterations =  1.1

     total cpu time spent up to now is      1.70 secs

     total energy              =     -22.77058632 Ry
     Harris-Foulkes estimate   =     -22.77095924 Ry
     estimated scf accuracy    <       0.00272976 Ry

     iteration #  3     ecut=    60.00 Ry     beta=0.70
     Davidson diagonalization with overlap
     ethr =  3.41E-05,  avg # of iterations =  2.1

     total cpu time spent up to now is      2.41 secs

     total energy              =     -22.77117635 Ry
     Harris-Foulkes estimate   =     -22.77116026 Ry
     estimated scf accuracy    <       0.00004352 Ry

     iteration #  4     ecut=    60.00 Ry     beta=0.70
     Davidson diagonalization with overlap
     ethr =  5.44E-07,  avg # of iterations =  2.0

     total cpu time spent up to now is      3.11 secs

     total energy              =     -22.77119111 Ry
     Harris-Foulkes estimate   =     -22.77119123 Ry
     estimated scf accuracy    <       0.00000331 Ry

     iteration #  5     ecut=    60.00 Ry     beta=0.70
     Davidson diagonalization with overlap
     ethr =  4.14E-08,  avg # of iterations =  2.1

     total cpu time spent up to now is      3.82 secs

     total energy              =     -22.77119175 Ry
     Harris-Foulkes estimate   =     -22.77119179 Ry
     estimated scf accuracy    <       0.00000014 Ry

     iteration #  6     ecut=    60.00 Ry     beta=0.70
     Davidson diagonalization with overlap
     ethr =  1.71E-09,  avg # of iterations =  1.9

     total cpu time spent up to now is      4.44 secs

     End of self-consistent calculation

          k = 0.0000 0.0000 0.0000 (   609 PWs)   bands (ev):

    -8.1051  13.3049  13.3049  13.3064

          k = 0.1250 0.1250-0.1250 (   591 PWs)   bands (ev):

    -7.6738  10.9038  12.6553  12.6564

          k = 0.2500 0.2500-0.2500 (   595 PWs)   bands (ev):

    -6.3933   6.7432  11.5652  11.5666

          k = 0.3750 0.3750-0.3750 (   601 PWs)   bands (ev):

    -4.3310   2.6725  10.7848  10.7865

          k =-0.5000-0.5000 0.5000 (   610 PWs)   bands (ev):

    -2.3372  -0.0247  10.5131  10.5148

          k = 0.2500 0.0000 0.0000 (   597 PWs)   bands (ev):

    -7.5303  11.5872  11.5882  11.9895

          k = 0.3750 0.1250-0.1250 (   593 PWs)   bands (ev):

    -6.5331   8.2413  10.4412  11.2850

          k = 0.5000 0.2500-0.2500 (   601 PWs)   bands (ev):

    -4.7247   4.2276   9.7951  10.1223

          k =-0.3750-0.6249 0.6250 (   598 PWs)   bands (ev):

    -2.3950   0.7949   9.1726   9.7933

          k =-0.2500-0.5000 0.5000 (   602 PWs)   bands (ev):

    -3.1645   1.7977   8.7429  10.4068

          k =-0.1250-0.3750 0.3750 (   603 PWs)   bands (ev):

    -5.4130   5.5739   8.9588  11.4728

          k = 0.0000-0.2500 0.2500 (   582 PWs)   bands (ev):

    -6.9594   9.3413  10.0681  12.5510

          k = 0.5000 0.0000 0.0000 (   592 PWs)   bands (ev):

    -5.8252   8.8150   9.1982   9.1987

          k = 0.6249 0.1250-0.1250 (   603 PWs)   bands (ev):

    -4.2982   5.8218   8.1052   8.4702

          k =-0.2500-0.7499 0.7500 (   602 PWs)   bands (ev):

    -2.0944   2.5607   6.5927   8.4452

          k =-0.1250-0.6249 0.6250 (   599 PWs)   bands (ev):

    -1.3966   1.7598   5.5928   9.1166

          k = 0.0000-0.5000 0.5000 (   602 PWs)   bands (ev):

    -3.6457   4.6421   5.7266  10.3042

          k = 0.7499 0.0000 0.0000 (   608 PWs)   bands (ev):

    -3.0611   4.7598   7.5849   7.5851

          k =-0.1250-0.8749 0.8750 (   609 PWs)   bands (ev):

    -1.1029   2.6795   5.9882   7.4029

          k = 0.0000-0.7499 0.7500 (   594 PWs)   bands (ev):

     0.3809   1.6189   4.0199   7.9593

          k =-0.9999 0.0000 0.0000 (   620 PWs)   bands (ev):

     0.5900   0.5900   7.0271   7.0271

          k = 0.0000 0.0000 0.2500 (   597 PWs)   bands (ev):

    -7.5302  11.5869  11.5869  11.9911

          k = 0.2500 0.2500 0.0000 (   582 PWs)   bands (ev):

    -6.9595   9.3414  10.0693  12.5499

          k = 0.3750 0.3750-0.1250 (   603 PWs)   bands (ev):

    -5.4133   5.5744   8.9599  11.4715

          k =-0.5000-0.5000 0.7500 (   602 PWs)   bands (ev):

    -3.1647   1.7981   8.7443  10.4054

          k =-0.3750-0.3750 0.6250 (   598 PWs)   bands (ev):

    -2.3947   0.7946   9.1742   9.7920

          k =-0.2500-0.2500 0.5000 (   601 PWs)   bands (ev):

    -4.7244   4.2272   9.7939  10.1238

          k =-0.1250-0.1250 0.3750 (   593 PWs)   bands (ev):

    -6.5329   8.2410  10.4402  11.2862

          k = 0.5000 0.2500 0.0000 (   597 PWs)   bands (ev):

    -5.2701   6.8257   7.8266  10.4294

          k =-0.3750-0.6249 0.8750 (   605 PWs)   bands (ev):

    -3.2483   3.4987   7.0535   9.2389

          k =-0.2500-0.5000 0.7500 (   602 PWs)   bands (ev):

    -1.3287   0.9842   7.0193   8.6342

          k =-0.1250-0.3750 0.6250 (   605 PWs)   bands (ev):

    -3.2476   3.4980   7.0524   9.2403

          k = 0.0000-0.2500 0.5000 (   597 PWs)   bands (ev):

    -5.2697   6.8254   7.8253  10.4308

          k = 0.5000 0.0000 0.2500 (   597 PWs)   bands (ev):

    -5.2700   6.8254   7.8258  10.4302

          k =-0.2500-0.7499 1.0000 (   603 PWs)   bands (ev):

    -2.5530   4.3340   6.3383   7.3858

          k =-0.1250-0.6249 0.8750 (   604 PWs)   bands (ev):

    -0.3630   2.1821   4.9243   6.9800

          k = 0.0000-0.5000 0.7500 (   600 PWs)   bands (ev):

    -1.1524   2.9422   4.4684   7.8524

          k =-0.3750 0.8749-0.6250 (   605 PWs)   bands (ev):

    -3.2481   3.4982   7.0524   9.2397

          k =-0.2500 0.9999-0.7500 (   603 PWs)   bands (ev):

    -2.5529   4.3337   6.3377   7.3860

          k =-0.9999 0.2500 0.0000 (   610 PWs)   bands (ev):

     0.9277   0.9277   6.0169   6.0169

          k =-0.2500 0.7499-0.5000 (   602 PWs)   bands (ev):

    -1.3289   0.9841   7.0184   8.6346

          k =-0.1250 0.8749-0.6250 (   604 PWs)   bands (ev):

    -0.3629   2.1818   4.9242   6.9796

          k =-0.9999 0.0000 0.2500 (   610 PWs)   bands (ev):

     0.9277   0.9277   6.0166   6.0166

          k = 0.0000 0.7499-0.5000 (   600 PWs)   bands (ev):

    -1.1529   2.9422   4.4687   7.8517

          k = 0.0000 0.0000 0.5000 (   592 PWs)   bands (ev):

    -5.8248   8.8169   9.1973   9.1973

          k =-0.5000-0.5000 1.0000 (   602 PWs)   bands (ev):

    -3.6462   4.6430   5.7278  10.3027

          k =-0.3750-0.3750 0.8750 (   599 PWs)   bands (ev):

    -1.3969   1.7606   5.5942   9.1151

          k =-0.2500-0.2500 0.7500 (   602 PWs)   bands (ev):

    -2.0936   2.5603   6.5941   8.4438

          k =-0.1250-0.1250 0.6250 (   603 PWs)   bands (ev):

    -4.2975   5.8219   8.1060   8.4689

          k =-0.2500-0.5000 1.0000 (   600 PWs)   bands (ev):

    -1.1531   2.9432   4.4697   7.8508

          k =-0.1250-0.3750 0.8750 (   604 PWs)   bands (ev):

    -0.3622   2.1821   4.9247   6.9789

          k = 0.0000-0.2500 0.7500 (   603 PWs)   bands (ev):

    -2.5521   4.3346   6.3368   7.3859

          k =-0.9999 0.5000 0.0000 (   604 PWs)   bands (ev):

     1.3816   1.3816   5.0112   5.0112

          k =-0.9999 0.0000 0.5000 (   604 PWs)   bands (ev):

     1.3812   1.3812   5.0111   5.0111

          k = 0.0000 0.0000 0.7500 (   608 PWs)   bands (ev):

    -3.0602   4.7618   7.5836   7.5836

          k =-0.2500-0.2500 1.0000 (   594 PWs)   bands (ev):

     0.3812   1.6203   4.0201   7.9578

          k =-0.1250-0.1250 0.8750 (   609 PWs)   bands (ev):

    -1.1017   2.6810   5.9872   7.4014

          k =-0.9999 0.7499 0.0000 (   610 PWs)   bands (ev):

     0.9290   0.9290   6.0156   6.0156

          k = 0.0000 0.0000-1.0000 (   620 PWs)   bands (ev):

     0.5916   0.5916   7.0256   7.0256

!    total energy              =     -22.77119177 Ry
     Harris-Foulkes estimate   =     -22.77119177 Ry
     estimated scf accuracy    <          4.6E-10 Ry

     The total energy is the sum of the following terms:

     one-electron contribution =       7.98536583 Ry
     hartree contribution      =       1.93240157 Ry
     xc contribution           =      -7.12021742 Ry
     ewald contribution        =     -25.56874175 Ry

     convergence has been achieved in   6 iterations

     Forces acting on atoms (Ry/au):

     atom   1 type  1   force =     0.00000000    0.00000000    0.00000000
     atom   2 type  1   force =     0.00000000    0.00000000    0.00000000

     Total force =     0.000000     Total SCF correction =     0.000000


     entering subroutine stress ...

          total   stress  (Ry/bohr**3)                   (kbar)     P=   -0.81
  -0.00000762   0.00000000   0.00000000         -1.12      0.00      0.00
   0.00000000  -0.00000762   0.00000000          0.00     -1.12      0.00
   0.00000000   0.00000000  -0.00000129          0.00      0.00     -0.19


     BFGS Geometry Optimization

     bfgs converged in   1 scf cycles and   0 bfgs steps
     (criteria: energy < 0.10E-08, force < 0.10E-05)

     End of BFGS Geometry Optimization

     Final energy   =     -22.7711917683 Ry

ATOMIC_POSITIONS (crystal)
C        0.000000000   0.000000000   0.000000000
C        0.250000000   0.250000000   0.250000000



     Writing output data file pwscf.save
 
     PWSCF        :     4.95s CPU time,    6.15s wall time

     init_run     :     0.50s CPU
     electrons    :     3.86s CPU
     forces       :     0.07s CPU
     stress       :     0.22s CPU

     Called by init_run:
     wfcinit      :     0.27s CPU
     potinit      :     0.06s CPU

     Called by electrons:
     c_bands      :     3.16s CPU (       6 calls,   0.527 s avg)
     sum_band     :     0.41s CPU (       6 calls,   0.068 s avg)
     v_of_rho     :     0.14s CPU (       7 calls,   0.020 s avg)
     newd         :     0.06s CPU (       7 calls,   0.009 s avg)
     mix_rho      :     0.01s CPU (       6 calls,   0.002 s avg)

     Called by c_bands:
     init_us_2    :     0.13s CPU (     885 calls,   0.000 s avg)
     cegterg      :     2.95s CPU (     354 calls,   0.008 s avg)

     Called by *egterg:
     h_psi        :     1.03s CPU (    1071 calls,   0.001 s avg)
     s_psi        :     0.04s CPU (    1071 calls,   0.000 s avg)
     g_psi        :     0.03s CPU (     658 calls,   0.000 s avg)
     cdiaghg      :     1.57s CPU (    1012 calls,   0.002 s avg)

     Called by h_psi:
     add_vuspsi   :     0.06s CPU (    1071 calls,   0.000 s avg)

     General routines
     calbec       :     0.07s CPU (    1543 calls,   0.000 s avg)
     cft3s        :     1.10s CPU (   10107 calls,   0.000 s avg)
     interpolate  :     0.00s CPU (      13 calls,   0.000 s avg)
     davcio       :     0.25s CPU (    1239 calls,   0.000 s avg)
 
     Parallel routines
     fft_scatter  :     0.44s CPU (   10107 calls,   0.000 s avg)
