
     Program PWSCF     v.4.1.1  starts ...
     Today is 25Nov2010 at 15:42:27 

     Parallel version (MPI)

     Number of processors in use:       4
     R & G space division:  proc/pool =    4

     For Norm-Conserving or Ultrasoft (Vanderbilt) Pseudopotentials or PAW

     Current dimensions of program pwscf are:
     Max number of different atomic species (ntypx) = 10
     Max number of k-points (npk) =  40000
     Max angular momentum in pseudopotentials (lmaxx) =  3
     Waiting for input...
     file C.pbe-rrkjus.UPF: wavefunction(s)  2S 2P renormalized

     Subspace diagonalization in iterative solution of the eigenvalue problem:
     a parallel distributed memory algorithm will be used,
     eigenstates matrixes will be distributed block like on
     ortho sub-group =    2*   2 procs


     Planes per process (thick) : nr3 = 32 npp =   8 ncplane = 1056
     Planes per process (smooth): nr3s= 22 npps=   6 ncplanes=  484
 
     Proc/  planes cols     G    planes cols    G      columns  G
     Pool       (dense grid)       (smooth grid)      (wavefct grid)
        1     8    162     2742    6     78      957     27      187
        2     8    163     2745    6     78      957     27      187
        3     8    162     2741    5     79      969     28      189
        4     8    162     2741    5     78      956     27      186
     tot     32    649    10969   22    313     3839    109      749
 


     bravais-lattice index     =            0
     lattice parameter (a_0)   =       6.7413  a.u.
     unit-cell volume          =      61.0822 (a.u.)^3
     number of atoms/cell      =            2
     number of atomic types    =            1
     number of electrons       =         8.00
     number of Kohn-Sham states=            4
     kinetic-energy cutoff     =      60.0000  Ry
     charge density cutoff     =     480.0000  Ry
     convergence threshold     =      1.0E-08
     mixing beta               =       0.7000
     number of iterations used =            8  plain     mixing
     Exchange-correlation      =  SLA  PW   PBE  PBE (1434)
     nstep                     =           50


     celldm(1)=   6.741280  celldm(2)=   0.000000  celldm(3)=   0.000000
     celldm(4)=   0.000000  celldm(5)=   0.000000  celldm(6)=   0.000000

     crystal axes: (cart. coord. in units of a_0)
               a(1) = (  0.000000  0.463681  0.463681 )  
               a(2) = (  0.463681  0.000000  0.463681 )  
               a(3) = (  0.463681  0.463681  0.000000 )  

     reciprocal axes: (cart. coord. in units 2 pi/a_0)
               b(1) = ( -1.078328  1.078328  1.078328 )  
               b(2) = (  1.078328 -1.078328  1.078328 )  
               b(3) = (  1.078328  1.078328 -1.078328 )  


     PseudoPot. # 1 for C  read from file C.pbe-rrkjus.UPF
     Pseudo is Ultrasoft, Zval =  4.0
     Generated by new atomic code, or converted to UPF format
     Using radial grid of  627 points,  4 beta functions with: 
                l(1) =   0
                l(2) =   0
                l(3) =   1
                l(4) =   1
     Q(r) pseudized with 0 coefficients 


     atomic species   valence    mass     pseudopotential
        C              4.00    12.01070     C ( 1.00)

     48 Sym.Ops. (with inversion)


   Cartesian axes

     site n.     atom                  positions (a_0 units)
         1           C   tau(  1) = (   0.0000000   0.0000000   0.0000000  )
         2           C   tau(  2) = (   0.2318405   0.2318405   0.2318405  )

     number of k points=   29
                       cart. coord. in units 2pi/a_0
        k(    1) = (   0.0000000   0.0000000   0.0000000), wk =   0.0039062
        k(    2) = (   0.1347910   0.1347910  -0.1347910), wk =   0.0312500
        k(    3) = (   0.2695819   0.2695819  -0.2695819), wk =   0.0312500
        k(    4) = (   0.4043729   0.4043729  -0.4043729), wk =   0.0312500
        k(    5) = (  -0.5391639  -0.5391639   0.5391639), wk =   0.0156250
        k(    6) = (   0.2695819   0.0000000   0.0000000), wk =   0.0234375
        k(    7) = (   0.4043729   0.1347910  -0.1347910), wk =   0.0937500
        k(    8) = (   0.5391639   0.2695819  -0.2695819), wk =   0.0937500
        k(    9) = (  -0.4043729  -0.6739548   0.6739548), wk =   0.0937500
        k(   10) = (  -0.2695819  -0.5391639   0.5391639), wk =   0.0937500
        k(   11) = (  -0.1347910  -0.4043729   0.4043729), wk =   0.0937500
        k(   12) = (   0.0000000  -0.2695819   0.2695819), wk =   0.0468750
        k(   13) = (   0.5391639   0.0000000   0.0000000), wk =   0.0234375
        k(   14) = (   0.6739548   0.1347910  -0.1347910), wk =   0.0937500
        k(   15) = (  -0.2695819  -0.8087458   0.8087458), wk =   0.0937500
        k(   16) = (  -0.1347910  -0.6739548   0.6739548), wk =   0.0937500
        k(   17) = (   0.0000000  -0.5391639   0.5391639), wk =   0.0468750
        k(   18) = (   0.8087458   0.0000000   0.0000000), wk =   0.0234375
        k(   19) = (  -0.1347910  -0.9435368   0.9435368), wk =   0.0937500
        k(   20) = (   0.0000000  -0.8087458   0.8087458), wk =   0.0468750
        k(   21) = (  -1.0783277   0.0000000   0.0000000), wk =   0.0117188
        k(   22) = (   0.5391639   0.2695819   0.0000000), wk =   0.0937500
        k(   23) = (  -0.4043729  -0.6739548   0.9435368), wk =   0.1875000
        k(   24) = (  -0.2695819  -0.5391639   0.8087458), wk =   0.0937500
        k(   25) = (  -0.2695819  -0.8087458   1.0783277), wk =   0.0937500
        k(   26) = (  -0.1347910  -0.6739548   0.9435368), wk =   0.1875000
        k(   27) = (   0.0000000  -0.5391639   0.8087458), wk =   0.0937500
        k(   28) = (  -1.0783277   0.2695819   0.0000000), wk =   0.0468750
        k(   29) = (  -1.0783277   0.5391639   0.0000000), wk =   0.0234375

     G cutoff =  552.5432  (  10969 G-vectors)     FFT grid: ( 32, 32, 32)
     G cutoff =  276.2716  (   3839 G-vectors)  smooth grid: ( 22, 22, 22)

     Largest allocated arrays     est. size (Mb)     dimensions
        Kohn-Sham Wavefunctions         0.01 Mb     (    136,   4)
        NL pseudopotentials             0.03 Mb     (    136,  16)
        Each V/rho on FFT grid          0.13 Mb     (   8448)
        Each G-vector array             0.02 Mb     (   2742)
        G-vector shells                 0.00 Mb     (    161)
     Largest temporary arrays     est. size (Mb)     dimensions
        Auxiliary wavefunctions         0.03 Mb     (    136,  16)
        Each subspace H/S matrix        0.00 Mb     (     16,  16)
        Each <psi_i|beta_j> matrix      0.00 Mb     (     16,   4)
        Arrays for rho mixing           1.03 Mb     (   8448,   8)

     Initial potential from superposition of free atoms

     starting charge    7.99989, renormalised to    8.00000
     Starting wfc are    8 atomic wfcs

     total cpu time spent up to now is      0.39 secs

     per-process dynamical memory:    54.6 Mb

     Self-consistent Calculation

     iteration #  1     ecut=    60.00 Ry     beta=0.70
     Davidson diagonalization with overlap
     ethr =  1.00E-02,  avg # of iterations =  2.0

     total cpu time spent up to now is      0.72 secs

     total energy              =     -22.69283034 Ry
     Harris-Foulkes estimate   =     -22.78657769 Ry
     estimated scf accuracy    <       0.18976095 Ry

     iteration #  2     ecut=    60.00 Ry     beta=0.70
     Davidson diagonalization with overlap
     ethr =  2.37E-03,  avg # of iterations =  1.1

     total cpu time spent up to now is      0.97 secs

     total energy              =     -22.70501445 Ry
     Harris-Foulkes estimate   =     -22.70598610 Ry
     estimated scf accuracy    <       0.00380733 Ry

     iteration #  3     ecut=    60.00 Ry     beta=0.70
     Davidson diagonalization with overlap
     ethr =  4.76E-05,  avg # of iterations =  2.1

     total cpu time spent up to now is      1.34 secs

     total energy              =     -22.70606752 Ry
     Harris-Foulkes estimate   =     -22.70605696 Ry
     estimated scf accuracy    <       0.00004256 Ry

     iteration #  4     ecut=    60.00 Ry     beta=0.70
     Davidson diagonalization with overlap
     ethr =  5.32E-07,  avg # of iterations =  2.0

     total cpu time spent up to now is      1.70 secs

     total energy              =     -22.70608524 Ry
     Harris-Foulkes estimate   =     -22.70608456 Ry
     estimated scf accuracy    <       0.00000385 Ry

     iteration #  5     ecut=    60.00 Ry     beta=0.70
     Davidson diagonalization with overlap
     ethr =  4.81E-08,  avg # of iterations =  2.0

     total cpu time spent up to now is      2.06 secs

     total energy              =     -22.70608585 Ry
     Harris-Foulkes estimate   =     -22.70608589 Ry
     estimated scf accuracy    <       0.00000013 Ry

     iteration #  6     ecut=    60.00 Ry     beta=0.70
     Davidson diagonalization with overlap
     ethr =  1.69E-09,  avg # of iterations =  2.0

     total cpu time spent up to now is      2.39 secs

     End of self-consistent calculation

          k = 0.0000 0.0000 0.0000 (   531 PWs)   bands (ev):

    -6.9236  17.7505  17.7505  17.7505

          k = 0.1348 0.1348-0.1348 (   495 PWs)   bands (ev):

    -6.4233  14.8741  16.9248  16.9248

          k = 0.2696 0.2696-0.2696 (   483 PWs)   bands (ev):

    -4.9319  10.0130  15.5871  15.5871

          k = 0.4044 0.4044-0.4044 (   477 PWs)   bands (ev):

    -2.4890   5.2392  14.6507  14.6507

          k =-0.5392-0.5392 0.5392 (   476 PWs)   bands (ev):

     0.2720   1.6632  14.3277  14.3277

          k = 0.2696 0.0000 0.0000 (   495 PWs)   bands (ev):

    -6.2568  15.5528  15.5528  16.4161

          k = 0.4044 0.1348-0.1348 (   484 PWs)   bands (ev):

    -5.0965  11.7711  14.1469  15.4614

          k = 0.5392 0.2696-0.2696 (   492 PWs)   bands (ev):

    -2.9711   7.0913  13.3804  14.0276

          k =-0.4044-0.6740 0.6740 (   473 PWs)   bands (ev):

    -0.0329   2.8735  12.8478  13.4055

          k =-0.2696-0.5392 0.5392 (   477 PWs)   bands (ev):

    -1.0700   4.1804  12.2898  14.1784

          k =-0.1348-0.4044 0.4044 (   485 PWs)   bands (ev):

    -3.7841   8.6722  12.5020  15.5021

          k = 0.0000-0.2696 0.2696 (   489 PWs)   bands (ev):

    -5.5929  13.1460  13.7108  16.8394

          k = 0.5392 0.0000 0.0000 (   480 PWs)   bands (ev):

    -4.2724  12.6138  12.6138  12.9526

          k = 0.6740 0.1348-0.1348 (   478 PWs)   bands (ev):

    -2.4822   9.1553  11.5855  11.7358

          k =-0.2696-0.8087 0.8087 (   477 PWs)   bands (ev):

     0.1825   5.2064   9.7874  11.7215

          k =-0.1348-0.6740 0.6740 (   479 PWs)   bands (ev):

     1.1398   4.1072   8.5735  12.5591

          k = 0.0000-0.5392 0.5392 (   481 PWs)   bands (ev):

    -1.6941   7.8342   8.5156  14.0373

          k = 0.8087 0.0000 0.0000 (   472 PWs)   bands (ev):

    -1.0353   8.2294  10.6566  10.6566

          k =-0.1348-0.9435 0.9435 (   474 PWs)   bands (ev):

     1.2956   5.8243   8.6661  10.4413

          k = 0.0000-0.8087 0.8087 (   478 PWs)   bands (ev):

     3.4109   4.4349   6.0920  11.1279

          k =-1.0783 0.0000 0.0000 (   468 PWs)   bands (ev):

     3.2778   3.2778   9.9829   9.9829

          k = 0.5392 0.2696 0.0000 (   482 PWs)   bands (ev):

    -3.6200  10.3254  11.0101  14.2941

          k =-0.4044-0.6740 0.9435 (   481 PWs)   bands (ev):

    -1.2167   6.2862  10.3153  12.7429

          k =-0.2696-0.5392 0.8087 (   476 PWs)   bands (ev):

     1.4070   2.9580  10.3810  11.9158

          k =-0.2696-0.8087 1.0783 (   471 PWs)   bands (ev):

    -0.4170   7.7624   9.1947  10.3484

          k =-0.1348-0.6740 0.9435 (   478 PWs)   bands (ev):

     2.3406   4.9726   7.5885   9.8651

          k = 0.0000-0.5392 0.8087 (   481 PWs)   bands (ev):

     1.3446   6.0027   6.8965  10.9885

          k =-1.0783 0.2696 0.0000 (   478 PWs)   bands (ev):

     3.7585   3.7585   8.7132   8.7132

          k =-1.0783 0.5392 0.0000 (   488 PWs)   bands (ev):

     4.5103   4.5103   7.3152   7.3152

!    total energy              =     -22.70608587 Ry
     Harris-Foulkes estimate   =     -22.70608587 Ry
     estimated scf accuracy    <          2.8E-10 Ry

     The total energy is the sum of the following terms:

     one-electron contribution =      10.66259103 Ry
     hartree contribution      =       1.71541575 Ry
     xc contribution           =      -7.51077141 Ry
     ewald contribution        =     -27.57332124 Ry

     convergence has been achieved in   6 iterations

     Forces acting on atoms (Ry/au):

     atom   1 type  1   force =     0.00000000    0.00000000    0.00000000
     atom   2 type  1   force =     0.00000000    0.00000000    0.00000000

     Total force =     0.000000     Total SCF correction =     0.000000


     entering subroutine stress ...

          total   stress  (Ry/bohr**3)                   (kbar)     P= 1468.90
   0.00998540   0.00000000   0.00000000       1468.90      0.00      0.00
   0.00000000   0.00998540   0.00000000          0.00   1468.90      0.00
   0.00000000   0.00000000   0.00998540          0.00      0.00   1468.90


     BFGS Geometry Optimization

     bfgs converged in   1 scf cycles and   0 bfgs steps
     (criteria: energy < 0.10E-08, force < 0.10E-05)

     End of BFGS Geometry Optimization

     Final energy   =     -22.7060858673 Ry

ATOMIC_POSITIONS (crystal)
C        0.000000000   0.000000000   0.000000000
C        0.250000000   0.250000000   0.250000000



     Writing output data file pwscf.save
 
     PWSCF        :     2.69s CPU time,    3.33s wall time

     init_run     :     0.30s CPU
     electrons    :     2.00s CPU
     forces       :     0.02s CPU
     stress       :     0.11s CPU

     Called by init_run:
     wfcinit      :     0.13s CPU
     potinit      :     0.02s CPU

     Called by electrons:
     c_bands      :     1.58s CPU (       6 calls,   0.263 s avg)
     sum_band     :     0.21s CPU (       6 calls,   0.034 s avg)
     v_of_rho     :     0.09s CPU (       7 calls,   0.013 s avg)
     newd         :     0.04s CPU (       7 calls,   0.006 s avg)
     mix_rho      :     0.01s CPU (       6 calls,   0.002 s avg)

     Called by c_bands:
     init_us_2    :     0.00s CPU (     435 calls,   0.000 s avg)
     cegterg      :     1.56s CPU (     174 calls,   0.009 s avg)

     Called by *egterg:
     h_psi        :     0.57s CPU (     528 calls,   0.001 s avg)
     s_psi        :     0.01s CPU (     528 calls,   0.000 s avg)
     g_psi        :     0.01s CPU (     325 calls,   0.000 s avg)
     cdiaghg      :     0.85s CPU (     499 calls,   0.002 s avg)

     Called by h_psi:
     add_vuspsi   :     0.02s CPU (     528 calls,   0.000 s avg)

     General routines
     calbec       :     0.00s CPU (     760 calls,   0.000 s avg)
     cft3s        :     0.63s CPU (    5079 calls,   0.000 s avg)
     interpolate  :     0.00s CPU (      13 calls,   0.000 s avg)
     davcio       :     0.09s CPU (     609 calls,   0.000 s avg)
 
     Parallel routines
     fft_scatter  :     0.14s CPU (    5079 calls,   0.000 s avg)
