
     Program PWSCF     v.4.1.1  starts ...
     Today is 25Nov2010 at 15:45:51 

     Parallel version (MPI)

     Number of processors in use:       4
     R & G space division:  proc/pool =    4

     For Norm-Conserving or Ultrasoft (Vanderbilt) Pseudopotentials or PAW

     Current dimensions of program pwscf are:
     Max number of different atomic species (ntypx) = 10
     Max number of k-points (npk) =  40000
     Max angular momentum in pseudopotentials (lmaxx) =  3
     Waiting for input...
     file C.pbe-rrkjus.UPF: wavefunction(s)  2S 2P renormalized

     Subspace diagonalization in iterative solution of the eigenvalue problem:
     a parallel distributed memory algorithm will be used,
     eigenstates matrixes will be distributed block like on
     ortho sub-group =    2*   2 procs


     Planes per process (thick) : nr3 = 32 npp =   8 ncplane = 1056
     Planes per process (smooth): nr3s= 22 npps=   6 ncplanes=  576
 
     Proc/  planes cols     G    planes cols    G      columns  G
     Pool       (dense grid)       (smooth grid)      (wavefct grid)
        1     8    165     2792    6     82      981     28      197
        2     8    164     2790    6     82      981     28      197
        3     8    164     2790    5     83      988     28      197
        4     8    164     2791    5     82      979     29      198
     tot     32    657    11163   22    329     3929    113      789
 


     bravais-lattice index     =            0
     lattice parameter (a_0)   =       6.7413  a.u.
     unit-cell volume          =      62.8031 (a.u.)^3
     number of atoms/cell      =            2
     number of atomic types    =            1
     number of electrons       =         8.00
     number of Kohn-Sham states=            4
     kinetic-energy cutoff     =      60.0000  Ry
     charge density cutoff     =     480.0000  Ry
     convergence threshold     =      1.0E-08
     mixing beta               =       0.7000
     number of iterations used =            8  plain     mixing
     Exchange-correlation      =  SLA  PW   PBE  PBE (1434)
     nstep                     =           50


     celldm(1)=   6.741280  celldm(2)=   0.000000  celldm(3)=   0.000000
     celldm(4)=   0.000000  celldm(5)=   0.000000  celldm(6)=   0.000000

     crystal axes: (cart. coord. in units of a_0)
               a(1) = (  0.000000  0.452769  0.500000 )  
               a(2) = (  0.452769  0.000000  0.500000 )  
               a(3) = (  0.452769  0.452769  0.000000 )  

     reciprocal axes: (cart. coord. in units 2 pi/a_0)
               b(1) = ( -1.104315  1.104315  1.000000 )  
               b(2) = (  1.104315 -1.104315  1.000000 )  
               b(3) = (  1.104315  1.104315 -1.000000 )  


     PseudoPot. # 1 for C  read from file C.pbe-rrkjus.UPF
     Pseudo is Ultrasoft, Zval =  4.0
     Generated by new atomic code, or converted to UPF format
     Using radial grid of  627 points,  4 beta functions with: 
                l(1) =   0
                l(2) =   0
                l(3) =   1
                l(4) =   1
     Q(r) pseudized with 0 coefficients 


     atomic species   valence    mass     pseudopotential
        C              4.00    12.01070     C ( 1.00)

     16 Sym.Ops. (with inversion)


   Cartesian axes

     site n.     atom                  positions (a_0 units)
         1           C   tau(  1) = (   0.0000000   0.0000000   0.0000000  )
         2           C   tau(  2) = (   0.2263846   0.2263846   0.2500000  )

     number of k points=   59
                       cart. coord. in units 2pi/a_0
        k(    1) = (   0.0000000   0.0000000   0.0000000), wk =   0.0039062
        k(    2) = (   0.1380394   0.1380394  -0.1250000), wk =   0.0312500
        k(    3) = (   0.2760788   0.2760788  -0.2500000), wk =   0.0312500
        k(    4) = (   0.4141182   0.4141182  -0.3750000), wk =   0.0312500
        k(    5) = (  -0.5521576  -0.5521576   0.5000000), wk =   0.0156250
        k(    6) = (   0.2760788   0.0000000   0.0000000), wk =   0.0156250
        k(    7) = (   0.4141182   0.1380394  -0.1250000), wk =   0.0625000
        k(    8) = (   0.5521576   0.2760788  -0.2500000), wk =   0.0625000
        k(    9) = (  -0.4141182  -0.6901970   0.6250000), wk =   0.0625000
        k(   10) = (  -0.2760788  -0.5521576   0.5000000), wk =   0.0625000
        k(   11) = (  -0.1380394  -0.4141182   0.3750000), wk =   0.0625000
        k(   12) = (   0.0000000  -0.2760788   0.2500000), wk =   0.0312500
        k(   13) = (   0.5521576   0.0000000   0.0000000), wk =   0.0156250
        k(   14) = (   0.6901970   0.1380394  -0.1250000), wk =   0.0625000
        k(   15) = (  -0.2760788  -0.8282364   0.7500000), wk =   0.0625000
        k(   16) = (  -0.1380394  -0.6901970   0.6250000), wk =   0.0625000
        k(   17) = (   0.0000000  -0.5521576   0.5000000), wk =   0.0312500
        k(   18) = (   0.8282364   0.0000000   0.0000000), wk =   0.0156250
        k(   19) = (  -0.1380394  -0.9662759   0.8750000), wk =   0.0625000
        k(   20) = (   0.0000000  -0.8282364   0.7500000), wk =   0.0312500
        k(   21) = (  -1.1043153   0.0000000   0.0000000), wk =   0.0078125
        k(   22) = (   0.0000000   0.0000000   0.2500000), wk =   0.0078125
        k(   23) = (   0.2760788   0.2760788   0.0000000), wk =   0.0156250
        k(   24) = (   0.4141182   0.4141182  -0.1250000), wk =   0.0312500
        k(   25) = (  -0.5521576  -0.5521576   0.7500000), wk =   0.0312500
        k(   26) = (  -0.4141182  -0.4141182   0.6250000), wk =   0.0312500
        k(   27) = (  -0.2760788  -0.2760788   0.5000000), wk =   0.0312500
        k(   28) = (  -0.1380394  -0.1380394   0.3750000), wk =   0.0312500
        k(   29) = (   0.5521576   0.2760788   0.0000000), wk =   0.0312500
        k(   30) = (  -0.4141182  -0.6901970   0.8750000), wk =   0.0625000
        k(   31) = (  -0.2760788  -0.5521576   0.7500000), wk =   0.0625000
        k(   32) = (  -0.1380394  -0.4141182   0.6250000), wk =   0.0625000
        k(   33) = (   0.0000000  -0.2760788   0.5000000), wk =   0.0312500
        k(   34) = (   0.5521576   0.0000000   0.2500000), wk =   0.0312500
        k(   35) = (  -0.2760788  -0.8282364   1.0000000), wk =   0.0312500
        k(   36) = (  -0.1380394  -0.6901970   0.8750000), wk =   0.0625000
        k(   37) = (   0.0000000  -0.5521576   0.7500000), wk =   0.0312500
        k(   38) = (  -0.4141182   0.9662759  -0.6250000), wk =   0.0625000
        k(   39) = (  -0.2760788   1.1043153  -0.7500000), wk =   0.0312500
        k(   40) = (  -1.1043153   0.2760788   0.0000000), wk =   0.0156250
        k(   41) = (  -0.2760788   0.8282364  -0.5000000), wk =   0.0312500
        k(   42) = (  -0.1380394   0.9662759  -0.6250000), wk =   0.0625000
        k(   43) = (  -1.1043153   0.0000000   0.2500000), wk =   0.0156250
        k(   44) = (   0.0000000   0.8282364  -0.5000000), wk =   0.0312500
        k(   45) = (   0.0000000   0.0000000   0.5000000), wk =   0.0078125
        k(   46) = (  -0.5521576  -0.5521576   1.0000000), wk =   0.0156250
        k(   47) = (  -0.4141182  -0.4141182   0.8750000), wk =   0.0312500
        k(   48) = (  -0.2760788  -0.2760788   0.7500000), wk =   0.0312500
        k(   49) = (  -0.1380394  -0.1380394   0.6250000), wk =   0.0312500
        k(   50) = (  -0.2760788  -0.5521576   1.0000000), wk =   0.0312500
        k(   51) = (  -0.1380394  -0.4141182   0.8750000), wk =   0.0625000
        k(   52) = (   0.0000000  -0.2760788   0.7500000), wk =   0.0312500
        k(   53) = (  -1.1043153   0.5521576   0.0000000), wk =   0.0156250
        k(   54) = (  -1.1043153   0.0000000   0.5000000), wk =   0.0078125
        k(   55) = (   0.0000000   0.0000000   0.7500000), wk =   0.0078125
        k(   56) = (  -0.2760788  -0.2760788   1.0000000), wk =   0.0156250
        k(   57) = (  -0.1380394  -0.1380394   0.8750000), wk =   0.0312500
        k(   58) = (  -1.1043153   0.8282364   0.0000000), wk =   0.0156250
        k(   59) = (   0.0000000   0.0000000  -1.0000000), wk =   0.0039062

     G cutoff =  552.5432  (  11163 G-vectors)     FFT grid: ( 32, 32, 32)
     G cutoff =  276.2716  (   3929 G-vectors)  smooth grid: ( 24, 24, 22)

     Largest allocated arrays     est. size (Mb)     dimensions
        Kohn-Sham Wavefunctions         0.01 Mb     (    135,   4)
        NL pseudopotentials             0.03 Mb     (    135,  16)
        Each V/rho on FFT grid          0.13 Mb     (   8448)
        Each G-vector array             0.02 Mb     (   2792)
        G-vector shells                 0.01 Mb     (    713)
     Largest temporary arrays     est. size (Mb)     dimensions
        Auxiliary wavefunctions         0.03 Mb     (    135,  16)
        Each subspace H/S matrix        0.00 Mb     (     16,  16)
        Each <psi_i|beta_j> matrix      0.00 Mb     (     16,   4)
        Arrays for rho mixing           1.03 Mb     (   8448,   8)

     Initial potential from superposition of free atoms

     starting charge    7.99989, renormalised to    8.00000
     Starting wfc are    8 atomic wfcs

     total cpu time spent up to now is      0.54 secs

     per-process dynamical memory:    54.6 Mb

     Self-consistent Calculation

     iteration #  1     ecut=    60.00 Ry     beta=0.70
     Davidson diagonalization with overlap
     ethr =  1.00E-02,  avg # of iterations =  2.0

     total cpu time spent up to now is      1.17 secs

     total energy              =     -22.69243309 Ry
     Harris-Foulkes estimate   =     -22.77862622 Ry
     estimated scf accuracy    <       0.17645754 Ry

     iteration #  2     ecut=    60.00 Ry     beta=0.70
     Davidson diagonalization with overlap
     ethr =  2.21E-03,  avg # of iterations =  1.0

     total cpu time spent up to now is      1.61 secs

     total energy              =     -22.70376288 Ry
     Harris-Foulkes estimate   =     -22.70463376 Ry
     estimated scf accuracy    <       0.00358507 Ry

     iteration #  3     ecut=    60.00 Ry     beta=0.70
     Davidson diagonalization with overlap
     ethr =  4.48E-05,  avg # of iterations =  2.1

     total cpu time spent up to now is      2.32 secs

     total energy              =     -22.70476139 Ry
     Harris-Foulkes estimate   =     -22.70475147 Ry
     estimated scf accuracy    <       0.00004441 Ry

     iteration #  4     ecut=    60.00 Ry     beta=0.70
     Davidson diagonalization with overlap
     ethr =  5.55E-07,  avg # of iterations =  2.0

     total cpu time spent up to now is      3.00 secs

     total energy              =     -22.70477914 Ry
     Harris-Foulkes estimate   =     -22.70477860 Ry
     estimated scf accuracy    <       0.00000408 Ry

     iteration #  5     ecut=    60.00 Ry     beta=0.70
     Davidson diagonalization with overlap
     ethr =  5.10E-08,  avg # of iterations =  2.0

     total cpu time spent up to now is      3.67 secs

     total energy              =     -22.70477980 Ry
     Harris-Foulkes estimate   =     -22.70477984 Ry
     estimated scf accuracy    <       0.00000016 Ry

     iteration #  6     ecut=    60.00 Ry     beta=0.70
     Davidson diagonalization with overlap
     ethr =  1.95E-09,  avg # of iterations =  1.7

     total cpu time spent up to now is      4.24 secs

     End of self-consistent calculation

          k = 0.0000 0.0000 0.0000 (   501 PWs)   bands (ev):

    -7.0723  15.9019  17.8185  17.8185

          k = 0.1380 0.1380-0.1250 (   506 PWs)   bands (ev):

    -6.5779  14.1429  15.9413  17.0933

          k = 0.2761 0.2761-0.2500 (   504 PWs)   bands (ev):

    -5.1044   9.6345  14.2211  15.9806

          k = 0.4141 0.4141-0.3750 (   497 PWs)   bands (ev):

    -2.6941   4.9631  13.1148  15.2428

          k =-0.5522-0.5522 0.5000 (   486 PWs)   bands (ev):

    -0.0177   1.4882  12.7299  14.9972

          k = 0.2761 0.0000 0.0000 (   499 PWs)   bands (ev):

    -6.3700  14.1622  15.3554  16.5168

          k = 0.4141 0.1380-0.1250 (   496 PWs)   bands (ev):

    -5.1809  11.1692  13.2777  15.5930

          k = 0.5522 0.2761-0.2500 (   493 PWs)   bands (ev):

    -3.0425   6.6088  12.2618  14.4128

          k =-0.4141-0.6902 0.6250 (   485 PWs)   bands (ev):

    -0.1485   2.5160  11.9086  13.5509

          k =-0.2761-0.5522 0.5000 (   492 PWs)   bands (ev):

    -1.4178   4.1098  11.9605  13.5685

          k =-0.1380-0.4141 0.3750 (   495 PWs)   bands (ev):

    -4.0565   8.5107  12.3489  14.5776

          k = 0.0000-0.2761 0.2500 (   503 PWs)   bands (ev):

    -5.8007  12.5321  13.7484  15.9596

          k = 0.5522 0.0000 0.0000 (   494 PWs)   bands (ev):

    -4.2823  11.5198  12.1167  13.2136

          k = 0.6902 0.1380-0.1250 (   489 PWs)   bands (ev):

    -2.4346   8.5985  10.8010  11.8561

          k =-0.2761-0.8282 0.7500 (   490 PWs)   bands (ev):

     0.2467   4.6757   9.9207  10.9531

          k =-0.1380-0.6902 0.6250 (   492 PWs)   bands (ev):

     0.6743   4.1934   8.7797  11.5508

          k = 0.0000-0.5522 0.5000 (   499 PWs)   bands (ev):

    -2.0749   7.7792   8.7125  12.9222

          k = 0.8282 0.0000 0.0000 (   494 PWs)   bands (ev):

    -0.8881   8.6192   9.6931   9.9444

          k =-0.1380-0.9663 0.8750 (   496 PWs)   bands (ev):

     1.5053   6.0205   8.0705   9.5694

          k = 0.0000-0.8282 0.7500 (   492 PWs)   bands (ev):

     3.1135   4.6624   6.0577  10.1684

          k =-1.1043 0.0000 0.0000 (   492 PWs)   bands (ev):

     3.5935   3.5935   9.1256   9.1256

          k = 0.0000 0.0000 0.2500 (   513 PWs)   bands (ev):

    -6.5002  14.4425  15.7652  15.7652

          k = 0.2761 0.2761 0.0000 (   499 PWs)   bands (ev):

    -5.6707  12.4441  12.6618  17.2071

          k = 0.4141 0.4141-0.1250 (   491 PWs)   bands (ev):

    -3.8002   7.9340  11.2550  16.1035

          k =-0.5522-0.5522 0.7500 (   490 PWs)   bands (ev):

    -1.0609   3.5519  10.7406  14.9068

          k =-0.4141-0.4141 0.6250 (   499 PWs)   bands (ev):

    -0.5791   2.9261  11.0762  14.1202

          k =-0.2761-0.2761 0.5000 (   496 PWs)   bands (ev):

    -3.4221   7.1016  12.2135  13.9684

          k =-0.1380-0.1380 0.3750 (   497 PWs)   bands (ev):

    -5.4394  11.4721  13.9692  14.5446

          k = 0.5522 0.2761 0.0000 (   494 PWs)   bands (ev):

    -3.5960   9.5984   9.8290  14.7975

          k =-0.4141-0.6902 0.8750 (   493 PWs)   bands (ev):

    -1.1150   5.4345   9.0291  13.3566

          k =-0.2761-0.5522 0.7500 (   485 PWs)   bands (ev):

     0.9340   2.8415   9.1507  12.1876

          k =-0.1380-0.4141 0.6250 (   493 PWs)   bands (ev):

    -1.8495   6.3996   9.9381  11.9440

          k = 0.0000-0.2761 0.5000 (   498 PWs)   bands (ev):

    -4.1069   9.8626  11.4097  13.0813

          k = 0.5522 0.0000 0.2500 (   495 PWs)   bands (ev):

    -3.7245   9.9244  10.7998  13.8957

          k =-0.2761-0.8282 1.0000 (   494 PWs)   bands (ev):

    -0.2478   7.2227   8.0768  10.4791

          k =-0.1380-0.6902 0.8750 (   494 PWs)   bands (ev):

     2.3914   4.3258   7.3510   9.2093

          k = 0.0000-0.5522 0.7500 (   486 PWs)   bands (ev):

     0.5596   6.0009   7.3298   9.7226

          k =-0.4141 0.9663-0.6250 (   489 PWs)   bands (ev):

    -1.3571   6.0664  10.2714  12.3150

          k =-0.2761 1.1043-0.7500 (   489 PWs)   bands (ev):

    -0.3653   7.7110   8.7933  10.0221

          k =-1.1043 0.2761 0.0000 (   490 PWs)   bands (ev):

     3.9798   3.9798   7.8070   7.8070

          k =-0.2761 0.8282-0.5000 (   486 PWs)   bands (ev):

     1.1914   2.8267  10.7130  11.1950

          k =-0.1380 0.9663-0.6250 (   496 PWs)   bands (ev):

     2.3399   4.7890   7.7067   9.4296

          k =-1.1043 0.0000 0.2500 (   498 PWs)   bands (ev):

     3.9660   3.9660   8.1880   8.1880

          k = 0.0000 0.8282-0.5000 (   489 PWs)   bands (ev):

     1.1317   6.0130   6.9224  10.6353

          k = 0.0000 0.0000 0.5000 (   500 PWs)   bands (ev):

    -4.7956  10.7877  13.1446  13.1446

          k =-0.5522-0.5522 1.0000 (   493 PWs)   bands (ev):

    -1.5807   6.7841   7.2474  14.8199

          k =-0.4141-0.4141 0.8750 (   489 PWs)   bands (ev):

     1.1672   3.2506   7.0678  13.3956

          k =-0.2761-0.2761 0.7500 (   489 PWs)   bands (ev):

    -0.6969   5.2965   8.1980  12.5117

          k =-0.1380-0.1380 0.6250 (   490 PWs)   bands (ev):

    -3.1908   8.3528  10.7933  12.4135

          k =-0.2761-0.5522 1.0000 (   494 PWs)   bands (ev):

     1.4917   4.8189   5.7180  11.6861

          k =-0.1380-0.4141 0.8750 (   488 PWs)   bands (ev):

     1.2874   4.5990   6.8385  10.4621

          k = 0.0000-0.2761 0.7500 (   490 PWs)   bands (ev):

    -1.3435   6.4530   9.8442  10.3270

          k =-1.1043 0.5522 0.0000 (   490 PWs)   bands (ev):

     3.7329   3.7329   7.3006   7.3006

          k =-1.1043 0.0000 0.5000 (   492 PWs)   bands (ev):

     4.5139   4.5139   7.1604   7.1604

          k = 0.0000 0.0000 0.7500 (   480 PWs)   bands (ev):

    -2.0041   6.2180  11.4302  11.4302

          k =-0.2761-0.2761 1.0000 (   490 PWs)   bands (ev):

     2.5510   3.0330   5.9991  11.9969

          k =-0.1380-0.1380 0.8750 (   491 PWs)   bands (ev):

     0.0848   4.1642   9.2565  11.2840

          k =-1.1043 0.8282 0.0000 (   496 PWs)   bands (ev):

     2.3340   2.3340   9.3956   9.3956

          k = 0.0000 0.0000-1.0000 (   500 PWs)   bands (ev):

     1.7581   1.7581  10.8436  10.8436

!    total energy              =     -22.70477981 Ry
     Harris-Foulkes estimate   =     -22.70477981 Ry
     estimated scf accuracy    <          3.8E-09 Ry

     The total energy is the sum of the following terms:

     one-electron contribution =      10.39527953 Ry
     hartree contribution      =       1.71323216 Ry
     xc contribution           =      -7.45343074 Ry
     ewald contribution        =     -27.35986076 Ry

     convergence has been achieved in   6 iterations

     Forces acting on atoms (Ry/au):

     atom   1 type  1   force =     0.00000000    0.00000000    0.00000000
     atom   2 type  1   force =     0.00000000    0.00000000    0.00000000

     Total force =     0.000000     Total SCF correction =     0.000000


     entering subroutine stress ...

          total   stress  (Ry/bohr**3)                   (kbar)     P= 1224.19
   0.01114533   0.00000000   0.00000000       1639.54      0.00      0.00
   0.00000000   0.01114533   0.00000000          0.00   1639.54      0.00
   0.00000000   0.00000000   0.00267501          0.00      0.00    393.51


     BFGS Geometry Optimization

     bfgs converged in   1 scf cycles and   0 bfgs steps
     (criteria: energy < 0.10E-08, force < 0.10E-05)

     End of BFGS Geometry Optimization

     Final energy   =     -22.7047798081 Ry

ATOMIC_POSITIONS (crystal)
C        0.000000000   0.000000000   0.000000000
C        0.250000000   0.250000000   0.250000000



     Writing output data file pwscf.save
 
     PWSCF        :     4.70s CPU time,    5.74s wall time

     init_run     :     0.47s CPU
     electrons    :     3.69s CPU
     forces       :     0.06s CPU
     stress       :     0.18s CPU

     Called by init_run:
     wfcinit      :     0.27s CPU
     potinit      :     0.05s CPU

     Called by electrons:
     c_bands      :     3.12s CPU (       6 calls,   0.519 s avg)
     sum_band     :     0.35s CPU (       6 calls,   0.059 s avg)
     v_of_rho     :     0.09s CPU (       7 calls,   0.012 s avg)
     newd         :     0.03s CPU (       7 calls,   0.004 s avg)
     mix_rho      :     0.00s CPU (       6 calls,   0.000 s avg)

     Called by c_bands:
     init_us_2    :     0.05s CPU (     885 calls,   0.000 s avg)
     cegterg      :     2.99s CPU (     354 calls,   0.008 s avg)

     Called by *egterg:
     h_psi        :     0.96s CPU (    1054 calls,   0.001 s avg)
     s_psi        :     0.01s CPU (    1054 calls,   0.000 s avg)
     g_psi        :     0.01s CPU (     641 calls,   0.000 s avg)
     cdiaghg      :     1.61s CPU (     995 calls,   0.002 s avg)

     Called by h_psi:
     add_vuspsi   :     0.01s CPU (    1054 calls,   0.000 s avg)

     General routines
     calbec       :     0.06s CPU (    1526 calls,   0.000 s avg)
     cft3s        :     1.00s CPU (   10081 calls,   0.000 s avg)
     interpolate  :     0.00s CPU (      13 calls,   0.000 s avg)
     davcio       :     0.24s CPU (    1239 calls,   0.000 s avg)
 
     Parallel routines
     fft_scatter  :     0.40s CPU (   10081 calls,   0.000 s avg)
