
     Program PWSCF     v.4.1.1  starts ...
     Today is 25Nov2010 at 15:42:18 

     Parallel version (MPI)

     Number of processors in use:       4
     R & G space division:  proc/pool =    4

     For Norm-Conserving or Ultrasoft (Vanderbilt) Pseudopotentials or PAW

     Current dimensions of program pwscf are:
     Max number of different atomic species (ntypx) = 10
     Max number of k-points (npk) =  40000
     Max angular momentum in pseudopotentials (lmaxx) =  3
     Waiting for input...
     file C.pbe-rrkjus.UPF: wavefunction(s)  2S 2P renormalized

     Subspace diagonalization in iterative solution of the eigenvalue problem:
     a parallel distributed memory algorithm will be used,
     eigenstates matrixes will be distributed block like on
     ortho sub-group =    2*   2 procs


     Planes per process (thick) : nr3 = 32 npp =   8 ncplane = 1056
     Planes per process (smooth): nr3s= 22 npps=   6 ncplanes=  484
 
     Proc/  planes cols     G    planes cols    G      columns  G
     Pool       (dense grid)       (smooth grid)      (wavefct grid)
        1     8    160     2624    6     79      934     27      181
        2     8    159     2622    6     78      928     27      181
        3     8    159     2622    5     78      930     27      181
        4     8    159     2621    5     78      927     28      182
     tot     32    637    10489   22    313     3719    109      725
 


     bravais-lattice index     =            0
     lattice parameter (a_0)   =       6.7413  a.u.
     unit-cell volume          =      58.9639 (a.u.)^3
     number of atoms/cell      =            2
     number of atomic types    =            1
     number of electrons       =         8.00
     number of Kohn-Sham states=            4
     kinetic-energy cutoff     =      60.0000  Ry
     charge density cutoff     =     480.0000  Ry
     convergence threshold     =      1.0E-08
     mixing beta               =       0.7000
     number of iterations used =            8  plain     mixing
     Exchange-correlation      =  SLA  PW   PBE  PBE (1434)
     nstep                     =           50


     celldm(1)=   6.741280  celldm(2)=   0.000000  celldm(3)=   0.000000
     celldm(4)=   0.000000  celldm(5)=   0.000000  celldm(6)=   0.000000

     crystal axes: (cart. coord. in units of a_0)
               a(1) = (  0.000000  0.458258  0.458258 )  
               a(2) = (  0.458258  0.000000  0.458258 )  
               a(3) = (  0.458258  0.458258  0.000000 )  

     reciprocal axes: (cart. coord. in units 2 pi/a_0)
               b(1) = ( -1.091089  1.091089  1.091089 )  
               b(2) = (  1.091089 -1.091089  1.091089 )  
               b(3) = (  1.091089  1.091089 -1.091089 )  


     PseudoPot. # 1 for C  read from file C.pbe-rrkjus.UPF
     Pseudo is Ultrasoft, Zval =  4.0
     Generated by new atomic code, or converted to UPF format
     Using radial grid of  627 points,  4 beta functions with: 
                l(1) =   0
                l(2) =   0
                l(3) =   1
                l(4) =   1
     Q(r) pseudized with 0 coefficients 


     atomic species   valence    mass     pseudopotential
        C              4.00    12.01070     C ( 1.00)

     48 Sym.Ops. (with inversion)


   Cartesian axes

     site n.     atom                  positions (a_0 units)
         1           C   tau(  1) = (   0.0000000   0.0000000   0.0000000  )
         2           C   tau(  2) = (   0.2291288   0.2291288   0.2291288  )

     number of k points=   29
                       cart. coord. in units 2pi/a_0
        k(    1) = (   0.0000000   0.0000000   0.0000000), wk =   0.0039062
        k(    2) = (   0.1363862   0.1363862  -0.1363862), wk =   0.0312500
        k(    3) = (   0.2727724   0.2727724  -0.2727724), wk =   0.0312500
        k(    4) = (   0.4091585   0.4091585  -0.4091585), wk =   0.0312500
        k(    5) = (  -0.5455447  -0.5455447   0.5455447), wk =   0.0156250
        k(    6) = (   0.2727724   0.0000000   0.0000000), wk =   0.0234375
        k(    7) = (   0.4091585   0.1363862  -0.1363862), wk =   0.0937500
        k(    8) = (   0.5455447   0.2727724  -0.2727724), wk =   0.0937500
        k(    9) = (  -0.4091585  -0.6819309   0.6819309), wk =   0.0937500
        k(   10) = (  -0.2727724  -0.5455447   0.5455447), wk =   0.0937500
        k(   11) = (  -0.1363862  -0.4091585   0.4091585), wk =   0.0937500
        k(   12) = (   0.0000000  -0.2727724   0.2727724), wk =   0.0468750
        k(   13) = (   0.5455447   0.0000000   0.0000000), wk =   0.0234375
        k(   14) = (   0.6819309   0.1363862  -0.1363862), wk =   0.0937500
        k(   15) = (  -0.2727724  -0.8183171   0.8183171), wk =   0.0937500
        k(   16) = (  -0.1363862  -0.6819309   0.6819309), wk =   0.0937500
        k(   17) = (   0.0000000  -0.5455447   0.5455447), wk =   0.0468750
        k(   18) = (   0.8183171   0.0000000   0.0000000), wk =   0.0234375
        k(   19) = (  -0.1363862  -0.9547033   0.9547033), wk =   0.0937500
        k(   20) = (   0.0000000  -0.8183171   0.8183171), wk =   0.0468750
        k(   21) = (  -1.0910895   0.0000000   0.0000000), wk =   0.0117188
        k(   22) = (   0.5455447   0.2727724   0.0000000), wk =   0.0937500
        k(   23) = (  -0.4091585  -0.6819309   0.9547033), wk =   0.1875000
        k(   24) = (  -0.2727724  -0.5455447   0.8183171), wk =   0.0937500
        k(   25) = (  -0.2727724  -0.8183171   1.0910895), wk =   0.0937500
        k(   26) = (  -0.1363862  -0.6819309   0.9547033), wk =   0.1875000
        k(   27) = (   0.0000000  -0.5455447   0.8183171), wk =   0.0937500
        k(   28) = (  -1.0910895   0.2727724   0.0000000), wk =   0.0468750
        k(   29) = (  -1.0910895   0.5455447   0.0000000), wk =   0.0234375

     G cutoff =  552.5432  (  10489 G-vectors)     FFT grid: ( 32, 32, 32)
     G cutoff =  276.2716  (   3719 G-vectors)  smooth grid: ( 22, 22, 22)

     Largest allocated arrays     est. size (Mb)     dimensions
        Kohn-Sham Wavefunctions         0.01 Mb     (    120,   4)
        NL pseudopotentials             0.03 Mb     (    120,  16)
        Each V/rho on FFT grid          0.13 Mb     (   8448)
        Each G-vector array             0.02 Mb     (   2624)
        G-vector shells                 0.00 Mb     (    155)
     Largest temporary arrays     est. size (Mb)     dimensions
        Auxiliary wavefunctions         0.03 Mb     (    120,  16)
        Each subspace H/S matrix        0.00 Mb     (     16,  16)
        Each <psi_i|beta_j> matrix      0.00 Mb     (     16,   4)
        Arrays for rho mixing           1.03 Mb     (   8448,   8)

     Initial potential from superposition of free atoms

     starting charge    7.99989, renormalised to    8.00000
     Starting wfc are    8 atomic wfcs

     total cpu time spent up to now is      0.38 secs

     per-process dynamical memory:    54.5 Mb

     Self-consistent Calculation

     iteration #  1     ecut=    60.00 Ry     beta=0.70
     Davidson diagonalization with overlap
     ethr =  1.00E-02,  avg # of iterations =  2.0

     total cpu time spent up to now is      0.71 secs

     total energy              =     -22.66841017 Ry
     Harris-Foulkes estimate   =     -22.76957643 Ry
     estimated scf accuracy    <       0.20271268 Ry

     iteration #  2     ecut=    60.00 Ry     beta=0.70
     Davidson diagonalization with overlap
     ethr =  2.53E-03,  avg # of iterations =  1.1

     total cpu time spent up to now is      0.95 secs

     total energy              =     -22.68138757 Ry
     Harris-Foulkes estimate   =     -22.68247744 Ry
     estimated scf accuracy    <       0.00402961 Ry

     iteration #  3     ecut=    60.00 Ry     beta=0.70
     Davidson diagonalization with overlap
     ethr =  5.04E-05,  avg # of iterations =  2.1

     total cpu time spent up to now is      1.32 secs

     total energy              =     -22.68252812 Ry
     Harris-Foulkes estimate   =     -22.68251888 Ry
     estimated scf accuracy    <       0.00004354 Ry

     iteration #  4     ecut=    60.00 Ry     beta=0.70
     Davidson diagonalization with overlap
     ethr =  5.44E-07,  avg # of iterations =  2.0

     total cpu time spent up to now is      1.68 secs

     total energy              =     -22.68254634 Ry
     Harris-Foulkes estimate   =     -22.68254544 Ry
     estimated scf accuracy    <       0.00000376 Ry

     iteration #  5     ecut=    60.00 Ry     beta=0.70
     Davidson diagonalization with overlap
     ethr =  4.70E-08,  avg # of iterations =  2.0

     total cpu time spent up to now is      2.03 secs

     total energy              =     -22.68254692 Ry
     Harris-Foulkes estimate   =     -22.68254696 Ry
     estimated scf accuracy    <       0.00000013 Ry

     iteration #  6     ecut=    60.00 Ry     beta=0.70
     Davidson diagonalization with overlap
     ethr =  1.67E-09,  avg # of iterations =  2.0

     total cpu time spent up to now is      2.35 secs

     End of self-consistent calculation

          k = 0.0000 0.0000 0.0000 (   459 PWs)   bands (ev):

    -6.7126  18.5161  18.5161  18.5161

          k = 0.1364 0.1364-0.1364 (   471 PWs)   bands (ev):

    -6.2012  15.5544  17.6594  17.6594

          k = 0.2728 0.2728-0.2728 (   477 PWs)   bands (ev):

    -4.6760  10.5747  16.2792  16.2792

          k = 0.4092 0.4092-0.4092 (   468 PWs)   bands (ev):

    -2.1734   5.6868  15.3166  15.3166

          k =-0.5455-0.5455 0.5455 (   464 PWs)   bands (ev):

     0.7311   1.9486  14.9851  14.9851

          k = 0.2728 0.0000 0.0000 (   471 PWs)   bands (ev):

    -6.0309  16.2340  16.2340  17.1756

          k = 0.4092 0.1364-0.1364 (   470 PWs)   bands (ev):

    -4.8445  12.3740  14.7838  16.1823

          k = 0.5455 0.2728-0.2728 (   458 PWs)   bands (ev):

    -2.6686   7.5852  13.9972  14.7012

          k =-0.4092-0.6819 0.6819 (   462 PWs)   bands (ev):

     0.3657   3.2418  13.4812  14.0274

          k =-0.2728-0.5455 0.5455 (   455 PWs)   bands (ev):

    -0.7146   4.5981  12.9011  14.8281

          k =-0.1364-0.4092 0.4092 (   463 PWs)   bands (ev):

    -3.5015   9.2042  13.1128  16.1964

          k = 0.0000-0.2728 0.2728 (   469 PWs)   bands (ev):

    -5.3521  13.7958  14.3385  17.5787

          k = 0.5455 0.0000 0.0000 (   456 PWs)   bands (ev):

    -4.0013  13.2009  13.2009  13.6608

          k = 0.6819 0.1364-0.1364 (   458 PWs)   bands (ev):

    -2.1686   9.7165  12.1946  12.2974

          k =-0.2728-0.8183 0.8183 (   459 PWs)   bands (ev):

     0.5694   5.6597  10.3445  12.2852

          k =-0.1364-0.6819 0.6819 (   456 PWs)   bands (ev):

     1.5694   4.5114   9.0948  13.1516

          k = 0.0000-0.5455 0.5455 (   463 PWs)   bands (ev):

    -1.3599   8.3784   9.0044  14.6801

          k = 0.8183 0.0000 0.0000 (   452 PWs)   bands (ev):

    -0.6868   8.8213  11.1851  11.1851

          k =-0.1364-0.9547 0.9547 (   460 PWs)   bands (ev):

     1.7050   6.3625   9.1289  10.9643

          k = 0.0000-0.8183 0.8183 (   458 PWs)   bands (ev):

     3.9385   4.9152   6.4460  11.6732

          k =-1.0911 0.0000 0.0000 (   468 PWs)   bands (ev):

     3.7364   3.7364  10.4917  10.4917

          k = 0.5455 0.2728 0.0000 (   464 PWs)   bands (ev):

    -3.3336  10.9200  11.5614  14.9621

          k =-0.4092-0.6819 0.9547 (   461 PWs)   bands (ev):

    -0.8696   6.7645  10.8805  13.3478

          k =-0.2728-0.5455 0.8183 (   470 PWs)   bands (ev):

     1.8854   3.2877  10.9653  12.4796

          k =-0.2728-0.8183 1.0911 (   463 PWs)   bands (ev):

    -0.0514   8.3491   9.6913  10.8575

          k =-0.1364-0.6819 0.9547 (   463 PWs)   bands (ev):

     2.8005   5.4396   8.0652  10.3630

          k = 0.0000-0.5455 0.8183 (   462 PWs)   bands (ev):

     1.7678   6.5237   7.3261  11.5306

          k =-1.0911 0.2728 0.0000 (   456 PWs)   bands (ev):

     4.2407   4.2407   9.1811   9.1811

          k =-1.0911 0.5455 0.0000 (   464 PWs)   bands (ev):

     5.0529   5.0529   7.7085   7.7085

!    total energy              =     -22.68254694 Ry
     Harris-Foulkes estimate   =     -22.68254694 Ry
     estimated scf accuracy    <          1.7E-10 Ry

     The total energy is the sum of the following terms:

     one-electron contribution =      11.10897099 Ry
     hartree contribution      =       1.68377706 Ry
     xc contribution           =      -7.57565089 Ry
     ewald contribution        =     -27.89964410 Ry

     convergence has been achieved in   6 iterations

     Forces acting on atoms (Ry/au):

     atom   1 type  1   force =     0.00000000    0.00000000    0.00000000
     atom   2 type  1   force =     0.00000000    0.00000000    0.00000000

     Total force =     0.000000     Total SCF correction =     0.000000


     entering subroutine stress ...

          total   stress  (Ry/bohr**3)                   (kbar)     P= 1807.52
   0.01228727   0.00000000   0.00000000       1807.52      0.00      0.00
   0.00000000   0.01228727   0.00000000          0.00   1807.52      0.00
   0.00000000   0.00000000   0.01228727          0.00      0.00   1807.52


     BFGS Geometry Optimization

     bfgs converged in   1 scf cycles and   0 bfgs steps
     (criteria: energy < 0.10E-08, force < 0.10E-05)

     End of BFGS Geometry Optimization

     Final energy   =     -22.6825469397 Ry

ATOMIC_POSITIONS (crystal)
C        0.000000000   0.000000000   0.000000000
C        0.250000000   0.250000000   0.250000000



     Writing output data file pwscf.save
 
     PWSCF        :     2.65s CPU time,    3.29s wall time

     init_run     :     0.30s CPU
     electrons    :     1.98s CPU
     forces       :     0.03s CPU
     stress       :     0.10s CPU

     Called by init_run:
     wfcinit      :     0.14s CPU
     potinit      :     0.02s CPU

     Called by electrons:
     c_bands      :     1.55s CPU (       6 calls,   0.259 s avg)
     sum_band     :     0.20s CPU (       6 calls,   0.033 s avg)
     v_of_rho     :     0.12s CPU (       7 calls,   0.017 s avg)
     newd         :     0.03s CPU (       7 calls,   0.004 s avg)
     mix_rho      :     0.01s CPU (       6 calls,   0.002 s avg)

     Called by c_bands:
     init_us_2    :     0.05s CPU (     435 calls,   0.000 s avg)
     cegterg      :     1.52s CPU (     174 calls,   0.009 s avg)

     Called by *egterg:
     h_psi        :     0.64s CPU (     528 calls,   0.001 s avg)
     s_psi        :     0.01s CPU (     528 calls,   0.000 s avg)
     g_psi        :     0.00s CPU (     325 calls,   0.000 s avg)
     cdiaghg      :     0.75s CPU (     499 calls,   0.001 s avg)

     Called by h_psi:
     add_vuspsi   :     0.00s CPU (     528 calls,   0.000 s avg)

     General routines
     calbec       :     0.00s CPU (     760 calls,   0.000 s avg)
     cft3s        :     0.75s CPU (    5085 calls,   0.000 s avg)
     interpolate  :     0.01s CPU (      13 calls,   0.001 s avg)
     davcio       :     0.10s CPU (     609 calls,   0.000 s avg)
 
     Parallel routines
     fft_scatter  :     0.17s CPU (    5085 calls,   0.000 s avg)
