
     Program PWSCF     v.4.1.1  starts ...
     Today is 25Nov2010 at 15:42:57 

     Parallel version (MPI)

     Number of processors in use:       4
     R & G space division:  proc/pool =    4

     For Norm-Conserving or Ultrasoft (Vanderbilt) Pseudopotentials or PAW

     Current dimensions of program pwscf are:
     Max number of different atomic species (ntypx) = 10
     Max number of k-points (npk) =  40000
     Max angular momentum in pseudopotentials (lmaxx) =  3
     Waiting for input...
     file C.pbe-rrkjus.UPF: wavefunction(s)  2S 2P renormalized

     Subspace diagonalization in iterative solution of the eigenvalue problem:
     a parallel distributed memory algorithm will be used,
     eigenstates matrixes will be distributed block like on
     ortho sub-group =    2*   2 procs


     Planes per process (thick) : nr3 = 32 npp =   8 ncplane = 1056
     Planes per process (smooth): nr3s= 24 npps=   6 ncplanes=  576
 
     Proc/  planes cols     G    planes cols    G      columns  G
     Pool       (dense grid)       (smooth grid)      (wavefct grid)
        1     8    171     3009    6     88     1076     30      218
        2     8    171     3010    6     87     1069     31      218
        3     8    172     3011    6     87     1070     30      217
        4     8    171     3009    6     87     1064     30      216
     tot     32    685    12039   24    349     4279    121      869
 


     bravais-lattice index     =            0
     lattice parameter (a_0)   =       6.7413  a.u.
     unit-cell volume          =      67.5848 (a.u.)^3
     number of atoms/cell      =            2
     number of atomic types    =            1
     number of electrons       =         8.00
     number of Kohn-Sham states=            4
     kinetic-energy cutoff     =      60.0000  Ry
     charge density cutoff     =     480.0000  Ry
     convergence threshold     =      1.0E-08
     mixing beta               =       0.7000
     number of iterations used =            8  plain     mixing
     Exchange-correlation      =  SLA  PW   PBE  PBE (1434)
     nstep                     =           50


     celldm(1)=   6.741280  celldm(2)=   0.000000  celldm(3)=   0.000000
     celldm(4)=   0.000000  celldm(5)=   0.000000  celldm(6)=   0.000000

     crystal axes: (cart. coord. in units of a_0)
               a(1) = (  0.000000  0.479583  0.479583 )  
               a(2) = (  0.479583  0.000000  0.479583 )  
               a(3) = (  0.479583  0.479583  0.000000 )  

     reciprocal axes: (cart. coord. in units 2 pi/a_0)
               b(1) = ( -1.042572  1.042572  1.042572 )  
               b(2) = (  1.042572 -1.042572  1.042572 )  
               b(3) = (  1.042572  1.042572 -1.042572 )  


     PseudoPot. # 1 for C  read from file C.pbe-rrkjus.UPF
     Pseudo is Ultrasoft, Zval =  4.0
     Generated by new atomic code, or converted to UPF format
     Using radial grid of  627 points,  4 beta functions with: 
                l(1) =   0
                l(2) =   0
                l(3) =   1
                l(4) =   1
     Q(r) pseudized with 0 coefficients 


     atomic species   valence    mass     pseudopotential
        C              4.00    12.01070     C ( 1.00)

     48 Sym.Ops. (with inversion)


   Cartesian axes

     site n.     atom                  positions (a_0 units)
         1           C   tau(  1) = (   0.0000000   0.0000000   0.0000000  )
         2           C   tau(  2) = (   0.2397916   0.2397916   0.2397916  )

     number of k points=   29
                       cart. coord. in units 2pi/a_0
        k(    1) = (   0.0000000   0.0000000   0.0000000), wk =   0.0039062
        k(    2) = (   0.1303215   0.1303215  -0.1303215), wk =   0.0312500
        k(    3) = (   0.2606430   0.2606430  -0.2606430), wk =   0.0312500
        k(    4) = (   0.3909645   0.3909645  -0.3909645), wk =   0.0312500
        k(    5) = (  -0.5212860  -0.5212860   0.5212860), wk =   0.0156250
        k(    6) = (   0.2606430   0.0000000   0.0000000), wk =   0.0234375
        k(    7) = (   0.3909645   0.1303215  -0.1303215), wk =   0.0937500
        k(    8) = (   0.5212860   0.2606430  -0.2606430), wk =   0.0937500
        k(    9) = (  -0.3909645  -0.6516075   0.6516075), wk =   0.0937500
        k(   10) = (  -0.2606430  -0.5212860   0.5212860), wk =   0.0937500
        k(   11) = (  -0.1303215  -0.3909645   0.3909645), wk =   0.0937500
        k(   12) = (   0.0000000  -0.2606430   0.2606430), wk =   0.0468750
        k(   13) = (   0.5212860   0.0000000   0.0000000), wk =   0.0234375
        k(   14) = (   0.6516075   0.1303215  -0.1303215), wk =   0.0937500
        k(   15) = (  -0.2606430  -0.7819291   0.7819291), wk =   0.0937500
        k(   16) = (  -0.1303215  -0.6516075   0.6516075), wk =   0.0937500
        k(   17) = (   0.0000000  -0.5212860   0.5212860), wk =   0.0468750
        k(   18) = (   0.7819291   0.0000000   0.0000000), wk =   0.0234375
        k(   19) = (  -0.1303215  -0.9122506   0.9122506), wk =   0.0937500
        k(   20) = (   0.0000000  -0.7819291   0.7819291), wk =   0.0468750
        k(   21) = (  -1.0425721   0.0000000   0.0000000), wk =   0.0117188
        k(   22) = (   0.5212860   0.2606430   0.0000000), wk =   0.0937500
        k(   23) = (  -0.3909645  -0.6516075   0.9122506), wk =   0.1875000
        k(   24) = (  -0.2606430  -0.5212860   0.7819291), wk =   0.0937500
        k(   25) = (  -0.2606430  -0.7819291   1.0425721), wk =   0.0937500
        k(   26) = (  -0.1303215  -0.6516075   0.9122506), wk =   0.1875000
        k(   27) = (   0.0000000  -0.5212860   0.7819291), wk =   0.0937500
        k(   28) = (  -1.0425721   0.2606430   0.0000000), wk =   0.0468750
        k(   29) = (  -1.0425721   0.5212860   0.0000000), wk =   0.0234375

     G cutoff =  552.5432  (  12039 G-vectors)     FFT grid: ( 32, 32, 32)
     G cutoff =  276.2716  (   4279 G-vectors)  smooth grid: ( 24, 24, 24)

     Largest allocated arrays     est. size (Mb)     dimensions
        Kohn-Sham Wavefunctions         0.01 Mb     (    139,   4)
        NL pseudopotentials             0.03 Mb     (    139,  16)
        Each V/rho on FFT grid          0.13 Mb     (   8448)
        Each G-vector array             0.02 Mb     (   3009)
        G-vector shells                 0.00 Mb     (    169)
     Largest temporary arrays     est. size (Mb)     dimensions
        Auxiliary wavefunctions         0.03 Mb     (    139,  16)
        Each subspace H/S matrix        0.00 Mb     (     16,  16)
        Each <psi_i|beta_j> matrix      0.00 Mb     (     16,   4)
        Arrays for rho mixing           1.03 Mb     (   8448,   8)

     Initial potential from superposition of free atoms

     starting charge    7.99989, renormalised to    8.00000
     Starting wfc are    8 atomic wfcs

     total cpu time spent up to now is      0.38 secs

     per-process dynamical memory:    54.6 Mb

     Self-consistent Calculation

     iteration #  1     ecut=    60.00 Ry     beta=0.70
     Davidson diagonalization with overlap
     ethr =  1.00E-02,  avg # of iterations =  2.0

     total cpu time spent up to now is      0.70 secs

     total energy              =     -22.74147811 Ry
     Harris-Foulkes estimate   =     -22.81544940 Ry
     estimated scf accuracy    <       0.15521092 Ry

     iteration #  2     ecut=    60.00 Ry     beta=0.70
     Davidson diagonalization with overlap
     ethr =  1.94E-03,  avg # of iterations =  1.1

     total cpu time spent up to now is      0.95 secs

     total energy              =     -22.75149615 Ry
     Harris-Foulkes estimate   =     -22.75216772 Ry
     estimated scf accuracy    <       0.00325196 Ry

     iteration #  3     ecut=    60.00 Ry     beta=0.70
     Davidson diagonalization with overlap
     ethr =  4.06E-05,  avg # of iterations =  2.1

     total cpu time spent up to now is      1.30 secs

     total energy              =     -22.75232101 Ry
     Harris-Foulkes estimate   =     -22.75230712 Ry
     estimated scf accuracy    <       0.00004133 Ry

     iteration #  4     ecut=    60.00 Ry     beta=0.70
     Davidson diagonalization with overlap
     ethr =  5.17E-07,  avg # of iterations =  2.1

     total cpu time spent up to now is      1.66 secs

     total energy              =     -22.75233740 Ry
     Harris-Foulkes estimate   =     -22.75233717 Ry
     estimated scf accuracy    <       0.00000378 Ry

     iteration #  5     ecut=    60.00 Ry     beta=0.70
     Davidson diagonalization with overlap
     ethr =  4.72E-08,  avg # of iterations =  2.0

     total cpu time spent up to now is      2.00 secs

     total energy              =     -22.75233803 Ry
     Harris-Foulkes estimate   =     -22.75233807 Ry
     estimated scf accuracy    <       0.00000013 Ry

     iteration #  6     ecut=    60.00 Ry     beta=0.70
     Davidson diagonalization with overlap
     ethr =  1.66E-09,  avg # of iterations =  2.0

     total cpu time spent up to now is      2.32 secs

     End of self-consistent calculation

          k = 0.0000 0.0000 0.0000 (   531 PWs)   bands (ev):

    -7.4864  15.6680  15.6680  15.6680

          k = 0.1303 0.1303-0.1303 (   534 PWs)   bands (ev):

    -7.0174  13.0189  14.9256  14.9256

          k = 0.2606 0.2606-0.2606 (   531 PWs)   bands (ev):

    -5.6215   8.4836  13.7035  13.7035

          k = 0.3910 0.3910-0.3910 (   534 PWs)   bands (ev):

    -3.3498   4.0308  12.8395  12.8395

          k =-0.5213-0.5213 0.5213 (   544 PWs)   bands (ev):

    -0.9623   0.8800  12.5402  12.5402

          k = 0.2606 0.0000 0.0000 (   532 PWs)   bands (ev):

    -6.8614  13.6971  13.6971  14.3467

          k = 0.3910 0.1303-0.1303 (   538 PWs)   bands (ev):

    -5.7751  10.1250  12.4122  13.5026

          k = 0.5213 0.2606-0.2606 (   537 PWs)   bands (ev):

    -3.7929   5.7499  11.7014  12.1968

          k =-0.3910-0.6516 0.6516 (   536 PWs)   bands (ev):

    -1.1316   1.8902  11.1253  11.7132

          k =-0.2606-0.5213 0.5213 (   528 PWs)   bands (ev):

    -2.0449   3.0567  10.6276  12.4110

          k =-0.1303-0.3910 0.3910 (   531 PWs)   bands (ev):

    -4.5497   7.2239  10.8412  13.6136

          k = 0.0000-0.2606 0.2606 (   537 PWs)   bands (ev):

    -6.2396  11.3712  12.0039  14.8293

          k = 0.5213 0.0000 0.0000 (   528 PWs)   bands (ev):

    -5.0041  11.0149  11.0149  11.0207

          k = 0.6516 0.1303-0.1303 (   535 PWs)   bands (ev):

    -3.3336   7.6113   9.9419  10.2066

          k =-0.2606-0.7819 0.7819 (   529 PWs)   bands (ev):

    -0.8779   3.9720   8.2813  10.1870

          k =-0.1303-0.6516 0.6516 (   526 PWs)   bands (ev):

    -0.0413   3.0116   7.1660  10.9466

          k = 0.0000-0.5213 0.5213 (   540 PWs)   bands (ev):

    -2.6060   6.3466   7.1987  12.2883

          k = 0.7819 0.0000 0.0000 (   528 PWs)   bands (ev):

    -1.9834   6.6118   9.2179   9.2179

          k =-0.1303-0.9123 0.9123 (   523 PWs)   bands (ev):

     0.1768   4.3556   7.4096   9.0180

          k = 0.0000-0.7819 0.7819 (   526 PWs)   bands (ev):

     1.9844   3.1221   5.1251   9.6437

          k =-1.0426 0.0000 0.0000 (   524 PWs)   bands (ev):

     2.0246   2.0246   8.5982   8.5982

          k = 0.5213 0.2606 0.0000 (   535 PWs)   bands (ev):

    -4.3955   8.6970   9.5146  12.4805

          k =-0.3910-0.6516 0.9123 (   528 PWs)   bands (ev):

    -2.1648   4.9842   8.7816  11.0997

          k =-0.2606-0.5213 0.7819 (   530 PWs)   bands (ev):

     0.1165   2.0476   8.7986  10.3801

          k =-0.2606-0.7819 1.0426 (   522 PWs)   bands (ev):

    -1.4144   6.1614   7.8505   8.9621

          k =-0.1303-0.6516 0.9123 (   526 PWs)   bands (ev):

     1.0801   3.6838   6.3182   8.5124

          k = 0.0000-0.5213 0.7819 (   525 PWs)   bands (ev):

     0.1826   4.5769   5.7458   9.5169

          k =-1.0426 0.2606 0.0000 (   518 PWs)   bands (ev):

     2.4389   2.4389   7.4459   7.4459

          k =-1.0426 0.5213 0.0000 (   524 PWs)   bands (ev):

     3.0401   3.0401   6.2402   6.2402

!    total energy              =     -22.75233805 Ry
     Harris-Foulkes estimate   =     -22.75233805 Ry
     estimated scf accuracy    <          6.2E-10 Ry

     The total energy is the sum of the following terms:

     one-electron contribution =       9.42828994 Ry
     hartree contribution      =       1.80919360 Ry
     xc contribution           =      -7.33078857 Ry
     ewald contribution        =     -26.65903301 Ry

     convergence has been achieved in   6 iterations

     Forces acting on atoms (Ry/au):

     atom   1 type  1   force =     0.00000000    0.00000000    0.00000000
     atom   2 type  1   force =     0.00000000    0.00000000    0.00000000

     Total force =     0.000000     Total SCF correction =     0.000000


     entering subroutine stress ...

          total   stress  (Ry/bohr**3)                   (kbar)     P=  677.93
   0.00460848   0.00000000   0.00000000        677.93      0.00      0.00
   0.00000000   0.00460848   0.00000000          0.00    677.93      0.00
   0.00000000   0.00000000   0.00460848          0.00      0.00    677.93


     BFGS Geometry Optimization

     bfgs converged in   1 scf cycles and   0 bfgs steps
     (criteria: energy < 0.10E-08, force < 0.10E-05)

     End of BFGS Geometry Optimization

     Final energy   =     -22.7523380466 Ry

ATOMIC_POSITIONS (crystal)
C        0.000000000   0.000000000   0.000000000
C        0.250000000   0.250000000   0.250000000



     Writing output data file pwscf.save
 
     PWSCF        :     2.63s CPU time,    3.27s wall time

     init_run     :     0.30s CPU
     electrons    :     1.94s CPU
     forces       :     0.03s CPU
     stress       :     0.11s CPU

     Called by init_run:
     wfcinit      :     0.13s CPU
     potinit      :     0.02s CPU

     Called by electrons:
     c_bands      :     1.52s CPU (       6 calls,   0.253 s avg)
     sum_band     :     0.21s CPU (       6 calls,   0.035 s avg)
     v_of_rho     :     0.11s CPU (       7 calls,   0.016 s avg)
     newd         :     0.03s CPU (       7 calls,   0.004 s avg)
     mix_rho      :     0.00s CPU (       6 calls,   0.000 s avg)

     Called by c_bands:
     init_us_2    :     0.04s CPU (     435 calls,   0.000 s avg)
     cegterg      :     1.49s CPU (     174 calls,   0.009 s avg)

     Called by *egterg:
     h_psi        :     0.51s CPU (     528 calls,   0.001 s avg)
     s_psi        :     0.02s CPU (     528 calls,   0.000 s avg)
     g_psi        :     0.01s CPU (     325 calls,   0.000 s avg)
     cdiaghg      :     0.82s CPU (     499 calls,   0.002 s avg)

     Called by h_psi:
     add_vuspsi   :     0.01s CPU (     528 calls,   0.000 s avg)

     General routines
     calbec       :     0.04s CPU (     760 calls,   0.000 s avg)
     cft3s        :     0.55s CPU (    5053 calls,   0.000 s avg)
     interpolate  :     0.00s CPU (      13 calls,   0.000 s avg)
     davcio       :     0.10s CPU (     609 calls,   0.000 s avg)
 
     Parallel routines
     fft_scatter  :     0.17s CPU (    5053 calls,   0.000 s avg)
