
     Program PWSCF     v.4.1.1  starts ...
     Today is 25Nov2010 at 15:49:43 

     Parallel version (MPI)

     Number of processors in use:       4
     R & G space division:  proc/pool =    4

     For Norm-Conserving or Ultrasoft (Vanderbilt) Pseudopotentials or PAW

     Current dimensions of program pwscf are:
     Max number of different atomic species (ntypx) = 10
     Max number of k-points (npk) =  40000
     Max angular momentum in pseudopotentials (lmaxx) =  3
     Waiting for input...
     file C.pbe-rrkjus.UPF: wavefunction(s)  2S 2P renormalized

     Subspace diagonalization in iterative solution of the eigenvalue problem:
     a parallel distributed memory algorithm will be used,
     eigenstates matrixes will be distributed block like on
     ortho sub-group =    2*   2 procs


     Planes per process (thick) : nr3 = 36 npp =   9 ncplane = 1296
     Planes per process (smooth): nr3s= 28 npps=   7 ncplanes=  784
 
     Proc/  planes cols     G    planes cols    G      columns  G
     Pool       (dense grid)       (smooth grid)      (wavefct grid)
        1     9    208     3881    7    104     1372     32      254
        2     9    207     3879    7    104     1373     32      254
        3     9    207     3879    7    104     1380     32      254
        4     9    207     3880    7    105     1380     33      255
     tot     36    829    15519   28    417     5505    129     1017
 


     bravais-lattice index     =            0
     lattice parameter (a_0)   =       6.7413  a.u.
     unit-cell volume          =      87.3116 (a.u.)^3
     number of atoms/cell      =            2
     number of atomic types    =            1
     number of electrons       =         8.00
     number of Kohn-Sham states=            4
     kinetic-energy cutoff     =      60.0000  Ry
     charge density cutoff     =     480.0000  Ry
     convergence threshold     =      1.0E-08
     mixing beta               =       0.7000
     number of iterations used =            8  plain     mixing
     Exchange-correlation      =  SLA  PW   PBE  PBE (1434)
     nstep                     =           50


     celldm(1)=   6.741280  celldm(2)=   0.000000  celldm(3)=   0.000000
     celldm(4)=   0.000000  celldm(5)=   0.000000  celldm(6)=   0.000000

     crystal axes: (cart. coord. in units of a_0)
               a(1) = (  0.000000  0.533854  0.500000 )  
               a(2) = (  0.533854  0.000000  0.500000 )  
               a(3) = (  0.533854  0.533854  0.000000 )  

     reciprocal axes: (cart. coord. in units 2 pi/a_0)
               b(1) = ( -0.936586  0.936586  1.000000 )  
               b(2) = (  0.936586 -0.936586  1.000000 )  
               b(3) = (  0.936586  0.936586 -1.000000 )  


     PseudoPot. # 1 for C  read from file C.pbe-rrkjus.UPF
     Pseudo is Ultrasoft, Zval =  4.0
     Generated by new atomic code, or converted to UPF format
     Using radial grid of  627 points,  4 beta functions with: 
                l(1) =   0
                l(2) =   0
                l(3) =   1
                l(4) =   1
     Q(r) pseudized with 0 coefficients 


     atomic species   valence    mass     pseudopotential
        C              4.00    12.01070     C ( 1.00)

     16 Sym.Ops. (with inversion)


   Cartesian axes

     site n.     atom                  positions (a_0 units)
         1           C   tau(  1) = (   0.0000000   0.0000000   0.0000000  )
         2           C   tau(  2) = (   0.2669270   0.2669270   0.2500000  )

     number of k points=   59
                       cart. coord. in units 2pi/a_0
        k(    1) = (   0.0000000   0.0000000   0.0000000), wk =   0.0039062
        k(    2) = (   0.1170732   0.1170732  -0.1250000), wk =   0.0312500
        k(    3) = (   0.2341465   0.2341465  -0.2500000), wk =   0.0312500
        k(    4) = (   0.3512197   0.3512197  -0.3750000), wk =   0.0312500
        k(    5) = (  -0.4682929  -0.4682929   0.5000000), wk =   0.0156250
        k(    6) = (   0.2341465   0.0000000   0.0000000), wk =   0.0156250
        k(    7) = (   0.3512197   0.1170732  -0.1250000), wk =   0.0625000
        k(    8) = (   0.4682929   0.2341465  -0.2500000), wk =   0.0625000
        k(    9) = (  -0.3512197  -0.5853661   0.6250000), wk =   0.0625000
        k(   10) = (  -0.2341465  -0.4682929   0.5000000), wk =   0.0625000
        k(   11) = (  -0.1170732  -0.3512197   0.3750000), wk =   0.0625000
        k(   12) = (   0.0000000  -0.2341465   0.2500000), wk =   0.0312500
        k(   13) = (   0.4682929   0.0000000   0.0000000), wk =   0.0156250
        k(   14) = (   0.5853661   0.1170732  -0.1250000), wk =   0.0625000
        k(   15) = (  -0.2341465  -0.7024394   0.7500000), wk =   0.0625000
        k(   16) = (  -0.1170732  -0.5853661   0.6250000), wk =   0.0625000
        k(   17) = (   0.0000000  -0.4682929   0.5000000), wk =   0.0312500
        k(   18) = (   0.7024394   0.0000000   0.0000000), wk =   0.0156250
        k(   19) = (  -0.1170732  -0.8195126   0.8750000), wk =   0.0625000
        k(   20) = (   0.0000000  -0.7024394   0.7500000), wk =   0.0312500
        k(   21) = (  -0.9365858   0.0000000   0.0000000), wk =   0.0078125
        k(   22) = (   0.0000000   0.0000000   0.2500000), wk =   0.0078125
        k(   23) = (   0.2341465   0.2341465   0.0000000), wk =   0.0156250
        k(   24) = (   0.3512197   0.3512197  -0.1250000), wk =   0.0312500
        k(   25) = (  -0.4682929  -0.4682929   0.7500000), wk =   0.0312500
        k(   26) = (  -0.3512197  -0.3512197   0.6250000), wk =   0.0312500
        k(   27) = (  -0.2341465  -0.2341465   0.5000000), wk =   0.0312500
        k(   28) = (  -0.1170732  -0.1170732   0.3750000), wk =   0.0312500
        k(   29) = (   0.4682929   0.2341465   0.0000000), wk =   0.0312500
        k(   30) = (  -0.3512197  -0.5853661   0.8750000), wk =   0.0625000
        k(   31) = (  -0.2341465  -0.4682929   0.7500000), wk =   0.0625000
        k(   32) = (  -0.1170732  -0.3512197   0.6250000), wk =   0.0625000
        k(   33) = (   0.0000000  -0.2341465   0.5000000), wk =   0.0312500
        k(   34) = (   0.4682929   0.0000000   0.2500000), wk =   0.0312500
        k(   35) = (  -0.2341465  -0.7024394   1.0000000), wk =   0.0312500
        k(   36) = (  -0.1170732  -0.5853661   0.8750000), wk =   0.0625000
        k(   37) = (   0.0000000  -0.4682929   0.7500000), wk =   0.0312500
        k(   38) = (  -0.3512197   0.8195126  -0.6250000), wk =   0.0625000
        k(   39) = (  -0.2341465   0.9365858  -0.7500000), wk =   0.0312500
        k(   40) = (  -0.9365858   0.2341465   0.0000000), wk =   0.0156250
        k(   41) = (  -0.2341465   0.7024394  -0.5000000), wk =   0.0312500
        k(   42) = (  -0.1170732   0.8195126  -0.6250000), wk =   0.0625000
        k(   43) = (  -0.9365858   0.0000000   0.2500000), wk =   0.0156250
        k(   44) = (   0.0000000   0.7024394  -0.5000000), wk =   0.0312500
        k(   45) = (   0.0000000   0.0000000   0.5000000), wk =   0.0078125
        k(   46) = (  -0.4682929  -0.4682929   1.0000000), wk =   0.0156250
        k(   47) = (  -0.3512197  -0.3512197   0.8750000), wk =   0.0312500
        k(   48) = (  -0.2341465  -0.2341465   0.7500000), wk =   0.0312500
        k(   49) = (  -0.1170732  -0.1170732   0.6250000), wk =   0.0312500
        k(   50) = (  -0.2341465  -0.4682929   1.0000000), wk =   0.0312500
        k(   51) = (  -0.1170732  -0.3512197   0.8750000), wk =   0.0625000
        k(   52) = (   0.0000000  -0.2341465   0.7500000), wk =   0.0312500
        k(   53) = (  -0.9365858   0.4682929   0.0000000), wk =   0.0156250
        k(   54) = (  -0.9365858   0.0000000   0.5000000), wk =   0.0078125
        k(   55) = (   0.0000000   0.0000000   0.7500000), wk =   0.0078125
        k(   56) = (  -0.2341465  -0.2341465   1.0000000), wk =   0.0156250
        k(   57) = (  -0.1170732  -0.1170732   0.8750000), wk =   0.0312500
        k(   58) = (  -0.9365858   0.7024394   0.0000000), wk =   0.0156250
        k(   59) = (   0.0000000   0.0000000  -1.0000000), wk =   0.0039062

     G cutoff =  552.5432  (  15519 G-vectors)     FFT grid: ( 36, 36, 36)
     G cutoff =  276.2716  (   5505 G-vectors)  smooth grid: ( 28, 28, 28)

     Largest allocated arrays     est. size (Mb)     dimensions
        Kohn-Sham Wavefunctions         0.01 Mb     (    189,   4)
        NL pseudopotentials             0.05 Mb     (    189,  16)
        Each V/rho on FFT grid          0.18 Mb     (  11664)
        Each G-vector array             0.03 Mb     (   3881)
        G-vector shells                 0.01 Mb     (    968)
     Largest temporary arrays     est. size (Mb)     dimensions
        Auxiliary wavefunctions         0.05 Mb     (    189,  16)
        Each subspace H/S matrix        0.00 Mb     (     16,  16)
        Each <psi_i|beta_j> matrix      0.00 Mb     (     16,   4)
        Arrays for rho mixing           1.42 Mb     (  11664,   8)

     Initial potential from superposition of free atoms

     starting charge    7.99989, renormalised to    8.00000
     Starting wfc are    8 atomic wfcs

     total cpu time spent up to now is      0.64 secs

     per-process dynamical memory:    55.0 Mb

     Self-consistent Calculation

     iteration #  1     ecut=    60.00 Ry     beta=0.70
     Davidson diagonalization with overlap
     ethr =  1.00E-02,  avg # of iterations =  2.0

     total cpu time spent up to now is      1.34 secs

     total energy              =     -22.74037608 Ry
     Harris-Foulkes estimate   =     -22.77495006 Ry
     estimated scf accuracy    <       0.08562752 Ry

     iteration #  2     ecut=    60.00 Ry     beta=0.70
     Davidson diagonalization with overlap
     ethr =  1.07E-03,  avg # of iterations =  1.3

     total cpu time spent up to now is      1.91 secs

     total energy              =     -22.74639086 Ry
     Harris-Foulkes estimate   =     -22.74651972 Ry
     estimated scf accuracy    <       0.00233041 Ry

     iteration #  3     ecut=    60.00 Ry     beta=0.70
     Davidson diagonalization with overlap
     ethr =  2.91E-05,  avg # of iterations =  2.1

     total cpu time spent up to now is      2.65 secs

     total energy              =     -22.74676477 Ry
     Harris-Foulkes estimate   =     -22.74674708 Ry
     estimated scf accuracy    <       0.00005236 Ry

     iteration #  4     ecut=    60.00 Ry     beta=0.70
     Davidson diagonalization with overlap
     ethr =  6.55E-07,  avg # of iterations =  2.3

     total cpu time spent up to now is      3.50 secs

     total energy              =     -22.74677894 Ry
     Harris-Foulkes estimate   =     -22.74677879 Ry
     estimated scf accuracy    <       0.00000129 Ry

     iteration #  5     ecut=    60.00 Ry     beta=0.70
     Davidson diagonalization with overlap
     ethr =  1.61E-08,  avg # of iterations =  2.3

     total cpu time spent up to now is      4.34 secs

     total energy              =     -22.74677935 Ry
     Harris-Foulkes estimate   =     -22.74677936 Ry
     estimated scf accuracy    <       0.00000007 Ry

     iteration #  6     ecut=    60.00 Ry     beta=0.70
     Davidson diagonalization with overlap
     ethr =  8.37E-10,  avg # of iterations =  2.0

     total cpu time spent up to now is      5.09 secs

     End of self-consistent calculation

          k = 0.0000 0.0000 0.0000 (   685 PWs)   bands (ev):

    -8.6636  10.8034  10.8034  11.6361

          k = 0.1171 0.1171-0.1250 (   678 PWs)   bands (ev):

    -8.2692   8.8654  10.2110  10.8730

          k = 0.2341 0.2341-0.2500 (   681 PWs)   bands (ev):

    -7.1019   5.1067   9.1700   9.9512

          k = 0.3512 0.3512-0.3750 (   686 PWs)   bands (ev):

    -5.2466   1.4172   8.3985   9.3185

          k =-0.4683-0.4683 0.5000 (   686 PWs)   bands (ev):

    -3.5883  -0.8850   8.1251   9.1007

          k = 0.2341 0.0000 0.0000 (   681 PWs)   bands (ev):

    -8.1609   9.4594   9.4824  10.0517

          k = 0.3512 0.1171-0.1250 (   675 PWs)   bands (ev):

    -7.2730   6.4783   8.6421   9.1751

          k = 0.4683 0.2341-0.2500 (   683 PWs)   bands (ev):

    -5.6543   2.8732   7.7356   8.4139

          k =-0.3512-0.5854 0.6250 (   685 PWs)   bands (ev):

    -3.6287  -0.1733   6.9694   8.3296

          k =-0.2341-0.4683 0.5000 (   683 PWs)   bands (ev):

    -4.1635   0.5506   6.6698   8.8226

          k =-0.1171-0.3512 0.3750 (   685 PWs)   bands (ev):

    -6.1684   3.9284   6.9681   9.7143

          k = 0.0000-0.2341 0.2500 (   681 PWs)   bands (ev):

    -7.5941   7.3730   8.0544  10.6309

          k = 0.4683 0.0000 0.0000 (   683 PWs)   bands (ev):

    -6.6704   6.3758   7.5695   7.8832

          k = 0.5854 0.1171-0.1250 (   682 PWs)   bands (ev):

    -5.3228   4.0024   6.3422   7.1357

          k =-0.2341-0.7024 0.7500 (   686 PWs)   bands (ev):

    -3.3810   1.2688   4.7909   7.1037

          k =-0.1171-0.5854 0.6250 (   682 PWs)   bands (ev):

    -2.6140   0.4259   3.8880   7.6824

          k = 0.0000-0.4683 0.5000 (   678 PWs)   bands (ev):

    -4.5400   2.8587   4.1416   8.7031

          k = 0.7024 0.0000 0.0000 (   681 PWs)   bands (ev):

    -4.2547   2.6473   6.2738   6.4133

          k =-0.1171-0.8195 0.8750 (   682 PWs)   bands (ev):

    -2.5335   0.8209   4.8630   6.1924

          k = 0.0000-0.7024 0.7500 (   692 PWs)   bands (ev):

    -1.1783  -0.0606   2.9720   6.6770

          k =-0.9366 0.0000 0.0000 (   684 PWs)   bands (ev):

    -1.0550  -1.0550   5.8649   5.8649

          k = 0.0000 0.0000 0.2500 (   685 PWs)   bands (ev):

    -8.0917   9.3037   9.3037  10.3181

          k = 0.2341 0.2341 0.0000 (   689 PWs)   bands (ev):

    -7.6622   7.4297   8.7010  10.0068

          k = 0.3512 0.3512-0.1250 (   691 PWs)   bands (ev):

    -6.2982   4.1990   7.6419   8.9772

          k =-0.4683-0.4683 0.7500 (   692 PWs)   bands (ev):

    -4.3193   0.8040   7.5123   8.0049

          k =-0.3512-0.3512 0.6250 (   686 PWs)   bands (ev):

    -3.4734  -0.3049   7.4878   7.9166

          k =-0.2341-0.2341 0.5000 (   687 PWs)   bands (ev):

    -5.4626   2.6536   7.5607   8.7062

          k =-0.1171-0.1171 0.3750 (   681 PWs)   bands (ev):

    -7.1372   6.3411   8.2241   9.6188

          k = 0.4683 0.2341 0.0000 (   687 PWs)   bands (ev):

    -6.1873   5.1429   6.7039   8.1415

          k =-0.3512-0.5854 0.8750 (   688 PWs)   bands (ev):

    -4.4154   2.3245   5.8121   7.1779

          k =-0.2341-0.4683 0.7500 (   689 PWs)   bands (ev):

    -2.6511  -0.0012   5.3746   7.0944

          k =-0.1171-0.3512 0.6250 (   688 PWs)   bands (ev):

    -4.0654   1.9099   5.2022   7.8778

          k = 0.0000-0.2341 0.5000 (   690 PWs)   bands (ev):

    -5.9251   4.9633   5.9058   8.8733

          k = 0.4683 0.0000 0.2500 (   677 PWs)   bands (ev):

    -6.1234   4.9347   6.2000   8.5920

          k =-0.2341-0.7024 1.0000 (   682 PWs)   bands (ev):

    -3.8143   2.5076   5.3650   5.9027

          k =-0.1171-0.5854 0.8750 (   682 PWs)   bands (ev):

    -1.8725   0.7535   3.6606   5.8753

          k = 0.0000-0.4683 0.7500 (   689 PWs)   bands (ev):

    -2.2045   1.2062   3.0246   6.7512

          k =-0.3512 0.8195-0.6250 (   679 PWs)   bands (ev):

    -4.3065   2.0265   5.2411   7.5858

          k =-0.2341 0.9366-0.7500 (   677 PWs)   bands (ev):

    -3.7635   2.3734   4.9981   6.0213

          k =-0.9366 0.2341 0.0000 (   678 PWs)   bands (ev):

    -0.7434  -0.7434   5.0114   5.0114

          k =-0.2341 0.7024-0.5000 (   684 PWs)   bands (ev):

    -2.7000  -0.0951   5.0564   7.1387

          k =-0.1171 0.8195-0.6250 (   686 PWs)   bands (ev):

    -1.8513   0.5924   3.5604   5.6148

          k =-0.9366 0.0000 0.2500 (   690 PWs)   bands (ev):

    -0.7383  -0.7383   4.8199   4.8199

          k = 0.0000 0.7024-0.5000 (   691 PWs)   bands (ev):

    -2.4520   1.2060   3.1819   6.3149

          k = 0.0000 0.0000 0.5000 (   676 PWs)   bands (ev):

    -6.4018   7.0824   7.0824   7.3682

          k =-0.4683-0.4683 1.0000 (   686 PWs)   bands (ev):

    -4.7741   3.3519   4.8773   7.8909

          k =-0.3512-0.3512 0.8750 (   691 PWs)   bands (ev):

    -2.7890   0.8632   4.7005   6.8399

          k =-0.2341-0.2341 0.7500 (   687 PWs)   bands (ev):

    -2.9538   1.0875   5.5705   6.2826

          k =-0.1171-0.1171 0.6250 (   683 PWs)   bands (ev):

    -4.9360   4.1045   6.3674   6.7069

          k =-0.2341-0.4683 1.0000 (   688 PWs)   bands (ev):

    -2.5843   1.7369   3.7483   5.8812

          k =-0.1171-0.3512 0.8750 (   693 PWs)   bands (ev):

    -1.4619   0.8091   3.7881   5.3094

          k = 0.0000-0.2341 0.7500 (   691 PWs)   bands (ev):

    -3.2786   2.7972   4.4920   5.9810

          k =-0.9366 0.4683 0.0000 (   692 PWs)   bands (ev):

    -0.1220  -0.1220   3.9385   3.9385

          k =-0.9366 0.0000 0.5000 (   680 PWs)   bands (ev):

    -0.3286  -0.3286   3.8245   3.8245

          k = 0.0000 0.0000 0.7500 (   696 PWs)   bands (ev):

    -3.6884   3.7060   5.5414   5.5414

          k =-0.2341-0.2341 1.0000 (   690 PWs)   bands (ev):

    -1.0186   0.7214   3.1174   5.8159

          k =-0.1171-0.1171 0.8750 (   697 PWs)   bands (ev):

    -1.8495   1.6051   4.3685   5.3434

          k =-0.9366 0.7024 0.0000 (   702 PWs)   bands (ev):

    -0.0287  -0.0287   4.3052   4.3052

          k = 0.0000 0.0000-1.0000 (   708 PWs)   bands (ev):

    -0.1737  -0.1737   5.0037   5.0037

!    total energy              =     -22.74677936 Ry
     Harris-Foulkes estimate   =     -22.74677936 Ry
     estimated scf accuracy    <          4.8E-11 Ry

     The total energy is the sum of the following terms:

     one-electron contribution =       6.60079904 Ry
     hartree contribution      =       2.05819907 Ry
     xc contribution           =      -6.91209067 Ry
     ewald contribution        =     -24.49368680 Ry

     convergence has been achieved in   6 iterations

     Forces acting on atoms (Ry/au):

     atom   1 type  1   force =     0.00000000    0.00000000    0.00000000
     atom   2 type  1   force =     0.00000000    0.00000000    0.00000000

     Total force =     0.000000     Total SCF correction =     0.000000


     entering subroutine stress ...

          total   stress  (Ry/bohr**3)                   (kbar)     P= -441.05
  -0.00411025   0.00000000   0.00000000       -604.64      0.00      0.00
   0.00000000  -0.00411025   0.00000000          0.00   -604.64      0.00
   0.00000000   0.00000000  -0.00077418          0.00      0.00   -113.89


     BFGS Geometry Optimization

     bfgs converged in   1 scf cycles and   0 bfgs steps
     (criteria: energy < 0.10E-08, force < 0.10E-05)

     End of BFGS Geometry Optimization

     Final energy   =     -22.7467793592 Ry

ATOMIC_POSITIONS (crystal)
C        0.000000000   0.000000000   0.000000000
C        0.250000000   0.250000000   0.250000000



     Writing output data file pwscf.save
 
     PWSCF        :     5.63s CPU time,    6.62s wall time

     init_run     :     0.55s CPU
     electrons    :     4.46s CPU
     forces       :     0.07s CPU
     stress       :     0.24s CPU

     Called by init_run:
     wfcinit      :     0.32s CPU
     potinit      :     0.06s CPU

     Called by electrons:
     c_bands      :     3.68s CPU (       6 calls,   0.614 s avg)
     sum_band     :     0.48s CPU (       6 calls,   0.080 s avg)
     v_of_rho     :     0.14s CPU (       7 calls,   0.020 s avg)
     newd         :     0.06s CPU (       7 calls,   0.008 s avg)
     mix_rho      :     0.00s CPU (       6 calls,   0.000 s avg)

     Called by c_bands:
     init_us_2    :     0.11s CPU (     885 calls,   0.000 s avg)
     cegterg      :     3.45s CPU (     354 calls,   0.010 s avg)

     Called by *egterg:
     h_psi        :     1.19s CPU (    1118 calls,   0.001 s avg)
     s_psi        :     0.01s CPU (    1118 calls,   0.000 s avg)
     g_psi        :     0.05s CPU (     705 calls,   0.000 s avg)
     cdiaghg      :     1.85s CPU (    1059 calls,   0.002 s avg)

     Called by h_psi:
     add_vuspsi   :     0.02s CPU (    1118 calls,   0.000 s avg)

     General routines
     calbec       :     0.08s CPU (    1590 calls,   0.000 s avg)
     cft3s        :     1.27s CPU (   10129 calls,   0.000 s avg)
     interpolate  :     0.01s CPU (      13 calls,   0.001 s avg)
     davcio       :     0.32s CPU (    1239 calls,   0.000 s avg)
 
     Parallel routines
     fft_scatter  :     0.37s CPU (   10129 calls,   0.000 s avg)
