
     Program PWSCF     v.4.1.1  starts ...
     Today is 25Nov2010 at 15:44:17 

     Parallel version (MPI)

     Number of processors in use:       4
     R & G space division:  proc/pool =    4

     For Norm-Conserving or Ultrasoft (Vanderbilt) Pseudopotentials or PAW

     Current dimensions of program pwscf are:
     Max number of different atomic species (ntypx) = 10
     Max number of k-points (npk) =  40000
     Max angular momentum in pseudopotentials (lmaxx) =  3
     Waiting for input...
     file C.pbe-rrkjus.UPF: wavefunction(s)  2S 2P renormalized

     Subspace diagonalization in iterative solution of the eigenvalue problem:
     a parallel distributed memory algorithm will be used,
     eigenstates matrixes will be distributed block like on
     ortho sub-group =    2*   2 procs


     Planes per process (thick) : nr3 = 36 npp =   9 ncplane = 1296
     Planes per process (smooth): nr3s= 28 npps=   7 ncplanes=  784
 
     Proc/  planes cols     G    planes cols    G      columns  G
     Pool       (dense grid)       (smooth grid)      (wavefct grid)
        1     9    205     3839    7    102     1336     32      241
        2     9    205     3839    7    102     1335     32      241
        3     9    204     3838    7    102     1323     32      241
        4     9    203     3837    7    103     1335     31      242
     tot     36    817    15353   28    409     5329    127      965
 


     bravais-lattice index     =            0
     lattice parameter (a_0)   =       6.7413  a.u.
     unit-cell volume          =      85.9613 (a.u.)^3
     number of atoms/cell      =            2
     number of atomic types    =            1
     number of electrons       =         8.00
     number of Kohn-Sham states=            4
     kinetic-energy cutoff     =      60.0000  Ry
     charge density cutoff     =     480.0000  Ry
     convergence threshold     =      1.0E-08
     mixing beta               =       0.7000
     number of iterations used =            8  plain     mixing
     Exchange-correlation      =  SLA  PW   PBE  PBE (1434)
     nstep                     =           50


     celldm(1)=   6.741280  celldm(2)=   0.000000  celldm(3)=   0.000000
     celldm(4)=   0.000000  celldm(5)=   0.000000  celldm(6)=   0.000000

     crystal axes: (cart. coord. in units of a_0)
               a(1) = (  0.000000  0.519615  0.519615 )  
               a(2) = (  0.519615  0.000000  0.519615 )  
               a(3) = (  0.519615  0.519615  0.000000 )  

     reciprocal axes: (cart. coord. in units 2 pi/a_0)
               b(1) = ( -0.962250  0.962250  0.962250 )  
               b(2) = (  0.962250 -0.962250  0.962250 )  
               b(3) = (  0.962250  0.962250 -0.962250 )  


     PseudoPot. # 1 for C  read from file C.pbe-rrkjus.UPF
     Pseudo is Ultrasoft, Zval =  4.0
     Generated by new atomic code, or converted to UPF format
     Using radial grid of  627 points,  4 beta functions with: 
                l(1) =   0
                l(2) =   0
                l(3) =   1
                l(4) =   1
     Q(r) pseudized with 0 coefficients 


     atomic species   valence    mass     pseudopotential
        C              4.00    12.01070     C ( 1.00)

     48 Sym.Ops. (with inversion)


   Cartesian axes

     site n.     atom                  positions (a_0 units)
         1           C   tau(  1) = (   0.0000000   0.0000000   0.0000000  )
         2           C   tau(  2) = (   0.2598076   0.2598076   0.2598076  )

     number of k points=   29
                       cart. coord. in units 2pi/a_0
        k(    1) = (   0.0000000   0.0000000   0.0000000), wk =   0.0039062
        k(    2) = (   0.1202813   0.1202813  -0.1202813), wk =   0.0312500
        k(    3) = (   0.2405626   0.2405626  -0.2405626), wk =   0.0312500
        k(    4) = (   0.3608439   0.3608439  -0.3608439), wk =   0.0312500
        k(    5) = (  -0.4811252  -0.4811252   0.4811252), wk =   0.0156250
        k(    6) = (   0.2405626   0.0000000   0.0000000), wk =   0.0234375
        k(    7) = (   0.3608439   0.1202813  -0.1202813), wk =   0.0937500
        k(    8) = (   0.4811252   0.2405626  -0.2405626), wk =   0.0937500
        k(    9) = (  -0.3608439  -0.6014065   0.6014065), wk =   0.0937500
        k(   10) = (  -0.2405626  -0.4811252   0.4811252), wk =   0.0937500
        k(   11) = (  -0.1202813  -0.3608439   0.3608439), wk =   0.0937500
        k(   12) = (   0.0000000  -0.2405626   0.2405626), wk =   0.0468750
        k(   13) = (   0.4811252   0.0000000   0.0000000), wk =   0.0234375
        k(   14) = (   0.6014065   0.1202813  -0.1202813), wk =   0.0937500
        k(   15) = (  -0.2405626  -0.7216878   0.7216878), wk =   0.0937500
        k(   16) = (  -0.1202813  -0.6014065   0.6014065), wk =   0.0937500
        k(   17) = (   0.0000000  -0.4811252   0.4811252), wk =   0.0468750
        k(   18) = (   0.7216878   0.0000000   0.0000000), wk =   0.0234375
        k(   19) = (  -0.1202813  -0.8419691   0.8419691), wk =   0.0937500
        k(   20) = (   0.0000000  -0.7216878   0.7216878), wk =   0.0468750
        k(   21) = (  -0.9622504   0.0000000   0.0000000), wk =   0.0117188
        k(   22) = (   0.4811252   0.2405626   0.0000000), wk =   0.0937500
        k(   23) = (  -0.3608439  -0.6014065   0.8419691), wk =   0.1875000
        k(   24) = (  -0.2405626  -0.4811252   0.7216878), wk =   0.0937500
        k(   25) = (  -0.2405626  -0.7216878   0.9622504), wk =   0.0937500
        k(   26) = (  -0.1202813  -0.6014065   0.8419691), wk =   0.1875000
        k(   27) = (   0.0000000  -0.4811252   0.7216878), wk =   0.0937500
        k(   28) = (  -0.9622504   0.2405626   0.0000000), wk =   0.0468750
        k(   29) = (  -0.9622504   0.4811252   0.0000000), wk =   0.0234375

     G cutoff =  552.5432  (  15353 G-vectors)     FFT grid: ( 36, 36, 36)
     G cutoff =  276.2716  (   5329 G-vectors)  smooth grid: ( 28, 28, 28)

     Largest allocated arrays     est. size (Mb)     dimensions
        Kohn-Sham Wavefunctions         0.01 Mb     (    179,   4)
        NL pseudopotentials             0.04 Mb     (    179,  16)
        Each V/rho on FFT grid          0.18 Mb     (  11664)
        Each G-vector array             0.03 Mb     (   3839)
        G-vector shells                 0.00 Mb     (    202)
     Largest temporary arrays     est. size (Mb)     dimensions
        Auxiliary wavefunctions         0.04 Mb     (    179,  16)
        Each subspace H/S matrix        0.00 Mb     (     16,  16)
        Each <psi_i|beta_j> matrix      0.00 Mb     (     16,   4)
        Arrays for rho mixing           1.42 Mb     (  11664,   8)

     Initial potential from superposition of free atoms

     starting charge    7.99989, renormalised to    8.00000
     Starting wfc are    8 atomic wfcs

     total cpu time spent up to now is      0.44 secs

     per-process dynamical memory:    55.0 Mb

     Self-consistent Calculation

     iteration #  1     ecut=    60.00 Ry     beta=0.70
     Davidson diagonalization with overlap
     ethr =  1.00E-02,  avg # of iterations =  2.0

     total cpu time spent up to now is      0.82 secs

     total energy              =     -22.75041524 Ry
     Harris-Foulkes estimate   =     -22.78732415 Ry
     estimated scf accuracy    <       0.08981368 Ry

     iteration #  2     ecut=    60.00 Ry     beta=0.70
     Davidson diagonalization with overlap
     ethr =  1.12E-03,  avg # of iterations =  1.3

     total cpu time spent up to now is      1.14 secs

     total energy              =     -22.75677187 Ry
     Harris-Foulkes estimate   =     -22.75692047 Ry
     estimated scf accuracy    <       0.00238421 Ry

     iteration #  3     ecut=    60.00 Ry     beta=0.70
     Davidson diagonalization with overlap
     ethr =  2.98E-05,  avg # of iterations =  2.0

     total cpu time spent up to now is      1.54 secs

     total energy              =     -22.75715810 Ry
     Harris-Foulkes estimate   =     -22.75713993 Ry
     estimated scf accuracy    <       0.00005252 Ry

     iteration #  4     ecut=    60.00 Ry     beta=0.70
     Davidson diagonalization with overlap
     ethr =  6.57E-07,  avg # of iterations =  2.3

     total cpu time spent up to now is      1.99 secs

     total energy              =     -22.75717267 Ry
     Harris-Foulkes estimate   =     -22.75717255 Ry
     estimated scf accuracy    <       0.00000138 Ry

     iteration #  5     ecut=    60.00 Ry     beta=0.70
     Davidson diagonalization with overlap
     ethr =  1.73E-08,  avg # of iterations =  2.2

     total cpu time spent up to now is      2.43 secs

     total energy              =     -22.75717307 Ry
     Harris-Foulkes estimate   =     -22.75717308 Ry
     estimated scf accuracy    <       0.00000007 Ry

     iteration #  6     ecut=    60.00 Ry     beta=0.70
     Davidson diagonalization with overlap
     ethr =  8.52E-10,  avg # of iterations =  1.9

     total cpu time spent up to now is      2.82 secs

     End of self-consistent calculation

          k = 0.0000 0.0000 0.0000 (   645 PWs)   bands (ev):

    -8.6072  11.3287  11.3287  11.3287

          k = 0.1203 0.1203-0.1203 (   667 PWs)   bands (ev):

    -8.2094   9.1208  10.7552  10.7552

          k = 0.2406 0.2406-0.2406 (   664 PWs)   bands (ev):

    -7.0315   5.2767   9.7765   9.7765

          k = 0.3608 0.3608-0.3608 (   664 PWs)   bands (ev):

    -5.1565   1.5405   9.0681   9.0681

          k =-0.4811-0.4811 0.4811 (   652 PWs)   bands (ev):

    -3.4673  -0.8005   8.8201   8.8201

          k = 0.2406 0.0000 0.0000 (   673 PWs)   bands (ev):

    -8.0769   9.8182   9.8182  10.0046

          k = 0.3608 0.1203-0.1203 (   666 PWs)   bands (ev):

    -7.1586   6.6430   8.7882   9.4354

          k = 0.4811 0.2406-0.2406 (   676 PWs)   bands (ev):

    -5.5049   2.9461   8.1977   8.3903

          k =-0.3608-0.6014 0.6014 (   673 PWs)   bands (ev):

    -3.4589  -0.1199   7.5414   8.1858

          k =-0.2406-0.4811 0.4811 (   676 PWs)   bands (ev):

    -4.1115   0.7489   7.1681   8.7295

          k =-0.1203-0.3608 0.3608 (   664 PWs)   bands (ev):

    -6.1327   4.1803   7.3870   9.6818

          k = 0.0000-0.2406 0.2406 (   670 PWs)   bands (ev):

    -7.5512   7.6226   8.4496  10.6454

          k = 0.4811 0.0000 0.0000 (   681 PWs)   bands (ev):

    -6.5059   6.9525   7.6750   7.6750

          k = 0.6014 0.1203-0.1203 (   674 PWs)   bands (ev):

    -5.1052   4.2840   6.5956   7.0147

          k =-0.2406-0.7217 0.7217 (   678 PWs)   bands (ev):

    -3.1227   1.3585   5.2023   6.9857

          k =-0.1203-0.6014 0.6014 (   680 PWs)   bands (ev):

    -2.5385   0.6876   4.3028   7.5836

          k = 0.0000-0.4811 0.4811 (   676 PWs)   bands (ev):

    -4.5216   3.1968   4.5136   8.6428

          k = 0.7217 0.0000 0.0000 (   684 PWs)   bands (ev):

    -3.9662   3.1934   6.2168   6.2168

          k =-0.1203-0.8420 0.8420 (   678 PWs)   bands (ev):

    -2.1835   1.2669   4.8000   6.0499

          k = 0.0000-0.7217 0.7217 (   682 PWs)   bands (ev):

    -0.9500   0.3468   3.0878   6.5482

          k =-0.9623 0.0000 0.0000 (   692 PWs)   bands (ev):

    -0.6228  -0.6228   5.7113   5.7113

          k = 0.4811 0.2406 0.0000 (   670 PWs)   bands (ev):

    -5.9986   5.2321   6.4193   8.7211

          k =-0.3608-0.6014 0.8420 (   674 PWs)   bands (ev):

    -4.1616   2.2368   5.6198   7.6863

          k =-0.2406-0.4811 0.7217 (   676 PWs)   bands (ev):

    -2.5238   0.0594   5.5466   7.1702

          k =-0.2406-0.7217 0.9623 (   666 PWs)   bands (ev):

    -3.5123   2.7921   5.0814   6.0630

          k =-0.1203-0.6014 0.8420 (   680 PWs)   bands (ev):

    -1.5779   0.8879   3.7942   5.6966

          k = 0.0000-0.4811 0.7217 (   680 PWs)   bands (ev):

    -2.2824   1.5572   3.4200   6.4608

          k =-0.9623 0.2406 0.0000 (   682 PWs)   bands (ev):

    -0.3486  -0.3486   4.8249   4.8249

          k =-0.9623 0.4811 0.0000 (   684 PWs)   bands (ev):

    -0.0014  -0.0014   3.9742   3.9742

!    total energy              =     -22.75717308 Ry
     Harris-Foulkes estimate   =     -22.75717308 Ry
     estimated scf accuracy    <          8.4E-11 Ry

     The total energy is the sum of the following terms:

     one-electron contribution =       6.73296526 Ry
     hartree contribution      =       2.05367328 Ry
     xc contribution           =      -6.93863832 Ry
     ewald contribution        =     -24.60517331 Ry

     convergence has been achieved in   6 iterations

     Forces acting on atoms (Ry/au):

     atom   1 type  1   force =     0.00000000    0.00000000    0.00000000
     atom   2 type  1   force =     0.00000000    0.00000000    0.00000000

     Total force =     0.000000     Total SCF correction =     0.000000


     entering subroutine stress ...

          total   stress  (Ry/bohr**3)                   (kbar)     P= -402.02
  -0.00273287   0.00000000   0.00000000       -402.02      0.00      0.00
   0.00000000  -0.00273287   0.00000000          0.00   -402.02      0.00
   0.00000000   0.00000000  -0.00273287          0.00      0.00   -402.02


     BFGS Geometry Optimization

     bfgs converged in   1 scf cycles and   0 bfgs steps
     (criteria: energy < 0.10E-08, force < 0.10E-05)

     End of BFGS Geometry Optimization

     Final energy   =     -22.7571730804 Ry

ATOMIC_POSITIONS (crystal)
C        0.000000000   0.000000000   0.000000000
C        0.250000000   0.250000000   0.250000000



     Writing output data file pwscf.save
 
     PWSCF        :     3.17s CPU time,    3.93s wall time

     init_run     :     0.35s CPU
     electrons    :     2.38s CPU
     forces       :     0.04s CPU
     stress       :     0.14s CPU

     Called by init_run:
     wfcinit      :     0.16s CPU
     potinit      :     0.03s CPU

     Called by electrons:
     c_bands      :     1.80s CPU (       6 calls,   0.301 s avg)
     sum_band     :     0.30s CPU (       6 calls,   0.049 s avg)
     v_of_rho     :     0.14s CPU (       7 calls,   0.020 s avg)
     newd         :     0.04s CPU (       7 calls,   0.006 s avg)
     mix_rho      :     0.01s CPU (       6 calls,   0.002 s avg)

     Called by c_bands:
     init_us_2    :     0.04s CPU (     435 calls,   0.000 s avg)
     cegterg      :     1.73s CPU (     174 calls,   0.010 s avg)

     Called by *egterg:
     h_psi        :     0.71s CPU (     543 calls,   0.001 s avg)
     s_psi        :     0.01s CPU (     543 calls,   0.000 s avg)
     g_psi        :     0.00s CPU (     340 calls,   0.000 s avg)
     cdiaghg      :     0.82s CPU (     514 calls,   0.002 s avg)

     Called by h_psi:
     add_vuspsi   :     0.00s CPU (     543 calls,   0.000 s avg)

     General routines
     calbec       :     0.04s CPU (     775 calls,   0.000 s avg)
     cft3s        :     0.81s CPU (    5037 calls,   0.000 s avg)
     interpolate  :     0.00s CPU (      13 calls,   0.000 s avg)
     davcio       :     0.14s CPU (     609 calls,   0.000 s avg)
 
     Parallel routines
     fft_scatter  :     0.25s CPU (    5037 calls,   0.000 s avg)
