
     Program PWSCF     v.4.1.1  starts ...
     Today is 25Nov2010 at 15:45:10 

     Parallel version (MPI)

     Number of processors in use:       4
     R & G space division:  proc/pool =    4

     For Norm-Conserving or Ultrasoft (Vanderbilt) Pseudopotentials or PAW

     Current dimensions of program pwscf are:
     Max number of different atomic species (ntypx) = 10
     Max number of k-points (npk) =  40000
     Max angular momentum in pseudopotentials (lmaxx) =  3
     Waiting for input...
     file C.pbe-rrkjus.UPF: wavefunction(s)  2S 2P renormalized

     Subspace diagonalization in iterative solution of the eigenvalue problem:
     a parallel distributed memory algorithm will be used,
     eigenstates matrixes will be distributed block like on
     ortho sub-group =    2*   2 procs


     Planes per process (thick) : nr3 = 40 npp =  10 ncplane = 1600
     Planes per process (smooth): nr3s= 28 npps=   7 ncplanes=  784
 
     Proc/  planes cols     G    planes cols    G      columns  G
     Pool       (dense grid)       (smooth grid)      (wavefct grid)
        1    10    222     4369    7    110     1547     38      285
        2    10    222     4369    7    110     1546     38      285
        3    10    222     4369    7    109     1545     38      285
        4    10    223     4370    7    110     1545     37      284
     tot     40    889    17477   28    439     6183    151     1139
 


     bravais-lattice index     =            0
     lattice parameter (a_0)   =       6.7413  a.u.
     unit-cell volume          =      98.1726 (a.u.)^3
     number of atoms/cell      =            2
     number of atomic types    =            1
     number of electrons       =         8.00
     number of Kohn-Sham states=            4
     kinetic-energy cutoff     =      60.0000  Ry
     charge density cutoff     =     480.0000  Ry
     convergence threshold     =      1.0E-08
     mixing beta               =       0.7000
     number of iterations used =            8  plain     mixing
     Exchange-correlation      =  SLA  PW   PBE  PBE (1434)
     nstep                     =           50


     celldm(1)=   6.741280  celldm(2)=   0.000000  celldm(3)=   0.000000
     celldm(4)=   0.000000  celldm(5)=   0.000000  celldm(6)=   0.000000

     crystal axes: (cart. coord. in units of a_0)
               a(1) = (  0.000000  0.543139  0.543139 )  
               a(2) = (  0.543139  0.000000  0.543139 )  
               a(3) = (  0.543139  0.543139  0.000000 )  

     reciprocal axes: (cart. coord. in units 2 pi/a_0)
               b(1) = ( -0.920575  0.920575  0.920575 )  
               b(2) = (  0.920575 -0.920575  0.920575 )  
               b(3) = (  0.920575  0.920575 -0.920575 )  


     PseudoPot. # 1 for C  read from file C.pbe-rrkjus.UPF
     Pseudo is Ultrasoft, Zval =  4.0
     Generated by new atomic code, or converted to UPF format
     Using radial grid of  627 points,  4 beta functions with: 
                l(1) =   0
                l(2) =   0
                l(3) =   1
                l(4) =   1
     Q(r) pseudized with 0 coefficients 


     atomic species   valence    mass     pseudopotential
        C              4.00    12.01070     C ( 1.00)

     48 Sym.Ops. (with inversion)


   Cartesian axes

     site n.     atom                  positions (a_0 units)
         1           C   tau(  1) = (   0.0000000   0.0000000   0.0000000  )
         2           C   tau(  2) = (   0.2715695   0.2715695   0.2715695  )

     number of k points=   29
                       cart. coord. in units 2pi/a_0
        k(    1) = (   0.0000000   0.0000000   0.0000000), wk =   0.0039062
        k(    2) = (   0.1150718   0.1150718  -0.1150718), wk =   0.0312500
        k(    3) = (   0.2301437   0.2301437  -0.2301437), wk =   0.0312500
        k(    4) = (   0.3452155   0.3452155  -0.3452155), wk =   0.0312500
        k(    5) = (  -0.4602873  -0.4602873   0.4602873), wk =   0.0156250
        k(    6) = (   0.2301437   0.0000000   0.0000000), wk =   0.0234375
        k(    7) = (   0.3452155   0.1150718  -0.1150718), wk =   0.0937500
        k(    8) = (   0.4602873   0.2301437  -0.2301437), wk =   0.0937500
        k(    9) = (  -0.3452155  -0.5753591   0.5753591), wk =   0.0937500
        k(   10) = (  -0.2301437  -0.4602873   0.4602873), wk =   0.0937500
        k(   11) = (  -0.1150718  -0.3452155   0.3452155), wk =   0.0937500
        k(   12) = (   0.0000000  -0.2301437   0.2301437), wk =   0.0468750
        k(   13) = (   0.4602873   0.0000000   0.0000000), wk =   0.0234375
        k(   14) = (   0.5753591   0.1150718  -0.1150718), wk =   0.0937500
        k(   15) = (  -0.2301437  -0.6904310   0.6904310), wk =   0.0937500
        k(   16) = (  -0.1150718  -0.5753591   0.5753591), wk =   0.0937500
        k(   17) = (   0.0000000  -0.4602873   0.4602873), wk =   0.0468750
        k(   18) = (   0.6904310   0.0000000   0.0000000), wk =   0.0234375
        k(   19) = (  -0.1150718  -0.8055028   0.8055028), wk =   0.0937500
        k(   20) = (   0.0000000  -0.6904310   0.6904310), wk =   0.0468750
        k(   21) = (  -0.9205746   0.0000000   0.0000000), wk =   0.0117188
        k(   22) = (   0.4602873   0.2301437   0.0000000), wk =   0.0937500
        k(   23) = (  -0.3452155  -0.5753591   0.8055028), wk =   0.1875000
        k(   24) = (  -0.2301437  -0.4602873   0.6904310), wk =   0.0937500
        k(   25) = (  -0.2301437  -0.6904310   0.9205746), wk =   0.0937500
        k(   26) = (  -0.1150718  -0.5753591   0.8055028), wk =   0.1875000
        k(   27) = (   0.0000000  -0.4602873   0.6904310), wk =   0.0937500
        k(   28) = (  -0.9205746   0.2301437   0.0000000), wk =   0.0468750
        k(   29) = (  -0.9205746   0.4602873   0.0000000), wk =   0.0234375

     G cutoff =  552.5432  (  17477 G-vectors)     FFT grid: ( 40, 40, 40)
     G cutoff =  276.2716  (   6183 G-vectors)  smooth grid: ( 28, 28, 28)

     Largest allocated arrays     est. size (Mb)     dimensions
        Kohn-Sham Wavefunctions         0.01 Mb     (    193,   4)
        NL pseudopotentials             0.05 Mb     (    193,  16)
        Each V/rho on FFT grid          0.24 Mb     (  16000)
        Each G-vector array             0.03 Mb     (   4369)
        G-vector shells                 0.00 Mb     (    219)
     Largest temporary arrays     est. size (Mb)     dimensions
        Auxiliary wavefunctions         0.05 Mb     (    193,  16)
        Each subspace H/S matrix        0.00 Mb     (     16,  16)
        Each <psi_i|beta_j> matrix      0.00 Mb     (     16,   4)
        Arrays for rho mixing           1.95 Mb     (  16000,   8)

     Initial potential from superposition of free atoms

     starting charge    7.99989, renormalised to    8.00000
     Starting wfc are    8 atomic wfcs

     total cpu time spent up to now is      0.48 secs

     per-process dynamical memory:    55.2 Mb

     Self-consistent Calculation

     iteration #  1     ecut=    60.00 Ry     beta=0.70
     Davidson diagonalization with overlap
     ethr =  1.00E-02,  avg # of iterations =  2.0

     Threshold (ethr) on eigenvalues was too large:
     Diagonalizing with lowered threshold

     Davidson diagonalization with overlap
     ethr =  7.94E-04,  avg # of iterations =  1.0

     total cpu time spent up to now is      1.14 secs

     total energy              =     -22.70743931 Ry
     Harris-Foulkes estimate   =     -22.72911410 Ry
     estimated scf accuracy    <       0.06282270 Ry

     iteration #  2     ecut=    60.00 Ry     beta=0.70
     Davidson diagonalization with overlap
     ethr =  7.85E-04,  avg # of iterations =  1.0

     total cpu time spent up to now is      1.46 secs

     total energy              =     -22.71090956 Ry
     Harris-Foulkes estimate   =     -22.71094267 Ry
     estimated scf accuracy    <       0.00227947 Ry

     iteration #  3     ecut=    60.00 Ry     beta=0.70
     Davidson diagonalization with overlap
     ethr =  2.85E-05,  avg # of iterations =  2.0

     total cpu time spent up to now is      1.88 secs

     total energy              =     -22.71120293 Ry
     Harris-Foulkes estimate   =     -22.71118743 Ry
     estimated scf accuracy    <       0.00003990 Ry

     iteration #  4     ecut=    60.00 Ry     beta=0.70
     Davidson diagonalization with overlap
     ethr =  4.99E-07,  avg # of iterations =  2.6

     total cpu time spent up to now is      2.41 secs

     total energy              =     -22.71122058 Ry
     Harris-Foulkes estimate   =     -22.71122005 Ry
     estimated scf accuracy    <       0.00000072 Ry

     iteration #  5     ecut=    60.00 Ry     beta=0.70
     Davidson diagonalization with overlap
     ethr =  9.04E-09,  avg # of iterations =  2.5

     total cpu time spent up to now is      2.90 secs

     total energy              =     -22.71122084 Ry
     Harris-Foulkes estimate   =     -22.71122084 Ry
     estimated scf accuracy    <       0.00000002 Ry

     iteration #  6     ecut=    60.00 Ry     beta=0.70
     Davidson diagonalization with overlap
     ethr =  2.84E-10,  avg # of iterations =  2.0

     total cpu time spent up to now is      3.33 secs

     End of self-consistent calculation

          k = 0.0000 0.0000 0.0000 (   749 PWs)   bands (ev):

    -9.1165   9.2668   9.2668   9.2668

          k = 0.1151 0.1151-0.1151 (   773 PWs)   bands (ev):

    -8.7557   7.2396   8.7714   8.7714

          k = 0.2301 0.2301-0.2301 (   778 PWs)   bands (ev):

    -7.6913   3.7269   7.9096   7.9096

          k = 0.3452 0.3452-0.3452 (   769 PWs)   bands (ev):

    -6.0229   0.3544   7.2777   7.2777

          k =-0.4603-0.4603 0.4603 (   778 PWs)   bands (ev):

    -4.6276  -1.6370   7.0553   7.0553

          k = 0.2301 0.0000 0.0000 (   769 PWs)   bands (ev):

    -8.6353   7.9087   7.9685   7.9685

          k = 0.3452 0.1151-0.1151 (   781 PWs)   bands (ev):

    -7.8042   4.9396   7.0611   7.5131

          k = 0.4603 0.2301-0.2301 (   783 PWs)   bands (ev):

    -6.3212   1.5906   6.5304   6.5868

          k =-0.3452-0.5754 0.5754 (   773 PWs)   bands (ev):

    -4.5710  -1.0888   5.8418   6.5095

          k =-0.2301-0.4603 0.4603 (   768 PWs)   bands (ev):

    -5.1082  -0.3542   5.5273   6.9815

          k =-0.1151-0.3452 0.3452 (   776 PWs)   bands (ev):

    -6.8823   2.7008   5.7514   7.8155

          k = 0.0000-0.2301 0.2301 (   775 PWs)   bands (ev):

    -8.1596   5.7981   6.7611   8.6599

          k = 0.4603 0.0000 0.0000 (   769 PWs)   bands (ev):

    -7.2119   4.9796   6.0837   6.0837

          k = 0.5754 0.1151-0.1151 (   775 PWs)   bands (ev):

    -5.9501   2.6290   5.0485   5.4955

          k =-0.2301-0.6904 0.6904 (   768 PWs)   bands (ev):

    -4.2066   0.0680   3.7787   5.4631

          k =-0.1151-0.5754 0.5754 (   769 PWs)   bands (ev):

    -3.7340  -0.4766   2.9889   5.9845

          k = 0.0000-0.4603 0.4603 (   784 PWs)   bands (ev):

    -5.4424   1.6601   3.2650   6.9103

          k = 0.6904 0.0000 0.0000 (   765 PWs)   bands (ev):

    -4.9174   1.5336   4.7894   4.7894

          k =-0.1151-0.8055 0.8055 (   763 PWs)   bands (ev):

    -3.3249  -0.2236   3.5618   4.6389

          k = 0.0000-0.6904 0.6904 (   762 PWs)   bands (ev):

    -2.3308  -1.0015   2.1072   5.0765

          k =-0.9206 0.0000 0.0000 (   774 PWs)   bands (ev):

    -1.9066  -1.9066   4.3394   4.3394

          k = 0.4603 0.2301 0.0000 (   776 PWs)   bands (ev):

    -6.7577   3.5310   4.9584   6.9458

          k =-0.3452-0.5754 0.8055 (   770 PWs)   bands (ev):

    -5.1232   0.8872   4.1448   6.0689

          k =-0.2301-0.4603 0.6904 (   764 PWs)   bands (ev):

    -3.7580  -0.9542   4.0330   5.6397

          k =-0.2301-0.6904 0.9206 (   763 PWs)   bands (ev):

    -4.5232   1.1642   3.7801   4.6786

          k =-0.1151-0.5754 0.8055 (   762 PWs)   bands (ev):

    -2.8525  -0.5022   2.6446   4.3570

          k = 0.0000-0.4603 0.6904 (   769 PWs)   bands (ev):

    -3.4719   0.0885   2.3410   5.0117

          k =-0.9206 0.2301 0.0000 (   760 PWs)   bands (ev):

    -1.6956  -1.6956   3.5848   3.5848

          k =-0.9206 0.4603 0.0000 (   772 PWs)   bands (ev):

    -1.4430  -1.4430   2.8832   2.8832

!    total energy              =     -22.71122084 Ry
     Harris-Foulkes estimate   =     -22.71122084 Ry
     estimated scf accuracy    <          4.5E-10 Ry

     The total energy is the sum of the following terms:

     one-electron contribution =       5.36788003 Ry
     hartree contribution      =       2.20437450 Ry
     xc contribution           =      -6.74397166 Ry
     ewald contribution        =     -23.53950372 Ry

     convergence has been achieved in   6 iterations

     Forces acting on atoms (Ry/au):

     atom   1 type  1   force =     0.00000000    0.00000000    0.00000000
     atom   2 type  1   force =     0.00000000    0.00000000    0.00000000

     Total force =     0.000000     Total SCF correction =     0.000000


     entering subroutine stress ...

          total   stress  (Ry/bohr**3)                   (kbar)     P= -669.70
  -0.00455250   0.00000000   0.00000000       -669.70      0.00      0.00
   0.00000000  -0.00455250   0.00000000          0.00   -669.70      0.00
   0.00000000   0.00000000  -0.00455250          0.00      0.00   -669.70


     BFGS Geometry Optimization

     bfgs converged in   1 scf cycles and   0 bfgs steps
     (criteria: energy < 0.10E-08, force < 0.10E-05)

     End of BFGS Geometry Optimization

     Final energy   =     -22.7112208421 Ry

ATOMIC_POSITIONS (crystal)
C        0.000000000   0.000000000   0.000000000
C        0.250000000   0.250000000   0.250000000



     Writing output data file pwscf.save
 
     PWSCF        :     3.71s CPU time,    4.38s wall time

     init_run     :     0.39s CPU
     electrons    :     2.86s CPU
     forces       :     0.03s CPU
     stress       :     0.17s CPU

     Called by init_run:
     wfcinit      :     0.17s CPU
     potinit      :     0.04s CPU

     Called by electrons:
     c_bands      :     2.10s CPU (       7 calls,   0.300 s avg)
     sum_band     :     0.42s CPU (       7 calls,   0.061 s avg)
     v_of_rho     :     0.21s CPU (       7 calls,   0.031 s avg)
     newd         :     0.05s CPU (       7 calls,   0.007 s avg)
     mix_rho      :     0.00s CPU (       7 calls,   0.000 s avg)

     Called by c_bands:
     init_us_2    :     0.06s CPU (     493 calls,   0.000 s avg)
     cegterg      :     2.02s CPU (     203 calls,   0.010 s avg)

     Called by *egterg:
     h_psi        :     0.88s CPU (     612 calls,   0.001 s avg)
     s_psi        :     0.03s CPU (     612 calls,   0.000 s avg)
     g_psi        :     0.00s CPU (     380 calls,   0.000 s avg)
     cdiaghg      :     0.81s CPU (     554 calls,   0.001 s avg)

     Called by h_psi:
     add_vuspsi   :     0.02s CPU (     612 calls,   0.000 s avg)

     General routines
     calbec       :     0.02s CPU (     873 calls,   0.000 s avg)
     cft3s        :     1.02s CPU (    5537 calls,   0.000 s avg)
     interpolate  :     0.01s CPU (      14 calls,   0.001 s avg)
     davcio       :     0.14s CPU (     696 calls,   0.000 s avg)
 
     Parallel routines
     fft_scatter  :     0.32s CPU (    5537 calls,   0.000 s avg)
