
     Program PWSCF     v.4.1.1  starts ...
     Today is 25Nov2010 at 15:44:59 

     Parallel version (MPI)

     Number of processors in use:       4
     R & G space division:  proc/pool =    4

     For Norm-Conserving or Ultrasoft (Vanderbilt) Pseudopotentials or PAW

     Current dimensions of program pwscf are:
     Max number of different atomic species (ntypx) = 10
     Max number of k-points (npk) =  40000
     Max angular momentum in pseudopotentials (lmaxx) =  3
     Waiting for input...
     file C.pbe-rrkjus.UPF: wavefunction(s)  2S 2P renormalized

     Subspace diagonalization in iterative solution of the eigenvalue problem:
     a parallel distributed memory algorithm will be used,
     eigenstates matrixes will be distributed block like on
     ortho sub-group =    2*   2 procs


     Planes per process (thick) : nr3 = 36 npp =   9 ncplane = 1296
     Planes per process (smooth): nr3s= 28 npps=   7 ncplanes=  784
 
     Proc/  planes cols     G    planes cols    G      columns  G
     Pool       (dense grid)       (smooth grid)      (wavefct grid)
        1     9    215     4224    7    109     1503     38      285
        2     9    214     4221    7    108     1490     38      285
        3     9    215     4221    7    108     1494     38      285
        4     9    215     4223    7    108     1498     37      284
     tot     36    859    16889   28    433     5985    151     1139
 


     bravais-lattice index     =            0
     lattice parameter (a_0)   =       6.7413  a.u.
     unit-cell volume          =      95.6873 (a.u.)^3
     number of atoms/cell      =            2
     number of atomic types    =            1
     number of electrons       =         8.00
     number of Kohn-Sham states=            4
     kinetic-energy cutoff     =      60.0000  Ry
     charge density cutoff     =     480.0000  Ry
     convergence threshold     =      1.0E-08
     mixing beta               =       0.7000
     number of iterations used =            8  plain     mixing
     Exchange-correlation      =  SLA  PW   PBE  PBE (1434)
     nstep                     =           50


     celldm(1)=   6.741280  celldm(2)=   0.000000  celldm(3)=   0.000000
     celldm(4)=   0.000000  celldm(5)=   0.000000  celldm(6)=   0.000000

     crystal axes: (cart. coord. in units of a_0)
               a(1) = (  0.000000  0.538516  0.538516 )  
               a(2) = (  0.538516  0.000000  0.538516 )  
               a(3) = (  0.538516  0.538516  0.000000 )  

     reciprocal axes: (cart. coord. in units 2 pi/a_0)
               b(1) = ( -0.928477  0.928477  0.928477 )  
               b(2) = (  0.928477 -0.928477  0.928477 )  
               b(3) = (  0.928477  0.928477 -0.928477 )  


     PseudoPot. # 1 for C  read from file C.pbe-rrkjus.UPF
     Pseudo is Ultrasoft, Zval =  4.0
     Generated by new atomic code, or converted to UPF format
     Using radial grid of  627 points,  4 beta functions with: 
                l(1) =   0
                l(2) =   0
                l(3) =   1
                l(4) =   1
     Q(r) pseudized with 0 coefficients 


     atomic species   valence    mass     pseudopotential
        C              4.00    12.01070     C ( 1.00)

     48 Sym.Ops. (with inversion)


   Cartesian axes

     site n.     atom                  positions (a_0 units)
         1           C   tau(  1) = (   0.0000000   0.0000000   0.0000000  )
         2           C   tau(  2) = (   0.2692582   0.2692582   0.2692582  )

     number of k points=   29
                       cart. coord. in units 2pi/a_0
        k(    1) = (   0.0000000   0.0000000   0.0000000), wk =   0.0039062
        k(    2) = (   0.1160596   0.1160596  -0.1160596), wk =   0.0312500
        k(    3) = (   0.2321192   0.2321192  -0.2321192), wk =   0.0312500
        k(    4) = (   0.3481788   0.3481788  -0.3481788), wk =   0.0312500
        k(    5) = (  -0.4642383  -0.4642383   0.4642383), wk =   0.0156250
        k(    6) = (   0.2321192   0.0000000   0.0000000), wk =   0.0234375
        k(    7) = (   0.3481788   0.1160596  -0.1160596), wk =   0.0937500
        k(    8) = (   0.4642383   0.2321192  -0.2321192), wk =   0.0937500
        k(    9) = (  -0.3481788  -0.5802979   0.5802979), wk =   0.0937500
        k(   10) = (  -0.2321192  -0.4642383   0.4642383), wk =   0.0937500
        k(   11) = (  -0.1160596  -0.3481788   0.3481788), wk =   0.0937500
        k(   12) = (   0.0000000  -0.2321192   0.2321192), wk =   0.0468750
        k(   13) = (   0.4642383   0.0000000   0.0000000), wk =   0.0234375
        k(   14) = (   0.5802979   0.1160596  -0.1160596), wk =   0.0937500
        k(   15) = (  -0.2321192  -0.6963575   0.6963575), wk =   0.0937500
        k(   16) = (  -0.1160596  -0.5802979   0.5802979), wk =   0.0937500
        k(   17) = (   0.0000000  -0.4642383   0.4642383), wk =   0.0468750
        k(   18) = (   0.6963575   0.0000000   0.0000000), wk =   0.0234375
        k(   19) = (  -0.1160596  -0.8124171   0.8124171), wk =   0.0937500
        k(   20) = (   0.0000000  -0.6963575   0.6963575), wk =   0.0468750
        k(   21) = (  -0.9284767   0.0000000   0.0000000), wk =   0.0117188
        k(   22) = (   0.4642383   0.2321192   0.0000000), wk =   0.0937500
        k(   23) = (  -0.3481788  -0.5802979   0.8124171), wk =   0.1875000
        k(   24) = (  -0.2321192  -0.4642383   0.6963575), wk =   0.0937500
        k(   25) = (  -0.2321192  -0.6963575   0.9284767), wk =   0.0937500
        k(   26) = (  -0.1160596  -0.5802979   0.8124171), wk =   0.1875000
        k(   27) = (   0.0000000  -0.4642383   0.6963575), wk =   0.0937500
        k(   28) = (  -0.9284767   0.2321192   0.0000000), wk =   0.0468750
        k(   29) = (  -0.9284767   0.4642383   0.0000000), wk =   0.0234375

     G cutoff =  552.5432  (  16889 G-vectors)     FFT grid: ( 36, 36, 36)
     G cutoff =  276.2716  (   5985 G-vectors)  smooth grid: ( 28, 28, 28)

     Largest allocated arrays     est. size (Mb)     dimensions
        Kohn-Sham Wavefunctions         0.01 Mb     (    191,   4)
        NL pseudopotentials             0.05 Mb     (    191,  16)
        Each V/rho on FFT grid          0.18 Mb     (  11664)
        Each G-vector array             0.03 Mb     (   4224)
        G-vector shells                 0.00 Mb     (    214)
     Largest temporary arrays     est. size (Mb)     dimensions
        Auxiliary wavefunctions         0.05 Mb     (    191,  16)
        Each subspace H/S matrix        0.00 Mb     (     16,  16)
        Each <psi_i|beta_j> matrix      0.00 Mb     (     16,   4)
        Arrays for rho mixing           1.42 Mb     (  11664,   8)

     Initial potential from superposition of free atoms

     starting charge    7.99989, renormalised to    8.00000
     Starting wfc are    8 atomic wfcs

     total cpu time spent up to now is      0.46 secs

     per-process dynamical memory:    55.1 Mb

     Self-consistent Calculation

     iteration #  1     ecut=    60.00 Ry     beta=0.70
     Davidson diagonalization with overlap
     ethr =  1.00E-02,  avg # of iterations =  2.0

     Threshold (ethr) on eigenvalues was too large:
     Diagonalizing with lowered threshold

     Davidson diagonalization with overlap
     ethr =  8.51E-04,  avg # of iterations =  1.0

     total cpu time spent up to now is      1.09 secs

     total energy              =     -22.71806609 Ry
     Harris-Foulkes estimate   =     -22.74228250 Ry
     estimated scf accuracy    <       0.06736366 Ry

     iteration #  2     ecut=    60.00 Ry     beta=0.70
     Davidson diagonalization with overlap
     ethr =  8.42E-04,  avg # of iterations =  1.0

     total cpu time spent up to now is      1.40 secs

     total energy              =     -22.72187820 Ry
     Harris-Foulkes estimate   =     -22.72193732 Ry
     estimated scf accuracy    <       0.00232231 Ry

     iteration #  3     ecut=    60.00 Ry     beta=0.70
     Davidson diagonalization with overlap
     ethr =  2.90E-05,  avg # of iterations =  2.0

     total cpu time spent up to now is      1.81 secs

     total energy              =     -22.72220261 Ry
     Harris-Foulkes estimate   =     -22.72218704 Ry
     estimated scf accuracy    <       0.00004075 Ry

     iteration #  4     ecut=    60.00 Ry     beta=0.70
     Davidson diagonalization with overlap
     ethr =  5.09E-07,  avg # of iterations =  2.5

     total cpu time spent up to now is      2.30 secs

     total energy              =     -22.72221986 Ry
     Harris-Foulkes estimate   =     -22.72221935 Ry
     estimated scf accuracy    <       0.00000096 Ry

     iteration #  5     ecut=    60.00 Ry     beta=0.70
     Davidson diagonalization with overlap
     ethr =  1.20E-08,  avg # of iterations =  2.4

     total cpu time spent up to now is      2.77 secs

     total energy              =     -22.72222018 Ry
     Harris-Foulkes estimate   =     -22.72222018 Ry
     estimated scf accuracy    <       0.00000004 Ry

     iteration #  6     ecut=    60.00 Ry     beta=0.70
     Davidson diagonalization with overlap
     ethr =  4.66E-10,  avg # of iterations =  2.0

     total cpu time spent up to now is      3.17 secs

     End of self-consistent calculation

          k = 0.0000 0.0000 0.0000 (   749 PWs)   bands (ev):

    -9.0236   9.6475   9.6475   9.6475

          k = 0.1161 0.1161-0.1161 (   743 PWs)   bands (ev):

    -8.6557   7.5892   9.1378   9.1378

          k = 0.2321 0.2321-0.2321 (   754 PWs)   bands (ev):

    -7.5699   4.0153   8.2544   8.2544

          k = 0.3482 0.3482-0.3482 (   763 PWs)   bands (ev):

    -5.8624   0.5744   7.6082   7.6082

          k =-0.4642-0.4642 0.4642 (   754 PWs)   bands (ev):

    -4.4147  -1.4799   7.3810   7.3810

          k = 0.2321 0.0000 0.0000 (   761 PWs)   bands (ev):

    -8.5331   8.2985   8.3104   8.3104

          k = 0.3482 0.1161-0.1161 (   757 PWs)   bands (ev):

    -7.6854   5.2579   7.3803   7.8673

          k = 0.4642 0.2321-0.2321 (   746 PWs)   bands (ev):

    -6.1702   1.8431   6.8384   6.9195

          k =-0.3482-0.5803 0.5803 (   753 PWs)   bands (ev):

    -4.3656  -0.9079   6.1554   6.8189

          k =-0.2321-0.4642 0.4642 (   756 PWs)   bands (ev):

    -4.9235  -0.1490   5.8300   7.3041

          k =-0.1161-0.3482 0.3482 (   754 PWs)   bands (ev):

    -6.7438   2.9768   6.0530   8.1600

          k = 0.0000-0.2321 0.2321 (   753 PWs)   bands (ev):

    -8.0479   6.1383   7.0729   9.0264

          k = 0.4642 0.0000 0.0000 (   729 PWs)   bands (ev):

    -7.0818   5.3469   6.3777   6.3777

          k = 0.5803 0.1161-0.1161 (   751 PWs)   bands (ev):

    -5.7937   2.9391   5.3320   5.7761

          k =-0.2321-0.6964 0.6964 (   748 PWs)   bands (ev):

    -4.0055   0.3100   4.0391   5.7443

          k =-0.1161-0.5803 0.5803 (   748 PWs)   bands (ev):

    -3.5130  -0.2571   3.2287   6.2798

          k = 0.0000-0.4642 0.4642 (   754 PWs)   bands (ev):

    -5.2717   1.9467   3.4942   7.2302

          k = 0.6964 0.0000 0.0000 (   753 PWs)   bands (ev):

    -4.7410   1.8424   5.0530   5.0530

          k =-0.1161-0.8124 0.8124 (   751 PWs)   bands (ev):

    -3.1129   0.0532   3.7904   4.8994

          k = 0.0000-0.6964 0.6964 (   740 PWs)   bands (ev):

    -2.0763  -0.7506   2.2889   5.3482

          k =-0.9285 0.0000 0.0000 (   740 PWs)   bands (ev):

    -1.6678  -1.6678   4.5926   4.5926

          k = 0.4642 0.2321 0.0000 (   755 PWs)   bands (ev):

    -6.6175   3.8489   5.2277   7.2730

          k =-0.3482-0.5803 0.8124 (   753 PWs)   bands (ev):

    -4.9449   1.1400   4.4152   6.3673

          k =-0.2321-0.4642 0.6964 (   750 PWs)   bands (ev):

    -3.5309  -0.7624   4.3104   5.9226

          k =-0.2321-0.6964 0.9285 (   755 PWs)   bands (ev):

    -4.3356   1.4667   4.0197   4.9346

          k =-0.1161-0.5803 0.8124 (   748 PWs)   bands (ev):

    -2.6165  -0.2423   2.8549   4.6045

          k = 0.0000-0.4642 0.6964 (   747 PWs)   bands (ev):

    -3.2514   0.3619   2.5392   5.2792

          k =-0.9285 0.2321 0.0000 (   746 PWs)   bands (ev):

    -1.4455  -1.4455   3.8136   3.8136

          k =-0.9285 0.4642 0.0000 (   744 PWs)   bands (ev):

    -1.1766  -1.1766   3.0854   3.0854

!    total energy              =     -22.72222019 Ry
     Harris-Foulkes estimate   =     -22.72222019 Ry
     estimated scf accuracy    <          9.7E-10 Ry

     The total energy is the sum of the following terms:

     one-electron contribution =       5.62536723 Ry
     hartree contribution      =       2.17429590 Ry
     xc contribution           =      -6.78032006 Ry
     ewald contribution        =     -23.74156325 Ry

     convergence has been achieved in   6 iterations

     Forces acting on atoms (Ry/au):

     atom   1 type  1   force =     0.00000000    0.00000000    0.00000000
     atom   2 type  1   force =     0.00000000    0.00000000    0.00000000

     Total force =     0.000000     Total SCF correction =     0.000000


     entering subroutine stress ...

          total   stress  (Ry/bohr**3)                   (kbar)     P= -631.37
  -0.00429194   0.00000000   0.00000000       -631.37      0.00      0.00
   0.00000000  -0.00429194   0.00000000          0.00   -631.37      0.00
   0.00000000   0.00000000  -0.00429194          0.00      0.00   -631.37


     BFGS Geometry Optimization

     bfgs converged in   1 scf cycles and   0 bfgs steps
     (criteria: energy < 0.10E-08, force < 0.10E-05)

     End of BFGS Geometry Optimization

     Final energy   =     -22.7222201857 Ry

ATOMIC_POSITIONS (crystal)
C        0.000000000   0.000000000   0.000000000
C        0.250000000   0.250000000   0.250000000



     Writing output data file pwscf.save
 
     PWSCF        :     3.54s CPU time,    4.07s wall time

     init_run     :     0.37s CPU
     electrons    :     2.71s CPU
     forces       :     0.04s CPU
     stress       :     0.15s CPU

     Called by init_run:
     wfcinit      :     0.17s CPU
     potinit      :     0.04s CPU

     Called by electrons:
     c_bands      :     2.05s CPU (       7 calls,   0.293 s avg)
     sum_band     :     0.37s CPU (       7 calls,   0.053 s avg)
     v_of_rho     :     0.15s CPU (       7 calls,   0.021 s avg)
     newd         :     0.06s CPU (       7 calls,   0.008 s avg)
     mix_rho      :     0.00s CPU (       7 calls,   0.000 s avg)

     Called by c_bands:
     init_us_2    :     0.08s CPU (     493 calls,   0.000 s avg)
     cegterg      :     1.93s CPU (     203 calls,   0.009 s avg)

     Called by *egterg:
     h_psi        :     0.85s CPU (     609 calls,   0.001 s avg)
     s_psi        :     0.03s CPU (     609 calls,   0.000 s avg)
     g_psi        :     0.01s CPU (     377 calls,   0.000 s avg)
     cdiaghg      :     0.94s CPU (     551 calls,   0.002 s avg)

     Called by h_psi:
     add_vuspsi   :     0.02s CPU (     609 calls,   0.000 s avg)

     General routines
     calbec       :     0.03s CPU (     870 calls,   0.000 s avg)
     cft3s        :     0.99s CPU (    5537 calls,   0.000 s avg)
     interpolate  :     0.01s CPU (      14 calls,   0.001 s avg)
     davcio       :     0.13s CPU (     696 calls,   0.000 s avg)
 
     Parallel routines
     fft_scatter  :     0.32s CPU (    5537 calls,   0.000 s avg)
