
     Program PWSCF     v.4.1.1  starts ...
     Today is 25Nov2010 at 15:49: 4 

     Parallel version (MPI)

     Number of processors in use:       4
     R & G space division:  proc/pool =    4

     For Norm-Conserving or Ultrasoft (Vanderbilt) Pseudopotentials or PAW

     Current dimensions of program pwscf are:
     Max number of different atomic species (ntypx) = 10
     Max number of k-points (npk) =  40000
     Max angular momentum in pseudopotentials (lmaxx) =  3
     Waiting for input...
     file C.pbe-rrkjus.UPF: wavefunction(s)  2S 2P renormalized

     Subspace diagonalization in iterative solution of the eigenvalue problem:
     a parallel distributed memory algorithm will be used,
     eigenstates matrixes will be distributed block like on
     ortho sub-group =    2*   2 procs


     Planes per process (thick) : nr3 = 36 npp =   9 ncplane = 1296
     Planes per process (smooth): nr3s= 28 npps=   7 ncplanes=  576
 
     Proc/  planes cols     G    planes cols    G      columns  G
     Pool       (dense grid)       (smooth grid)      (wavefct grid)
        1     9    197     3679    7     97     1283     31      239
        2     9    198     3678    7     96     1282     31      241
        3     9    197     3677    7     96     1280     32      239
        4     9    197     3677    7     96     1276     31      238
     tot     36    789    14711   28    385     5121    125      957
 


     bravais-lattice index     =            0
     lattice parameter (a_0)   =       6.7413  a.u.
     unit-cell volume          =      82.7163 (a.u.)^3
     number of atoms/cell      =            2
     number of atomic types    =            1
     number of electrons       =         8.00
     number of Kohn-Sham states=            4
     kinetic-energy cutoff     =      60.0000  Ry
     charge density cutoff     =     480.0000  Ry
     convergence threshold     =      1.0E-08
     mixing beta               =       0.7000
     number of iterations used =            8  plain     mixing
     Exchange-correlation      =  SLA  PW   PBE  PBE (1434)
     nstep                     =           50


     celldm(1)=   6.741280  celldm(2)=   0.000000  celldm(3)=   0.000000
     celldm(4)=   0.000000  celldm(5)=   0.000000  celldm(6)=   0.000000

     crystal axes: (cart. coord. in units of a_0)
               a(1) = (  0.000000  0.519615  0.500000 )  
               a(2) = (  0.519615  0.000000  0.500000 )  
               a(3) = (  0.519615  0.519615  0.000000 )  

     reciprocal axes: (cart. coord. in units 2 pi/a_0)
               b(1) = ( -0.962250  0.962250  1.000000 )  
               b(2) = (  0.962250 -0.962250  1.000000 )  
               b(3) = (  0.962250  0.962250 -1.000000 )  


     PseudoPot. # 1 for C  read from file C.pbe-rrkjus.UPF
     Pseudo is Ultrasoft, Zval =  4.0
     Generated by new atomic code, or converted to UPF format
     Using radial grid of  627 points,  4 beta functions with: 
                l(1) =   0
                l(2) =   0
                l(3) =   1
                l(4) =   1
     Q(r) pseudized with 0 coefficients 


     atomic species   valence    mass     pseudopotential
        C              4.00    12.01070     C ( 1.00)

     16 Sym.Ops. (with inversion)


   Cartesian axes

     site n.     atom                  positions (a_0 units)
         1           C   tau(  1) = (   0.0000000   0.0000000   0.0000000  )
         2           C   tau(  2) = (   0.2598076   0.2598076   0.2500000  )

     number of k points=   59
                       cart. coord. in units 2pi/a_0
        k(    1) = (   0.0000000   0.0000000   0.0000000), wk =   0.0039062
        k(    2) = (   0.1202813   0.1202813  -0.1250000), wk =   0.0312500
        k(    3) = (   0.2405626   0.2405626  -0.2500000), wk =   0.0312500
        k(    4) = (   0.3608439   0.3608439  -0.3750000), wk =   0.0312500
        k(    5) = (  -0.4811252  -0.4811252   0.5000000), wk =   0.0156250
        k(    6) = (   0.2405626   0.0000000   0.0000000), wk =   0.0156250
        k(    7) = (   0.3608439   0.1202813  -0.1250000), wk =   0.0625000
        k(    8) = (   0.4811252   0.2405626  -0.2500000), wk =   0.0625000
        k(    9) = (  -0.3608439  -0.6014065   0.6250000), wk =   0.0625000
        k(   10) = (  -0.2405626  -0.4811252   0.5000000), wk =   0.0625000
        k(   11) = (  -0.1202813  -0.3608439   0.3750000), wk =   0.0625000
        k(   12) = (   0.0000000  -0.2405626   0.2500000), wk =   0.0312500
        k(   13) = (   0.4811252   0.0000000   0.0000000), wk =   0.0156250
        k(   14) = (   0.6014065   0.1202813  -0.1250000), wk =   0.0625000
        k(   15) = (  -0.2405626  -0.7216878   0.7500000), wk =   0.0625000
        k(   16) = (  -0.1202813  -0.6014065   0.6250000), wk =   0.0625000
        k(   17) = (   0.0000000  -0.4811252   0.5000000), wk =   0.0312500
        k(   18) = (   0.7216878   0.0000000   0.0000000), wk =   0.0156250
        k(   19) = (  -0.1202813  -0.8419691   0.8750000), wk =   0.0625000
        k(   20) = (   0.0000000  -0.7216878   0.7500000), wk =   0.0312500
        k(   21) = (  -0.9622504   0.0000000   0.0000000), wk =   0.0078125
        k(   22) = (   0.0000000   0.0000000   0.2500000), wk =   0.0078125
        k(   23) = (   0.2405626   0.2405626   0.0000000), wk =   0.0156250
        k(   24) = (   0.3608439   0.3608439  -0.1250000), wk =   0.0312500
        k(   25) = (  -0.4811252  -0.4811252   0.7500000), wk =   0.0312500
        k(   26) = (  -0.3608439  -0.3608439   0.6250000), wk =   0.0312500
        k(   27) = (  -0.2405626  -0.2405626   0.5000000), wk =   0.0312500
        k(   28) = (  -0.1202813  -0.1202813   0.3750000), wk =   0.0312500
        k(   29) = (   0.4811252   0.2405626   0.0000000), wk =   0.0312500
        k(   30) = (  -0.3608439  -0.6014065   0.8750000), wk =   0.0625000
        k(   31) = (  -0.2405626  -0.4811252   0.7500000), wk =   0.0625000
        k(   32) = (  -0.1202813  -0.3608439   0.6250000), wk =   0.0625000
        k(   33) = (   0.0000000  -0.2405626   0.5000000), wk =   0.0312500
        k(   34) = (   0.4811252   0.0000000   0.2500000), wk =   0.0312500
        k(   35) = (  -0.2405626  -0.7216878   1.0000000), wk =   0.0312500
        k(   36) = (  -0.1202813  -0.6014065   0.8750000), wk =   0.0625000
        k(   37) = (   0.0000000  -0.4811252   0.7500000), wk =   0.0312500
        k(   38) = (  -0.3608439   0.8419691  -0.6250000), wk =   0.0625000
        k(   39) = (  -0.2405626   0.9622504  -0.7500000), wk =   0.0312500
        k(   40) = (  -0.9622504   0.2405626   0.0000000), wk =   0.0156250
        k(   41) = (  -0.2405626   0.7216878  -0.5000000), wk =   0.0312500
        k(   42) = (  -0.1202813   0.8419691  -0.6250000), wk =   0.0625000
        k(   43) = (  -0.9622504   0.0000000   0.2500000), wk =   0.0156250
        k(   44) = (   0.0000000   0.7216878  -0.5000000), wk =   0.0312500
        k(   45) = (   0.0000000   0.0000000   0.5000000), wk =   0.0078125
        k(   46) = (  -0.4811252  -0.4811252   1.0000000), wk =   0.0156250
        k(   47) = (  -0.3608439  -0.3608439   0.8750000), wk =   0.0312500
        k(   48) = (  -0.2405626  -0.2405626   0.7500000), wk =   0.0312500
        k(   49) = (  -0.1202813  -0.1202813   0.6250000), wk =   0.0312500
        k(   50) = (  -0.2405626  -0.4811252   1.0000000), wk =   0.0312500
        k(   51) = (  -0.1202813  -0.3608439   0.8750000), wk =   0.0625000
        k(   52) = (   0.0000000  -0.2405626   0.7500000), wk =   0.0312500
        k(   53) = (  -0.9622504   0.4811252   0.0000000), wk =   0.0156250
        k(   54) = (  -0.9622504   0.0000000   0.5000000), wk =   0.0078125
        k(   55) = (   0.0000000   0.0000000   0.7500000), wk =   0.0078125
        k(   56) = (  -0.2405626  -0.2405626   1.0000000), wk =   0.0156250
        k(   57) = (  -0.1202813  -0.1202813   0.8750000), wk =   0.0312500
        k(   58) = (  -0.9622504   0.7216878   0.0000000), wk =   0.0156250
        k(   59) = (   0.0000000   0.0000000  -1.0000000), wk =   0.0039062

     G cutoff =  552.5432  (  14711 G-vectors)     FFT grid: ( 36, 36, 36)
     G cutoff =  276.2716  (   5121 G-vectors)  smooth grid: ( 24, 24, 28)

     Largest allocated arrays     est. size (Mb)     dimensions
        Kohn-Sham Wavefunctions         0.01 Mb     (    174,   4)
        NL pseudopotentials             0.04 Mb     (    174,  16)
        Each V/rho on FFT grid          0.18 Mb     (  11664)
        Each G-vector array             0.03 Mb     (   3679)
        G-vector shells                 0.01 Mb     (    902)
     Largest temporary arrays     est. size (Mb)     dimensions
        Auxiliary wavefunctions         0.04 Mb     (    174,  16)
        Each subspace H/S matrix        0.00 Mb     (     16,  16)
        Each <psi_i|beta_j> matrix      0.00 Mb     (     16,   4)
        Arrays for rho mixing           1.42 Mb     (  11664,   8)

     Initial potential from superposition of free atoms

     starting charge    7.99989, renormalised to    8.00000
     Starting wfc are    8 atomic wfcs

     total cpu time spent up to now is      0.61 secs

     per-process dynamical memory:    54.9 Mb

     Self-consistent Calculation

     iteration #  1     ecut=    60.00 Ry     beta=0.70
     Davidson diagonalization with overlap
     ethr =  1.00E-02,  avg # of iterations =  2.0

     total cpu time spent up to now is      1.26 secs

     total energy              =     -22.75534949 Ry
     Harris-Foulkes estimate   =     -22.79704303 Ry
     estimated scf accuracy    <       0.09835474 Ry

     iteration #  2     ecut=    60.00 Ry     beta=0.70
     Davidson diagonalization with overlap
     ethr =  1.23E-03,  avg # of iterations =  1.2

     total cpu time spent up to now is      1.78 secs

     total energy              =     -22.76204965 Ry
     Harris-Foulkes estimate   =     -22.76226599 Ry
     estimated scf accuracy    <       0.00247379 Ry

     iteration #  3     ecut=    60.00 Ry     beta=0.70
     Davidson diagonalization with overlap
     ethr =  3.09E-05,  avg # of iterations =  2.1

     total cpu time spent up to now is      2.49 secs

     total energy              =     -22.76249949 Ry
     Harris-Foulkes estimate   =     -22.76248205 Ry
     estimated scf accuracy    <       0.00004852 Ry

     iteration #  4     ecut=    60.00 Ry     beta=0.70
     Davidson diagonalization with overlap
     ethr =  6.07E-07,  avg # of iterations =  2.2

     total cpu time spent up to now is      3.26 secs

     total energy              =     -22.76251392 Ry
     Harris-Foulkes estimate   =     -22.76251393 Ry
     estimated scf accuracy    <       0.00000211 Ry

     iteration #  5     ecut=    60.00 Ry     beta=0.70
     Davidson diagonalization with overlap
     ethr =  2.64E-08,  avg # of iterations =  2.1

     total cpu time spent up to now is      4.01 secs

     total energy              =     -22.76251441 Ry
     Harris-Foulkes estimate   =     -22.76251443 Ry
     estimated scf accuracy    <       0.00000010 Ry

     iteration #  6     ecut=    60.00 Ry     beta=0.70
     Davidson diagonalization with overlap
     ethr =  1.20E-09,  avg # of iterations =  2.0

     total cpu time spent up to now is      4.67 secs

     End of self-consistent calculation

          k = 0.0000 0.0000 0.0000 (   629 PWs)   bands (ev):

    -8.4438  11.7962  11.7962  12.3200

          k = 0.1203 0.1203-0.1250 (   638 PWs)   bands (ev):

    -8.0346   9.6887  11.1795  11.5861

          k = 0.2406 0.2406-0.2500 (   642 PWs)   bands (ev):

    -6.8217   5.7600  10.1153  10.6066

          k = 0.3608 0.3608-0.3750 (   641 PWs)   bands (ev):

    -4.8831   1.9150   9.3371   9.9190

          k =-0.4811-0.4811 0.5000 (   634 PWs)   bands (ev):

    -3.0953  -0.5411   9.0631   9.6811

          k = 0.2406 0.0000 0.0000 (   645 PWs)   bands (ev):

    -7.9124  10.3195  10.4658  10.6717

          k = 0.3608 0.1203-0.1250 (   642 PWs)   bands (ev):

    -6.9809   7.1933   9.4094   9.9530

          k = 0.4811 0.2406-0.2500 (   645 PWs)   bands (ev):

    -5.2864   3.4159   8.6333   9.0129

          k =-0.3608-0.6014 0.6250 (   647 PWs)   bands (ev):

    -3.1412   0.2139   7.8484   8.9121

          k =-0.2406-0.4811 0.5000 (   647 PWs)   bands (ev):

    -3.7648   1.0433   7.4974   9.4573

          k =-0.1203-0.3608 0.3750 (   641 PWs)   bands (ev):

    -5.8687   4.5837   7.7609  10.4223

          k = 0.0000-0.2406 0.2500 (   644 PWs)   bands (ev):

    -7.3434   8.1685   8.8510  11.3999

          k = 0.4811 0.0000 0.0000 (   643 PWs)   bands (ev):

    -6.3367   7.3438   8.2173   8.4087

          k = 0.6014 0.1203-0.1250 (   646 PWs)   bands (ev):

    -4.9177   4.7514   7.0180   7.6639

          k =-0.2406-0.7217 0.7500 (   645 PWs)   bands (ev):

    -2.8723   1.7965   5.4905   7.6398

          k =-0.1203-0.6014 0.6250 (   652 PWs)   bands (ev):

    -2.1258   0.9570   4.5545   8.2614

          k = 0.0000-0.4811 0.5000 (   649 PWs)   bands (ev):

    -4.1831   3.5697   4.7635   9.3527

          k = 0.7217 0.0000 0.0000 (   644 PWs)   bands (ev):

    -3.7829   3.4828   6.7949   6.8794

          k =-0.1203-0.8420 0.8750 (   651 PWs)   bands (ev):

    -1.9680   1.5572   5.3086   6.6744

          k = 0.0000-0.7217 0.7500 (   658 PWs)   bands (ev):

    -0.5584   0.6046   3.3829   7.1918

          k =-0.9623 0.0000 0.0000 (   648 PWs)   bands (ev):

    -0.4048  -0.4048   6.3266   6.3266

          k = 0.0000 0.0000 0.2500 (   641 PWs)   bands (ev):

    -7.8702  10.2067  10.2067  11.0135

          k = 0.2406 0.2406 0.0000 (   644 PWs)   bands (ev):

    -7.3851   8.1967   9.2496  11.0122

          k = 0.3608 0.3608-0.1250 (   642 PWs)   bands (ev):

    -5.9486   4.7534   8.1704   9.9598

          k =-0.4811-0.4811 0.7500 (   650 PWs)   bands (ev):

    -3.8631   1.2024   8.0155   8.9482

          k =-0.3608-0.3608 0.6250 (   649 PWs)   bands (ev):

    -3.0399   0.1256   8.3928   8.4382

          k =-0.2406-0.2406 0.5000 (   641 PWs)   bands (ev):

    -5.1681   3.2763   8.4388   9.2966

          k =-0.1203-0.1203 0.3750 (   642 PWs)   bands (ev):

    -6.8978   7.0996   9.0977  10.3058

          k = 0.4811 0.2406 0.0000 (   646 PWs)   bands (ev):

    -5.8251   5.8284   7.1518   9.0341

          k =-0.3608-0.6014 0.8750 (   650 PWs)   bands (ev):

    -3.9545   2.8040   6.3272   7.9651

          k =-0.2406-0.4811 0.7500 (   653 PWs)   bands (ev):

    -2.1242   0.3916   6.0646   7.6722

          k =-0.1203-0.3608 0.6250 (   648 PWs)   bands (ev):

    -3.7364   2.5381   5.9415   8.4269

          k = 0.0000-0.2406 0.5000 (   646 PWs)   bands (ev):

    -5.6639   5.7116   6.6606   9.5107

          k = 0.4811 0.0000 0.2500 (   642 PWs)   bands (ev):

    -5.7856   5.6999   6.8430   9.3145

          k =-0.2406-0.7217 1.0000 (   650 PWs)   bands (ev):

    -3.3161   3.2476   5.7532   6.4760

          k =-0.1203-0.6014 0.8750 (   656 PWs)   bands (ev):

    -1.2759   1.3427   4.1463   6.3119

          k = 0.0000-0.4811 0.7500 (   655 PWs)   bands (ev):

    -1.7767   1.8967   3.5834   7.1987

          k =-0.3608 0.8420-0.6250 (   655 PWs)   bands (ev):

    -3.8862   2.6172   5.9559   8.2411

          k =-0.2406 0.9623-0.7500 (   652 PWs)   bands (ev):

    -3.2841   3.1547   5.5279   6.5589

          k =-0.9623 0.2406 0.0000 (   656 PWs)   bands (ev):

    -0.0828  -0.0828   5.4125   5.4125

          k =-0.2406 0.7217-0.5000 (   658 PWs)   bands (ev):

    -2.1587   0.3401   5.8247   7.7394

          k =-0.1203 0.8420-0.6250 (   653 PWs)   bands (ev):

    -1.2625   1.2338   4.0873   6.1575

          k =-0.9623 0.0000 0.2500 (   658 PWs)   bands (ev):

    -0.0797  -0.0797   5.2947   5.2947

          k = 0.0000 0.7217-0.5000 (   650 PWs)   bands (ev):

    -1.9345   1.8970   3.6862   6.9246

          k = 0.0000 0.0000 0.5000 (   656 PWs)   bands (ev):

    -6.1721   7.9143   7.9143   7.9819

          k =-0.4811-0.4811 1.0000 (   650 PWs)   bands (ev):

    -4.3289   3.8768   5.2170   8.8390

          k =-0.3608-0.3608 0.8750 (   660 PWs)   bands (ev):

    -2.2398   1.2287   5.0643   7.7331

          k =-0.2406-0.2406 0.7500 (   652 PWs)   bands (ev):

    -2.6030   1.6662   5.9949   7.1309

          k =-0.1203-0.1203 0.6250 (   652 PWs)   bands (ev):

    -4.6797   4.8000   7.1928   7.2747

          k =-0.2406-0.4811 1.0000 (   656 PWs)   bands (ev):

    -2.0198   2.2351   4.0382   6.6460

          k =-0.1203-0.3608 0.8750 (   656 PWs)   bands (ev):

    -1.0068   1.3531   4.2590   5.9405

          k = 0.0000-0.2406 0.7500 (   647 PWs)   bands (ev):

    -2.9837   3.4346   5.2137   6.5288

          k =-0.9623 0.4811 0.0000 (   660 PWs)   bands (ev):

     0.4873   0.4873   4.3530   4.3530

          k =-0.9623 0.0000 0.5000 (   656 PWs)   bands (ev):

     0.3467   0.3467   4.2952   4.2952

          k = 0.0000 0.0000 0.7500 (   644 PWs)   bands (ev):

    -3.4339   4.1546   6.3427   6.3427

          k =-0.2406-0.2406 1.0000 (   662 PWs)   bands (ev):

    -0.4515   1.0923   3.4655   6.6562

          k =-0.1203-0.1203 0.8750 (   652 PWs)   bands (ev):

    -1.5418   2.0605   4.9914   6.1506

          k =-0.9623 0.7217 0.0000 (   654 PWs)   bands (ev):

     0.3723   0.3723   4.9665   4.9665

          k = 0.0000 0.0000-1.0000 (   660 PWs)   bands (ev):

     0.1446   0.1446   5.7966   5.7966

!    total energy              =     -22.76251443 Ry
     Harris-Foulkes estimate   =     -22.76251443 Ry
     estimated scf accuracy    <          1.0E-10 Ry

     The total energy is the sum of the following terms:

     one-electron contribution =       7.15493797 Ry
     hartree contribution      =       2.00795337 Ry
     xc contribution           =      -6.99695547 Ry
     ewald contribution        =     -24.92845029 Ry

     convergence has been achieved in   6 iterations

     Forces acting on atoms (Ry/au):

     atom   1 type  1   force =     0.00000000    0.00000000    0.00000000
     atom   2 type  1   force =     0.00000000    0.00000000    0.00000000

     Total force =     0.000000     Total SCF correction =     0.000000


     entering subroutine stress ...

          total   stress  (Ry/bohr**3)                   (kbar)     P= -287.52
  -0.00267063   0.00000000   0.00000000       -392.86      0.00      0.00
   0.00000000  -0.00267063   0.00000000          0.00   -392.86      0.00
   0.00000000   0.00000000  -0.00052235          0.00      0.00    -76.84


     BFGS Geometry Optimization

     bfgs converged in   1 scf cycles and   0 bfgs steps
     (criteria: energy < 0.10E-08, force < 0.10E-05)

     End of BFGS Geometry Optimization

     Final energy   =     -22.7625144256 Ry

ATOMIC_POSITIONS (crystal)
C        0.000000000   0.000000000   0.000000000
C        0.250000000   0.250000000   0.250000000



     Writing output data file pwscf.save
 
     PWSCF        :     5.19s CPU time,    6.21s wall time

     init_run     :     0.53s CPU
     electrons    :     4.06s CPU
     forces       :     0.07s CPU
     stress       :     0.23s CPU

     Called by init_run:
     wfcinit      :     0.29s CPU
     potinit      :     0.05s CPU

     Called by electrons:
     c_bands      :     3.35s CPU (       6 calls,   0.559 s avg)
     sum_band     :     0.43s CPU (       6 calls,   0.072 s avg)
     v_of_rho     :     0.14s CPU (       7 calls,   0.020 s avg)
     newd         :     0.05s CPU (       7 calls,   0.007 s avg)
     mix_rho      :     0.01s CPU (       6 calls,   0.002 s avg)

     Called by c_bands:
     init_us_2    :     0.10s CPU (     885 calls,   0.000 s avg)
     cegterg      :     3.16s CPU (     354 calls,   0.009 s avg)

     Called by *egterg:
     h_psi        :     1.29s CPU (    1097 calls,   0.001 s avg)
     s_psi        :     0.03s CPU (    1097 calls,   0.000 s avg)
     g_psi        :     0.01s CPU (     684 calls,   0.000 s avg)
     cdiaghg      :     1.43s CPU (    1038 calls,   0.001 s avg)

     Called by h_psi:
     add_vuspsi   :     0.05s CPU (    1097 calls,   0.000 s avg)

     General routines
     calbec       :     0.04s CPU (    1569 calls,   0.000 s avg)
     cft3s        :     1.33s CPU (   10137 calls,   0.000 s avg)
     interpolate  :     0.00s CPU (      13 calls,   0.000 s avg)
     davcio       :     0.32s CPU (    1239 calls,   0.000 s avg)
 
     Parallel routines
     fft_scatter  :     0.37s CPU (   10137 calls,   0.000 s avg)
