
     Program PWSCF     v.4.1.1  starts ...
     Today is 25Nov2010 at 15:48: 1 

     Parallel version (MPI)

     Number of processors in use:       4
     R & G space division:  proc/pool =    4

     For Norm-Conserving or Ultrasoft (Vanderbilt) Pseudopotentials or PAW

     Current dimensions of program pwscf are:
     Max number of different atomic species (ntypx) = 10
     Max number of k-points (npk) =  40000
     Max angular momentum in pseudopotentials (lmaxx) =  3
     Waiting for input...
     file C.pbe-rrkjus.UPF: wavefunction(s)  2S 2P renormalized

     Subspace diagonalization in iterative solution of the eigenvalue problem:
     a parallel distributed memory algorithm will be used,
     eigenstates matrixes will be distributed block like on
     ortho sub-group =    2*   2 procs


     Planes per process (thick) : nr3 = 36 npp =   9 ncplane = 1296
     Planes per process (smooth): nr3s= 24 npps=   6 ncplanes=  576
 
     Proc/  planes cols     G    planes cols    G      columns  G
     Pool       (dense grid)       (smooth grid)      (wavefct grid)
        1     9    187     3355    6     91     1176     30      227
        2     9    186     3352    6     92     1173     30      227
        3     9    186     3352    6     92     1174     31      229
        4     9    186     3352    6     92     1178     30      226
     tot     36    745    13411   24    367     4701    121      909
 


     bravais-lattice index     =            0
     lattice parameter (a_0)   =       6.7413  a.u.
     unit-cell volume          =      75.0573 (a.u.)^3
     number of atoms/cell      =            2
     number of atomic types    =            1
     number of electrons       =         8.00
     number of Kohn-Sham states=            4
     kinetic-energy cutoff     =      60.0000  Ry
     charge density cutoff     =     480.0000  Ry
     convergence threshold     =      1.0E-08
     mixing beta               =       0.7000
     number of iterations used =            8  plain     mixing
     Exchange-correlation      =  SLA  PW   PBE  PBE (1434)
     nstep                     =           50


     celldm(1)=   6.741280  celldm(2)=   0.000000  celldm(3)=   0.000000
     celldm(4)=   0.000000  celldm(5)=   0.000000  celldm(6)=   0.000000

     crystal axes: (cart. coord. in units of a_0)
               a(1) = (  0.000000  0.494975  0.500000 )  
               a(2) = (  0.494975  0.000000  0.500000 )  
               a(3) = (  0.494975  0.494975  0.000000 )  

     reciprocal axes: (cart. coord. in units 2 pi/a_0)
               b(1) = ( -1.010153  1.010153  1.000000 )  
               b(2) = (  1.010153 -1.010153  1.000000 )  
               b(3) = (  1.010153  1.010153 -1.000000 )  


     PseudoPot. # 1 for C  read from file C.pbe-rrkjus.UPF
     Pseudo is Ultrasoft, Zval =  4.0
     Generated by new atomic code, or converted to UPF format
     Using radial grid of  627 points,  4 beta functions with: 
                l(1) =   0
                l(2) =   0
                l(3) =   1
                l(4) =   1
     Q(r) pseudized with 0 coefficients 


     atomic species   valence    mass     pseudopotential
        C              4.00    12.01070     C ( 1.00)

     16 Sym.Ops. (with inversion)


   Cartesian axes

     site n.     atom                  positions (a_0 units)
         1           C   tau(  1) = (   0.0000000   0.0000000   0.0000000  )
         2           C   tau(  2) = (   0.2474874   0.2474874   0.2500000  )

     number of k points=   59
                       cart. coord. in units 2pi/a_0
        k(    1) = (   0.0000000   0.0000000   0.0000000), wk =   0.0039062
        k(    2) = (   0.1262691   0.1262691  -0.1250000), wk =   0.0312500
        k(    3) = (   0.2525381   0.2525381  -0.2500000), wk =   0.0312500
        k(    4) = (   0.3788072   0.3788072  -0.3750000), wk =   0.0312500
        k(    5) = (  -0.5050763  -0.5050763   0.5000000), wk =   0.0156250
        k(    6) = (   0.2525381   0.0000000   0.0000000), wk =   0.0156250
        k(    7) = (   0.3788072   0.1262691  -0.1250000), wk =   0.0625000
        k(    8) = (   0.5050763   0.2525381  -0.2500000), wk =   0.0625000
        k(    9) = (  -0.3788072  -0.6313453   0.6250000), wk =   0.0625000
        k(   10) = (  -0.2525381  -0.5050763   0.5000000), wk =   0.0625000
        k(   11) = (  -0.1262691  -0.3788072   0.3750000), wk =   0.0625000
        k(   12) = (   0.0000000  -0.2525381   0.2500000), wk =   0.0312500
        k(   13) = (   0.5050763   0.0000000   0.0000000), wk =   0.0156250
        k(   14) = (   0.6313453   0.1262691  -0.1250000), wk =   0.0625000
        k(   15) = (  -0.2525381  -0.7576144   0.7500000), wk =   0.0625000
        k(   16) = (  -0.1262691  -0.6313453   0.6250000), wk =   0.0625000
        k(   17) = (   0.0000000  -0.5050763   0.5000000), wk =   0.0312500
        k(   18) = (   0.7576144   0.0000000   0.0000000), wk =   0.0156250
        k(   19) = (  -0.1262691  -0.8838835   0.8750000), wk =   0.0625000
        k(   20) = (   0.0000000  -0.7576144   0.7500000), wk =   0.0312500
        k(   21) = (  -1.0101525   0.0000000   0.0000000), wk =   0.0078125
        k(   22) = (   0.0000000   0.0000000   0.2500000), wk =   0.0078125
        k(   23) = (   0.2525381   0.2525381   0.0000000), wk =   0.0156250
        k(   24) = (   0.3788072   0.3788072  -0.1250000), wk =   0.0312500
        k(   25) = (  -0.5050763  -0.5050763   0.7500000), wk =   0.0312500
        k(   26) = (  -0.3788072  -0.3788072   0.6250000), wk =   0.0312500
        k(   27) = (  -0.2525381  -0.2525381   0.5000000), wk =   0.0312500
        k(   28) = (  -0.1262691  -0.1262691   0.3750000), wk =   0.0312500
        k(   29) = (   0.5050763   0.2525381   0.0000000), wk =   0.0312500
        k(   30) = (  -0.3788072  -0.6313453   0.8750000), wk =   0.0625000
        k(   31) = (  -0.2525381  -0.5050763   0.7500000), wk =   0.0625000
        k(   32) = (  -0.1262691  -0.3788072   0.6250000), wk =   0.0625000
        k(   33) = (   0.0000000  -0.2525381   0.5000000), wk =   0.0312500
        k(   34) = (   0.5050763   0.0000000   0.2500000), wk =   0.0312500
        k(   35) = (  -0.2525381  -0.7576144   1.0000000), wk =   0.0312500
        k(   36) = (  -0.1262691  -0.6313453   0.8750000), wk =   0.0625000
        k(   37) = (   0.0000000  -0.5050763   0.7500000), wk =   0.0312500
        k(   38) = (  -0.3788072   0.8838835  -0.6250000), wk =   0.0625000
        k(   39) = (  -0.2525381   1.0101525  -0.7500000), wk =   0.0312500
        k(   40) = (  -1.0101525   0.2525381   0.0000000), wk =   0.0156250
        k(   41) = (  -0.2525381   0.7576144  -0.5000000), wk =   0.0312500
        k(   42) = (  -0.1262691   0.8838835  -0.6250000), wk =   0.0625000
        k(   43) = (  -1.0101525   0.0000000   0.2500000), wk =   0.0156250
        k(   44) = (   0.0000000   0.7576144  -0.5000000), wk =   0.0312500
        k(   45) = (   0.0000000   0.0000000   0.5000000), wk =   0.0078125
        k(   46) = (  -0.5050763  -0.5050763   1.0000000), wk =   0.0156250
        k(   47) = (  -0.3788072  -0.3788072   0.8750000), wk =   0.0312500
        k(   48) = (  -0.2525381  -0.2525381   0.7500000), wk =   0.0312500
        k(   49) = (  -0.1262691  -0.1262691   0.6250000), wk =   0.0312500
        k(   50) = (  -0.2525381  -0.5050763   1.0000000), wk =   0.0312500
        k(   51) = (  -0.1262691  -0.3788072   0.8750000), wk =   0.0625000
        k(   52) = (   0.0000000  -0.2525381   0.7500000), wk =   0.0312500
        k(   53) = (  -1.0101525   0.5050763   0.0000000), wk =   0.0156250
        k(   54) = (  -1.0101525   0.0000000   0.5000000), wk =   0.0078125
        k(   55) = (   0.0000000   0.0000000   0.7500000), wk =   0.0078125
        k(   56) = (  -0.2525381  -0.2525381   1.0000000), wk =   0.0156250
        k(   57) = (  -0.1262691  -0.1262691   0.8750000), wk =   0.0312500
        k(   58) = (  -1.0101525   0.7576144   0.0000000), wk =   0.0156250
        k(   59) = (   0.0000000   0.0000000  -1.0000000), wk =   0.0039062

     G cutoff =  552.5432  (  13411 G-vectors)     FFT grid: ( 36, 36, 36)
     G cutoff =  276.2716  (   4701 G-vectors)  smooth grid: ( 24, 24, 24)

     Largest allocated arrays     est. size (Mb)     dimensions
        Kohn-Sham Wavefunctions         0.01 Mb     (    157,   4)
        NL pseudopotentials             0.04 Mb     (    157,  16)
        Each V/rho on FFT grid          0.18 Mb     (  11664)
        Each G-vector array             0.03 Mb     (   3355)
        G-vector shells                 0.01 Mb     (    842)
     Largest temporary arrays     est. size (Mb)     dimensions
        Auxiliary wavefunctions         0.04 Mb     (    157,  16)
        Each subspace H/S matrix        0.00 Mb     (     16,  16)
        Each <psi_i|beta_j> matrix      0.00 Mb     (     16,   4)
        Arrays for rho mixing           1.42 Mb     (  11664,   8)

     Initial potential from superposition of free atoms

     starting charge    7.99989, renormalised to    8.00000
     Starting wfc are    8 atomic wfcs

     total cpu time spent up to now is      0.61 secs

     per-process dynamical memory:    54.9 Mb

     Self-consistent Calculation

     iteration #  1     ecut=    60.00 Ry     beta=0.70
     Davidson diagonalization with overlap
     ethr =  1.00E-02,  avg # of iterations =  2.0

     total cpu time spent up to now is      1.26 secs

     total energy              =     -22.76191994 Ry
     Harris-Foulkes estimate   =     -22.81788635 Ry
     estimated scf accuracy    <       0.12366029 Ry

     iteration #  2     ecut=    60.00 Ry     beta=0.70
     Davidson diagonalization with overlap
     ethr =  1.55E-03,  avg # of iterations =  1.0

     total cpu time spent up to now is      1.73 secs

     total energy              =     -22.76991060 Ry
     Harris-Foulkes estimate   =     -22.77033066 Ry
     estimated scf accuracy    <       0.00280817 Ry

     iteration #  3     ecut=    60.00 Ry     beta=0.70
     Davidson diagonalization with overlap
     ethr =  3.51E-05,  avg # of iterations =  2.1

     total cpu time spent up to now is      2.45 secs

     total energy              =     -22.77054334 Ry
     Harris-Foulkes estimate   =     -22.77052759 Ry
     estimated scf accuracy    <       0.00004275 Ry

     iteration #  4     ecut=    60.00 Ry     beta=0.70
     Davidson diagonalization with overlap
     ethr =  5.34E-07,  avg # of iterations =  2.0

     total cpu time spent up to now is      3.17 secs

     total energy              =     -22.77055843 Ry
     Harris-Foulkes estimate   =     -22.77055851 Ry
     estimated scf accuracy    <       0.00000352 Ry

     iteration #  5     ecut=    60.00 Ry     beta=0.70
     Davidson diagonalization with overlap
     ethr =  4.40E-08,  avg # of iterations =  2.1

     total cpu time spent up to now is      3.88 secs

     total energy              =     -22.77055909 Ry
     Harris-Foulkes estimate   =     -22.77055913 Ry
     estimated scf accuracy    <       0.00000014 Ry

     iteration #  6     ecut=    60.00 Ry     beta=0.70
     Davidson diagonalization with overlap
     ethr =  1.75E-09,  avg # of iterations =  1.9

     total cpu time spent up to now is      4.52 secs

     End of self-consistent calculation

          k = 0.0000 0.0000 0.0000 (   593 PWs)   bands (ev):

    -8.0096  13.5711  13.7266  13.7266

          k = 0.1263 0.1263-0.1250 (   576 PWs)   bands (ev):

    -7.5723  11.2341  12.9549  13.0686

          k = 0.2525 0.2525-0.2500 (   583 PWs)   bands (ev):

    -6.2731   7.0163  11.8277  11.9730

          k = 0.3788 0.3788-0.3750 (   596 PWs)   bands (ev):

    -4.1769   2.8847  11.0200  11.1937

          k =-0.5051-0.5051 0.5000 (   586 PWs)   bands (ev):

    -2.1235   0.1185  10.7383  10.9232

          k = 0.2525 0.0000 0.0000 (   576 PWs)   bands (ev):

    -7.4228  11.8391  11.9407  12.4144

          k = 0.3788 0.1263-0.1250 (   583 PWs)   bands (ev):

    -6.4074   8.5271  10.7141  11.6755

          k = 0.5051 0.2525-0.2500 (   591 PWs)   bands (ev):

    -4.5674   4.4524  10.0452  10.5060

          k =-0.3788-0.6313 0.6250 (   591 PWs)   bands (ev):

    -2.1855   0.9562   9.5256  10.0535

          k =-0.2525-0.5051 0.5000 (   589 PWs)   bands (ev):

    -2.9980   2.0100   9.0843  10.6731

          k =-0.1263-0.3788 0.3750 (   589 PWs)   bands (ev):

    -5.2858   5.8498   9.2905  11.7625

          k = 0.0000-0.2525 0.2500 (   577 PWs)   bands (ev):

    -6.8516   9.6607  10.4096  12.8701

          k = 0.5051 0.0000 0.0000 (   580 PWs)   bands (ev):

    -5.6816   9.2263   9.4179   9.4717

          k = 0.6313 0.1263-0.1250 (   594 PWs)   bands (ev):

    -4.1244   6.1061   8.4182   8.7010

          k =-0.2525-0.7576 0.7500 (   591 PWs)   bands (ev):

    -1.8762   2.7675   6.9068   8.6694

          k =-0.1263-0.6313 0.6250 (   586 PWs)   bands (ev):

    -1.1958   1.9842   5.8872   9.3509

          k = 0.0000-0.5051 0.5000 (   591 PWs)   bands (ev):

    -3.4967   4.9400   5.9993  10.5627

          k = 0.7576 0.0000 0.0000 (   596 PWs)   bands (ev):

    -2.8587   5.1182   7.7820   7.8054

          k =-0.1263-0.8839 0.8750 (   594 PWs)   bands (ev):

    -0.8601   2.9936   6.1790   7.6058

          k = 0.0000-0.7576 0.7500 (   590 PWs)   bands (ev):

     0.6422   1.9029   4.2012   8.1710

          k =-1.0102 0.0000 0.0000 (   588 PWs)   bands (ev):

     0.8693   0.8693   7.2228   7.2228

          k = 0.0000 0.0000 0.2500 (   573 PWs)   bands (ev):

    -7.4346  11.9743  11.9743  12.2487

          k = 0.2525 0.2525 0.0000 (   580 PWs)   bands (ev):

    -6.8398   9.6575  10.2957  12.9816

          k = 0.3788 0.3788-0.1250 (   591 PWs)   bands (ev):

    -5.2630   5.8001   9.1781  11.8977

          k =-0.5051-0.5051 0.7500 (   591 PWs)   bands (ev):

    -2.9687   1.9632   8.9413  10.8174

          k =-0.3788-0.3788 0.6250 (   588 PWs)   bands (ev):

    -2.2176   0.9852   9.3692  10.1878

          k =-0.2525-0.2525 0.5000 (   590 PWs)   bands (ev):

    -4.6011   4.4940  10.1767  10.3415

          k =-0.1263-0.1263 0.3750 (   582 PWs)   bands (ev):

    -6.4308   8.5568  10.8184  11.5488

          k = 0.5051 0.2525 0.0000 (   590 PWs)   bands (ev):

    -5.1143   7.0965   8.0144  10.8266

          k =-0.3788-0.6313 0.8750 (   588 PWs)   bands (ev):

    -3.0499   3.6871   7.2479   9.6075

          k =-0.2525-0.5051 0.7500 (   588 PWs)   bands (ev):

    -1.1084   1.1504   7.2609   8.9265

          k =-0.1263-0.3788 0.6250 (   585 PWs)   bands (ev):

    -3.1132   3.7674   7.3565   9.4677

          k = 0.0000-0.2525 0.5000 (   590 PWs)   bands (ev):

    -5.1600   7.1305   8.1542  10.6804

          k = 0.5051 0.0000 0.2500 (   591 PWs)   bands (ev):

    -5.1256   7.1318   8.1016  10.7462

          k =-0.2525-0.7576 1.0000 (   592 PWs)   bands (ev):

    -2.3387   4.6279   6.5011   7.6501

          k =-0.1263-0.6313 0.8750 (   593 PWs)   bands (ev):

    -0.1067   2.4044   5.1493   7.1698

          k = 0.0000-0.5051 0.7500 (   584 PWs)   bands (ev):

    -0.9832   3.2332   4.7230   8.0308

          k =-0.3788 0.8839-0.6250 (   589 PWs)   bands (ev):

    -3.0700   3.7416   7.3593   9.5203

          k =-0.2525 1.0102-0.7500 (   589 PWs)   bands (ev):

    -2.3482   4.6606   6.5650   7.6204

          k =-1.0102 0.2525 0.0000 (   590 PWs)   bands (ev):

     1.2113   1.2113   6.1850   6.1850

          k =-0.2525 0.7576-0.5000 (   586 PWs)   bands (ev):

    -1.0955   1.1610   7.3568   8.8811

          k =-0.1263 0.8839-0.6250 (   591 PWs)   bands (ev):

    -0.1107   2.4402   5.1664   7.2089

          k =-1.0102 0.0000 0.2500 (   590 PWs)   bands (ev):

     1.2104   1.2104   6.2186   6.2186

          k = 0.0000 0.7576-0.5000 (   584 PWs)   bands (ev):

    -0.9357   3.2330   4.6909   8.1110

          k = 0.0000 0.0000 0.5000 (   584 PWs)   bands (ev):

    -5.7280   9.0317   9.5596   9.5596

          k =-0.5051-0.5051 1.0000 (   592 PWs)   bands (ev):

    -3.4543   4.8515   5.8699  10.7164

          k =-0.3788-0.3788 0.8750 (   587 PWs)   bands (ev):

    -1.1598   1.9052   5.7382   9.5062

          k =-0.2525-0.2525 0.7500 (   590 PWs)   bands (ev):

    -1.9558   2.8130   6.7536   8.8154

          k =-0.1263-0.1263 0.6250 (   595 PWs)   bands (ev):

    -4.1920   6.0968   8.3371   8.8298

          k =-0.2525-0.5051 1.0000 (   584 PWs)   bands (ev):

    -0.9091   3.1320   4.5887   8.1958

          k =-0.1263-0.3788 0.8750 (   595 PWs)   bands (ev):

    -0.1917   2.4142   5.1032   7.2838

          k = 0.0000-0.2525 0.7500 (   592 PWs)   bands (ev):

    -2.4345   4.5694   6.6558   7.6346

          k =-1.0102 0.5051 0.0000 (   604 PWs)   bands (ev):

     1.6234   1.6234   5.2030   5.2030

          k =-1.0102 0.0000 0.5000 (   604 PWs)   bands (ev):

     1.6718   1.6718   5.2114   5.2114

          k = 0.0000 0.0000 0.7500 (   588 PWs)   bands (ev):

    -2.9581   4.9180   7.9350   7.9350

          k =-0.2525-0.2525 1.0000 (   592 PWs)   bands (ev):

     0.6062   1.7615   4.1826   8.3265

          k =-0.1263-0.1263 0.8750 (   597 PWs)   bands (ev):

    -0.9836   2.8407   6.2758   7.7558

          k =-1.0102 0.7576 0.0000 (   594 PWs)   bands (ev):

     1.0749   1.0749   6.3174   6.3174

          k = 0.0000 0.0000-1.0000 (   588 PWs)   bands (ev):

     0.7100   0.7100   7.3739   7.3739

!    total energy              =     -22.77055910 Ry
     Harris-Foulkes estimate   =     -22.77055910 Ry
     estimated scf accuracy    <          6.3E-10 Ry

     The total energy is the sum of the following terms:

     one-electron contribution =       8.21511398 Ry
     hartree contribution      =       1.91146112 Ry
     xc contribution           =      -7.15350810 Ry
     ewald contribution        =     -25.74362610 Ry

     convergence has been achieved in   6 iterations

     Forces acting on atoms (Ry/au):

     atom   1 type  1   force =     0.00000000    0.00000000    0.00000000
     atom   2 type  1   force =     0.00000000    0.00000000    0.00000000

     Total force =     0.000000     Total SCF correction =     0.000000


     entering subroutine stress ...

          total   stress  (Ry/bohr**3)                   (kbar)     P=   90.61
   0.00083608   0.00000000   0.00000000        122.99      0.00      0.00
   0.00000000   0.00083608   0.00000000          0.00    122.99      0.00
   0.00000000   0.00000000   0.00017572          0.00      0.00     25.85


     BFGS Geometry Optimization

     bfgs converged in   1 scf cycles and   0 bfgs steps
     (criteria: energy < 0.10E-08, force < 0.10E-05)

     End of BFGS Geometry Optimization

     Final energy   =     -22.7705591040 Ry

ATOMIC_POSITIONS (crystal)
C        0.000000000   0.000000000   0.000000000
C        0.250000000   0.250000000   0.250000000



     Writing output data file pwscf.save
 
     PWSCF        :     5.03s CPU time,    6.01s wall time

     init_run     :     0.51s CPU
     electrons    :     3.92s CPU
     forces       :     0.07s CPU
     stress       :     0.21s CPU

     Called by init_run:
     wfcinit      :     0.28s CPU
     potinit      :     0.06s CPU

     Called by electrons:
     c_bands      :     3.24s CPU (       6 calls,   0.541 s avg)
     sum_band     :     0.40s CPU (       6 calls,   0.067 s avg)
     v_of_rho     :     0.14s CPU (       7 calls,   0.020 s avg)
     newd         :     0.05s CPU (       7 calls,   0.007 s avg)
     mix_rho      :     0.00s CPU (       6 calls,   0.000 s avg)

     Called by c_bands:
     init_us_2    :     0.11s CPU (     885 calls,   0.000 s avg)
     cegterg      :     3.12s CPU (     354 calls,   0.009 s avg)

     Called by *egterg:
     h_psi        :     1.21s CPU (    1067 calls,   0.001 s avg)
     s_psi        :     0.03s CPU (    1067 calls,   0.000 s avg)
     g_psi        :     0.01s CPU (     654 calls,   0.000 s avg)
     cdiaghg      :     1.67s CPU (    1008 calls,   0.002 s avg)

     Called by h_psi:
     add_vuspsi   :     0.01s CPU (    1067 calls,   0.000 s avg)

     General routines
     calbec       :     0.10s CPU (    1539 calls,   0.000 s avg)
     cft3s        :     1.25s CPU (   10109 calls,   0.000 s avg)
     interpolate  :     0.00s CPU (      13 calls,   0.000 s avg)
     davcio       :     0.22s CPU (    1239 calls,   0.000 s avg)
 
     Parallel routines
     fft_scatter  :     0.42s CPU (   10109 calls,   0.000 s avg)
