
     Program PWSCF     v.4.1.1  starts ...
     Today is 25Nov2010 at 15:43:47 

     Parallel version (MPI)

     Number of processors in use:       4
     R & G space division:  proc/pool =    4

     For Norm-Conserving or Ultrasoft (Vanderbilt) Pseudopotentials or PAW

     Current dimensions of program pwscf are:
     Max number of different atomic species (ntypx) = 10
     Max number of k-points (npk) =  40000
     Max angular momentum in pseudopotentials (lmaxx) =  3
     Waiting for input...
     file C.pbe-rrkjus.UPF: wavefunction(s)  2S 2P renormalized

     Subspace diagonalization in iterative solution of the eigenvalue problem:
     a parallel distributed memory algorithm will be used,
     eigenstates matrixes will be distributed block like on
     ortho sub-group =    2*   2 procs


     Planes per process (thick) : nr3 = 36 npp =   9 ncplane = 1296
     Planes per process (smooth): nr3s= 24 npps=   6 ncplanes=  576
 
     Proc/  planes cols     G    planes cols    G      columns  G
     Pool       (dense grid)       (smooth grid)      (wavefct grid)
        1     9    193     3517    6     95     1239     30      235
        2     9    192     3517    6     95     1242     31      238
        3     9    191     3517    6     94     1235     30      234
        4     9    193     3516    6     95     1241     30      234
     tot     36    769    14067   24    379     4957    121      941
 


     bravais-lattice index     =            0
     lattice parameter (a_0)   =       6.7413  a.u.
     unit-cell volume          =      78.8982 (a.u.)^3
     number of atoms/cell      =            2
     number of atomic types    =            1
     number of electrons       =         8.00
     number of Kohn-Sham states=            4
     kinetic-energy cutoff     =      60.0000  Ry
     charge density cutoff     =     480.0000  Ry
     convergence threshold     =      1.0E-08
     mixing beta               =       0.7000
     number of iterations used =            8  plain     mixing
     Exchange-correlation      =  SLA  PW   PBE  PBE (1434)
     nstep                     =           50


     celldm(1)=   6.741280  celldm(2)=   0.000000  celldm(3)=   0.000000
     celldm(4)=   0.000000  celldm(5)=   0.000000  celldm(6)=   0.000000

     crystal axes: (cart. coord. in units of a_0)
               a(1) = (  0.000000  0.504975  0.504975 )  
               a(2) = (  0.504975  0.000000  0.504975 )  
               a(3) = (  0.504975  0.504975  0.000000 )  

     reciprocal axes: (cart. coord. in units 2 pi/a_0)
               b(1) = ( -0.990148  0.990148  0.990148 )  
               b(2) = (  0.990148 -0.990148  0.990148 )  
               b(3) = (  0.990148  0.990148 -0.990148 )  


     PseudoPot. # 1 for C  read from file C.pbe-rrkjus.UPF
     Pseudo is Ultrasoft, Zval =  4.0
     Generated by new atomic code, or converted to UPF format
     Using radial grid of  627 points,  4 beta functions with: 
                l(1) =   0
                l(2) =   0
                l(3) =   1
                l(4) =   1
     Q(r) pseudized with 0 coefficients 


     atomic species   valence    mass     pseudopotential
        C              4.00    12.01070     C ( 1.00)

     48 Sym.Ops. (with inversion)


   Cartesian axes

     site n.     atom                  positions (a_0 units)
         1           C   tau(  1) = (   0.0000000   0.0000000   0.0000000  )
         2           C   tau(  2) = (   0.2524876   0.2524876   0.2524876  )

     number of k points=   29
                       cart. coord. in units 2pi/a_0
        k(    1) = (   0.0000000   0.0000000   0.0000000), wk =   0.0039062
        k(    2) = (   0.1237684   0.1237684  -0.1237684), wk =   0.0312500
        k(    3) = (   0.2475369   0.2475369  -0.2475369), wk =   0.0312500
        k(    4) = (   0.3713053   0.3713053  -0.3713053), wk =   0.0312500
        k(    5) = (  -0.4950738  -0.4950738   0.4950738), wk =   0.0156250
        k(    6) = (   0.2475369   0.0000000   0.0000000), wk =   0.0234375
        k(    7) = (   0.3713053   0.1237684  -0.1237684), wk =   0.0937500
        k(    8) = (   0.4950738   0.2475369  -0.2475369), wk =   0.0937500
        k(    9) = (  -0.3713053  -0.6188422   0.6188422), wk =   0.0937500
        k(   10) = (  -0.2475369  -0.4950738   0.4950738), wk =   0.0937500
        k(   11) = (  -0.1237684  -0.3713053   0.3713053), wk =   0.0937500
        k(   12) = (   0.0000000  -0.2475369   0.2475369), wk =   0.0468750
        k(   13) = (   0.4950738   0.0000000   0.0000000), wk =   0.0234375
        k(   14) = (   0.6188422   0.1237684  -0.1237684), wk =   0.0937500
        k(   15) = (  -0.2475369  -0.7426107   0.7426107), wk =   0.0937500
        k(   16) = (  -0.1237684  -0.6188422   0.6188422), wk =   0.0937500
        k(   17) = (   0.0000000  -0.4950738   0.4950738), wk =   0.0468750
        k(   18) = (   0.7426107   0.0000000   0.0000000), wk =   0.0234375
        k(   19) = (  -0.1237684  -0.8663791   0.8663791), wk =   0.0937500
        k(   20) = (   0.0000000  -0.7426107   0.7426107), wk =   0.0468750
        k(   21) = (  -0.9901475   0.0000000   0.0000000), wk =   0.0117188
        k(   22) = (   0.4950738   0.2475369   0.0000000), wk =   0.0937500
        k(   23) = (  -0.3713053  -0.6188422   0.8663791), wk =   0.1875000
        k(   24) = (  -0.2475369  -0.4950738   0.7426107), wk =   0.0937500
        k(   25) = (  -0.2475369  -0.7426107   0.9901475), wk =   0.0937500
        k(   26) = (  -0.1237684  -0.6188422   0.8663791), wk =   0.1875000
        k(   27) = (   0.0000000  -0.4950738   0.7426107), wk =   0.0937500
        k(   28) = (  -0.9901475   0.2475369   0.0000000), wk =   0.0468750
        k(   29) = (  -0.9901475   0.4950738   0.0000000), wk =   0.0234375

     G cutoff =  552.5432  (  14067 G-vectors)     FFT grid: ( 36, 36, 36)
     G cutoff =  276.2716  (   4957 G-vectors)  smooth grid: ( 24, 24, 24)

     Largest allocated arrays     est. size (Mb)     dimensions
        Kohn-Sham Wavefunctions         0.01 Mb     (    162,   4)
        NL pseudopotentials             0.04 Mb     (    162,  16)
        Each V/rho on FFT grid          0.18 Mb     (  11664)
        Each G-vector array             0.03 Mb     (   3517)
        G-vector shells                 0.00 Mb     (    186)
     Largest temporary arrays     est. size (Mb)     dimensions
        Auxiliary wavefunctions         0.04 Mb     (    162,  16)
        Each subspace H/S matrix        0.00 Mb     (     16,  16)
        Each <psi_i|beta_j> matrix      0.00 Mb     (     16,   4)
        Arrays for rho mixing           1.42 Mb     (  11664,   8)

     Initial potential from superposition of free atoms

     starting charge    7.99989, renormalised to    8.00000
     Starting wfc are    8 atomic wfcs

     total cpu time spent up to now is      0.41 secs

     per-process dynamical memory:    54.9 Mb

     Self-consistent Calculation

     iteration #  1     ecut=    60.00 Ry     beta=0.70
     Davidson diagonalization with overlap
     ethr =  1.00E-02,  avg # of iterations =  2.0

     total cpu time spent up to now is      0.73 secs

     total energy              =     -22.76237919 Ry
     Harris-Foulkes estimate   =     -22.81079794 Ry
     estimated scf accuracy    <       0.11031898 Ry

     iteration #  2     ecut=    60.00 Ry     beta=0.70
     Davidson diagonalization with overlap
     ethr =  1.38E-03,  avg # of iterations =  1.1

     total cpu time spent up to now is      0.98 secs

     total energy              =     -22.76966475 Ry
     Harris-Foulkes estimate   =     -22.76997607 Ry
     estimated scf accuracy    <       0.00263317 Ry

     iteration #  3     ecut=    60.00 Ry     beta=0.70
     Davidson diagonalization with overlap
     ethr =  3.29E-05,  avg # of iterations =  2.0

     total cpu time spent up to now is      1.33 secs

     total energy              =     -22.77020438 Ry
     Harris-Foulkes estimate   =     -22.77018792 Ry
     estimated scf accuracy    <       0.00004522 Ry

     iteration #  4     ecut=    60.00 Ry     beta=0.70
     Davidson diagonalization with overlap
     ethr =  5.65E-07,  avg # of iterations =  2.1

     total cpu time spent up to now is      1.70 secs

     total energy              =     -22.77021918 Ry
     Harris-Foulkes estimate   =     -22.77021932 Ry
     estimated scf accuracy    <       0.00000299 Ry

     iteration #  5     ecut=    60.00 Ry     beta=0.70
     Davidson diagonalization with overlap
     ethr =  3.74E-08,  avg # of iterations =  2.1

     total cpu time spent up to now is      2.08 secs

     total energy              =     -22.77021979 Ry
     Harris-Foulkes estimate   =     -22.77021982 Ry
     estimated scf accuracy    <       0.00000013 Ry

     iteration #  6     ecut=    60.00 Ry     beta=0.70
     Davidson diagonalization with overlap
     ethr =  1.60E-09,  avg # of iterations =  1.9

     total cpu time spent up to now is      2.40 secs

     End of self-consistent calculation

          k = 0.0000 0.0000 0.0000 (   609 PWs)   bands (ev):

    -8.2394  12.7820  12.7820  12.7820

          k = 0.1238 0.1238-0.1238 (   612 PWs)   bands (ev):

    -7.8168  10.4331  12.1527  12.1527

          k = 0.2475 0.2475-0.2475 (   610 PWs)   bands (ev):

    -6.5629   6.3561  11.0921  11.0921

          k = 0.3713 0.3713-0.3713 (   613 PWs)   bands (ev):

    -4.5491   2.3726  10.3308  10.3308

          k =-0.4951-0.4951 0.4951 (   610 PWs)   bands (ev):

    -2.6382  -0.2281  10.0653  10.0653

          k = 0.2475 0.0000 0.0000 (   605 PWs)   bands (ev):

    -7.6761  11.1193  11.1193  11.4659

          k = 0.3713 0.1238-0.1238 (   609 PWs)   bands (ev):

    -6.6994   7.8204  10.0035  10.7950

          k = 0.4951 0.2475-0.2475 (   620 PWs)   bands (ev):

    -4.9311   3.8892   9.3719   9.6637

          k =-0.3713-0.6188 0.6188 (   616 PWs)   bands (ev):

    -2.6762   0.5531   8.7409   9.3673

          k =-0.2475-0.4951 0.4951 (   617 PWs)   bands (ev):

    -3.4144   1.5201   8.3261   9.9623

          k =-0.1238-0.3713 0.3713 (   616 PWs)   bands (ev):

    -5.6039   5.2066   8.5426  10.9981

          k = 0.0000-0.2475 0.2475 (   614 PWs)   bands (ev):

    -7.1170   8.8884   9.6398  12.0460

          k = 0.4951 0.0000 0.0000 (   632 PWs)   bands (ev):

    -6.0058   8.3243   8.7950   8.7950

          k = 0.6188 0.1238-0.1238 (   616 PWs)   bands (ev):

    -4.5116   5.4187   7.7032   8.0846

          k =-0.2475-0.7426 0.7426 (   620 PWs)   bands (ev):

    -2.3655   2.2447   6.2227   8.0585

          k =-0.1238-0.6188 0.6188 (   626 PWs)   bands (ev):

    -1.6985   1.4791   5.2490   8.7103

          k = 0.0000-0.4951 0.4951 (   616 PWs)   bands (ev):

    -3.8772   4.2617   5.4041   9.8639

          k = 0.7426 0.0000 0.0000 (   628 PWs)   bands (ev):

    -3.3001   4.3474   7.2224   7.2224

          k =-0.1238-0.8664 0.8664 (   622 PWs)   bands (ev):

    -1.3877   2.3070   5.6732   7.0443

          k = 0.0000-0.7426 0.7426 (   626 PWs)   bands (ev):

     0.0277   1.2839   3.7739   7.5854

          k =-0.9901 0.0000 0.0000 (   636 PWs)   bands (ev):

     0.2706   0.2706   6.6783   6.6783

          k = 0.4951 0.2475 0.0000 (   618 PWs)   bands (ev):

    -5.4631   6.4064   7.4529   9.9770

          k =-0.3713-0.6188 0.8664 (   622 PWs)   bands (ev):

    -3.4892   3.1664   6.6719   8.8281

          k =-0.2475-0.4951 0.7426 (   620 PWs)   bands (ev):

    -1.6464   0.7429   6.6274   8.2469

          k =-0.2475-0.7426 0.9901 (   614 PWs)   bands (ev):

    -2.8060   3.9272   6.0041   7.0360

          k =-0.1238-0.6188 0.8664 (   628 PWs)   bands (ev):

    -0.6838   1.8428   4.6221   6.6399

          k = 0.0000-0.4951 0.7426 (   629 PWs)   bands (ev):

    -1.4509   2.5775   4.1896   7.4832

          k =-0.9901 0.2475 0.0000 (   626 PWs)   bands (ev):

     0.5913   0.5913   5.7005   5.7005

          k =-0.9901 0.4951 0.0000 (   616 PWs)   bands (ev):

     1.0150   1.0150   4.7374   4.7374

!    total energy              =     -22.77021981 Ry
     Harris-Foulkes estimate   =     -22.77021981 Ry
     estimated scf accuracy    <          3.0E-10 Ry

     The total energy is the sum of the following terms:

     one-electron contribution =       7.65823153 Ry
     hartree contribution      =       1.96268064 Ry
     xc contribution           =      -7.07261752 Ry
     ewald contribution        =     -25.31851446 Ry

     convergence has been achieved in   6 iterations

     Forces acting on atoms (Ry/au):

     atom   1 type  1   force =     0.00000000    0.00000000    0.00000000
     atom   2 type  1   force =     0.00000000    0.00000000    0.00000000

     Total force =     0.000000     Total SCF correction =     0.000000


     entering subroutine stress ...

          total   stress  (Ry/bohr**3)                   (kbar)     P= -121.38
  -0.00082512   0.00000000   0.00000000       -121.38      0.00      0.00
   0.00000000  -0.00082512   0.00000000          0.00   -121.38      0.00
   0.00000000   0.00000000  -0.00082512          0.00      0.00   -121.38


     BFGS Geometry Optimization

     bfgs converged in   1 scf cycles and   0 bfgs steps
     (criteria: energy < 0.10E-08, force < 0.10E-05)

     End of BFGS Geometry Optimization

     Final energy   =     -22.7702198058 Ry

ATOMIC_POSITIONS (crystal)
C        0.000000000   0.000000000   0.000000000
C        0.250000000   0.250000000   0.250000000



     Writing output data file pwscf.save
 
     PWSCF        :     2.73s CPU time,    3.32s wall time

     init_run     :     0.32s CPU
     electrons    :     1.99s CPU
     forces       :     0.03s CPU
     stress       :     0.13s CPU

     Called by init_run:
     wfcinit      :     0.13s CPU
     potinit      :     0.02s CPU

     Called by electrons:
     c_bands      :     1.47s CPU (       6 calls,   0.245 s avg)
     sum_band     :     0.25s CPU (       6 calls,   0.041 s avg)
     v_of_rho     :     0.14s CPU (       7 calls,   0.020 s avg)
     newd         :     0.04s CPU (       7 calls,   0.006 s avg)
     mix_rho      :     0.00s CPU (       6 calls,   0.000 s avg)

     Called by c_bands:
     init_us_2    :     0.05s CPU (     435 calls,   0.000 s avg)
     cegterg      :     1.43s CPU (     174 calls,   0.008 s avg)

     Called by *egterg:
     h_psi        :     0.50s CPU (     530 calls,   0.001 s avg)
     s_psi        :     0.01s CPU (     530 calls,   0.000 s avg)
     g_psi        :     0.01s CPU (     327 calls,   0.000 s avg)
     cdiaghg      :     0.71s CPU (     501 calls,   0.001 s avg)

     Called by h_psi:
     add_vuspsi   :     0.00s CPU (     530 calls,   0.000 s avg)

     General routines
     calbec       :     0.03s CPU (     762 calls,   0.000 s avg)
     cft3s        :     0.50s CPU (    5025 calls,   0.000 s avg)
     interpolate  :     0.00s CPU (      13 calls,   0.000 s avg)
     davcio       :     0.11s CPU (     609 calls,   0.000 s avg)
 
     Parallel routines
     fft_scatter  :     0.16s CPU (    5025 calls,   0.000 s avg)
