
     Program PWSCF     v.4.1.1  starts ...
     Today is 25Nov2010 at 15:49:17 

     Parallel version (MPI)

     Number of processors in use:       4
     R & G space division:  proc/pool =    4

     For Norm-Conserving or Ultrasoft (Vanderbilt) Pseudopotentials or PAW

     Current dimensions of program pwscf are:
     Max number of different atomic species (ntypx) = 10
     Max number of k-points (npk) =  40000
     Max angular momentum in pseudopotentials (lmaxx) =  3
     Waiting for input...
     file C.pbe-rrkjus.UPF: wavefunction(s)  2S 2P renormalized

     Subspace diagonalization in iterative solution of the eigenvalue problem:
     a parallel distributed memory algorithm will be used,
     eigenstates matrixes will be distributed block like on
     ortho sub-group =    2*   2 procs


     Planes per process (thick) : nr3 = 36 npp =   9 ncplane = 1296
     Planes per process (smooth): nr3s= 28 npps=   7 ncplanes=  784
 
     Proc/  planes cols     G    planes cols    G      columns  G
     Pool       (dense grid)       (smooth grid)      (wavefct grid)
        1     9    198     3717    7    101     1324     32      248
        2     9    199     3716    7    101     1324     32      249
        3     9    198     3715    7    102     1318     33      249
        4     9    198     3715    7    101     1323     32      247
     tot     36    793    14863   28    405     5289    129      993
 


     bravais-lattice index     =            0
     lattice parameter (a_0)   =       6.7413  a.u.
     unit-cell volume          =      84.2480 (a.u.)^3
     number of atoms/cell      =            2
     number of atomic types    =            1
     number of electrons       =         8.00
     number of Kohn-Sham states=            4
     kinetic-energy cutoff     =      60.0000  Ry
     charge density cutoff     =     480.0000  Ry
     convergence threshold     =      1.0E-08
     mixing beta               =       0.7000
     number of iterations used =            8  plain     mixing
     Exchange-correlation      =  SLA  PW   PBE  PBE (1434)
     nstep                     =           50


     celldm(1)=   6.741280  celldm(2)=   0.000000  celldm(3)=   0.000000
     celldm(4)=   0.000000  celldm(5)=   0.000000  celldm(6)=   0.000000

     crystal axes: (cart. coord. in units of a_0)
               a(1) = (  0.000000  0.524404  0.500000 )  
               a(2) = (  0.524404  0.000000  0.500000 )  
               a(3) = (  0.524404  0.524404  0.000000 )  

     reciprocal axes: (cart. coord. in units 2 pi/a_0)
               b(1) = ( -0.953463  0.953463  1.000000 )  
               b(2) = (  0.953463 -0.953463  1.000000 )  
               b(3) = (  0.953463  0.953463 -1.000000 )  


     PseudoPot. # 1 for C  read from file C.pbe-rrkjus.UPF
     Pseudo is Ultrasoft, Zval =  4.0
     Generated by new atomic code, or converted to UPF format
     Using radial grid of  627 points,  4 beta functions with: 
                l(1) =   0
                l(2) =   0
                l(3) =   1
                l(4) =   1
     Q(r) pseudized with 0 coefficients 


     atomic species   valence    mass     pseudopotential
        C              4.00    12.01070     C ( 1.00)

     16 Sym.Ops. (with inversion)


   Cartesian axes

     site n.     atom                  positions (a_0 units)
         1           C   tau(  1) = (   0.0000000   0.0000000   0.0000000  )
         2           C   tau(  2) = (   0.2622022   0.2622022   0.2500000  )

     number of k points=   59
                       cart. coord. in units 2pi/a_0
        k(    1) = (   0.0000000   0.0000000   0.0000000), wk =   0.0039062
        k(    2) = (   0.1191828   0.1191828  -0.1250000), wk =   0.0312500
        k(    3) = (   0.2383656   0.2383656  -0.2500000), wk =   0.0312500
        k(    4) = (   0.3575485   0.3575485  -0.3750000), wk =   0.0312500
        k(    5) = (  -0.4767313  -0.4767313   0.5000000), wk =   0.0156250
        k(    6) = (   0.2383656   0.0000000   0.0000000), wk =   0.0156250
        k(    7) = (   0.3575485   0.1191828  -0.1250000), wk =   0.0625000
        k(    8) = (   0.4767313   0.2383656  -0.2500000), wk =   0.0625000
        k(    9) = (  -0.3575485  -0.5959141   0.6250000), wk =   0.0625000
        k(   10) = (  -0.2383656  -0.4767313   0.5000000), wk =   0.0625000
        k(   11) = (  -0.1191828  -0.3575485   0.3750000), wk =   0.0625000
        k(   12) = (   0.0000000  -0.2383656   0.2500000), wk =   0.0312500
        k(   13) = (   0.4767313   0.0000000   0.0000000), wk =   0.0156250
        k(   14) = (   0.5959141   0.1191828  -0.1250000), wk =   0.0625000
        k(   15) = (  -0.2383656  -0.7150969   0.7500000), wk =   0.0625000
        k(   16) = (  -0.1191828  -0.5959141   0.6250000), wk =   0.0625000
        k(   17) = (   0.0000000  -0.4767313   0.5000000), wk =   0.0312500
        k(   18) = (   0.7150969   0.0000000   0.0000000), wk =   0.0156250
        k(   19) = (  -0.1191828  -0.8342798   0.8750000), wk =   0.0625000
        k(   20) = (   0.0000000  -0.7150969   0.7500000), wk =   0.0312500
        k(   21) = (  -0.9534626   0.0000000   0.0000000), wk =   0.0078125
        k(   22) = (   0.0000000   0.0000000   0.2500000), wk =   0.0078125
        k(   23) = (   0.2383656   0.2383656   0.0000000), wk =   0.0156250
        k(   24) = (   0.3575485   0.3575485  -0.1250000), wk =   0.0312500
        k(   25) = (  -0.4767313  -0.4767313   0.7500000), wk =   0.0312500
        k(   26) = (  -0.3575485  -0.3575485   0.6250000), wk =   0.0312500
        k(   27) = (  -0.2383656  -0.2383656   0.5000000), wk =   0.0312500
        k(   28) = (  -0.1191828  -0.1191828   0.3750000), wk =   0.0312500
        k(   29) = (   0.4767313   0.2383656   0.0000000), wk =   0.0312500
        k(   30) = (  -0.3575485  -0.5959141   0.8750000), wk =   0.0625000
        k(   31) = (  -0.2383656  -0.4767313   0.7500000), wk =   0.0625000
        k(   32) = (  -0.1191828  -0.3575485   0.6250000), wk =   0.0625000
        k(   33) = (   0.0000000  -0.2383656   0.5000000), wk =   0.0312500
        k(   34) = (   0.4767313   0.0000000   0.2500000), wk =   0.0312500
        k(   35) = (  -0.2383656  -0.7150969   1.0000000), wk =   0.0312500
        k(   36) = (  -0.1191828  -0.5959141   0.8750000), wk =   0.0625000
        k(   37) = (   0.0000000  -0.4767313   0.7500000), wk =   0.0312500
        k(   38) = (  -0.3575485   0.8342798  -0.6250000), wk =   0.0625000
        k(   39) = (  -0.2383656   0.9534626  -0.7500000), wk =   0.0312500
        k(   40) = (  -0.9534626   0.2383656   0.0000000), wk =   0.0156250
        k(   41) = (  -0.2383656   0.7150969  -0.5000000), wk =   0.0312500
        k(   42) = (  -0.1191828   0.8342798  -0.6250000), wk =   0.0625000
        k(   43) = (  -0.9534626   0.0000000   0.2500000), wk =   0.0156250
        k(   44) = (   0.0000000   0.7150969  -0.5000000), wk =   0.0312500
        k(   45) = (   0.0000000   0.0000000   0.5000000), wk =   0.0078125
        k(   46) = (  -0.4767313  -0.4767313   1.0000000), wk =   0.0156250
        k(   47) = (  -0.3575485  -0.3575485   0.8750000), wk =   0.0312500
        k(   48) = (  -0.2383656  -0.2383656   0.7500000), wk =   0.0312500
        k(   49) = (  -0.1191828  -0.1191828   0.6250000), wk =   0.0312500
        k(   50) = (  -0.2383656  -0.4767313   1.0000000), wk =   0.0312500
        k(   51) = (  -0.1191828  -0.3575485   0.8750000), wk =   0.0625000
        k(   52) = (   0.0000000  -0.2383656   0.7500000), wk =   0.0312500
        k(   53) = (  -0.9534626   0.4767313   0.0000000), wk =   0.0156250
        k(   54) = (  -0.9534626   0.0000000   0.5000000), wk =   0.0078125
        k(   55) = (   0.0000000   0.0000000   0.7500000), wk =   0.0078125
        k(   56) = (  -0.2383656  -0.2383656   1.0000000), wk =   0.0156250
        k(   57) = (  -0.1191828  -0.1191828   0.8750000), wk =   0.0312500
        k(   58) = (  -0.9534626   0.7150969   0.0000000), wk =   0.0156250
        k(   59) = (   0.0000000   0.0000000  -1.0000000), wk =   0.0039062

     G cutoff =  552.5432  (  14863 G-vectors)     FFT grid: ( 36, 36, 36)
     G cutoff =  276.2716  (   5289 G-vectors)  smooth grid: ( 28, 28, 28)

     Largest allocated arrays     est. size (Mb)     dimensions
        Kohn-Sham Wavefunctions         0.01 Mb     (    177,   4)
        NL pseudopotentials             0.04 Mb     (    177,  16)
        Each V/rho on FFT grid          0.18 Mb     (  11664)
        Each G-vector array             0.03 Mb     (   3717)
        G-vector shells                 0.01 Mb     (    832)
     Largest temporary arrays     est. size (Mb)     dimensions
        Auxiliary wavefunctions         0.04 Mb     (    177,  16)
        Each subspace H/S matrix        0.00 Mb     (     16,  16)
        Each <psi_i|beta_j> matrix      0.00 Mb     (     16,   4)
        Arrays for rho mixing           1.42 Mb     (  11664,   8)

     Initial potential from superposition of free atoms

     starting charge    7.99989, renormalised to    8.00000
     Starting wfc are    8 atomic wfcs

     total cpu time spent up to now is      0.65 secs

     per-process dynamical memory:    54.9 Mb

     Self-consistent Calculation

     iteration #  1     ecut=    60.00 Ry     beta=0.70
     Davidson diagonalization with overlap
     ethr =  1.00E-02,  avg # of iterations =  2.0

     total cpu time spent up to now is      1.38 secs

     total energy              =     -22.75110834 Ry
     Harris-Foulkes estimate   =     -22.79031912 Ry
     estimated scf accuracy    <       0.09392303 Ry

     iteration #  2     ecut=    60.00 Ry     beta=0.70
     Davidson diagonalization with overlap
     ethr =  1.17E-03,  avg # of iterations =  1.2

     total cpu time spent up to now is      1.93 secs

     total energy              =     -22.75757526 Ry
     Harris-Foulkes estimate   =     -22.75776043 Ry
     estimated scf accuracy    <       0.00242399 Ry

     iteration #  3     ecut=    60.00 Ry     beta=0.70
     Davidson diagonalization with overlap
     ethr =  3.03E-05,  avg # of iterations =  2.1

     total cpu time spent up to now is      2.69 secs

     total energy              =     -22.75800042 Ry
     Harris-Foulkes estimate   =     -22.75798272 Ry
     estimated scf accuracy    <       0.00004965 Ry

     iteration #  4     ecut=    60.00 Ry     beta=0.70
     Davidson diagonalization with overlap
     ethr =  6.21E-07,  avg # of iterations =  2.3

     total cpu time spent up to now is      3.51 secs

     total energy              =     -22.75801495 Ry
     Harris-Foulkes estimate   =     -22.75801487 Ry
     estimated scf accuracy    <       0.00000180 Ry

     iteration #  5     ecut=    60.00 Ry     beta=0.70
     Davidson diagonalization with overlap
     ethr =  2.25E-08,  avg # of iterations =  2.2

     total cpu time spent up to now is      4.33 secs

     total energy              =     -22.75801540 Ry
     Harris-Foulkes estimate   =     -22.75801542 Ry
     estimated scf accuracy    <       0.00000009 Ry

     iteration #  6     ecut=    60.00 Ry     beta=0.70
     Davidson diagonalization with overlap
     ethr =  1.06E-09,  avg # of iterations =  2.0

     total cpu time spent up to now is      5.05 secs

     End of self-consistent calculation

          k = 0.0000 0.0000 0.0000 (   653 PWs)   bands (ev):

    -8.5201  11.4530  11.4530  12.0867

          k = 0.1192 0.1192-0.1250 (   653 PWs)   bands (ev):

    -8.1160   9.4061  10.8445  11.3407

          k = 0.2384 0.2384-0.2500 (   655 PWs)   bands (ev):

    -6.9188   5.5348   9.7877  10.3823

          k = 0.3575 0.3575-0.3750 (   655 PWs)   bands (ev):

    -5.0087   1.7429   9.0113   9.7143

          k =-0.4767-0.4767 0.5000 (   658 PWs)   bands (ev):

    -3.2663  -0.6595   8.7374   9.4835

          k = 0.2384 0.0000 0.0000 (   651 PWs)   bands (ev):

    -7.9986  10.0304  10.1183  10.4589

          k = 0.3575 0.1192-0.1250 (   654 PWs)   bands (ev):

    -7.0821   6.9487   9.1538   9.6735

          k = 0.4767 0.2384-0.2500 (   659 PWs)   bands (ev):

    -5.4137   3.2292   8.3243   8.8047

          k =-0.3575-0.5959 0.6250 (   663 PWs)   bands (ev):

    -3.3101   0.0806   7.5441   8.7122

          k =-0.2384-0.4767 0.5000 (   660 PWs)   bands (ev):

    -3.9023   0.8727   7.2115   9.2394

          k =-0.1192-0.3575 0.3750 (   652 PWs)   bands (ev):

    -5.9723   4.3576   7.4870  10.1793

          k = 0.0000-0.2384 0.2500 (   656 PWs)   bands (ev):

    -7.4302   7.8955   8.5753  11.1353

          k = 0.4767 0.0000 0.0000 (   659 PWs)   bands (ev):

    -6.4523   7.0092   7.9936   8.2276

          k = 0.5959 0.1192-0.1250 (   656 PWs)   bands (ev):

    -5.0580   4.4963   6.7808   7.4814

          k =-0.2384-0.7151 0.7500 (   660 PWs)   bands (ev):

    -3.0485   1.6166   5.2460   7.4552

          k =-0.1192-0.5959 0.6250 (   662 PWs)   bands (ev):

    -2.2939   0.7739   4.3223   8.0628

          k = 0.0000-0.4767 0.5000 (   659 PWs)   bands (ev):

    -4.3061   3.3244   4.5474   9.1303

          k = 0.7151 0.0000 0.0000 (   656 PWs)   bands (ev):

    -3.9463   3.1936   6.6149   6.7185

          k =-0.1192-0.8343 0.8750 (   660 PWs)   bands (ev):

    -2.1639   1.3024   5.1545   6.5080

          k = 0.0000-0.7151 0.7500 (   665 PWs)   bands (ev):

    -0.7726   0.3744   3.2402   7.0147

          k =-0.9535 0.0000 0.0000 (   664 PWs)   bands (ev):

    -0.6300  -0.6300   6.1671   6.1671

          k = 0.0000 0.0000 0.2500 (   665 PWs)   bands (ev):

    -7.9470   9.8940   9.8940  10.7781

          k = 0.2384 0.2384 0.0000 (   654 PWs)   bands (ev):

    -7.4812   7.9330   9.0608  10.6640

          k = 0.3575 0.3575-0.1250 (   654 PWs)   bands (ev):

    -6.0698   4.5633   7.9886   9.6190

          k =-0.4767-0.4767 0.7500 (   663 PWs)   bands (ev):

    -4.0212   1.0654   7.8439   8.6206

          k =-0.3575-0.3575 0.6250 (   664 PWs)   bands (ev):

    -3.1890  -0.0239   8.0784   8.2616

          k =-0.2384-0.2384 0.5000 (   661 PWs)   bands (ev):

    -5.2697   3.0608   8.1340   9.0969

          k =-0.1192-0.1192 0.3750 (   662 PWs)   bands (ev):

    -6.9807   6.8380   8.7948  10.0724

          k = 0.4767 0.2384 0.0000 (   662 PWs)   bands (ev):

    -5.9506   5.5944   6.9974   8.7231

          k =-0.3575-0.5959 0.8750 (   665 PWs)   bands (ev):

    -4.1142   2.6406   6.1532   7.6875

          k =-0.2384-0.4767 0.7500 (   664 PWs)   bands (ev):

    -2.3061   0.2563   5.8304   7.4688

          k =-0.1192-0.3575 0.6250 (   663 PWs)   bands (ev):

    -3.8494   2.3207   5.6862   8.2390

          k = 0.0000-0.2384 0.5000 (   658 PWs)   bands (ev):

    -5.7541   5.4541   6.3986   9.2937

          k = 0.4767 0.0000 0.2500 (   655 PWs)   bands (ev):

    -5.9026   5.4376   6.6204   9.0638

          k =-0.2384-0.7151 1.0000 (   657 PWs)   bands (ev):

    -3.4887   2.9938   5.6194   6.2758

          k =-0.1192-0.5959 0.8750 (   669 PWs)   bands (ev):

    -1.4826   1.1422   3.9760   6.1610

          k = 0.0000-0.4767 0.7500 (   665 PWs)   bands (ev):

    -1.9230   1.6582   3.3880   7.0458

          k =-0.3575 0.8343-0.6250 (   662 PWs)   bands (ev):

    -4.0315   2.4142   5.7079   8.0145

          k =-0.2384 0.9535-0.7500 (   660 PWs)   bands (ev):

    -3.4500   2.8849   5.3445   6.3726

          k =-0.9535 0.2384 0.0000 (   668 PWs)   bands (ev):

    -0.3115  -0.3115   5.2742   5.2742

          k =-0.2384 0.7151-0.5000 (   666 PWs)   bands (ev):

    -2.3463   0.1908   5.5574   7.5328

          k =-0.1192 0.8343-0.6250 (   667 PWs)   bands (ev):

    -1.4664   1.0135   3.9032   5.9701

          k =-0.9535 0.0000 0.2500 (   666 PWs)   bands (ev):

    -0.3078  -0.3078   5.1306   5.1306

          k = 0.0000 0.7151-0.5000 (   664 PWs)   bands (ev):

    -2.1131   1.6584   3.5109   6.7138

          k = 0.0000 0.0000 0.5000 (   664 PWs)   bands (ev):

    -6.2514   7.6256   7.6256   7.7760

          k =-0.4767-0.4767 1.0000 (   654 PWs)   bands (ev):

    -4.4832   3.6975   5.1000   8.5098

          k =-0.3575-0.3575 0.8750 (   668 PWs)   bands (ev):

    -2.4301   1.1040   4.9400   7.4229

          k =-0.2384-0.2384 0.7500 (   667 PWs)   bands (ev):

    -2.7227   1.4653   5.8513   6.8362

          k =-0.1192-0.1192 0.6250 (   659 PWs)   bands (ev):

    -4.7679   4.5612   6.9061   7.0812

          k =-0.2384-0.4767 1.0000 (   669 PWs)   bands (ev):

    -2.2155   2.0661   3.9386   6.3789

          k =-0.1192-0.3575 0.8750 (   669 PWs)   bands (ev):

    -1.1613   1.1650   4.0995   5.7174

          k = 0.0000-0.2384 0.7500 (   664 PWs)   bands (ev):

    -3.0845   3.2179   4.9626   6.3388

          k =-0.9535 0.4767 0.0000 (   664 PWs)   bands (ev):

     0.2783   0.2783   4.2083   4.2083

          k =-0.9535 0.0000 0.5000 (   680 PWs)   bands (ev):

     0.1128   0.1128   4.1325   4.1325

          k = 0.0000 0.0000 0.7500 (   648 PWs)   bands (ev):

    -3.5210   4.0045   6.0643   6.0643

          k =-0.2384-0.2384 1.0000 (   672 PWs)   bands (ev):

    -0.6461   0.9665   3.3440   6.3642

          k =-0.1192-0.1192 0.8750 (   667 PWs)   bands (ev):

    -1.6463   1.9076   4.7732   5.8701

          k =-0.9535 0.7151 0.0000 (   666 PWs)   bands (ev):

     0.2371   0.2371   4.7352   4.7352

          k = 0.0000 0.0000-1.0000 (   676 PWs)   bands (ev):

     0.0371   0.0371   5.5210   5.5210

!    total energy              =     -22.75801542 Ry
     Harris-Foulkes estimate   =     -22.75801542 Ry
     estimated scf accuracy    <          5.7E-11 Ry

     The total energy is the sum of the following terms:

     one-electron contribution =       6.96411035 Ry
     hartree contribution      =       2.02527223 Ry
     xc contribution           =      -6.96796808 Ry
     ewald contribution        =     -24.77942992 Ry

     convergence has been achieved in   6 iterations

     Forces acting on atoms (Ry/au):

     atom   1 type  1   force =     0.00000000    0.00000000    0.00000000
     atom   2 type  1   force =     0.00000000    0.00000000    0.00000000

     Total force =     0.000000     Total SCF correction =     0.000000


     entering subroutine stress ...

          total   stress  (Ry/bohr**3)                   (kbar)     P= -343.79
  -0.00319694   0.00000000   0.00000000       -470.29      0.00      0.00
   0.00000000  -0.00319694   0.00000000          0.00   -470.29      0.00
   0.00000000   0.00000000  -0.00061732          0.00      0.00    -90.81


     BFGS Geometry Optimization

     bfgs converged in   1 scf cycles and   0 bfgs steps
     (criteria: energy < 0.10E-08, force < 0.10E-05)

     End of BFGS Geometry Optimization

     Final energy   =     -22.7580154169 Ry

ATOMIC_POSITIONS (crystal)
C        0.000000000   0.000000000   0.000000000
C        0.250000000   0.250000000   0.250000000



     Writing output data file pwscf.save
 
     PWSCF        :     5.57s CPU time,    6.56s wall time

     init_run     :     0.57s CPU
     electrons    :     4.40s CPU
     forces       :     0.07s CPU
     stress       :     0.23s CPU

     Called by init_run:
     wfcinit      :     0.31s CPU
     potinit      :     0.05s CPU

     Called by electrons:
     c_bands      :     3.63s CPU (       6 calls,   0.605 s avg)
     sum_band     :     0.48s CPU (       6 calls,   0.081 s avg)
     v_of_rho     :     0.14s CPU (       7 calls,   0.020 s avg)
     newd         :     0.07s CPU (       7 calls,   0.009 s avg)
     mix_rho      :     0.01s CPU (       6 calls,   0.002 s avg)

     Called by c_bands:
     init_us_2    :     0.04s CPU (     885 calls,   0.000 s avg)
     cegterg      :     3.44s CPU (     354 calls,   0.010 s avg)

     Called by *egterg:
     h_psi        :     1.36s CPU (    1101 calls,   0.001 s avg)
     s_psi        :     0.06s CPU (    1101 calls,   0.000 s avg)
     g_psi        :     0.01s CPU (     688 calls,   0.000 s avg)
     cdiaghg      :     1.70s CPU (    1042 calls,   0.002 s avg)

     Called by h_psi:
     add_vuspsi   :     0.03s CPU (    1101 calls,   0.000 s avg)

     General routines
     calbec       :     0.07s CPU (    1573 calls,   0.000 s avg)
     cft3s        :     1.51s CPU (   10123 calls,   0.000 s avg)
     interpolate  :     0.01s CPU (      13 calls,   0.001 s avg)
     davcio       :     0.31s CPU (    1239 calls,   0.000 s avg)
 
     Parallel routines
     fft_scatter  :     0.41s CPU (   10123 calls,   0.000 s avg)
