
     Program PWSCF     v.4.1.1  starts ...
     Today is 25Nov2010 at 15:44:49 

     Parallel version (MPI)

     Number of processors in use:       4
     R & G space division:  proc/pool =    4

     For Norm-Conserving or Ultrasoft (Vanderbilt) Pseudopotentials or PAW

     Current dimensions of program pwscf are:
     Max number of different atomic species (ntypx) = 10
     Max number of k-points (npk) =  40000
     Max angular momentum in pseudopotentials (lmaxx) =  3
     Waiting for input...
     file C.pbe-rrkjus.UPF: wavefunction(s)  2S 2P renormalized

     Subspace diagonalization in iterative solution of the eigenvalue problem:
     a parallel distributed memory algorithm will be used,
     eigenstates matrixes will be distributed block like on
     ortho sub-group =    2*   2 procs


     Planes per process (thick) : nr3 = 36 npp =   9 ncplane = 1296
     Planes per process (smooth): nr3s= 28 npps=   7 ncplanes=  784
 
     Proc/  planes cols     G    planes cols    G      columns  G
     Pool       (dense grid)       (smooth grid)      (wavefct grid)
        1     9    212     4134    7    109     1460     34      266
        2     9    212     4133    7    108     1450     35      267
        3     9    211     4129    7    108     1453     35      267
        4     9    212     4133    7    108     1454     35      267
     tot     36    847    16529   28    433     5817    139     1067
 


     bravais-lattice index     =            0
     lattice parameter (a_0)   =       6.7413  a.u.
     unit-cell volume          =      93.2233 (a.u.)^3
     number of atoms/cell      =            2
     number of atomic types    =            1
     number of electrons       =         8.00
     number of Kohn-Sham states=            4
     kinetic-energy cutoff     =      60.0000  Ry
     charge density cutoff     =     480.0000  Ry
     convergence threshold     =      1.0E-08
     mixing beta               =       0.7000
     number of iterations used =            8  plain     mixing
     Exchange-correlation      =  SLA  PW   PBE  PBE (1434)
     nstep                     =           50


     celldm(1)=   6.741280  celldm(2)=   0.000000  celldm(3)=   0.000000
     celldm(4)=   0.000000  celldm(5)=   0.000000  celldm(6)=   0.000000

     crystal axes: (cart. coord. in units of a_0)
               a(1) = (  0.000000  0.533854  0.533854 )  
               a(2) = (  0.533854  0.000000  0.533854 )  
               a(3) = (  0.533854  0.533854  0.000000 )  

     reciprocal axes: (cart. coord. in units 2 pi/a_0)
               b(1) = ( -0.936586  0.936586  0.936586 )  
               b(2) = (  0.936586 -0.936586  0.936586 )  
               b(3) = (  0.936586  0.936586 -0.936586 )  


     PseudoPot. # 1 for C  read from file C.pbe-rrkjus.UPF
     Pseudo is Ultrasoft, Zval =  4.0
     Generated by new atomic code, or converted to UPF format
     Using radial grid of  627 points,  4 beta functions with: 
                l(1) =   0
                l(2) =   0
                l(3) =   1
                l(4) =   1
     Q(r) pseudized with 0 coefficients 


     atomic species   valence    mass     pseudopotential
        C              4.00    12.01070     C ( 1.00)

     48 Sym.Ops. (with inversion)


   Cartesian axes

     site n.     atom                  positions (a_0 units)
         1           C   tau(  1) = (   0.0000000   0.0000000   0.0000000  )
         2           C   tau(  2) = (   0.2669270   0.2669270   0.2669270  )

     number of k points=   29
                       cart. coord. in units 2pi/a_0
        k(    1) = (   0.0000000   0.0000000   0.0000000), wk =   0.0039062
        k(    2) = (   0.1170732   0.1170732  -0.1170732), wk =   0.0312500
        k(    3) = (   0.2341465   0.2341465  -0.2341465), wk =   0.0312500
        k(    4) = (   0.3512197   0.3512197  -0.3512197), wk =   0.0312500
        k(    5) = (  -0.4682929  -0.4682929   0.4682929), wk =   0.0156250
        k(    6) = (   0.2341465   0.0000000   0.0000000), wk =   0.0234375
        k(    7) = (   0.3512197   0.1170732  -0.1170732), wk =   0.0937500
        k(    8) = (   0.4682929   0.2341465  -0.2341465), wk =   0.0937500
        k(    9) = (  -0.3512197  -0.5853661   0.5853661), wk =   0.0937500
        k(   10) = (  -0.2341465  -0.4682929   0.4682929), wk =   0.0937500
        k(   11) = (  -0.1170732  -0.3512197   0.3512197), wk =   0.0937500
        k(   12) = (   0.0000000  -0.2341465   0.2341465), wk =   0.0468750
        k(   13) = (   0.4682929   0.0000000   0.0000000), wk =   0.0234375
        k(   14) = (   0.5853661   0.1170732  -0.1170732), wk =   0.0937500
        k(   15) = (  -0.2341465  -0.7024394   0.7024394), wk =   0.0937500
        k(   16) = (  -0.1170732  -0.5853661   0.5853661), wk =   0.0937500
        k(   17) = (   0.0000000  -0.4682929   0.4682929), wk =   0.0468750
        k(   18) = (   0.7024394   0.0000000   0.0000000), wk =   0.0234375
        k(   19) = (  -0.1170732  -0.8195126   0.8195126), wk =   0.0937500
        k(   20) = (   0.0000000  -0.7024394   0.7024394), wk =   0.0468750
        k(   21) = (  -0.9365858   0.0000000   0.0000000), wk =   0.0117188
        k(   22) = (   0.4682929   0.2341465   0.0000000), wk =   0.0937500
        k(   23) = (  -0.3512197  -0.5853661   0.8195126), wk =   0.1875000
        k(   24) = (  -0.2341465  -0.4682929   0.7024394), wk =   0.0937500
        k(   25) = (  -0.2341465  -0.7024394   0.9365858), wk =   0.0937500
        k(   26) = (  -0.1170732  -0.5853661   0.8195126), wk =   0.1875000
        k(   27) = (   0.0000000  -0.4682929   0.7024394), wk =   0.0937500
        k(   28) = (  -0.9365858   0.2341465   0.0000000), wk =   0.0468750
        k(   29) = (  -0.9365858   0.4682929   0.0000000), wk =   0.0234375

     G cutoff =  552.5432  (  16529 G-vectors)     FFT grid: ( 36, 36, 36)
     G cutoff =  276.2716  (   5817 G-vectors)  smooth grid: ( 28, 28, 28)

     Largest allocated arrays     est. size (Mb)     dimensions
        Kohn-Sham Wavefunctions         0.01 Mb     (    188,   4)
        NL pseudopotentials             0.05 Mb     (    188,  16)
        Each V/rho on FFT grid          0.18 Mb     (  11664)
        Each G-vector array             0.03 Mb     (   4134)
        G-vector shells                 0.00 Mb     (    211)
     Largest temporary arrays     est. size (Mb)     dimensions
        Auxiliary wavefunctions         0.05 Mb     (    188,  16)
        Each subspace H/S matrix        0.00 Mb     (     16,  16)
        Each <psi_i|beta_j> matrix      0.00 Mb     (     16,   4)
        Arrays for rho mixing           1.42 Mb     (  11664,   8)

     Initial potential from superposition of free atoms

     starting charge    7.99989, renormalised to    8.00000
     Starting wfc are    8 atomic wfcs

     total cpu time spent up to now is      0.45 secs

     per-process dynamical memory:    54.8 Mb

     Self-consistent Calculation

     iteration #  1     ecut=    60.00 Ry     beta=0.70
     Davidson diagonalization with overlap
     ethr =  1.00E-02,  avg # of iterations =  2.0

     Threshold (ethr) on eigenvalues was too large:
     Diagonalizing with lowered threshold

     Davidson diagonalization with overlap
     ethr =  9.12E-04,  avg # of iterations =  1.0

     total cpu time spent up to now is      1.07 secs

     total energy              =     -22.72788664 Ry
     Harris-Foulkes estimate   =     -22.75483773 Ry
     estimated scf accuracy    <       0.07222396 Ry

     iteration #  2     ecut=    60.00 Ry     beta=0.70
     Davidson diagonalization with overlap
     ethr =  9.03E-04,  avg # of iterations =  1.0

     total cpu time spent up to now is      1.36 secs

     total energy              =     -22.73205406 Ry
     Harris-Foulkes estimate   =     -22.73214242 Ry
     estimated scf accuracy    <       0.00237079 Ry

     iteration #  3     ecut=    60.00 Ry     beta=0.70
     Davidson diagonalization with overlap
     ethr =  2.96E-05,  avg # of iterations =  2.0

     total cpu time spent up to now is      1.77 secs

     total energy              =     -22.73241012 Ry
     Harris-Foulkes estimate   =     -22.73239432 Ry
     estimated scf accuracy    <       0.00004111 Ry

     iteration #  4     ecut=    60.00 Ry     beta=0.70
     Davidson diagonalization with overlap
     ethr =  5.14E-07,  avg # of iterations =  2.6

     total cpu time spent up to now is      2.26 secs

     total energy              =     -22.73242796 Ry
     Harris-Foulkes estimate   =     -22.73242743 Ry
     estimated scf accuracy    <       0.00000115 Ry

     iteration #  5     ecut=    60.00 Ry     beta=0.70
     Davidson diagonalization with overlap
     ethr =  1.44E-08,  avg # of iterations =  2.4

     total cpu time spent up to now is      2.72 secs

     total energy              =     -22.73242830 Ry
     Harris-Foulkes estimate   =     -22.73242831 Ry
     estimated scf accuracy    <       0.00000004 Ry

     iteration #  6     ecut=    60.00 Ry     beta=0.70
     Davidson diagonalization with overlap
     ethr =  5.25E-10,  avg # of iterations =  2.0

     total cpu time spent up to now is      3.13 secs

     End of self-consistent calculation

          k = 0.0000 0.0000 0.0000 (   725 PWs)   bands (ev):

    -8.9264  10.0432  10.0432  10.0432

          k = 0.1171 0.1171-0.1171 (   727 PWs)   bands (ev):

    -8.5514   7.9514   9.5186   9.5186

          k = 0.2341 0.2341-0.2341 (   745 PWs)   bands (ev):

    -7.4435   4.3139   8.6127   8.6127

          k = 0.3512 0.3512-0.3512 (   745 PWs)   bands (ev):

    -5.6959   0.8025   7.9517   7.9517

          k =-0.4683-0.4683 0.4683 (   718 PWs)   bands (ev):

    -4.1928  -1.3180   7.7196   7.7196

          k = 0.2341 0.0000 0.0000 (   729 PWs)   bands (ev):

    -8.4264   8.6655   8.6655   8.7021

          k = 0.3512 0.1171-0.1171 (   732 PWs)   bands (ev):

    -7.5618   5.5868   7.7119   8.2358

          k = 0.4683 0.2341-0.2341 (   736 PWs)   bands (ev):

    -6.0134   2.1044   7.1584   7.2654

          k =-0.3512-0.5854 0.5854 (   732 PWs)   bands (ev):

    -4.1522  -0.7209   6.4815   7.1406

          k =-0.2341-0.4683 0.4683 (   735 PWs)   bands (ev):

    -4.7318   0.0633   6.1448   7.6396

          k =-0.1171-0.3512 0.3512 (   735 PWs)   bands (ev):

    -6.6000   3.2622   6.3667   8.5181

          k = 0.0000-0.2341 0.2341 (   737 PWs)   bands (ev):

    -7.9315   6.4900   7.3969   9.4073

          k = 0.4683 0.0000 0.0000 (   729 PWs)   bands (ev):

    -6.9464   5.7271   6.6833   6.6833

          k = 0.5854 0.1171-0.1171 (   728 PWs)   bands (ev):

    -5.6314   3.2592   5.6277   6.0677

          k =-0.2341-0.7024 0.7024 (   735 PWs)   bands (ev):

    -3.7970   0.5596   4.3111   6.0365

          k =-0.1171-0.5854 0.5854 (   726 PWs)   bands (ev):

    -3.2834  -0.0313   3.4793   6.5867

          k = 0.0000-0.4683 0.4683 (   742 PWs)   bands (ev):

    -5.0947   2.2430   3.7331   7.5627

          k = 0.7024 0.0000 0.0000 (   733 PWs)   bands (ev):

    -4.5581   2.1622   5.3269   5.3269

          k =-0.1171-0.8195 0.8195 (   731 PWs)   bands (ev):

    -2.8932   0.3401   4.0280   5.1702

          k = 0.0000-0.7024 0.7024 (   724 PWs)   bands (ev):

    -1.8115  -0.4908   2.4775   5.6307

          k =-0.9366 0.0000 0.0000 (   740 PWs)   bands (ev):

    -1.4206  -1.4206   4.8559   4.8559

          k = 0.4683 0.2341 0.0000 (   733 PWs)   bands (ev):

    -6.4718   4.1773   5.5078   7.6134

          k =-0.3512-0.5854 0.8195 (   732 PWs)   bands (ev):

    -4.7600   1.4008   4.6973   6.6776

          k =-0.2341-0.4683 0.7024 (   722 PWs)   bands (ev):

    -3.2946  -0.5654   4.5998   6.2165

          k =-0.2341-0.7024 0.9366 (   734 PWs)   bands (ev):

    -4.1412   1.7801   4.2690   5.2005

          k =-0.1171-0.5854 0.8195 (   726 PWs)   bands (ev):

    -2.3716   0.0263   3.0744   4.8617

          k = 0.0000-0.4683 0.7024 (   726 PWs)   bands (ev):

    -3.0226   0.6449   2.7457   5.5572

          k =-0.9366 0.2341 0.0000 (   730 PWs)   bands (ev):

    -1.1863  -1.1863   4.0515   4.0515

          k =-0.9366 0.4683 0.0000 (   724 PWs)   bands (ev):

    -0.8999  -0.8999   3.2952   3.2952

!    total energy              =     -22.73242831 Ry
     Harris-Foulkes estimate   =     -22.73242831 Ry
     estimated scf accuracy    <          1.1E-09 Ry

     The total energy is the sum of the following terms:

     one-electron contribution =       5.89020085 Ry
     hartree contribution      =       2.14419411 Ry
     xc contribution           =      -6.81790618 Ry
     ewald contribution        =     -23.94891709 Ry

     convergence has been achieved in   6 iterations

     Forces acting on atoms (Ry/au):

     atom   1 type  1   force =     0.00000000    0.00000000    0.00000000
     atom   2 type  1   force =     0.00000000    0.00000000    0.00000000

     Total force =     0.000000     Total SCF correction =     0.000000


     entering subroutine stress ...

          total   stress  (Ry/bohr**3)                   (kbar)     P= -586.28
  -0.00398546   0.00000000   0.00000000       -586.28      0.00      0.00
   0.00000000  -0.00398546   0.00000000          0.00   -586.28      0.00
   0.00000000   0.00000000  -0.00398546          0.00      0.00   -586.28


     BFGS Geometry Optimization

     bfgs converged in   1 scf cycles and   0 bfgs steps
     (criteria: energy < 0.10E-08, force < 0.10E-05)

     End of BFGS Geometry Optimization

     Final energy   =     -22.7324283060 Ry

ATOMIC_POSITIONS (crystal)
C        0.000000000   0.000000000   0.000000000
C        0.250000000   0.250000000   0.250000000



     Writing output data file pwscf.save
 
     PWSCF        :     3.48s CPU time,    4.15s wall time

     init_run     :     0.36s CPU
     electrons    :     2.68s CPU
     forces       :     0.03s CPU
     stress       :     0.15s CPU

     Called by init_run:
     wfcinit      :     0.17s CPU
     potinit      :     0.03s CPU

     Called by electrons:
     c_bands      :     2.03s CPU (       7 calls,   0.290 s avg)
     sum_band     :     0.35s CPU (       7 calls,   0.051 s avg)
     v_of_rho     :     0.14s CPU (       7 calls,   0.020 s avg)
     newd         :     0.05s CPU (       7 calls,   0.007 s avg)
     mix_rho      :     0.01s CPU (       7 calls,   0.001 s avg)

     Called by c_bands:
     init_us_2    :     0.05s CPU (     493 calls,   0.000 s avg)
     cegterg      :     1.92s CPU (     203 calls,   0.009 s avg)

     Called by *egterg:
     h_psi        :     0.89s CPU (     608 calls,   0.001 s avg)
     s_psi        :     0.02s CPU (     608 calls,   0.000 s avg)
     g_psi        :     0.00s CPU (     376 calls,   0.000 s avg)
     cdiaghg      :     0.85s CPU (     550 calls,   0.002 s avg)

     Called by h_psi:
     add_vuspsi   :     0.05s CPU (     608 calls,   0.000 s avg)

     General routines
     calbec       :     0.03s CPU (     869 calls,   0.000 s avg)
     cft3s        :     0.92s CPU (    5541 calls,   0.000 s avg)
     interpolate  :     0.01s CPU (      14 calls,   0.001 s avg)
     davcio       :     0.17s CPU (     696 calls,   0.000 s avg)
 
     Parallel routines
     fft_scatter  :     0.23s CPU (    5541 calls,   0.000 s avg)
