
     Program PWSCF     v.4.1.1  starts ...
     Today is 25Nov2010 at 15:48:39 

     Parallel version (MPI)

     Number of processors in use:       4
     R & G space division:  proc/pool =    4

     For Norm-Conserving or Ultrasoft (Vanderbilt) Pseudopotentials or PAW

     Current dimensions of program pwscf are:
     Max number of different atomic species (ntypx) = 10
     Max number of k-points (npk) =  40000
     Max angular momentum in pseudopotentials (lmaxx) =  3
     Waiting for input...
     file C.pbe-rrkjus.UPF: wavefunction(s)  2S 2P renormalized

     Subspace diagonalization in iterative solution of the eigenvalue problem:
     a parallel distributed memory algorithm will be used,
     eigenstates matrixes will be distributed block like on
     ortho sub-group =    2*   2 procs


     Planes per process (thick) : nr3 = 36 npp =   9 ncplane = 1296
     Planes per process (smooth): nr3s= 24 npps=   6 ncplanes=  576
 
     Proc/  planes cols     G    planes cols    G      columns  G
     Pool       (dense grid)       (smooth grid)      (wavefct grid)
        1     9    192     3533    6     94     1249     30      235
        2     9    191     3530    6     95     1248     31      238
        3     9    191     3530    6     95     1249     30      234
        4     9    191     3530    6     95     1259     30      234
     tot     36    765    14123   24    379     5005    121      941
 


     bravais-lattice index     =            0
     lattice parameter (a_0)   =       6.7413  a.u.
     unit-cell volume          =      79.6527 (a.u.)^3
     number of atoms/cell      =            2
     number of atomic types    =            1
     number of electrons       =         8.00
     number of Kohn-Sham states=            4
     kinetic-energy cutoff     =      60.0000  Ry
     charge density cutoff     =     480.0000  Ry
     convergence threshold     =      1.0E-08
     mixing beta               =       0.7000
     number of iterations used =            8  plain     mixing
     Exchange-correlation      =  SLA  PW   PBE  PBE (1434)
     nstep                     =           50


     celldm(1)=   6.741280  celldm(2)=   0.000000  celldm(3)=   0.000000
     celldm(4)=   0.000000  celldm(5)=   0.000000  celldm(6)=   0.000000

     crystal axes: (cart. coord. in units of a_0)
               a(1) = (  0.000000  0.509902  0.500000 )  
               a(2) = (  0.509902  0.000000  0.500000 )  
               a(3) = (  0.509902  0.509902  0.000000 )  

     reciprocal axes: (cart. coord. in units 2 pi/a_0)
               b(1) = ( -0.980581  0.980581  1.000000 )  
               b(2) = (  0.980581 -0.980581  1.000000 )  
               b(3) = (  0.980581  0.980581 -1.000000 )  


     PseudoPot. # 1 for C  read from file C.pbe-rrkjus.UPF
     Pseudo is Ultrasoft, Zval =  4.0
     Generated by new atomic code, or converted to UPF format
     Using radial grid of  627 points,  4 beta functions with: 
                l(1) =   0
                l(2) =   0
                l(3) =   1
                l(4) =   1
     Q(r) pseudized with 0 coefficients 


     atomic species   valence    mass     pseudopotential
        C              4.00    12.01070     C ( 1.00)

     16 Sym.Ops. (with inversion)


   Cartesian axes

     site n.     atom                  positions (a_0 units)
         1           C   tau(  1) = (   0.0000000   0.0000000   0.0000000  )
         2           C   tau(  2) = (   0.2549510   0.2549510   0.2500000  )

     number of k points=   59
                       cart. coord. in units 2pi/a_0
        k(    1) = (   0.0000000   0.0000000   0.0000000), wk =   0.0039062
        k(    2) = (   0.1225726   0.1225726  -0.1250000), wk =   0.0312500
        k(    3) = (   0.2451452   0.2451452  -0.2500000), wk =   0.0312500
        k(    4) = (   0.3677178   0.3677178  -0.3750000), wk =   0.0312500
        k(    5) = (  -0.4902903  -0.4902903   0.5000000), wk =   0.0156250
        k(    6) = (   0.2451452   0.0000000   0.0000000), wk =   0.0156250
        k(    7) = (   0.3677178   0.1225726  -0.1250000), wk =   0.0625000
        k(    8) = (   0.4902903   0.2451452  -0.2500000), wk =   0.0625000
        k(    9) = (  -0.3677178  -0.6128629   0.6250000), wk =   0.0625000
        k(   10) = (  -0.2451452  -0.4902903   0.5000000), wk =   0.0625000
        k(   11) = (  -0.1225726  -0.3677178   0.3750000), wk =   0.0625000
        k(   12) = (   0.0000000  -0.2451452   0.2500000), wk =   0.0312500
        k(   13) = (   0.4902903   0.0000000   0.0000000), wk =   0.0156250
        k(   14) = (   0.6128629   0.1225726  -0.1250000), wk =   0.0625000
        k(   15) = (  -0.2451452  -0.7354355   0.7500000), wk =   0.0625000
        k(   16) = (  -0.1225726  -0.6128629   0.6250000), wk =   0.0625000
        k(   17) = (   0.0000000  -0.4902903   0.5000000), wk =   0.0312500
        k(   18) = (   0.7354355   0.0000000   0.0000000), wk =   0.0156250
        k(   19) = (  -0.1225726  -0.8580081   0.8750000), wk =   0.0625000
        k(   20) = (   0.0000000  -0.7354355   0.7500000), wk =   0.0312500
        k(   21) = (  -0.9805807   0.0000000   0.0000000), wk =   0.0078125
        k(   22) = (   0.0000000   0.0000000   0.2500000), wk =   0.0078125
        k(   23) = (   0.2451452   0.2451452   0.0000000), wk =   0.0156250
        k(   24) = (   0.3677178   0.3677178  -0.1250000), wk =   0.0312500
        k(   25) = (  -0.4902903  -0.4902903   0.7500000), wk =   0.0312500
        k(   26) = (  -0.3677178  -0.3677178   0.6250000), wk =   0.0312500
        k(   27) = (  -0.2451452  -0.2451452   0.5000000), wk =   0.0312500
        k(   28) = (  -0.1225726  -0.1225726   0.3750000), wk =   0.0312500
        k(   29) = (   0.4902903   0.2451452   0.0000000), wk =   0.0312500
        k(   30) = (  -0.3677178  -0.6128629   0.8750000), wk =   0.0625000
        k(   31) = (  -0.2451452  -0.4902903   0.7500000), wk =   0.0625000
        k(   32) = (  -0.1225726  -0.3677178   0.6250000), wk =   0.0625000
        k(   33) = (   0.0000000  -0.2451452   0.5000000), wk =   0.0312500
        k(   34) = (   0.4902903   0.0000000   0.2500000), wk =   0.0312500
        k(   35) = (  -0.2451452  -0.7354355   1.0000000), wk =   0.0312500
        k(   36) = (  -0.1225726  -0.6128629   0.8750000), wk =   0.0625000
        k(   37) = (   0.0000000  -0.4902903   0.7500000), wk =   0.0312500
        k(   38) = (  -0.3677178   0.8580081  -0.6250000), wk =   0.0625000
        k(   39) = (  -0.2451452   0.9805807  -0.7500000), wk =   0.0312500
        k(   40) = (  -0.9805807   0.2451452   0.0000000), wk =   0.0156250
        k(   41) = (  -0.2451452   0.7354355  -0.5000000), wk =   0.0312500
        k(   42) = (  -0.1225726   0.8580081  -0.6250000), wk =   0.0625000
        k(   43) = (  -0.9805807   0.0000000   0.2500000), wk =   0.0156250
        k(   44) = (   0.0000000   0.7354355  -0.5000000), wk =   0.0312500
        k(   45) = (   0.0000000   0.0000000   0.5000000), wk =   0.0078125
        k(   46) = (  -0.4902903  -0.4902903   1.0000000), wk =   0.0156250
        k(   47) = (  -0.3677178  -0.3677178   0.8750000), wk =   0.0312500
        k(   48) = (  -0.2451452  -0.2451452   0.7500000), wk =   0.0312500
        k(   49) = (  -0.1225726  -0.1225726   0.6250000), wk =   0.0312500
        k(   50) = (  -0.2451452  -0.4902903   1.0000000), wk =   0.0312500
        k(   51) = (  -0.1225726  -0.3677178   0.8750000), wk =   0.0625000
        k(   52) = (   0.0000000  -0.2451452   0.7500000), wk =   0.0312500
        k(   53) = (  -0.9805807   0.4902903   0.0000000), wk =   0.0156250
        k(   54) = (  -0.9805807   0.0000000   0.5000000), wk =   0.0078125
        k(   55) = (   0.0000000   0.0000000   0.7500000), wk =   0.0078125
        k(   56) = (  -0.2451452  -0.2451452   1.0000000), wk =   0.0156250
        k(   57) = (  -0.1225726  -0.1225726   0.8750000), wk =   0.0312500
        k(   58) = (  -0.9805807   0.7354355   0.0000000), wk =   0.0156250
        k(   59) = (   0.0000000   0.0000000  -1.0000000), wk =   0.0039062

     G cutoff =  552.5432  (  14123 G-vectors)     FFT grid: ( 36, 36, 36)
     G cutoff =  276.2716  (   5005 G-vectors)  smooth grid: ( 24, 24, 24)

     Largest allocated arrays     est. size (Mb)     dimensions
        Kohn-Sham Wavefunctions         0.01 Mb     (    167,   4)
        NL pseudopotentials             0.04 Mb     (    167,  16)
        Each V/rho on FFT grid          0.18 Mb     (  11664)
        Each G-vector array             0.03 Mb     (   3533)
        G-vector shells                 0.01 Mb     (    861)
     Largest temporary arrays     est. size (Mb)     dimensions
        Auxiliary wavefunctions         0.04 Mb     (    167,  16)
        Each subspace H/S matrix        0.00 Mb     (     16,  16)
        Each <psi_i|beta_j> matrix      0.00 Mb     (     16,   4)
        Arrays for rho mixing           1.42 Mb     (  11664,   8)

     Initial potential from superposition of free atoms

     starting charge    7.99989, renormalised to    8.00000
     Starting wfc are    8 atomic wfcs

     total cpu time spent up to now is      0.58 secs

     per-process dynamical memory:    54.9 Mb

     Self-consistent Calculation

     iteration #  1     ecut=    60.00 Ry     beta=0.70
     Davidson diagonalization with overlap
     ethr =  1.00E-02,  avg # of iterations =  2.0

     total cpu time spent up to now is      1.22 secs

     total energy              =     -22.76122626 Ry
     Harris-Foulkes estimate   =     -22.80821493 Ry
     estimated scf accuracy    <       0.10778862 Ry

     iteration #  2     ecut=    60.00 Ry     beta=0.70
     Davidson diagonalization with overlap
     ethr =  1.35E-03,  avg # of iterations =  1.1

     total cpu time spent up to now is      1.71 secs

     total energy              =     -22.76835242 Ry
     Harris-Foulkes estimate   =     -22.76864624 Ry
     estimated scf accuracy    <       0.00260310 Ry

     iteration #  3     ecut=    60.00 Ry     beta=0.70
     Davidson diagonalization with overlap
     ethr =  3.25E-05,  avg # of iterations =  2.1

     total cpu time spent up to now is      2.40 secs

     total energy              =     -22.76887863 Ry
     Harris-Foulkes estimate   =     -22.76886216 Ry
     estimated scf accuracy    <       0.00004567 Ry

     iteration #  4     ecut=    60.00 Ry     beta=0.70
     Davidson diagonalization with overlap
     ethr =  5.71E-07,  avg # of iterations =  2.1

     total cpu time spent up to now is      3.12 secs

     total energy              =     -22.76889314 Ry
     Harris-Foulkes estimate   =     -22.76889328 Ry
     estimated scf accuracy    <       0.00000293 Ry

     iteration #  5     ecut=    60.00 Ry     beta=0.70
     Davidson diagonalization with overlap
     ethr =  3.66E-08,  avg # of iterations =  2.1

     total cpu time spent up to now is      3.83 secs

     total energy              =     -22.76889375 Ry
     Harris-Foulkes estimate   =     -22.76889378 Ry
     estimated scf accuracy    <       0.00000013 Ry

     iteration #  6     ecut=    60.00 Ry     beta=0.70
     Davidson diagonalization with overlap
     ethr =  1.60E-09,  avg # of iterations =  1.9

     total cpu time spent up to now is      4.47 secs

     End of self-consistent calculation

          k = 0.0000 0.0000 0.0000 (   609 PWs)   bands (ev):

    -8.2812  12.5230  12.5230  12.8030

          k = 0.1226 0.1226-0.1250 (   615 PWs)   bands (ev):

    -7.8614  10.2800  11.8898  12.1028

          k = 0.2451 0.2451-0.2500 (   620 PWs)   bands (ev):

    -6.6157   6.2349  10.8118  11.0742

          k = 0.3677 0.3677-0.3750 (   614 PWs)   bands (ev):

    -4.6170   2.2796  10.0314  10.3434

          k =-0.4903-0.4903 0.5000 (   622 PWs)   bands (ev):

    -2.7314  -0.2915   9.7581  10.0896

          k = 0.2451 0.0000 0.0000 (   621 PWs)   bands (ev):

    -7.7289  10.9308  11.1169  11.2005

          k = 0.3677 0.1226-0.1250 (   616 PWs)   bands (ev):

    -6.7657   7.7034   9.9211  10.5780

          k = 0.4903 0.2451-0.2500 (   622 PWs)   bands (ev):

    -5.0161   3.8085   9.2575   9.4833

          k =-0.3677-0.6129 0.6250 (   621 PWs)   bands (ev):

    -2.7824   0.4947   8.4917   9.3335

          k =-0.2451-0.4903 0.5000 (   622 PWs)   bands (ev):

    -3.4747   1.4057   8.1006   9.9155

          k =-0.1226-0.3677 0.3750 (   623 PWs)   bands (ev):

    -5.6492   5.0614   8.3396  10.9316

          k = 0.0000-0.2451 0.2500 (   617 PWs)   bands (ev):

    -7.1588   8.7392   9.4364  11.9565

          k = 0.4903 0.0000 0.0000 (   618 PWs)   bands (ev):

    -6.0908   8.0525   8.6902   8.7904

          k = 0.6129 0.1226-0.1250 (   622 PWs)   bands (ev):

    -4.6198   5.2775   7.5332   8.0507

          k =-0.2451-0.7354 0.7500 (   629 PWs)   bands (ev):

    -2.4982   2.1698   6.0164   8.0288

          k =-0.1226-0.6129 0.6250 (   631 PWs)   bands (ev):

    -1.7725   1.3440   5.0513   8.6768

          k = 0.0000-0.4903 0.5000 (   626 PWs)   bands (ev):

    -3.9235   4.0876   5.2249   9.8163

          k = 0.7354 0.0000 0.0000 (   626 PWs)   bands (ev):

    -3.4358   4.0969   7.1756   7.2196

          k =-0.1226-0.8580 0.8750 (   631 PWs)   bands (ev):

    -1.5520   2.0974   5.6355   7.0258

          k = 0.0000-0.7354 0.7500 (   624 PWs)   bands (ev):

    -0.1053   1.0927   3.6877   7.5636

          k =-0.9806 0.0000 0.0000 (   636 PWs)   bands (ev):

     0.0735   0.0735   6.6641   6.6641

          k = 0.0000 0.0000 0.2500 (   613 PWs)   bands (ev):

    -7.7068  10.8704  10.8704  11.4958

          k = 0.2451 0.2451 0.0000 (   612 PWs)   bands (ev):

    -7.1806   8.7509   9.6464  11.7515

          k = 0.3677 0.3677-0.1250 (   621 PWs)   bands (ev):

    -5.6913   5.1517   8.5526  10.6853

          k =-0.4903-0.4903 0.7500 (   621 PWs)   bands (ev):

    -3.5274   1.4906   8.3715   9.6467

          k =-0.3677-0.3677 0.6250 (   624 PWs)   bands (ev):

    -2.7269   0.4455   8.8006   9.0633

          k =-0.2451-0.2451 0.5000 (   619 PWs)   bands (ev):

    -4.9538   3.7336   9.0886   9.7049

          k =-0.1226-0.1226 0.3750 (   617 PWs)   bands (ev):

    -6.7222   7.6514   9.7423  10.7867

          k = 0.4903 0.2451 0.0000 (   616 PWs)   bands (ev):

    -5.5583   6.3148   7.4776   9.7009

          k =-0.3677-0.6129 0.8750 (   626 PWs)   bands (ev):

    -3.6151   3.1431   6.6839   8.5689

          k =-0.2451-0.4903 0.7500 (   629 PWs)   bands (ev):

    -1.7399   0.6771   6.5413   8.1201

          k =-0.1226-0.3677 0.6250 (   624 PWs)   bands (ev):

    -3.4994   2.9997   6.4799   8.8201

          k = 0.0000-0.2451 0.5000 (   627 PWs)   bands (ev):

    -5.4736   6.2521   7.2192   9.9601

          k = 0.4903 0.0000 0.2500 (   621 PWs)   bands (ev):

    -5.5375   6.2477   7.3156   9.8491

          k =-0.2451-0.7354 1.0000 (   634 PWs)   bands (ev):

    -2.9493   3.7773   6.0356   6.9077

          k =-0.1226-0.6129 0.8750 (   634 PWs)   bands (ev):

    -0.8370   1.7557   4.5153   6.6322

          k = 0.0000-0.4903 0.7500 (   629 PWs)   bands (ev):

    -1.4722   2.4010   4.0045   7.5170

          k =-0.3677 0.8580-0.6250 (   626 PWs)   bands (ev):

    -3.5786   3.0438   6.4832   8.7214

          k =-0.2451 0.9806-0.7500 (   632 PWs)   bands (ev):

    -2.9322   3.7242   5.9173   6.9554

          k =-0.9806 0.2451 0.0000 (   632 PWs)   bands (ev):

     0.4031   0.4031   5.7043   5.7043

          k =-0.2451 0.7354-0.5000 (   626 PWs)   bands (ev):

    -1.7600   0.6527   6.3962   8.1732

          k =-0.1226 0.8580-0.6250 (   629 PWs)   bands (ev):

    -0.8298   1.6948   4.4847   6.5538

          k =-0.9806 0.0000 0.2500 (   630 PWs)   bands (ev):

     0.4047   0.4047   5.6423   5.6423

          k = 0.0000 0.7354-0.5000 (   637 PWs)   bands (ev):

    -1.5571   2.4013   4.0607   7.3710

          k = 0.0000 0.0000 0.5000 (   632 PWs)   bands (ev):

    -6.0046   8.3978   8.5297   8.5297

          k =-0.4903-0.4903 1.0000 (   620 PWs)   bands (ev):

    -4.0008   4.2501   5.4637   9.5408

          k =-0.3677-0.3677 0.8750 (   629 PWs)   bands (ev):

    -1.8350   1.4880   5.3226   8.3953

          k =-0.2451-0.2451 0.7500 (   625 PWs)   bands (ev):

    -2.3543   2.0948   6.2897   7.7599

          k =-0.1226-0.1226 0.6250 (   627 PWs)   bands (ev):

    -4.4946   5.2988   7.6777   7.8044

          k =-0.2451-0.4903 1.0000 (   639 PWs)   bands (ev):

    -1.6036   2.5830   4.2473   7.2203

          k =-0.1226-0.3677 0.8750 (   631 PWs)   bands (ev):

    -0.6893   1.7520   4.5861   6.4297

          k = 0.0000-0.2451 0.7500 (   625 PWs)   bands (ev):

    -2.7735   3.8793   5.7510   6.9363

          k =-0.9806 0.4903 0.0000 (   624 PWs)   bands (ev):

     0.9234   0.9234   4.6650   4.6650

          k =-0.9806 0.0000 0.5000 (   632 PWs)   bands (ev):

     0.8439   0.8439   4.6399   4.6399

          k = 0.0000 0.0000 0.7500 (   616 PWs)   bands (ev):

    -3.2521   4.4572   6.9372   6.9372

          k =-0.2451-0.2451 1.0000 (   624 PWs)   bands (ev):

    -0.0454   1.3514   3.7280   7.2797

          k =-0.1226-0.1226 0.8750 (   628 PWs)   bands (ev):

    -1.3261   2.3695   5.4638   6.7497

          k =-0.9806 0.7354 0.0000 (   630 PWs)   bands (ev):

     0.6477   0.6477   5.4656   5.4656

          k = 0.0000 0.0000-1.0000 (   636 PWs)   bands (ev):

     0.3649   0.3649   6.3852   6.3852

!    total energy              =     -22.76889376 Ry
     Harris-Foulkes estimate   =     -22.76889376 Ry
     estimated scf accuracy    <          3.2E-10 Ry

     The total energy is the sum of the following terms:

     one-electron contribution =       7.55663605 Ry
     hartree contribution      =       1.97143911 Ry
     xc contribution           =      -7.05716054 Ry
     ewald contribution        =     -25.23980839 Ry

     convergence has been achieved in   6 iterations

     Forces acting on atoms (Ry/au):

     atom   1 type  1   force =     0.00000000    0.00000000    0.00000000
     atom   2 type  1   force =     0.00000000    0.00000000    0.00000000

     Total force =     0.000000     Total SCF correction =     0.000000


     entering subroutine stress ...

          total   stress  (Ry/bohr**3)                   (kbar)     P= -157.36
  -0.00145815   0.00000000   0.00000000       -214.50      0.00      0.00
   0.00000000  -0.00145815   0.00000000          0.00   -214.50      0.00
   0.00000000   0.00000000  -0.00029282          0.00      0.00    -43.08


     BFGS Geometry Optimization

     bfgs converged in   1 scf cycles and   0 bfgs steps
     (criteria: energy < 0.10E-08, force < 0.10E-05)

     End of BFGS Geometry Optimization

     Final energy   =     -22.7688937624 Ry

ATOMIC_POSITIONS (crystal)
C        0.000000000   0.000000000   0.000000000
C        0.250000000   0.250000000   0.250000000



     Writing output data file pwscf.save
 
     PWSCF        :     4.98s CPU time,    6.01s wall time

     init_run     :     0.50s CPU
     electrons    :     3.88s CPU
     forces       :     0.07s CPU
     stress       :     0.22s CPU

     Called by init_run:
     wfcinit      :     0.27s CPU
     potinit      :     0.05s CPU

     Called by electrons:
     c_bands      :     3.21s CPU (       6 calls,   0.535 s avg)
     sum_band     :     0.38s CPU (       6 calls,   0.064 s avg)
     v_of_rho     :     0.15s CPU (       7 calls,   0.021 s avg)
     newd         :     0.05s CPU (       7 calls,   0.008 s avg)
     mix_rho      :     0.02s CPU (       6 calls,   0.003 s avg)

     Called by c_bands:
     init_us_2    :     0.07s CPU (     885 calls,   0.000 s avg)
     cegterg      :     3.10s CPU (     354 calls,   0.009 s avg)

     Called by *egterg:
     h_psi        :     1.17s CPU (    1078 calls,   0.001 s avg)
     s_psi        :     0.05s CPU (    1078 calls,   0.000 s avg)
     g_psi        :     0.04s CPU (     665 calls,   0.000 s avg)
     cdiaghg      :     1.64s CPU (    1019 calls,   0.002 s avg)

     Called by h_psi:
     add_vuspsi   :     0.04s CPU (    1078 calls,   0.000 s avg)

     General routines
     calbec       :     0.12s CPU (    1550 calls,   0.000 s avg)
     cft3s        :     1.16s CPU (   10111 calls,   0.000 s avg)
     interpolate  :     0.00s CPU (      13 calls,   0.000 s avg)
     davcio       :     0.24s CPU (    1239 calls,   0.000 s avg)
 
     Parallel routines
     fft_scatter  :     0.38s CPU (   10111 calls,   0.000 s avg)
