
     Program PWSCF     v.4.1.1  starts ...
     Today is 25Nov2010 at 15:43:17 

     Parallel version (MPI)

     Number of processors in use:       4
     R & G space division:  proc/pool =    4

     For Norm-Conserving or Ultrasoft (Vanderbilt) Pseudopotentials or PAW

     Current dimensions of program pwscf are:
     Max number of different atomic species (ntypx) = 10
     Max number of k-points (npk) =  40000
     Max angular momentum in pseudopotentials (lmaxx) =  3
     Waiting for input...
     file C.pbe-rrkjus.UPF: wavefunction(s)  2S 2P renormalized

     Subspace diagonalization in iterative solution of the eigenvalue problem:
     a parallel distributed memory algorithm will be used,
     eigenstates matrixes will be distributed block like on
     ortho sub-group =    2*   2 procs


     Planes per process (thick) : nr3 = 36 npp =   9 ncplane = 1296
     Planes per process (smooth): nr3s= 24 npps=   6 ncplanes=  576
 
     Proc/  planes cols     G    planes cols    G      columns  G
     Pool       (dense grid)       (smooth grid)      (wavefct grid)
        1     9    181     3171    6     91     1147     30      223
        2     9    180     3168    6     90     1138     30      223
        3     9    180     3168    6     90     1144     31      225
        4     9    180     3168    6     90     1144     30      222
     tot     36    721    12675   24    361     4573    121      893
 


     bravais-lattice index     =            0
     lattice parameter (a_0)   =       6.7413  a.u.
     unit-cell volume          =      72.0400 (a.u.)^3
     number of atoms/cell      =            2
     number of atomic types    =            1
     number of electrons       =         8.00
     number of Kohn-Sham states=            4
     kinetic-energy cutoff     =      60.0000  Ry
     charge density cutoff     =     480.0000  Ry
     convergence threshold     =      1.0E-08
     mixing beta               =       0.7000
     number of iterations used =            8  plain     mixing
     Exchange-correlation      =  SLA  PW   PBE  PBE (1434)
     nstep                     =           50


     celldm(1)=   6.741280  celldm(2)=   0.000000  celldm(3)=   0.000000
     celldm(4)=   0.000000  celldm(5)=   0.000000  celldm(6)=   0.000000

     crystal axes: (cart. coord. in units of a_0)
               a(1) = (  0.000000  0.489898  0.489898 )  
               a(2) = (  0.489898  0.000000  0.489898 )  
               a(3) = (  0.489898  0.489898  0.000000 )  

     reciprocal axes: (cart. coord. in units 2 pi/a_0)
               b(1) = ( -1.020621  1.020621  1.020621 )  
               b(2) = (  1.020621 -1.020621  1.020621 )  
               b(3) = (  1.020621  1.020621 -1.020621 )  


     PseudoPot. # 1 for C  read from file C.pbe-rrkjus.UPF
     Pseudo is Ultrasoft, Zval =  4.0
     Generated by new atomic code, or converted to UPF format
     Using radial grid of  627 points,  4 beta functions with: 
                l(1) =   0
                l(2) =   0
                l(3) =   1
                l(4) =   1
     Q(r) pseudized with 0 coefficients 


     atomic species   valence    mass     pseudopotential
        C              4.00    12.01070     C ( 1.00)

     48 Sym.Ops. (with inversion)


   Cartesian axes

     site n.     atom                  positions (a_0 units)
         1           C   tau(  1) = (   0.0000000   0.0000000   0.0000000  )
         2           C   tau(  2) = (   0.2449490   0.2449490   0.2449490  )

     number of k points=   29
                       cart. coord. in units 2pi/a_0
        k(    1) = (   0.0000000   0.0000000   0.0000000), wk =   0.0039062
        k(    2) = (   0.1275776   0.1275776  -0.1275776), wk =   0.0312500
        k(    3) = (   0.2551552   0.2551552  -0.2551552), wk =   0.0312500
        k(    4) = (   0.3827328   0.3827328  -0.3827328), wk =   0.0312500
        k(    5) = (  -0.5103104  -0.5103104   0.5103104), wk =   0.0156250
        k(    6) = (   0.2551552   0.0000000   0.0000000), wk =   0.0234375
        k(    7) = (   0.3827328   0.1275776  -0.1275776), wk =   0.0937500
        k(    8) = (   0.5103104   0.2551552  -0.2551552), wk =   0.0937500
        k(    9) = (  -0.3827328  -0.6378880   0.6378880), wk =   0.0937500
        k(   10) = (  -0.2551552  -0.5103104   0.5103104), wk =   0.0937500
        k(   11) = (  -0.1275776  -0.3827328   0.3827328), wk =   0.0937500
        k(   12) = (   0.0000000  -0.2551552   0.2551552), wk =   0.0468750
        k(   13) = (   0.5103104   0.0000000   0.0000000), wk =   0.0234375
        k(   14) = (   0.6378880   0.1275776  -0.1275776), wk =   0.0937500
        k(   15) = (  -0.2551552  -0.7654655   0.7654655), wk =   0.0937500
        k(   16) = (  -0.1275776  -0.6378880   0.6378880), wk =   0.0937500
        k(   17) = (   0.0000000  -0.5103104   0.5103104), wk =   0.0468750
        k(   18) = (   0.7654655   0.0000000   0.0000000), wk =   0.0234375
        k(   19) = (  -0.1275776  -0.8930431   0.8930431), wk =   0.0937500
        k(   20) = (   0.0000000  -0.7654655   0.7654655), wk =   0.0468750
        k(   21) = (  -1.0206207   0.0000000   0.0000000), wk =   0.0117188
        k(   22) = (   0.5103104   0.2551552   0.0000000), wk =   0.0937500
        k(   23) = (  -0.3827328  -0.6378880   0.8930431), wk =   0.1875000
        k(   24) = (  -0.2551552  -0.5103104   0.7654655), wk =   0.0937500
        k(   25) = (  -0.2551552  -0.7654655   1.0206207), wk =   0.0937500
        k(   26) = (  -0.1275776  -0.6378880   0.8930431), wk =   0.1875000
        k(   27) = (   0.0000000  -0.5103104   0.7654655), wk =   0.0937500
        k(   28) = (  -1.0206207   0.2551552   0.0000000), wk =   0.0468750
        k(   29) = (  -1.0206207   0.5103104   0.0000000), wk =   0.0234375

     G cutoff =  552.5432  (  12675 G-vectors)     FFT grid: ( 36, 36, 36)
     G cutoff =  276.2716  (   4573 G-vectors)  smooth grid: ( 24, 24, 24)

     Largest allocated arrays     est. size (Mb)     dimensions
        Kohn-Sham Wavefunctions         0.01 Mb     (    148,   4)
        NL pseudopotentials             0.04 Mb     (    148,  16)
        Each V/rho on FFT grid          0.18 Mb     (  11664)
        Each G-vector array             0.02 Mb     (   3171)
        G-vector shells                 0.00 Mb     (    176)
     Largest temporary arrays     est. size (Mb)     dimensions
        Auxiliary wavefunctions         0.04 Mb     (    148,  16)
        Each subspace H/S matrix        0.00 Mb     (     16,  16)
        Each <psi_i|beta_j> matrix      0.00 Mb     (     16,   4)
        Arrays for rho mixing           1.42 Mb     (  11664,   8)

     Initial potential from superposition of free atoms

     starting charge    7.99989, renormalised to    8.00000
     Starting wfc are    8 atomic wfcs

     total cpu time spent up to now is      0.41 secs

     per-process dynamical memory:    54.8 Mb

     Self-consistent Calculation

     iteration #  1     ecut=    60.00 Ry     beta=0.70
     Davidson diagonalization with overlap
     ethr =  1.00E-02,  avg # of iterations =  2.0

     total cpu time spent up to now is      0.75 secs

     total energy              =     -22.75736494 Ry
     Harris-Foulkes estimate   =     -22.82006675 Ry
     estimated scf accuracy    <       0.13547744 Ry

     iteration #  2     ecut=    60.00 Ry     beta=0.70
     Davidson diagonalization with overlap
     ethr =  1.69E-03,  avg # of iterations =  1.0

     total cpu time spent up to now is      1.00 secs

     total energy              =     -22.76609974 Ry
     Harris-Foulkes estimate   =     -22.76661335 Ry
     estimated scf accuracy    <       0.00297230 Ry

     iteration #  3     ecut=    60.00 Ry     beta=0.70
     Davidson diagonalization with overlap
     ethr =  3.72E-05,  avg # of iterations =  2.1

     total cpu time spent up to now is      1.37 secs

     total energy              =     -22.76680738 Ry
     Harris-Foulkes estimate   =     -22.76679249 Ry
     estimated scf accuracy    <       0.00004199 Ry

     iteration #  4     ecut=    60.00 Ry     beta=0.70
     Davidson diagonalization with overlap
     ethr =  5.25E-07,  avg # of iterations =  2.0

     total cpu time spent up to now is      1.74 secs

     total energy              =     -22.76682315 Ry
     Harris-Foulkes estimate   =     -22.76682315 Ry
     estimated scf accuracy    <       0.00000375 Ry

     iteration #  5     ecut=    60.00 Ry     beta=0.70
     Davidson diagonalization with overlap
     ethr =  4.69E-08,  avg # of iterations =  2.0

     total cpu time spent up to now is      2.11 secs

     total energy              =     -22.76682381 Ry
     Harris-Foulkes estimate   =     -22.76682385 Ry
     estimated scf accuracy    <       0.00000014 Ry

     iteration #  6     ecut=    60.00 Ry     beta=0.70
     Davidson diagonalization with overlap
     ethr =  1.75E-09,  avg # of iterations =  2.0

     total cpu time spent up to now is      2.44 secs

     End of self-consistent calculation

          k = 0.0000 0.0000 0.0000 (   537 PWs)   bands (ev):

    -7.8118  14.4352  14.4352  14.4352

          k = 0.1276 0.1276-0.1276 (   555 PWs)   bands (ev):

    -7.3622  11.9169  13.7415  13.7415

          k = 0.2552 0.2552-0.2552 (   570 PWs)   bands (ev):

    -6.0255   7.5766  12.5882  12.5882

          k = 0.3827 0.3827-0.3827 (   571 PWs)   bands (ev):

    -3.8611   3.3208  11.7677  11.7677

          k =-0.5103-0.5103 0.5103 (   568 PWs)   bands (ev):

    -1.6831   0.4105  11.4826  11.4826

          k = 0.2552 0.0000 0.0000 (   564 PWs)   bands (ev):

    -7.2126  12.5969  12.5969  13.1186

          k = 0.3827 0.1276-0.1276 (   569 PWs)   bands (ev):

    -6.1721   9.1447  11.3841  12.3449

          k = 0.5103 0.2552-0.2552 (   564 PWs)   bands (ev):

    -4.2791   4.9560  10.7067  11.1141

          k =-0.3827-0.6379 0.6379 (   571 PWs)   bands (ev):

    -1.7892   1.3171  10.1064  10.7112

          k =-0.2552-0.5103 0.5103 (   571 PWs)   bands (ev):

    -2.6275   2.3983   9.6442  11.3648

          k =-0.1276-0.3827 0.3827 (   567 PWs)   bands (ev):

    -5.0008   6.3644   9.8588  12.4961

          k = 0.0000-0.2552 0.2552 (   560 PWs)   bands (ev):

    -6.6170  10.3147  10.9939  13.6400

          k = 0.5103 0.0000 0.0000 (   576 PWs)   bands (ev):

    -5.4336   9.8723  10.0673  10.0673

          k = 0.6379 0.1276-0.1276 (   566 PWs)   bands (ev):

    -3.8369   6.6834   8.9796   9.3006

          k =-0.2552-0.7655 0.7655 (   562 PWs)   bands (ev):

    -1.5108   3.2378   7.3973   9.2780

          k =-0.1276-0.6379 0.6379 (   564 PWs)   bands (ev):

    -0.7470   2.3611   6.3417   9.9916

          k = 0.0000-0.5103 0.5103 (   554 PWs)   bands (ev):

    -3.1478   5.4600   6.4278  11.2528

          k = 0.7655 0.0000 0.0000 (   568 PWs)   bands (ev):

    -2.5452   5.6482   8.3658   8.3658

          k =-0.1276-0.8930 0.8930 (   566 PWs)   bands (ev):

    -0.4892   3.4827   6.6674   8.1751

          k = 0.0000-0.7655 0.7655 (   572 PWs)   bands (ev):

     1.1458   2.3400   4.5496   8.7647

          k =-1.0206 0.0000 0.0000 (   588 PWs)   bands (ev):

     1.2782   1.2782   7.7782   7.7782

          k = 0.5103 0.2552 0.0000 (   561 PWs)   bands (ev):

    -4.8524   7.7242   8.6323  11.4096

          k =-0.3827-0.6379 0.8930 (   563 PWs)   bands (ev):

    -2.7289   4.2108   7.8777  10.1286

          k =-0.2552-0.5103 0.7655 (   560 PWs)   bands (ev):

    -0.6401   1.4975   7.8677   9.4696

          k =-0.2552-0.7655 1.0206 (   567 PWs)   bands (ev):

    -2.0074   5.2096   7.0594   8.1402

          k =-0.1276-0.6379 0.8930 (   561 PWs)   bands (ev):

     0.3287   2.9059   5.5847   7.7124

          k = 0.0000-0.5103 0.7655 (   561 PWs)   bands (ev):

    -0.5121   3.7266   5.0761   8.6474

          k =-1.0206 0.2552 0.0000 (   568 PWs)   bands (ev):

     1.6524   1.6524   6.6990   6.6990

          k =-1.0206 0.5103 0.0000 (   560 PWs)   bands (ev):

     2.1736   2.1736   5.6002   5.6002

!    total energy              =     -22.76682383 Ry
     Harris-Foulkes estimate   =     -22.76682383 Ry
     estimated scf accuracy    <          8.1E-10 Ry

     The total energy is the sum of the following terms:

     one-electron contribution =       8.68173920 Ry
     hartree contribution      =       1.87093578 Ry
     xc contribution           =      -7.22177147 Ry
     ewald contribution        =     -26.09772734 Ry

     convergence has been achieved in   6 iterations

     Forces acting on atoms (Ry/au):

     atom   1 type  1   force =     0.00000000    0.00000000    0.00000000
     atom   2 type  1   force =     0.00000000    0.00000000    0.00000000

     Total force =     0.000000     Total SCF correction =     0.000000


     entering subroutine stress ...

          total   stress  (Ry/bohr**3)                   (kbar)     P=  295.77
   0.00201063   0.00000000   0.00000000        295.77      0.00      0.00
   0.00000000   0.00201063   0.00000000          0.00    295.77      0.00
   0.00000000   0.00000000   0.00201063          0.00      0.00    295.77


     BFGS Geometry Optimization

     bfgs converged in   1 scf cycles and   0 bfgs steps
     (criteria: energy < 0.10E-08, force < 0.10E-05)

     End of BFGS Geometry Optimization

     Final energy   =     -22.7668238302 Ry

ATOMIC_POSITIONS (crystal)
C        0.000000000   0.000000000   0.000000000
C        0.250000000   0.250000000   0.250000000



     Writing output data file pwscf.save
 
     PWSCF        :     2.76s CPU time,    3.31s wall time

     init_run     :     0.32s CPU
     electrons    :     2.03s CPU
     forces       :     0.03s CPU
     stress       :     0.12s CPU

     Called by init_run:
     wfcinit      :     0.13s CPU
     potinit      :     0.03s CPU

     Called by electrons:
     c_bands      :     1.53s CPU (       6 calls,   0.255 s avg)
     sum_band     :     0.23s CPU (       6 calls,   0.038 s avg)
     v_of_rho     :     0.13s CPU (       7 calls,   0.019 s avg)
     newd         :     0.04s CPU (       7 calls,   0.006 s avg)
     mix_rho      :     0.02s CPU (       6 calls,   0.003 s avg)

     Called by c_bands:
     init_us_2    :     0.03s CPU (     435 calls,   0.000 s avg)
     cegterg      :     1.47s CPU (     174 calls,   0.008 s avg)

     Called by *egterg:
     h_psi        :     0.41s CPU (     525 calls,   0.001 s avg)
     s_psi        :     0.01s CPU (     525 calls,   0.000 s avg)
     g_psi        :     0.00s CPU (     322 calls,   0.000 s avg)
     cdiaghg      :     0.90s CPU (     496 calls,   0.002 s avg)

     Called by h_psi:
     add_vuspsi   :     0.00s CPU (     525 calls,   0.000 s avg)

     General routines
     calbec       :     0.02s CPU (     757 calls,   0.000 s avg)
     cft3s        :     0.52s CPU (    5027 calls,   0.000 s avg)
     interpolate  :     0.01s CPU (      13 calls,   0.001 s avg)
     davcio       :     0.11s CPU (     609 calls,   0.000 s avg)
 
     Parallel routines
     fft_scatter  :     0.12s CPU (    5027 calls,   0.000 s avg)
