
     Program PWSCF     v.4.1.1  starts ...
     Today is 25Nov2010 at 15:43:36 

     Parallel version (MPI)

     Number of processors in use:       4
     R & G space division:  proc/pool =    4

     For Norm-Conserving or Ultrasoft (Vanderbilt) Pseudopotentials or PAW

     Current dimensions of program pwscf are:
     Max number of different atomic species (ntypx) = 10
     Max number of k-points (npk) =  40000
     Max angular momentum in pseudopotentials (lmaxx) =  3
     Waiting for input...
     file C.pbe-rrkjus.UPF: wavefunction(s)  2S 2P renormalized

     Subspace diagonalization in iterative solution of the eigenvalue problem:
     a parallel distributed memory algorithm will be used,
     eigenstates matrixes will be distributed block like on
     ortho sub-group =    2*   2 procs


     Planes per process (thick) : nr3 = 36 npp =   9 ncplane = 1296
     Planes per process (smooth): nr3s= 24 npps=   6 ncplanes=  576
 
     Proc/  planes cols     G    planes cols    G      columns  G
     Pool       (dense grid)       (smooth grid)      (wavefct grid)
        1     9    186     3408    6     95     1236     30      235
        2     9    186     3408    6     95     1226     31      238
        3     9    187     3412    6     94     1224     30      234
        4     9    186     3407    6     95     1223     30      234
     tot     36    745    13635   24    379     4909    121      941
 


     bravais-lattice index     =            0
     lattice parameter (a_0)   =       6.7413  a.u.
     unit-cell volume          =      76.6121 (a.u.)^3
     number of atoms/cell      =            2
     number of atomic types    =            1
     number of electrons       =         8.00
     number of Kohn-Sham states=            4
     kinetic-energy cutoff     =      60.0000  Ry
     charge density cutoff     =     480.0000  Ry
     convergence threshold     =      1.0E-08
     mixing beta               =       0.7000
     number of iterations used =            8  plain     mixing
     Exchange-correlation      =  SLA  PW   PBE  PBE (1434)
     nstep                     =           50


     celldm(1)=   6.741280  celldm(2)=   0.000000  celldm(3)=   0.000000
     celldm(4)=   0.000000  celldm(5)=   0.000000  celldm(6)=   0.000000

     crystal axes: (cart. coord. in units of a_0)
               a(1) = (  0.000000  0.500050  0.500050 )  
               a(2) = (  0.500050  0.000000  0.500050 )  
               a(3) = (  0.500050  0.500050  0.000000 )  

     reciprocal axes: (cart. coord. in units 2 pi/a_0)
               b(1) = ( -0.999900  0.999900  0.999900 )  
               b(2) = (  0.999900 -0.999900  0.999900 )  
               b(3) = (  0.999900  0.999900 -0.999900 )  


     PseudoPot. # 1 for C  read from file C.pbe-rrkjus.UPF
     Pseudo is Ultrasoft, Zval =  4.0
     Generated by new atomic code, or converted to UPF format
     Using radial grid of  627 points,  4 beta functions with: 
                l(1) =   0
                l(2) =   0
                l(3) =   1
                l(4) =   1
     Q(r) pseudized with 0 coefficients 


     atomic species   valence    mass     pseudopotential
        C              4.00    12.01070     C ( 1.00)

     48 Sym.Ops. (with inversion)


   Cartesian axes

     site n.     atom                  positions (a_0 units)
         1           C   tau(  1) = (   0.0000000   0.0000000   0.0000000  )
         2           C   tau(  2) = (   0.2500250   0.2500250   0.2500250  )

     number of k points=   29
                       cart. coord. in units 2pi/a_0
        k(    1) = (   0.0000000   0.0000000   0.0000000), wk =   0.0039062
        k(    2) = (   0.1249875   0.1249875  -0.1249875), wk =   0.0312500
        k(    3) = (   0.2499750   0.2499750  -0.2499750), wk =   0.0312500
        k(    4) = (   0.3749625   0.3749625  -0.3749625), wk =   0.0312500
        k(    5) = (  -0.4999500  -0.4999500   0.4999500), wk =   0.0156250
        k(    6) = (   0.2499750   0.0000000   0.0000000), wk =   0.0234375
        k(    7) = (   0.3749625   0.1249875  -0.1249875), wk =   0.0937500
        k(    8) = (   0.4999500   0.2499750  -0.2499750), wk =   0.0937500
        k(    9) = (  -0.3749625  -0.6249375   0.6249375), wk =   0.0937500
        k(   10) = (  -0.2499750  -0.4999500   0.4999500), wk =   0.0937500
        k(   11) = (  -0.1249875  -0.3749625   0.3749625), wk =   0.0937500
        k(   12) = (   0.0000000  -0.2499750   0.2499750), wk =   0.0468750
        k(   13) = (   0.4999500   0.0000000   0.0000000), wk =   0.0234375
        k(   14) = (   0.6249375   0.1249875  -0.1249875), wk =   0.0937500
        k(   15) = (  -0.2499750  -0.7499250   0.7499250), wk =   0.0937500
        k(   16) = (  -0.1249875  -0.6249375   0.6249375), wk =   0.0937500
        k(   17) = (   0.0000000  -0.4999500   0.4999500), wk =   0.0468750
        k(   18) = (   0.7499250   0.0000000   0.0000000), wk =   0.0234375
        k(   19) = (  -0.1249875  -0.8749125   0.8749125), wk =   0.0937500
        k(   20) = (   0.0000000  -0.7499250   0.7499250), wk =   0.0468750
        k(   21) = (  -0.9999000   0.0000000   0.0000000), wk =   0.0117188
        k(   22) = (   0.4999500   0.2499750   0.0000000), wk =   0.0937500
        k(   23) = (  -0.3749625  -0.6249375   0.8749125), wk =   0.1875000
        k(   24) = (  -0.2499750  -0.4999500   0.7499250), wk =   0.0937500
        k(   25) = (  -0.2499750  -0.7499250   0.9999000), wk =   0.0937500
        k(   26) = (  -0.1249875  -0.6249375   0.8749125), wk =   0.1875000
        k(   27) = (   0.0000000  -0.4999500   0.7499250), wk =   0.0937500
        k(   28) = (  -0.9999000   0.2499750   0.0000000), wk =   0.0468750
        k(   29) = (  -0.9999000   0.4999500   0.0000000), wk =   0.0234375

     G cutoff =  552.5432  (  13635 G-vectors)     FFT grid: ( 36, 36, 36)
     G cutoff =  276.2716  (   4909 G-vectors)  smooth grid: ( 24, 24, 24)

     Largest allocated arrays     est. size (Mb)     dimensions
        Kohn-Sham Wavefunctions         0.01 Mb     (    158,   4)
        NL pseudopotentials             0.04 Mb     (    158,  16)
        Each V/rho on FFT grid          0.18 Mb     (  11664)
        Each G-vector array             0.03 Mb     (   3408)
        G-vector shells                 0.00 Mb     (    184)
     Largest temporary arrays     est. size (Mb)     dimensions
        Auxiliary wavefunctions         0.04 Mb     (    158,  16)
        Each subspace H/S matrix        0.00 Mb     (     16,  16)
        Each <psi_i|beta_j> matrix      0.00 Mb     (     16,   4)
        Arrays for rho mixing           1.42 Mb     (  11664,   8)

     Initial potential from superposition of free atoms

     starting charge    7.99989, renormalised to    8.00000
     Starting wfc are    8 atomic wfcs

     total cpu time spent up to now is      0.40 secs

     per-process dynamical memory:    54.9 Mb

     Self-consistent Calculation

     iteration #  1     ecut=    60.00 Ry     beta=0.70
     Davidson diagonalization with overlap
     ethr =  1.00E-02,  avg # of iterations =  2.0

     total cpu time spent up to now is      0.73 secs

     total energy              =     -22.76289723 Ry
     Harris-Foulkes estimate   =     -22.81569452 Ry
     estimated scf accuracy    <       0.11807118 Ry

     iteration #  2     ecut=    60.00 Ry     beta=0.70
     Davidson diagonalization with overlap
     ethr =  1.48E-03,  avg # of iterations =  1.1

     total cpu time spent up to now is      0.98 secs

     total energy              =     -22.77058646 Ry
     Harris-Foulkes estimate   =     -22.77095917 Ry
     estimated scf accuracy    <       0.00272941 Ry

     iteration #  3     ecut=    60.00 Ry     beta=0.70
     Davidson diagonalization with overlap
     ethr =  3.41E-05,  avg # of iterations =  2.1

     total cpu time spent up to now is      1.34 secs

     total energy              =     -22.77117632 Ry
     Harris-Foulkes estimate   =     -22.77116023 Ry
     estimated scf accuracy    <       0.00004353 Ry

     iteration #  4     ecut=    60.00 Ry     beta=0.70
     Davidson diagonalization with overlap
     ethr =  5.44E-07,  avg # of iterations =  2.0

     total cpu time spent up to now is      1.70 secs

     total energy              =     -22.77119108 Ry
     Harris-Foulkes estimate   =     -22.77119120 Ry
     estimated scf accuracy    <       0.00000331 Ry

     iteration #  5     ecut=    60.00 Ry     beta=0.70
     Davidson diagonalization with overlap
     ethr =  4.13E-08,  avg # of iterations =  2.1

     total cpu time spent up to now is      2.07 secs

     total energy              =     -22.77119172 Ry
     Harris-Foulkes estimate   =     -22.77119175 Ry
     estimated scf accuracy    <       0.00000014 Ry

     iteration #  6     ecut=    60.00 Ry     beta=0.70
     Davidson diagonalization with overlap
     ethr =  1.71E-09,  avg # of iterations =  1.9

     total cpu time spent up to now is      2.39 secs

     End of self-consistent calculation

          k = 0.0000 0.0000 0.0000 (   609 PWs)   bands (ev):

    -8.1055  13.3037  13.3037  13.3037

          k = 0.1250 0.1250-0.1250 (   591 PWs)   bands (ev):

    -7.6743  10.9022  12.6541  12.6541

          k = 0.2500 0.2500-0.2500 (   595 PWs)   bands (ev):

    -6.3938   6.7419  11.5642  11.5642

          k = 0.3750 0.3750-0.3750 (   601 PWs)   bands (ev):

    -4.3317   2.6715  10.7841  10.7841

          k =-0.5000-0.5000 0.5000 (   610 PWs)   bands (ev):

    -2.3382  -0.0254  10.5124  10.5124

          k = 0.2500 0.0000 0.0000 (   597 PWs)   bands (ev):

    -7.5308  11.5858  11.5858  11.9883

          k = 0.3750 0.1250-0.1250 (   593 PWs)   bands (ev):

    -6.5336   8.2398  10.4394  11.2837

          k = 0.5000 0.2500-0.2500 (   601 PWs)   bands (ev):

    -4.7253   4.2263   9.7932  10.1212

          k =-0.3750-0.6249 0.6249 (   598 PWs)   bands (ev):

    -2.3958   0.7940   9.1716   9.7914

          k =-0.2500-0.5000 0.5000 (   602 PWs)   bands (ev):

    -3.1654   1.7969   8.7419  10.4048

          k =-0.1250-0.3750 0.3750 (   603 PWs)   bands (ev):

    -5.4138   5.5728   8.9577  11.4707

          k = 0.0000-0.2500 0.2500 (   582 PWs)   bands (ev):

    -6.9599   9.3398  10.0670  12.5489

          k = 0.5000 0.0000 0.0000 (   592 PWs)   bands (ev):

    -5.8257   8.8140   9.1967   9.1967

          k = 0.6249 0.1250-0.1250 (   603 PWs)   bands (ev):

    -4.2987   5.8205   8.1041   8.4684

          k =-0.2500-0.7499 0.7499 (   602 PWs)   bands (ev):

    -2.0951   2.5595   6.5919   8.4434

          k =-0.1250-0.6249 0.6249 (   599 PWs)   bands (ev):

    -1.3977   1.7591   5.5921   9.1147

          k = 0.0000-0.5000 0.5000 (   602 PWs)   bands (ev):

    -3.6467   4.6411   5.7259  10.3022

          k = 0.7499 0.0000 0.0000 (   608 PWs)   bands (ev):

    -3.0616   4.7591   7.5833   7.5833

          k =-0.1250-0.8749 0.8749 (   609 PWs)   bands (ev):

    -1.1035   2.6787   5.9868   7.4012

          k = 0.0000-0.7499 0.7499 (   594 PWs)   bands (ev):

     0.3798   1.6182   4.0192   7.9576

          k =-0.9999 0.0000 0.0000 (   620 PWs)   bands (ev):

     0.5895   0.5895   7.0254   7.0254

          k = 0.5000 0.2500 0.0000 (   597 PWs)   bands (ev):

    -5.2706   6.8241   7.8246  10.4286

          k =-0.3750-0.6249 0.8749 (   605 PWs)   bands (ev):

    -3.2488   3.4972   7.0514   9.2382

          k =-0.2500-0.5000 0.7499 (   602 PWs)   bands (ev):

    -1.3299   0.9833   7.0177   8.6330

          k =-0.2500-0.7499 0.9999 (   603 PWs)   bands (ev):

    -2.5535   4.3327   6.3364   7.3847

          k =-0.1250-0.6249 0.8749 (   604 PWs)   bands (ev):

    -0.3638   2.1809   4.9234   6.9783

          k = 0.0000-0.5000 0.7499 (   600 PWs)   bands (ev):

    -1.1538   2.9413   4.4680   7.8504

          k =-0.9999 0.2500 0.0000 (   610 PWs)   bands (ev):

     0.9270   0.9270   6.0153   6.0153

          k =-0.9999 0.5000 0.0000 (   604 PWs)   bands (ev):

     1.3802   1.3802   5.0102   5.0102

!    total energy              =     -22.77119173 Ry
     Harris-Foulkes estimate   =     -22.77119173 Ry
     estimated scf accuracy    <          4.6E-10 Ry

     The total energy is the sum of the following terms:

     one-electron contribution =       7.98424925 Ry
     hartree contribution      =       1.93250336 Ry
     xc contribution           =      -7.12005483 Ry
     ewald contribution        =     -25.56788952 Ry

     convergence has been achieved in   6 iterations

     Forces acting on atoms (Ry/au):

     atom   1 type  1   force =     0.00000000    0.00000000    0.00000000
     atom   2 type  1   force =     0.00000000    0.00000000    0.00000000

     Total force =     0.000000     Total SCF correction =     0.000000


     entering subroutine stress ...

          total   stress  (Ry/bohr**3)                   (kbar)     P=   -1.24
  -0.00000844   0.00000000   0.00000000         -1.24      0.00      0.00
   0.00000000  -0.00000844   0.00000000          0.00     -1.24      0.00
   0.00000000   0.00000000  -0.00000844          0.00      0.00     -1.24


     BFGS Geometry Optimization

     bfgs converged in   1 scf cycles and   0 bfgs steps
     (criteria: energy < 0.10E-08, force < 0.10E-05)

     End of BFGS Geometry Optimization

     Final energy   =     -22.7711917326 Ry

ATOMIC_POSITIONS (crystal)
C        0.000000000   0.000000000   0.000000000
C        0.250000000   0.250000000   0.250000000



     Writing output data file pwscf.save
 
     PWSCF        :     2.71s CPU time,    4.45s wall time

     init_run     :     0.32s CPU
     electrons    :     1.99s CPU
     forces       :     0.03s CPU
     stress       :     0.13s CPU

     Called by init_run:
     wfcinit      :     0.13s CPU
     potinit      :     0.03s CPU

     Called by electrons:
     c_bands      :     1.48s CPU (       6 calls,   0.246 s avg)
     sum_band     :     0.24s CPU (       6 calls,   0.039 s avg)
     v_of_rho     :     0.14s CPU (       7 calls,   0.020 s avg)
     newd         :     0.04s CPU (       7 calls,   0.005 s avg)
     mix_rho      :     0.02s CPU (       6 calls,   0.003 s avg)

     Called by c_bands:
     init_us_2    :     0.04s CPU (     435 calls,   0.000 s avg)
     cegterg      :     1.37s CPU (     174 calls,   0.008 s avg)

     Called by *egterg:
     h_psi        :     0.41s CPU (     527 calls,   0.001 s avg)
     s_psi        :     0.01s CPU (     527 calls,   0.000 s avg)
     g_psi        :     0.00s CPU (     324 calls,   0.000 s avg)
     cdiaghg      :     0.73s CPU (     498 calls,   0.001 s avg)

     Called by h_psi:
     add_vuspsi   :     0.01s CPU (     527 calls,   0.000 s avg)

     General routines
     calbec       :     0.02s CPU (     759 calls,   0.000 s avg)
     cft3s        :     0.48s CPU (    5019 calls,   0.000 s avg)
     interpolate  :     0.00s CPU (      13 calls,   0.000 s avg)
     davcio       :     0.15s CPU (     609 calls,   0.000 s avg)
 
     Parallel routines
     fft_scatter  :     0.12s CPU (    5019 calls,   0.000 s avg)
