
     Program PWSCF     v.4.1.1  starts ...
     Today is 25Nov2010 at 15:43:57 

     Parallel version (MPI)

     Number of processors in use:       4
     R & G space division:  proc/pool =    4

     For Norm-Conserving or Ultrasoft (Vanderbilt) Pseudopotentials or PAW

     Current dimensions of program pwscf are:
     Max number of different atomic species (ntypx) = 10
     Max number of k-points (npk) =  40000
     Max angular momentum in pseudopotentials (lmaxx) =  3
     Waiting for input...
     file C.pbe-rrkjus.UPF: wavefunction(s)  2S 2P renormalized

     Subspace diagonalization in iterative solution of the eigenvalue problem:
     a parallel distributed memory algorithm will be used,
     eigenstates matrixes will be distributed block like on
     ortho sub-group =    2*   2 procs


     Planes per process (thick) : nr3 = 36 npp =   9 ncplane = 1296
     Planes per process (smooth): nr3s= 24 npps=   6 ncplanes=  576
 
     Proc/  planes cols     G    planes cols    G      columns  G
     Pool       (dense grid)       (smooth grid)      (wavefct grid)
        1     9    192     3583    6     95     1260     30      235
        2     9    192     3582    6     94     1251     31      238
        3     9    193     3585    6     95     1255     30      234
        4     9    192     3581    6     95     1263     30      234
     tot     36    769    14331   24    379     5029    121      941
 


     bravais-lattice index     =            0
     lattice parameter (a_0)   =       6.7413  a.u.
     unit-cell volume          =      81.2301 (a.u.)^3
     number of atoms/cell      =            2
     number of atomic types    =            1
     number of electrons       =         8.00
     number of Kohn-Sham states=            4
     kinetic-energy cutoff     =      60.0000  Ry
     charge density cutoff     =     480.0000  Ry
     convergence threshold     =      1.0E-08
     mixing beta               =       0.7000
     number of iterations used =            8  plain     mixing
     Exchange-correlation      =  SLA  PW   PBE  PBE (1434)
     nstep                     =           50


     celldm(1)=   6.741280  celldm(2)=   0.000000  celldm(3)=   0.000000
     celldm(4)=   0.000000  celldm(5)=   0.000000  celldm(6)=   0.000000

     crystal axes: (cart. coord. in units of a_0)
               a(1) = (  0.000000  0.509902  0.509902 )  
               a(2) = (  0.509902  0.000000  0.509902 )  
               a(3) = (  0.509902  0.509902  0.000000 )  

     reciprocal axes: (cart. coord. in units 2 pi/a_0)
               b(1) = ( -0.980581  0.980581  0.980581 )  
               b(2) = (  0.980581 -0.980581  0.980581 )  
               b(3) = (  0.980581  0.980581 -0.980581 )  


     PseudoPot. # 1 for C  read from file C.pbe-rrkjus.UPF
     Pseudo is Ultrasoft, Zval =  4.0
     Generated by new atomic code, or converted to UPF format
     Using radial grid of  627 points,  4 beta functions with: 
                l(1) =   0
                l(2) =   0
                l(3) =   1
                l(4) =   1
     Q(r) pseudized with 0 coefficients 


     atomic species   valence    mass     pseudopotential
        C              4.00    12.01070     C ( 1.00)

     48 Sym.Ops. (with inversion)


   Cartesian axes

     site n.     atom                  positions (a_0 units)
         1           C   tau(  1) = (   0.0000000   0.0000000   0.0000000  )
         2           C   tau(  2) = (   0.2549510   0.2549510   0.2549510  )

     number of k points=   29
                       cart. coord. in units 2pi/a_0
        k(    1) = (   0.0000000   0.0000000   0.0000000), wk =   0.0039062
        k(    2) = (   0.1225726   0.1225726  -0.1225726), wk =   0.0312500
        k(    3) = (   0.2451452   0.2451452  -0.2451452), wk =   0.0312500
        k(    4) = (   0.3677178   0.3677178  -0.3677178), wk =   0.0312500
        k(    5) = (  -0.4902903  -0.4902903   0.4902903), wk =   0.0156250
        k(    6) = (   0.2451452   0.0000000   0.0000000), wk =   0.0234375
        k(    7) = (   0.3677178   0.1225726  -0.1225726), wk =   0.0937500
        k(    8) = (   0.4902903   0.2451452  -0.2451452), wk =   0.0937500
        k(    9) = (  -0.3677178  -0.6128629   0.6128629), wk =   0.0937500
        k(   10) = (  -0.2451452  -0.4902903   0.4902903), wk =   0.0937500
        k(   11) = (  -0.1225726  -0.3677178   0.3677178), wk =   0.0937500
        k(   12) = (   0.0000000  -0.2451452   0.2451452), wk =   0.0468750
        k(   13) = (   0.4902903   0.0000000   0.0000000), wk =   0.0234375
        k(   14) = (   0.6128629   0.1225726  -0.1225726), wk =   0.0937500
        k(   15) = (  -0.2451452  -0.7354355   0.7354355), wk =   0.0937500
        k(   16) = (  -0.1225726  -0.6128629   0.6128629), wk =   0.0937500
        k(   17) = (   0.0000000  -0.4902903   0.4902903), wk =   0.0468750
        k(   18) = (   0.7354355   0.0000000   0.0000000), wk =   0.0234375
        k(   19) = (  -0.1225726  -0.8580081   0.8580081), wk =   0.0937500
        k(   20) = (   0.0000000  -0.7354355   0.7354355), wk =   0.0468750
        k(   21) = (  -0.9805807   0.0000000   0.0000000), wk =   0.0117188
        k(   22) = (   0.4902903   0.2451452   0.0000000), wk =   0.0937500
        k(   23) = (  -0.3677178  -0.6128629   0.8580081), wk =   0.1875000
        k(   24) = (  -0.2451452  -0.4902903   0.7354355), wk =   0.0937500
        k(   25) = (  -0.2451452  -0.7354355   0.9805807), wk =   0.0937500
        k(   26) = (  -0.1225726  -0.6128629   0.8580081), wk =   0.1875000
        k(   27) = (   0.0000000  -0.4902903   0.7354355), wk =   0.0937500
        k(   28) = (  -0.9805807   0.2451452   0.0000000), wk =   0.0468750
        k(   29) = (  -0.9805807   0.4902903   0.0000000), wk =   0.0234375

     G cutoff =  552.5432  (  14331 G-vectors)     FFT grid: ( 36, 36, 36)
     G cutoff =  276.2716  (   5029 G-vectors)  smooth grid: ( 24, 24, 24)

     Largest allocated arrays     est. size (Mb)     dimensions
        Kohn-Sham Wavefunctions         0.01 Mb     (    165,   4)
        NL pseudopotentials             0.04 Mb     (    165,  16)
        Each V/rho on FFT grid          0.18 Mb     (  11664)
        Each G-vector array             0.03 Mb     (   3583)
        G-vector shells                 0.00 Mb     (    189)
     Largest temporary arrays     est. size (Mb)     dimensions
        Auxiliary wavefunctions         0.04 Mb     (    165,  16)
        Each subspace H/S matrix        0.00 Mb     (     16,  16)
        Each <psi_i|beta_j> matrix      0.00 Mb     (     16,   4)
        Arrays for rho mixing           1.42 Mb     (  11664,   8)

     Initial potential from superposition of free atoms

     starting charge    7.99989, renormalised to    8.00000
     Starting wfc are    8 atomic wfcs

     total cpu time spent up to now is      0.40 secs

     per-process dynamical memory:    54.9 Mb

     Self-consistent Calculation

     iteration #  1     ecut=    60.00 Ry     beta=0.70
     Davidson diagonalization with overlap
     ethr =  1.00E-02,  avg # of iterations =  2.0

     total cpu time spent up to now is      0.74 secs

     total energy              =     -22.76003326 Ry
     Harris-Foulkes estimate   =     -22.80431200 Ry
     estimated scf accuracy    <       0.10298057 Ry

     iteration #  2     ecut=    60.00 Ry     beta=0.70
     Davidson diagonalization with overlap
     ethr =  1.29E-03,  avg # of iterations =  1.1

     total cpu time spent up to now is      1.00 secs

     total energy              =     -22.76692587 Ry
     Harris-Foulkes estimate   =     -22.76718156 Ry
     estimated scf accuracy    <       0.00254725 Ry

     iteration #  3     ecut=    60.00 Ry     beta=0.70
     Davidson diagonalization with overlap
     ethr =  3.18E-05,  avg # of iterations =  2.0

     total cpu time spent up to now is      1.36 secs

     total energy              =     -22.76741904 Ry
     Harris-Foulkes estimate   =     -22.76740243 Ry
     estimated scf accuracy    <       0.00004706 Ry

     iteration #  4     ecut=    60.00 Ry     beta=0.70
     Davidson diagonalization with overlap
     ethr =  5.88E-07,  avg # of iterations =  2.1

     total cpu time spent up to now is      1.74 secs

     total energy              =     -22.76743359 Ry
     Harris-Foulkes estimate   =     -22.76743371 Ry
     estimated scf accuracy    <       0.00000265 Ry

     iteration #  5     ecut=    60.00 Ry     beta=0.70
     Davidson diagonalization with overlap
     ethr =  3.31E-08,  avg # of iterations =  2.1

     total cpu time spent up to now is      2.11 secs

     total energy              =     -22.76743416 Ry
     Harris-Foulkes estimate   =     -22.76743419 Ry
     estimated scf accuracy    <       0.00000012 Ry

     iteration #  6     ecut=    60.00 Ry     beta=0.70
     Davidson diagonalization with overlap
     ethr =  1.49E-09,  avg # of iterations =  1.9

     total cpu time spent up to now is      2.44 secs

     End of self-consistent calculation

          k = 0.0000 0.0000 0.0000 (   609 PWs)   bands (ev):

    -8.3680  12.2771  12.2771  12.2771

          k = 0.1226 0.1226-0.1226 (   631 PWs)   bands (ev):

    -7.9539   9.9781  11.6673  11.6673

          k = 0.2451 0.2451-0.2451 (   631 PWs)   bands (ev):

    -6.7261   5.9820  10.6351  10.6351

          k = 0.3677 0.3677-0.3677 (   622 PWs)   bands (ev):

    -4.7598   2.0836   9.8920   9.8920

          k =-0.4903-0.4903 0.4903 (   628 PWs)   bands (ev):

    -2.9273  -0.4257   9.6326   9.6326

          k = 0.2451 0.0000 0.0000 (   629 PWs)   bands (ev):

    -7.8160  10.6675  10.6675  10.9593

          k = 0.3677 0.1226-0.1226 (   632 PWs)   bands (ev):

    -6.8594   7.4130   9.5815  10.3223

          k = 0.4903 0.2451-0.2451 (   629 PWs)   bands (ev):

    -5.1303   3.5623   8.9641   9.2211

          k =-0.3677-0.6129 0.6129 (   634 PWs)   bands (ev):

    -2.9479   0.3197   8.3241   8.9569

          k =-0.2451-0.4903 0.4903 (   632 PWs)   bands (ev):

    -3.6560   1.2524   7.9237   9.5340

          k =-0.1226-0.3677 0.3677 (   633 PWs)   bands (ev):

    -5.7877   4.8512   8.1409  10.5407

          k = 0.0000-0.2451 0.2451 (   620 PWs)   bands (ev):

    -7.2684   8.4501   9.2263  11.5593

          k = 0.4903 0.0000 0.0000 (   632 PWs)   bands (ev):

    -6.1798   7.8491   8.4061   8.4061

          k = 0.6129 0.1226-0.1226 (   635 PWs)   bands (ev):

    -4.7177   5.0271   7.3168   7.7130

          k =-0.2451-0.7354 0.7354 (   643 PWs)   bands (ev):

    -2.6279   1.9385   5.8668   7.6859

          k =-0.1226-0.6129 0.6129 (   641 PWs)   bands (ev):

    -1.9900   1.2062   4.9186   8.3189

          k = 0.0000-0.4903 0.4903 (   636 PWs)   bands (ev):

    -4.1007   3.8931   5.0937   9.4397

          k = 0.7354 0.0000 0.0000 (   632 PWs)   bands (ev):

    -3.5312   3.9477   6.8731   6.8731

          k =-0.1226-0.8580 0.8580 (   644 PWs)   bands (ev):

    -1.6635   1.9464   5.3698   6.6989

          k = 0.0000-0.7354 0.7354 (   632 PWs)   bands (ev):

    -0.3124   0.9594   3.5360   7.2251

          k =-0.9806 0.0000 0.0000 (   636 PWs)   bands (ev):

    -0.0389  -0.0389   6.3424   6.3424

          k = 0.4903 0.2451 0.0000 (   634 PWs)   bands (ev):

    -5.6492   6.0003   7.0934   9.5403

          k =-0.3677-0.6129 0.8580 (   640 PWs)   bands (ev):

    -3.7224   2.8450   6.3054   8.4312

          k =-0.2451-0.4903 0.7354 (   638 PWs)   bands (ev):

    -1.9520   0.5078   6.2508   7.8731

          k =-0.2451-0.7354 0.9806 (   652 PWs)   bands (ev):

    -3.0509   3.5338   5.6830   6.6982

          k =-0.1226-0.6129 0.8580 (   643 PWs)   bands (ev):

    -0.9940   1.5133   4.3326   6.3122

          k = 0.0000-0.4903 0.7354 (   647 PWs)   bands (ev):

    -1.7391   2.2242   3.9213   7.1279

          k =-0.9806 0.2451 0.0000 (   642 PWs)   bands (ev):

     0.2655   0.2655   5.3961   5.3961

          k =-0.9806 0.4903 0.0000 (   648 PWs)   bands (ev):

     0.6617   0.6617   4.4727   4.4727

!    total energy              =     -22.76743418 Ry
     Harris-Foulkes estimate   =     -22.76743418 Ry
     estimated scf accuracy    <          2.1E-10 Ry

     The total energy is the sum of the following terms:

     one-electron contribution =       7.33974689 Ry
     hartree contribution      =       1.99307864 Ry
     xc contribution           =      -7.02637432 Ry
     ewald contribution        =     -25.07388539 Ry

     convergence has been achieved in   6 iterations

     Forces acting on atoms (Ry/au):

     atom   1 type  1   force =     0.00000000    0.00000000    0.00000000
     atom   2 type  1   force =     0.00000000    0.00000000    0.00000000

     Total force =     0.000000     Total SCF correction =     0.000000


     entering subroutine stress ...

          total   stress  (Ry/bohr**3)                   (kbar)     P= -227.80
  -0.00154855   0.00000000   0.00000000       -227.80      0.00      0.00
   0.00000000  -0.00154855   0.00000000          0.00   -227.80      0.00
   0.00000000   0.00000000  -0.00154855          0.00      0.00   -227.80


     BFGS Geometry Optimization

     bfgs converged in   1 scf cycles and   0 bfgs steps
     (criteria: energy < 0.10E-08, force < 0.10E-05)

     End of BFGS Geometry Optimization

     Final energy   =     -22.7674341755 Ry

ATOMIC_POSITIONS (crystal)
C        0.000000000   0.000000000   0.000000000
C        0.250000000   0.250000000   0.250000000



     Writing output data file pwscf.save
 
     PWSCF        :     2.77s CPU time,    3.34s wall time

     init_run     :     0.32s CPU
     electrons    :     2.04s CPU
     forces       :     0.03s CPU
     stress       :     0.13s CPU

     Called by init_run:
     wfcinit      :     0.13s CPU
     potinit      :     0.03s CPU

     Called by electrons:
     c_bands      :     1.52s CPU (       6 calls,   0.254 s avg)
     sum_band     :     0.25s CPU (       6 calls,   0.041 s avg)
     v_of_rho     :     0.14s CPU (       7 calls,   0.020 s avg)
     newd         :     0.04s CPU (       7 calls,   0.006 s avg)
     mix_rho      :     0.01s CPU (       6 calls,   0.002 s avg)

     Called by c_bands:
     init_us_2    :     0.05s CPU (     435 calls,   0.000 s avg)
     cegterg      :     1.44s CPU (     174 calls,   0.008 s avg)

     Called by *egterg:
     h_psi        :     0.57s CPU (     532 calls,   0.001 s avg)
     s_psi        :     0.03s CPU (     532 calls,   0.000 s avg)
     g_psi        :     0.00s CPU (     329 calls,   0.000 s avg)
     cdiaghg      :     0.77s CPU (     503 calls,   0.002 s avg)

     Called by h_psi:
     add_vuspsi   :     0.02s CPU (     532 calls,   0.000 s avg)

     General routines
     calbec       :     0.02s CPU (     764 calls,   0.000 s avg)
     cft3s        :     0.59s CPU (    5021 calls,   0.000 s avg)
     interpolate  :     0.00s CPU (      13 calls,   0.000 s avg)
     davcio       :     0.17s CPU (     609 calls,   0.000 s avg)
 
     Parallel routines
     fft_scatter  :     0.17s CPU (    5021 calls,   0.000 s avg)
