
     Program PWSCF     v.4.1.1  starts ...
     Today is 25Nov2010 at 15:45:32 

     Parallel version (MPI)

     Number of processors in use:       4
     R & G space division:  proc/pool =    4

     For Norm-Conserving or Ultrasoft (Vanderbilt) Pseudopotentials or PAW

     Current dimensions of program pwscf are:
     Max number of different atomic species (ntypx) = 10
     Max number of k-points (npk) =  40000
     Max angular momentum in pseudopotentials (lmaxx) =  3
     Waiting for input...
     file C.pbe-rrkjus.UPF: wavefunction(s)  2S 2P renormalized

     Subspace diagonalization in iterative solution of the eigenvalue problem:
     a parallel distributed memory algorithm will be used,
     eigenstates matrixes will be distributed block like on
     ortho sub-group =    2*   2 procs

     warning: symmetry operation #  2 not compatible with FFT grid. 
   0   1  -1
   1   0  -1
   0   0  -1
     warning: symmetry operation #  3 not compatible with FFT grid. 
   0  -1   1
   0  -1   0
   1  -1   0
     warning: symmetry operation #  4 not compatible with FFT grid. 
  -1   0   0
  -1   0   1
  -1   1   0
     warning: symmetry operation #  5 not compatible with FFT grid. 
  -1   0   1
   0  -1   1
   0   0   1
     warning: symmetry operation #  6 not allowed.   fractional translation:
      -0.2500000 -0.2500000 -0.2500000  in crystal coordinates
     warning: symmetry operation #  7 not compatible with FFT grid. 
   0   1   0
   0   1  -1
  -1   1   0
     warning: symmetry operation #  8 not compatible with FFT grid. 
   1   0  -1
   1   0   0
   1  -1   0
     warning: symmetry operation #  9 not allowed.   fractional translation:
      -0.2500000 -0.2500000 -0.2500000  in crystal coordinates
     warning: symmetry operation # 10 not compatible with FFT grid. 
   0  -1   1
  -1   0   1
   0   0   1
     warning: symmetry operation # 11 not compatible with FFT grid. 
   0   1  -1
   0   1   0
  -1   1   0
     warning: symmetry operation # 12 not compatible with FFT grid. 
   1   0   0
   1   0  -1
   1  -1   0
     warning: symmetry operation # 13 not compatible with FFT grid. 
   1   0  -1
   0   1  -1
   0   0  -1
     warning: symmetry operation # 15 not compatible with FFT grid. 
   0  -1   0
   0  -1   1
   1  -1   0
     warning: symmetry operation # 16 not compatible with FFT grid. 
  -1   0   1
  -1   0   0
  -1   1   0

     Planes per process (thick) : nr3 = 30 npp =   8 ncplane = 1056
     Planes per process (smooth): nr3s= 22 npps=   6 ncplanes=  576
 
     Proc/  planes cols     G    planes cols    G      columns  G
     Pool       (dense grid)       (smooth grid)      (wavefct grid)
        1     8    161     2716    6     82      965     28      197
        2     8    161     2717    6     82      967     28      197
        3     7    161     2716    5     83      970     28      197
        4     7    162     2718    5     82      963     29      198
     tot     30    645    10867   22    329     3865    113      789
 


     bravais-lattice index     =            0
     lattice parameter (a_0)   =       6.7413  a.u.
     unit-cell volume          =      61.2713 (a.u.)^3
     number of atoms/cell      =            2
     number of atomic types    =            1
     number of electrons       =         8.00
     number of Kohn-Sham states=            4
     kinetic-energy cutoff     =      60.0000  Ry
     charge density cutoff     =     480.0000  Ry
     convergence threshold     =      1.0E-08
     mixing beta               =       0.7000
     number of iterations used =            8  plain     mixing
     Exchange-correlation      =  SLA  PW   PBE  PBE (1434)
     nstep                     =           50


     celldm(1)=   6.741280  celldm(2)=   0.000000  celldm(3)=   0.000000
     celldm(4)=   0.000000  celldm(5)=   0.000000  celldm(6)=   0.000000

     crystal axes: (cart. coord. in units of a_0)
               a(1) = (  0.000000  0.447214  0.500000 )  
               a(2) = (  0.447214  0.000000  0.500000 )  
               a(3) = (  0.447214  0.447214  0.000000 )  

     reciprocal axes: (cart. coord. in units 2 pi/a_0)
               b(1) = ( -1.118034  1.118034  1.000000 )  
               b(2) = (  1.118034 -1.118034  1.000000 )  
               b(3) = (  1.118034  1.118034 -1.000000 )  


     PseudoPot. # 1 for C  read from file C.pbe-rrkjus.UPF
     Pseudo is Ultrasoft, Zval =  4.0
     Generated by new atomic code, or converted to UPF format
     Using radial grid of  627 points,  4 beta functions with: 
                l(1) =   0
                l(2) =   0
                l(3) =   1
                l(4) =   1
     Q(r) pseudized with 0 coefficients 


     atomic species   valence    mass     pseudopotential
        C              4.00    12.01070     C ( 1.00)

      2 Sym.Ops. (no inversion)


   Cartesian axes

     site n.     atom                  positions (a_0 units)
         1           C   tau(  1) = (   0.0000000   0.0000000   0.0000000  )
         2           C   tau(  2) = (   0.2236068   0.2236068   0.2500000  )

     number of k points=  150
                       cart. coord. in units 2pi/a_0
        k(    1) = (   0.0000000   0.0000000   0.0000000), wk =   0.0039062
        k(    2) = (   0.1397542   0.1397542  -0.1250000), wk =   0.0078125
        k(    3) = (   0.2795085   0.2795085  -0.2500000), wk =   0.0078125
        k(    4) = (   0.4192627   0.4192627  -0.3750000), wk =   0.0078125
        k(    5) = (  -0.5590170  -0.5590170   0.5000000), wk =   0.0039062
        k(    6) = (   0.2795085   0.0000000   0.0000000), wk =   0.0156250
        k(    7) = (   0.4192627   0.1397542  -0.1250000), wk =   0.0156250
        k(    8) = (   0.5590170   0.2795085  -0.2500000), wk =   0.0156250
        k(    9) = (  -0.4192627  -0.6987712   0.6250000), wk =   0.0156250
        k(   10) = (  -0.2795085  -0.5590170   0.5000000), wk =   0.0156250
        k(   11) = (  -0.1397542  -0.4192627   0.3750000), wk =   0.0156250
        k(   12) = (   0.0000000  -0.2795085   0.2500000), wk =   0.0156250
        k(   13) = (   0.5590170   0.0000000   0.0000000), wk =   0.0156250
        k(   14) = (   0.6987712   0.1397542  -0.1250000), wk =   0.0156250
        k(   15) = (  -0.2795085  -0.8385255   0.7500000), wk =   0.0156250
        k(   16) = (  -0.1397542  -0.6987712   0.6250000), wk =   0.0156250
        k(   17) = (   0.0000000  -0.5590170   0.5000000), wk =   0.0156250
        k(   18) = (   0.8385255   0.0000000   0.0000000), wk =   0.0156250
        k(   19) = (  -0.1397542  -0.9782797   0.8750000), wk =   0.0156250
        k(   20) = (   0.0000000  -0.8385255   0.7500000), wk =   0.0156250
        k(   21) = (  -1.1180340   0.0000000   0.0000000), wk =   0.0078125
        k(   22) = (   0.0000000   0.0000000   0.2500000), wk =   0.0078125
        k(   23) = (   0.2795085   0.2795085   0.0000000), wk =   0.0078125
        k(   24) = (   0.4192627   0.4192627  -0.1250000), wk =   0.0078125
        k(   25) = (  -0.5590170  -0.5590170   0.7500000), wk =   0.0078125
        k(   26) = (  -0.4192627  -0.4192627   0.6250000), wk =   0.0078125
        k(   27) = (  -0.2795085  -0.2795085   0.5000000), wk =   0.0078125
        k(   28) = (  -0.1397542  -0.1397542   0.3750000), wk =   0.0078125
        k(   29) = (   0.5590170   0.2795085   0.0000000), wk =   0.0156250
        k(   30) = (  -0.4192627  -0.6987712   0.8750000), wk =   0.0156250
        k(   31) = (  -0.2795085  -0.5590170   0.7500000), wk =   0.0156250
        k(   32) = (  -0.1397542  -0.4192627   0.6250000), wk =   0.0156250
        k(   33) = (   0.0000000  -0.2795085   0.5000000), wk =   0.0156250
        k(   34) = (   0.5590170   0.0000000   0.2500000), wk =   0.0156250
        k(   35) = (  -0.2795085  -0.8385255   1.0000000), wk =   0.0156250
        k(   36) = (  -0.1397542  -0.6987712   0.8750000), wk =   0.0156250
        k(   37) = (   0.0000000  -0.5590170   0.7500000), wk =   0.0156250
        k(   38) = (  -0.4192627   0.9782797  -0.6250000), wk =   0.0156250
        k(   39) = (  -0.2795085   1.1180340  -0.7500000), wk =   0.0156250
        k(   40) = (  -1.1180340   0.2795085   0.0000000), wk =   0.0156250
        k(   41) = (  -0.2795085   0.8385255  -0.5000000), wk =   0.0156250
        k(   42) = (  -0.1397542   0.9782797  -0.6250000), wk =   0.0156250
        k(   43) = (  -1.1180340   0.0000000   0.2500000), wk =   0.0156250
        k(   44) = (   0.0000000   0.8385255  -0.5000000), wk =   0.0156250
        k(   45) = (   0.0000000   0.0000000   0.5000000), wk =   0.0078125
        k(   46) = (  -0.5590170  -0.5590170   1.0000000), wk =   0.0078125
        k(   47) = (  -0.4192627  -0.4192627   0.8750000), wk =   0.0078125
        k(   48) = (  -0.2795085  -0.2795085   0.7500000), wk =   0.0078125
        k(   49) = (  -0.1397542  -0.1397542   0.6250000), wk =   0.0078125
        k(   50) = (  -0.2795085  -0.5590170   1.0000000), wk =   0.0156250
        k(   51) = (  -0.1397542  -0.4192627   0.8750000), wk =   0.0156250
        k(   52) = (   0.0000000  -0.2795085   0.7500000), wk =   0.0156250
        k(   53) = (  -1.1180340   0.5590170   0.0000000), wk =   0.0156250
        k(   54) = (  -1.1180340   0.0000000   0.5000000), wk =   0.0078125
        k(   55) = (   0.0000000   0.0000000   0.7500000), wk =   0.0078125
        k(   56) = (  -0.2795085  -0.2795085   1.0000000), wk =   0.0078125
        k(   57) = (  -0.1397542  -0.1397542   0.8750000), wk =   0.0078125
        k(   58) = (  -1.1180340   0.8385255   0.0000000), wk =   0.0156250
        k(   59) = (   0.0000000   0.0000000  -1.0000000), wk =   0.0039062
        k(   60) = (  -0.1397542   0.1397542   0.1250000), wk =   0.0156250
        k(   61) = (   0.1397542   0.1397542   0.1250000), wk =   0.0078125
        k(   62) = (  -0.2795085   0.2795085   0.2500000), wk =   0.0156250
        k(   63) = (   0.2795085   0.2795085   0.2500000), wk =   0.0078125
        k(   64) = (  -0.4192627   0.4192627   0.3750000), wk =   0.0156250
        k(   65) = (   0.4192627   0.4192627   0.3750000), wk =   0.0078125
        k(   66) = (   0.5590170  -0.5590170  -0.5000000), wk =   0.0078125
        k(   67) = (  -0.5590170  -0.5590170  -0.5000000), wk =   0.0039062
        k(   68) = (  -0.4192627   0.1397542   0.1250000), wk =   0.0156250
        k(   69) = (   0.4192627  -0.1397542   0.1250000), wk =   0.0156250
        k(   70) = (   0.1397542   0.4192627   0.1250000), wk =   0.0156250
        k(   71) = (  -0.5590170   0.2795085   0.2500000), wk =   0.0156250
        k(   72) = (   0.5590170  -0.2795085   0.2500000), wk =   0.0156250
        k(   73) = (   0.2795085   0.5590170   0.2500000), wk =   0.0156250
        k(   74) = (   0.4192627  -0.6987712  -0.6250000), wk =   0.0156250
        k(   75) = (  -0.4192627   0.6987712  -0.6250000), wk =   0.0156250
        k(   76) = (  -0.6987712  -0.4192627  -0.6250000), wk =   0.0156250
        k(   77) = (   0.2795085  -0.5590170  -0.5000000), wk =   0.0156250
        k(   78) = (  -0.2795085   0.5590170  -0.5000000), wk =   0.0156250
        k(   79) = (  -0.5590170  -0.2795085  -0.5000000), wk =   0.0156250
        k(   80) = (   0.1397542  -0.4192627  -0.3750000), wk =   0.0156250
        k(   81) = (  -0.1397542   0.4192627  -0.3750000), wk =   0.0156250
        k(   82) = (  -0.4192627  -0.1397542  -0.3750000), wk =   0.0156250
        k(   83) = (   0.0000000  -0.2795085  -0.2500000), wk =   0.0156250
        k(   84) = (  -0.6987712   0.1397542   0.1250000), wk =   0.0156250
        k(   85) = (   0.6987712  -0.1397542   0.1250000), wk =   0.0156250
        k(   86) = (   0.1397542   0.6987712   0.1250000), wk =   0.0156250
        k(   87) = (   0.2795085  -0.8385255  -0.7500000), wk =   0.0156250
        k(   88) = (  -0.2795085   0.8385255  -0.7500000), wk =   0.0156250
        k(   89) = (  -0.8385255  -0.2795085  -0.7500000), wk =   0.0156250
        k(   90) = (   0.1397542  -0.6987712  -0.6250000), wk =   0.0156250
        k(   91) = (  -0.1397542   0.6987712  -0.6250000), wk =   0.0156250
        k(   92) = (  -0.6987712  -0.1397542  -0.6250000), wk =   0.0156250
        k(   93) = (   0.0000000  -0.5590170  -0.5000000), wk =   0.0156250
        k(   94) = (   0.1397542  -0.9782797  -0.8750000), wk =   0.0156250
        k(   95) = (  -0.1397542   0.9782797  -0.8750000), wk =   0.0156250
        k(   96) = (  -0.9782797  -0.1397542  -0.8750000), wk =   0.0156250
        k(   97) = (   0.0000000  -0.8385255  -0.7500000), wk =   0.0156250
        k(   98) = (  -0.2795085   0.2795085   0.0000000), wk =   0.0078125
        k(   99) = (  -0.4192627   0.4192627   0.1250000), wk =   0.0156250
        k(  100) = (   0.4192627   0.4192627   0.1250000), wk =   0.0078125
        k(  101) = (   0.5590170  -0.5590170  -0.7500000), wk =   0.0156250
        k(  102) = (  -0.5590170  -0.5590170  -0.7500000), wk =   0.0078125
        k(  103) = (   0.4192627  -0.4192627  -0.6250000), wk =   0.0156250
        k(  104) = (  -0.4192627  -0.4192627  -0.6250000), wk =   0.0078125
        k(  105) = (   0.2795085  -0.2795085  -0.5000000), wk =   0.0156250
        k(  106) = (  -0.2795085  -0.2795085  -0.5000000), wk =   0.0078125
        k(  107) = (   0.1397542  -0.1397542  -0.3750000), wk =   0.0156250
        k(  108) = (  -0.1397542  -0.1397542  -0.3750000), wk =   0.0078125
        k(  109) = (  -0.5590170   0.2795085   0.0000000), wk =   0.0156250
        k(  110) = (   0.4192627  -0.6987712  -0.8750000), wk =   0.0156250
        k(  111) = (  -0.4192627   0.6987712  -0.8750000), wk =   0.0156250
        k(  112) = (  -0.6987712  -0.4192627  -0.8750000), wk =   0.0156250
        k(  113) = (   0.2795085  -0.5590170  -0.7500000), wk =   0.0156250
        k(  114) = (  -0.2795085   0.5590170  -0.7500000), wk =   0.0156250
        k(  115) = (  -0.5590170  -0.2795085  -0.7500000), wk =   0.0156250
        k(  116) = (   0.1397542  -0.4192627  -0.6250000), wk =   0.0156250
        k(  117) = (  -0.1397542   0.4192627  -0.6250000), wk =   0.0156250
        k(  118) = (  -0.4192627  -0.1397542  -0.6250000), wk =   0.0156250
        k(  119) = (   0.0000000  -0.2795085  -0.5000000), wk =   0.0156250
        k(  120) = (   0.5590170   0.0000000  -0.2500000), wk =   0.0156250
        k(  121) = (   0.2795085  -0.8385255  -1.0000000), wk =   0.0156250
        k(  122) = (   0.1397542  -0.6987712  -0.8750000), wk =   0.0156250
        k(  123) = (  -0.1397542   0.6987712  -0.8750000), wk =   0.0156250
        k(  124) = (  -0.6987712  -0.1397542  -0.8750000), wk =   0.0156250
        k(  125) = (   0.0000000  -0.5590170  -0.7500000), wk =   0.0156250
        k(  126) = (   0.4192627   0.9782797   0.6250000), wk =   0.0156250
        k(  127) = (  -0.4192627  -0.9782797   0.6250000), wk =   0.0156250
        k(  128) = (   0.9782797  -0.4192627   0.6250000), wk =   0.0156250
        k(  129) = (  -0.2795085  -1.1180340   0.7500000), wk =   0.0156250
        k(  130) = (   0.2795085   0.8385255   0.5000000), wk =   0.0078125
        k(  131) = (  -0.2795085  -0.8385255   0.5000000), wk =   0.0078125
        k(  132) = (   0.1397542   0.9782797   0.6250000), wk =   0.0156250
        k(  133) = (  -0.1397542  -0.9782797   0.6250000), wk =   0.0156250
        k(  134) = (   0.9782797  -0.1397542   0.6250000), wk =   0.0156250
        k(  135) = (   0.0000000   0.8385255   0.5000000), wk =   0.0156250
        k(  136) = (   0.5590170  -0.5590170  -1.0000000), wk =   0.0078125
        k(  137) = (   0.4192627  -0.4192627  -0.8750000), wk =   0.0156250
        k(  138) = (  -0.4192627  -0.4192627  -0.8750000), wk =   0.0078125
        k(  139) = (   0.2795085  -0.2795085  -0.7500000), wk =   0.0156250
        k(  140) = (  -0.2795085  -0.2795085  -0.7500000), wk =   0.0078125
        k(  141) = (   0.1397542  -0.1397542  -0.6250000), wk =   0.0156250
        k(  142) = (  -0.1397542  -0.1397542  -0.6250000), wk =   0.0078125
        k(  143) = (   0.2795085  -0.5590170  -1.0000000), wk =   0.0156250
        k(  144) = (   0.1397542  -0.4192627  -0.8750000), wk =   0.0156250
        k(  145) = (  -0.1397542   0.4192627  -0.8750000), wk =   0.0156250
        k(  146) = (  -0.4192627  -0.1397542  -0.8750000), wk =   0.0156250
        k(  147) = (   0.0000000  -0.2795085  -0.7500000), wk =   0.0156250
        k(  148) = (   0.2795085  -0.2795085  -1.0000000), wk =   0.0078125
        k(  149) = (   0.1397542  -0.1397542  -0.8750000), wk =   0.0156250
        k(  150) = (  -0.1397542  -0.1397542  -0.8750000), wk =   0.0078125

     G cutoff =  552.5432  (  10867 G-vectors)     FFT grid: ( 32, 32, 30)
     G cutoff =  276.2716  (   3865 G-vectors)  smooth grid: ( 24, 24, 22)

     Largest allocated arrays     est. size (Mb)     dimensions
        Kohn-Sham Wavefunctions         0.01 Mb     (    128,   4)
        NL pseudopotentials             0.03 Mb     (    128,  16)
        Each V/rho on FFT grid          0.13 Mb     (   8448)
        Each G-vector array             0.02 Mb     (   2716)
        G-vector shells                 0.00 Mb     (    375)
     Largest temporary arrays     est. size (Mb)     dimensions
        Auxiliary wavefunctions         0.03 Mb     (    128,  16)
        Each subspace H/S matrix        0.00 Mb     (     16,  16)
        Each <psi_i|beta_j> matrix      0.00 Mb     (     16,   4)
        Arrays for rho mixing           1.03 Mb     (   8448,   8)

     Initial potential from superposition of free atoms

     starting charge    7.99989, renormalised to    8.00000
     Starting wfc are    8 atomic wfcs

     total cpu time spent up to now is      0.91 secs

     per-process dynamical memory:    54.5 Mb

     Self-consistent Calculation

     iteration #  1     ecut=    60.00 Ry     beta=0.70
     Davidson diagonalization with overlap
     ethr =  1.00E-02,  avg # of iterations =  2.0

     total cpu time spent up to now is      2.37 secs

     total energy              =     -22.67336253 Ry
     Harris-Foulkes estimate   =     -22.76397860 Ry
     estimated scf accuracy    <       0.18412228 Ry

     iteration #  2     ecut=    60.00 Ry     beta=0.70
     Davidson diagonalization with overlap
     ethr =  2.30E-03,  avg # of iterations =  1.0

     total cpu time spent up to now is      3.41 secs

     total energy              =     -22.68518519 Ry
     Harris-Foulkes estimate   =     -22.68612919 Ry
     estimated scf accuracy    <       0.00371430 Ry

     iteration #  3     ecut=    60.00 Ry     beta=0.70
     Davidson diagonalization with overlap
     ethr =  4.64E-05,  avg # of iterations =  2.1

     total cpu time spent up to now is      5.06 secs

     total energy              =     -22.68624447 Ry
     Harris-Foulkes estimate   =     -22.68623585 Ry
     estimated scf accuracy    <       0.00004574 Ry

     iteration #  4     ecut=    60.00 Ry     beta=0.70
     Davidson diagonalization with overlap
     ethr =  5.72E-07,  avg # of iterations =  2.0

     total cpu time spent up to now is      6.67 secs

     total energy              =     -22.68626272 Ry
     Harris-Foulkes estimate   =     -22.68626204 Ry
     estimated scf accuracy    <       0.00000408 Ry

     iteration #  5     ecut=    60.00 Ry     beta=0.70
     Davidson diagonalization with overlap
     ethr =  5.10E-08,  avg # of iterations =  2.0

     total cpu time spent up to now is      8.32 secs

     total energy              =     -22.68626335 Ry
     Harris-Foulkes estimate   =     -22.68626340 Ry
     estimated scf accuracy    <       0.00000016 Ry

     iteration #  6     ecut=    60.00 Ry     beta=0.70
     Davidson diagonalization with overlap
     ethr =  1.96E-09,  avg # of iterations =  1.8

     total cpu time spent up to now is      9.71 secs

     End of self-consistent calculation

          k = 0.0000 0.0000 0.0000 (   501 PWs)   bands (ev):

    -6.9272  16.2242  18.4479  18.4479

          k = 0.1398 0.1398-0.1250 (   489 PWs)   bands (ev):

    -6.4243  14.5352  16.4242  17.7143

          k = 0.2795 0.2795-0.2500 (   488 PWs)   bands (ev):

    -4.9249  10.0321  14.5693  16.6039

          k = 0.4193 0.4193-0.3750 (   475 PWs)   bands (ev):

    -2.4688   5.2863  13.4133  15.8770

          k =-0.5590-0.5590 0.5000 (   478 PWs)   bands (ev):

     0.3105   1.6962  13.0124  15.6371

          k = 0.2795 0.0000 0.0000 (   483 PWs)   bands (ev):

    -6.2074  14.5020  15.8785  17.1444

          k = 0.4193 0.1398-0.1250 (   483 PWs)   bands (ev):

    -4.9922  11.5568  13.6687  16.2039

          k = 0.5590 0.2795-0.2500 (   478 PWs)   bands (ev):

    -2.8092   6.9383  12.5872  15.0237

          k =-0.4193-0.6988 0.6250 (   480 PWs)   bands (ev):

     0.1633   2.7573  12.2074  14.1460

          k =-0.2795-0.5590 0.5000 (   483 PWs)   bands (ev):

    -1.1807   4.4393  12.3137  14.0838

          k =-0.1398-0.4193 0.3750 (   483 PWs)   bands (ev):

    -3.8689   8.9171  12.7802  15.0254

          k = 0.0000-0.2795 0.2500 (   493 PWs)   bands (ev):

    -5.6390  12.9332  14.2654  16.4388

          k = 0.5590 0.0000 0.0000 (   479 PWs)   bands (ev):

    -4.0671  11.8398  12.5224  13.8251

          k = 0.6988 0.1398-0.1250 (   482 PWs)   bands (ev):

    -2.1753   8.9520  11.1318  12.4062

          k =-0.2795-0.8385 0.7500 (   483 PWs)   bands (ev):

     0.5724   4.9591  10.3384  11.3566

          k =-0.1398-0.6988 0.6250 (   482 PWs)   bands (ev):

     0.9491   4.5403   9.2217  11.8834

          k = 0.0000-0.5590 0.5000 (   478 PWs)   bands (ev):

    -1.8602   8.2059   9.1388  13.2644

          k = 0.8385 0.0000 0.0000 (   474 PWs)   bands (ev):

    -0.5855   9.1599   9.9877  10.2736

          k =-0.1398-0.9783 0.8750 (   485 PWs)   bands (ev):

     1.8692   6.4767   8.3724   9.8715

          k = 0.0000-0.8385 0.7500 (   484 PWs)   bands (ev):

     3.4778   5.0860   6.3630  10.4677

          k =-1.1180 0.0000 0.0000 (   480 PWs)   bands (ev):

     4.0133   4.0133   9.4193   9.4193

          k = 0.0000 0.0000 0.2500 (   485 PWs)   bands (ev):

    -6.3559  14.7366  16.3529  16.3529

          k = 0.2795 0.2795 0.0000 (   493 PWs)   bands (ev):

    -5.4905  12.7676  13.1155  17.8619

          k = 0.4193 0.4193-0.1250 (   479 PWs)   bands (ev):

    -3.5756   8.2558  11.5694  16.7603

          k =-0.5590-0.5590 0.7500 (   483 PWs)   bands (ev):

    -0.7684   3.7963  11.0033  15.5488

          k =-0.4193-0.4193 0.6250 (   475 PWs)   bands (ev):

    -0.3400   3.2390  11.3150  14.7379

          k =-0.2795-0.2795 0.5000 (   485 PWs)   bands (ev):

    -3.2434   7.5045  12.4706  14.5623

          k =-0.1398-0.1398 0.3750 (   490 PWs)   bands (ev):

    -5.2873  11.8811  14.3427  15.1256

          k = 0.5590 0.2795 0.0000 (   488 PWs)   bands (ev):

    -3.3628   9.9684  10.1082  15.4220

          k =-0.4193-0.6988 0.8750 (   482 PWs)   bands (ev):

    -0.8174   5.6949   9.2926  13.9521

          k =-0.2795-0.5590 0.7500 (   475 PWs)   bands (ev):

     1.2255   3.1225   9.3959  12.7309

          k =-0.1398-0.4193 0.6250 (   480 PWs)   bands (ev):

    -1.6607   6.8050  10.2578  12.3917

          k = 0.0000-0.2795 0.5000 (   481 PWs)   bands (ev):

    -3.9466  10.2326  11.9190  13.4677

          k = 0.5590 0.0000 0.2500 (   476 PWs)   bands (ev):

    -3.5099  10.3272  11.2178  14.3899

          k =-0.2795-0.8385 1.0000 (   484 PWs)   bands (ev):

     0.0742   7.5820   8.3196  10.9546

          k =-0.1398-0.6988 0.8750 (   480 PWs)   bands (ev):

     2.7746   4.5943   7.6671   9.5723

          k = 0.0000-0.5590 0.7500 (   474 PWs)   bands (ev):

     0.7835   6.4116   7.7490   9.9855

          k =-0.4193 0.9783-0.6250 (   480 PWs)   bands (ev):

    -1.0969   6.4204  10.6998  12.7606

          k =-0.2795 1.1180-0.7500 (   483 PWs)   bands (ev):

    -0.0621   8.1512   9.1393  10.4204

          k =-1.1180 0.2795 0.0000 (   474 PWs)   bands (ev):

     4.4066   4.4066   8.0560   8.0560

          k =-0.2795 0.8385-0.5000 (   472 PWs)   bands (ev):

     1.5456   3.0767  11.2369  11.5389

          k =-0.1398 0.9783-0.6250 (   478 PWs)   bands (ev):

     2.7154   5.1270   8.1239   9.7710

          k =-1.1180 0.0000 0.2500 (   482 PWs)   bands (ev):

     4.3900   4.3900   8.4928   8.4928

          k = 0.0000 0.8385-0.5000 (   480 PWs)   bands (ev):

     1.4422   6.4323   7.2771  11.0247

          k = 0.0000 0.0000 0.5000 (   492 PWs)   bands (ev):

    -4.6532  11.0155  13.7057  13.7057

          k =-0.5590-0.5590 1.0000 (   471 PWs)   bands (ev):

    -1.2922   7.0701   7.4608  15.4637

          k =-0.4193-0.4193 0.8750 (   479 PWs)   bands (ev):

     1.5273   3.4518   7.2641  14.0070

          k =-0.2795-0.2795 0.7500 (   473 PWs)   bands (ev):

    -0.5133   5.6767   8.4142  13.0928

          k =-0.1398-0.1398 0.6250 (   480 PWs)   bands (ev):

    -3.0398   8.6249  11.2225  12.9759

          k =-0.2795-0.5590 1.0000 (   476 PWs)   bands (ev):

     1.8653   5.0609   5.8887  12.2407

          k =-0.1398-0.4193 0.8750 (   473 PWs)   bands (ev):

     1.4930   4.9079   7.1292  10.9752

          k = 0.0000-0.2795 0.7500 (   476 PWs)   bands (ev):

    -1.1820   6.6878  10.3469  10.7829

          k =-1.1180 0.5590 0.0000 (   474 PWs)   bands (ev):

     4.0168   4.0168   7.6639   7.6639

          k =-1.1180 0.0000 0.5000 (   492 PWs)   bands (ev):

     4.9529   4.9529   7.4611   7.4611

          k = 0.0000 0.0000 0.7500 (   480 PWs)   bands (ev):

    -1.8619   6.3921  11.9797  11.9797

          k =-0.2795-0.2795 1.0000 (   474 PWs)   bands (ev):

     2.8073   3.2166   6.3222  12.5744

          k =-0.1398-0.1398 0.8750 (   479 PWs)   bands (ev):

     0.2398   4.3414   9.7373  11.8392

          k =-1.1180 0.8385 0.0000 (   470 PWs)   bands (ev):

     2.5091   2.5091   9.8879   9.8879

          k = 0.0000 0.0000-1.0000 (   492 PWs)   bands (ev):

     1.9074   1.9074  11.3897  11.3897

          k =-0.1398 0.1398 0.1250 (   489 PWs)   bands (ev):

    -6.4243  14.5352  16.4242  17.7143

          k = 0.1398 0.1398 0.1250 (   489 PWs)   bands (ev):

    -6.4243  14.5352  16.4242  17.7143

          k =-0.2795 0.2795 0.2500 (   488 PWs)   bands (ev):

    -4.9249  10.0321  14.5693  16.6040

          k = 0.2795 0.2795 0.2500 (   488 PWs)   bands (ev):

    -4.9249  10.0321  14.5693  16.6039

          k =-0.4193 0.4193 0.3750 (   475 PWs)   bands (ev):

    -2.4688   5.2863  13.4133  15.8770

          k = 0.4193 0.4193 0.3750 (   475 PWs)   bands (ev):

    -2.4688   5.2863  13.4133  15.8770

          k = 0.5590-0.5590-0.5000 (   478 PWs)   bands (ev):

     0.3105   1.6962  13.0124  15.6372

          k =-0.5590-0.5590-0.5000 (   478 PWs)   bands (ev):

     0.3105   1.6962  13.0124  15.6371

          k =-0.4193 0.1398 0.1250 (   483 PWs)   bands (ev):

    -4.9922  11.5568  13.6687  16.2039

          k = 0.4193-0.1398 0.1250 (   483 PWs)   bands (ev):

    -4.9922  11.5568  13.6687  16.2039

          k = 0.1398 0.4193 0.1250 (   483 PWs)   bands (ev):

    -4.9922  11.5568  13.6687  16.2039

          k =-0.5590 0.2795 0.2500 (   478 PWs)   bands (ev):

    -2.8092   6.9383  12.5872  15.0237

          k = 0.5590-0.2795 0.2500 (   478 PWs)   bands (ev):

    -2.8092   6.9383  12.5872  15.0237

          k = 0.2795 0.5590 0.2500 (   478 PWs)   bands (ev):

    -2.8092   6.9383  12.5872  15.0237

          k = 0.4193-0.6988-0.6250 (   480 PWs)   bands (ev):

     0.1633   2.7573  12.2074  14.1461

          k =-0.4193 0.6988-0.6250 (   480 PWs)   bands (ev):

     0.1633   2.7573  12.2074  14.1461

          k =-0.6988-0.4193-0.6250 (   480 PWs)   bands (ev):

     0.1633   2.7573  12.2074  14.1460

          k = 0.2795-0.5590-0.5000 (   483 PWs)   bands (ev):

    -1.1807   4.4393  12.3137  14.0838

          k =-0.2795 0.5590-0.5000 (   483 PWs)   bands (ev):

    -1.1807   4.4393  12.3137  14.0838

          k =-0.5590-0.2795-0.5000 (   483 PWs)   bands (ev):

    -1.1807   4.4393  12.3137  14.0838

          k = 0.1398-0.4193-0.3750 (   483 PWs)   bands (ev):

    -3.8689   8.9171  12.7802  15.0254

          k =-0.1398 0.4193-0.3750 (   483 PWs)   bands (ev):

    -3.8689   8.9171  12.7802  15.0254

          k =-0.4193-0.1398-0.3750 (   483 PWs)   bands (ev):

    -3.8689   8.9171  12.7802  15.0254

          k = 0.0000-0.2795-0.2500 (   493 PWs)   bands (ev):

    -5.6390  12.9332  14.2654  16.4388

          k =-0.6988 0.1398 0.1250 (   482 PWs)   bands (ev):

    -2.1754   8.9520  11.1318  12.4062

          k = 0.6988-0.1398 0.1250 (   482 PWs)   bands (ev):

    -2.1754   8.9520  11.1318  12.4062

          k = 0.1398 0.6988 0.1250 (   482 PWs)   bands (ev):

    -2.1753   8.9520  11.1318  12.4062

          k = 0.2795-0.8385-0.7500 (   483 PWs)   bands (ev):

     0.5724   4.9591  10.3384  11.3566

          k =-0.2795 0.8385-0.7500 (   483 PWs)   bands (ev):

     0.5724   4.9591  10.3384  11.3566

          k =-0.8385-0.2795-0.7500 (   483 PWs)   bands (ev):

     0.5724   4.9591  10.3384  11.3566

          k = 0.1398-0.6988-0.6250 (   482 PWs)   bands (ev):

     0.9491   4.5403   9.2217  11.8834

          k =-0.1398 0.6988-0.6250 (   482 PWs)   bands (ev):

     0.9491   4.5403   9.2217  11.8834

          k =-0.6988-0.1398-0.6250 (   482 PWs)   bands (ev):

     0.9491   4.5403   9.2217  11.8834

          k = 0.0000-0.5590-0.5000 (   478 PWs)   bands (ev):

    -1.8602   8.2059   9.1388  13.2644

          k = 0.1398-0.9783-0.8750 (   485 PWs)   bands (ev):

     1.8692   6.4767   8.3724   9.8715

          k =-0.1398 0.9783-0.8750 (   485 PWs)   bands (ev):

     1.8692   6.4767   8.3724   9.8715

          k =-0.9783-0.1398-0.8750 (   485 PWs)   bands (ev):

     1.8692   6.4767   8.3724   9.8715

          k = 0.0000-0.8385-0.7500 (   484 PWs)   bands (ev):

     3.4778   5.0860   6.3630  10.4677

          k =-0.2795 0.2795 0.0000 (   493 PWs)   bands (ev):

    -5.4905  12.7676  13.1155  17.8619

          k =-0.4193 0.4193 0.1250 (   479 PWs)   bands (ev):

    -3.5756   8.2558  11.5694  16.7603

          k = 0.4193 0.4193 0.1250 (   479 PWs)   bands (ev):

    -3.5756   8.2558  11.5694  16.7603

          k = 0.5590-0.5590-0.7500 (   483 PWs)   bands (ev):

    -0.7684   3.7963  11.0033  15.5488

          k =-0.5590-0.5590-0.7500 (   483 PWs)   bands (ev):

    -0.7684   3.7963  11.0033  15.5488

          k = 0.4193-0.4193-0.6250 (   475 PWs)   bands (ev):

    -0.3400   3.2390  11.3150  14.7379

          k =-0.4193-0.4193-0.6250 (   475 PWs)   bands (ev):

    -0.3400   3.2390  11.3150  14.7379

          k = 0.2795-0.2795-0.5000 (   485 PWs)   bands (ev):

    -3.2434   7.5045  12.4706  14.5623

          k =-0.2795-0.2795-0.5000 (   485 PWs)   bands (ev):

    -3.2434   7.5045  12.4706  14.5623

          k = 0.1398-0.1398-0.3750 (   490 PWs)   bands (ev):

    -5.2873  11.8811  14.3427  15.1256

          k =-0.1398-0.1398-0.3750 (   490 PWs)   bands (ev):

    -5.2873  11.8811  14.3427  15.1256

          k =-0.5590 0.2795 0.0000 (   488 PWs)   bands (ev):

    -3.3628   9.9684  10.1082  15.4220

          k = 0.4193-0.6988-0.8750 (   482 PWs)   bands (ev):

    -0.8174   5.6949   9.2926  13.9521

          k =-0.4193 0.6988-0.8750 (   482 PWs)   bands (ev):

    -0.8174   5.6949   9.2926  13.9521

          k =-0.6988-0.4193-0.8750 (   482 PWs)   bands (ev):

    -0.8174   5.6949   9.2926  13.9521

          k = 0.2795-0.5590-0.7500 (   475 PWs)   bands (ev):

     1.2255   3.1225   9.3959  12.7309

          k =-0.2795 0.5590-0.7500 (   475 PWs)   bands (ev):

     1.2255   3.1225   9.3959  12.7309

          k =-0.5590-0.2795-0.7500 (   475 PWs)   bands (ev):

     1.2255   3.1225   9.3959  12.7309

          k = 0.1398-0.4193-0.6250 (   480 PWs)   bands (ev):

    -1.6607   6.8050  10.2578  12.3918

          k =-0.1398 0.4193-0.6250 (   480 PWs)   bands (ev):

    -1.6607   6.8050  10.2578  12.3918

          k =-0.4193-0.1398-0.6250 (   480 PWs)   bands (ev):

    -1.6607   6.8050  10.2578  12.3917

          k = 0.0000-0.2795-0.5000 (   481 PWs)   bands (ev):

    -3.9466  10.2326  11.9190  13.4677

          k = 0.5590 0.0000-0.2500 (   476 PWs)   bands (ev):

    -3.5099  10.3272  11.2178  14.3899

          k = 0.2795-0.8385-1.0000 (   484 PWs)   bands (ev):

     0.0742   7.5820   8.3196  10.9546

          k = 0.1398-0.6988-0.8750 (   480 PWs)   bands (ev):

     2.7746   4.5943   7.6671   9.5723

          k =-0.1398 0.6988-0.8750 (   480 PWs)   bands (ev):

     2.7746   4.5943   7.6671   9.5723

          k =-0.6988-0.1398-0.8750 (   480 PWs)   bands (ev):

     2.7746   4.5943   7.6671   9.5723

          k = 0.0000-0.5590-0.7500 (   474 PWs)   bands (ev):

     0.7835   6.4116   7.7490   9.9855

          k = 0.4193 0.9783 0.6250 (   480 PWs)   bands (ev):

    -1.0969   6.4204  10.6998  12.7606

          k =-0.4193-0.9783 0.6250 (   480 PWs)   bands (ev):

    -1.0969   6.4204  10.6998  12.7606

          k = 0.9783-0.4193 0.6250 (   480 PWs)   bands (ev):

    -1.0969   6.4204  10.6998  12.7606

          k =-0.2795-1.1180 0.7500 (   483 PWs)   bands (ev):

    -0.0621   8.1512   9.1393  10.4204

          k = 0.2795 0.8385 0.5000 (   472 PWs)   bands (ev):

     1.5456   3.0767  11.2369  11.5389

          k =-0.2795-0.8385 0.5000 (   472 PWs)   bands (ev):

     1.5456   3.0767  11.2369  11.5389

          k = 0.1398 0.9783 0.6250 (   478 PWs)   bands (ev):

     2.7154   5.1270   8.1239   9.7710

          k =-0.1398-0.9783 0.6250 (   478 PWs)   bands (ev):

     2.7154   5.1270   8.1239   9.7710

          k = 0.9783-0.1398 0.6250 (   478 PWs)   bands (ev):

     2.7154   5.1270   8.1239   9.7710

          k = 0.0000 0.8385 0.5000 (   480 PWs)   bands (ev):

     1.4422   6.4323   7.2771  11.0247

          k = 0.5590-0.5590-1.0000 (   471 PWs)   bands (ev):

    -1.2922   7.0701   7.4608  15.4637

          k = 0.4193-0.4193-0.8750 (   479 PWs)   bands (ev):

     1.5273   3.4518   7.2641  14.0070

          k =-0.4193-0.4193-0.8750 (   479 PWs)   bands (ev):

     1.5273   3.4518   7.2641  14.0070

          k = 0.2795-0.2795-0.7500 (   473 PWs)   bands (ev):

    -0.5133   5.6767   8.4142  13.0928

          k =-0.2795-0.2795-0.7500 (   473 PWs)   bands (ev):

    -0.5133   5.6767   8.4142  13.0928

          k = 0.1398-0.1398-0.6250 (   480 PWs)   bands (ev):

    -3.0398   8.6249  11.2225  12.9759

          k =-0.1398-0.1398-0.6250 (   480 PWs)   bands (ev):

    -3.0398   8.6249  11.2225  12.9759

          k = 0.2795-0.5590-1.0000 (   476 PWs)   bands (ev):

     1.8653   5.0609   5.8887  12.2407

          k = 0.1398-0.4193-0.8750 (   473 PWs)   bands (ev):

     1.4930   4.9079   7.1292  10.9752

          k =-0.1398 0.4193-0.8750 (   473 PWs)   bands (ev):

     1.4930   4.9079   7.1292  10.9752

          k =-0.4193-0.1398-0.8750 (   473 PWs)   bands (ev):

     1.4930   4.9079   7.1292  10.9752

          k = 0.0000-0.2795-0.7500 (   476 PWs)   bands (ev):

    -1.1820   6.6878  10.3469  10.7829

          k = 0.2795-0.2795-1.0000 (   474 PWs)   bands (ev):

     2.8073   3.2166   6.3222  12.5744

          k = 0.1398-0.1398-0.8750 (   479 PWs)   bands (ev):

     0.2398   4.3414   9.7373  11.8392

          k =-0.1398-0.1398-0.8750 (   479 PWs)   bands (ev):

     0.2398   4.3414   9.7373  11.8392

!    total energy              =     -22.68626337 Ry
     Harris-Foulkes estimate   =     -22.68626337 Ry
     estimated scf accuracy    <          4.5E-09 Ry

     The total energy is the sum of the following terms:

     one-electron contribution =      10.72299729 Ry
     hartree contribution      =       1.68370507 Ry
     xc contribution           =      -7.49624633 Ry
     ewald contribution        =     -27.59671940 Ry

     convergence has been achieved in   6 iterations

     Forces acting on atoms (Ry/au):

     atom   1 type  1   force =     0.00000000    0.00000000   -0.00000014
     atom   2 type  1   force =     0.00000000    0.00000000    0.00000014

     Total force =     0.000000     Total SCF correction =     0.000000


     entering subroutine stress ...

          total   stress  (Ry/bohr**3)                   (kbar)     P= 1437.05
   0.01305575  -0.00000001   0.00000000       1920.57      0.00      0.00
  -0.00000001   0.01305575   0.00000000          0.00   1920.57      0.00
   0.00000000   0.00000000   0.00319511          0.00      0.00    470.02


     BFGS Geometry Optimization

     bfgs converged in   1 scf cycles and   0 bfgs steps
     (criteria: energy < 0.10E-08, force < 0.10E-05)

     End of BFGS Geometry Optimization

     Final energy   =     -22.6862633652 Ry

ATOMIC_POSITIONS (crystal)
C        0.000000000   0.000000000   0.000000000
C        0.250000000   0.250000000   0.250000000



     Writing output data file pwscf.save
 
     PWSCF        :    10.51s CPU time,   12.63s wall time

     init_run     :     0.83s CPU
     electrons    :     8.80s CPU
     forces       :     0.07s CPU
     stress       :     0.29s CPU

     Called by init_run:
     wfcinit      :     0.65s CPU
     potinit      :     0.03s CPU

     Called by electrons:
     c_bands      :     7.85s CPU (       6 calls,   1.308 s avg)
     sum_band     :     0.72s CPU (       6 calls,   0.120 s avg)
     v_of_rho     :     0.10s CPU (       7 calls,   0.014 s avg)
     newd         :     0.04s CPU (       7 calls,   0.005 s avg)
     mix_rho      :     0.01s CPU (       6 calls,   0.002 s avg)

     Called by c_bands:
     init_us_2    :     0.24s CPU (    2250 calls,   0.000 s avg)
     cegterg      :     7.62s CPU (     900 calls,   0.008 s avg)

     Called by *egterg:
     h_psi        :     2.93s CPU (    2685 calls,   0.001 s avg)
     s_psi        :     0.07s CPU (    2685 calls,   0.000 s avg)
     g_psi        :     0.05s CPU (    1635 calls,   0.000 s avg)
     cdiaghg      :     4.51s CPU (    2535 calls,   0.002 s avg)

     Called by h_psi:
     add_vuspsi   :     0.04s CPU (    2685 calls,   0.000 s avg)

     General routines
     calbec       :     0.18s CPU (    3885 calls,   0.000 s avg)
     cft3s        :     2.99s CPU (   25447 calls,   0.000 s avg)
     interpolate  :     0.00s CPU (      13 calls,   0.000 s avg)
     davcio       :     0.04s CPU (    3150 calls,   0.000 s avg)
 
     Parallel routines
     fft_scatter  :     0.85s CPU (   25447 calls,   0.000 s avg)
