
     Program PWSCF     v.4.1.1  starts ...
     Today is 25Nov2010 at 15:49:56 

     Parallel version (MPI)

     Number of processors in use:       4
     R & G space division:  proc/pool =    4

     For Norm-Conserving or Ultrasoft (Vanderbilt) Pseudopotentials or PAW

     Current dimensions of program pwscf are:
     Max number of different atomic species (ntypx) = 10
     Max number of k-points (npk) =  40000
     Max angular momentum in pseudopotentials (lmaxx) =  3
     Waiting for input...
     file C.pbe-rrkjus.UPF: wavefunction(s)  2S 2P renormalized

     Subspace diagonalization in iterative solution of the eigenvalue problem:
     a parallel distributed memory algorithm will be used,
     eigenstates matrixes will be distributed block like on
     ortho sub-group =    2*   2 procs


     Planes per process (thick) : nr3 = 36 npp =   9 ncplane = 1296
     Planes per process (smooth): nr3s= 28 npps=   7 ncplanes=  784
 
     Proc/  planes cols     G    planes cols    G      columns  G
     Pool       (dense grid)       (smooth grid)      (wavefct grid)
        1     9    208     3952    7    104     1405     34      263
        2     9    209     3953    7    105     1413     33      262
        3     9    208     3951    7    104     1405     35      262
        4     9    208     3951    7    104     1402     35      262
     tot     36    833    15807   28    417     5625    137     1049
 


     bravais-lattice index     =            0
     lattice parameter (a_0)   =       6.7413  a.u.
     unit-cell volume          =      88.8434 (a.u.)^3
     number of atoms/cell      =            2
     number of atomic types    =            1
     number of electrons       =         8.00
     number of Kohn-Sham states=            4
     kinetic-energy cutoff     =      60.0000  Ry
     charge density cutoff     =     480.0000  Ry
     convergence threshold     =      1.0E-08
     mixing beta               =       0.7000
     number of iterations used =            8  plain     mixing
     Exchange-correlation      =  SLA  PW   PBE  PBE (1434)
     nstep                     =           50


     celldm(1)=   6.741280  celldm(2)=   0.000000  celldm(3)=   0.000000
     celldm(4)=   0.000000  celldm(5)=   0.000000  celldm(6)=   0.000000

     crystal axes: (cart. coord. in units of a_0)
               a(1) = (  0.000000  0.538516  0.500000 )  
               a(2) = (  0.538516  0.000000  0.500000 )  
               a(3) = (  0.538516  0.538516  0.000000 )  

     reciprocal axes: (cart. coord. in units 2 pi/a_0)
               b(1) = ( -0.928477  0.928477  1.000000 )  
               b(2) = (  0.928477 -0.928477  1.000000 )  
               b(3) = (  0.928477  0.928477 -1.000000 )  


     PseudoPot. # 1 for C  read from file C.pbe-rrkjus.UPF
     Pseudo is Ultrasoft, Zval =  4.0
     Generated by new atomic code, or converted to UPF format
     Using radial grid of  627 points,  4 beta functions with: 
                l(1) =   0
                l(2) =   0
                l(3) =   1
                l(4) =   1
     Q(r) pseudized with 0 coefficients 


     atomic species   valence    mass     pseudopotential
        C              4.00    12.01070     C ( 1.00)

     16 Sym.Ops. (with inversion)


   Cartesian axes

     site n.     atom                  positions (a_0 units)
         1           C   tau(  1) = (   0.0000000   0.0000000   0.0000000  )
         2           C   tau(  2) = (   0.2692582   0.2692582   0.2500000  )

     number of k points=   59
                       cart. coord. in units 2pi/a_0
        k(    1) = (   0.0000000   0.0000000   0.0000000), wk =   0.0039062
        k(    2) = (   0.1160596   0.1160596  -0.1250000), wk =   0.0312500
        k(    3) = (   0.2321192   0.2321192  -0.2500000), wk =   0.0312500
        k(    4) = (   0.3481788   0.3481788  -0.3750000), wk =   0.0312500
        k(    5) = (  -0.4642383  -0.4642383   0.5000000), wk =   0.0156250
        k(    6) = (   0.2321192   0.0000000   0.0000000), wk =   0.0156250
        k(    7) = (   0.3481788   0.1160596  -0.1250000), wk =   0.0625000
        k(    8) = (   0.4642383   0.2321192  -0.2500000), wk =   0.0625000
        k(    9) = (  -0.3481788  -0.5802979   0.6250000), wk =   0.0625000
        k(   10) = (  -0.2321192  -0.4642383   0.5000000), wk =   0.0625000
        k(   11) = (  -0.1160596  -0.3481788   0.3750000), wk =   0.0625000
        k(   12) = (   0.0000000  -0.2321192   0.2500000), wk =   0.0312500
        k(   13) = (   0.4642383   0.0000000   0.0000000), wk =   0.0156250
        k(   14) = (   0.5802979   0.1160596  -0.1250000), wk =   0.0625000
        k(   15) = (  -0.2321192  -0.6963575   0.7500000), wk =   0.0625000
        k(   16) = (  -0.1160596  -0.5802979   0.6250000), wk =   0.0625000
        k(   17) = (   0.0000000  -0.4642383   0.5000000), wk =   0.0312500
        k(   18) = (   0.6963575   0.0000000   0.0000000), wk =   0.0156250
        k(   19) = (  -0.1160596  -0.8124171   0.8750000), wk =   0.0625000
        k(   20) = (   0.0000000  -0.6963575   0.7500000), wk =   0.0312500
        k(   21) = (  -0.9284767   0.0000000   0.0000000), wk =   0.0078125
        k(   22) = (   0.0000000   0.0000000   0.2500000), wk =   0.0078125
        k(   23) = (   0.2321192   0.2321192   0.0000000), wk =   0.0156250
        k(   24) = (   0.3481788   0.3481788  -0.1250000), wk =   0.0312500
        k(   25) = (  -0.4642383  -0.4642383   0.7500000), wk =   0.0312500
        k(   26) = (  -0.3481788  -0.3481788   0.6250000), wk =   0.0312500
        k(   27) = (  -0.2321192  -0.2321192   0.5000000), wk =   0.0312500
        k(   28) = (  -0.1160596  -0.1160596   0.3750000), wk =   0.0312500
        k(   29) = (   0.4642383   0.2321192   0.0000000), wk =   0.0312500
        k(   30) = (  -0.3481788  -0.5802979   0.8750000), wk =   0.0625000
        k(   31) = (  -0.2321192  -0.4642383   0.7500000), wk =   0.0625000
        k(   32) = (  -0.1160596  -0.3481788   0.6250000), wk =   0.0625000
        k(   33) = (   0.0000000  -0.2321192   0.5000000), wk =   0.0312500
        k(   34) = (   0.4642383   0.0000000   0.2500000), wk =   0.0312500
        k(   35) = (  -0.2321192  -0.6963575   1.0000000), wk =   0.0312500
        k(   36) = (  -0.1160596  -0.5802979   0.8750000), wk =   0.0625000
        k(   37) = (   0.0000000  -0.4642383   0.7500000), wk =   0.0312500
        k(   38) = (  -0.3481788   0.8124171  -0.6250000), wk =   0.0625000
        k(   39) = (  -0.2321192   0.9284767  -0.7500000), wk =   0.0312500
        k(   40) = (  -0.9284767   0.2321192   0.0000000), wk =   0.0156250
        k(   41) = (  -0.2321192   0.6963575  -0.5000000), wk =   0.0312500
        k(   42) = (  -0.1160596   0.8124171  -0.6250000), wk =   0.0625000
        k(   43) = (  -0.9284767   0.0000000   0.2500000), wk =   0.0156250
        k(   44) = (   0.0000000   0.6963575  -0.5000000), wk =   0.0312500
        k(   45) = (   0.0000000   0.0000000   0.5000000), wk =   0.0078125
        k(   46) = (  -0.4642383  -0.4642383   1.0000000), wk =   0.0156250
        k(   47) = (  -0.3481788  -0.3481788   0.8750000), wk =   0.0312500
        k(   48) = (  -0.2321192  -0.2321192   0.7500000), wk =   0.0312500
        k(   49) = (  -0.1160596  -0.1160596   0.6250000), wk =   0.0312500
        k(   50) = (  -0.2321192  -0.4642383   1.0000000), wk =   0.0312500
        k(   51) = (  -0.1160596  -0.3481788   0.8750000), wk =   0.0625000
        k(   52) = (   0.0000000  -0.2321192   0.7500000), wk =   0.0312500
        k(   53) = (  -0.9284767   0.4642383   0.0000000), wk =   0.0156250
        k(   54) = (  -0.9284767   0.0000000   0.5000000), wk =   0.0078125
        k(   55) = (   0.0000000   0.0000000   0.7500000), wk =   0.0078125
        k(   56) = (  -0.2321192  -0.2321192   1.0000000), wk =   0.0156250
        k(   57) = (  -0.1160596  -0.1160596   0.8750000), wk =   0.0312500
        k(   58) = (  -0.9284767   0.6963575   0.0000000), wk =   0.0156250
        k(   59) = (   0.0000000   0.0000000  -1.0000000), wk =   0.0039062

     G cutoff =  552.5432  (  15807 G-vectors)     FFT grid: ( 36, 36, 36)
     G cutoff =  276.2716  (   5625 G-vectors)  smooth grid: ( 28, 28, 28)

     Largest allocated arrays     est. size (Mb)     dimensions
        Kohn-Sham Wavefunctions         0.01 Mb     (    187,   4)
        NL pseudopotentials             0.05 Mb     (    187,  16)
        Each V/rho on FFT grid          0.18 Mb     (  11664)
        Each G-vector array             0.03 Mb     (   3952)
        G-vector shells                 0.01 Mb     (    944)
     Largest temporary arrays     est. size (Mb)     dimensions
        Auxiliary wavefunctions         0.05 Mb     (    187,  16)
        Each subspace H/S matrix        0.00 Mb     (     16,  16)
        Each <psi_i|beta_j> matrix      0.00 Mb     (     16,   4)
        Arrays for rho mixing           1.42 Mb     (  11664,   8)

     Initial potential from superposition of free atoms

     starting charge    7.99989, renormalised to    8.00000
     Starting wfc are    8 atomic wfcs

     total cpu time spent up to now is      0.66 secs

     per-process dynamical memory:    55.0 Mb

     Self-consistent Calculation

     iteration #  1     ecut=    60.00 Ry     beta=0.70
     Davidson diagonalization with overlap
     ethr =  1.00E-02,  avg # of iterations =  2.0

     total cpu time spent up to now is      1.40 secs

     total energy              =     -22.73402314 Ry
     Harris-Foulkes estimate   =     -22.76642504 Ry
     estimated scf accuracy    <       0.08171926 Ry

     iteration #  2     ecut=    60.00 Ry     beta=0.70
     Davidson diagonalization with overlap
     ethr =  1.02E-03,  avg # of iterations =  1.4

     total cpu time spent up to now is      2.00 secs

     total energy              =     -22.73980893 Ry
     Harris-Foulkes estimate   =     -22.73991555 Ry
     estimated scf accuracy    <       0.00229403 Ry

     iteration #  3     ecut=    60.00 Ry     beta=0.70
     Davidson diagonalization with overlap
     ethr =  2.87E-05,  avg # of iterations =  2.1

     total cpu time spent up to now is      2.77 secs

     total energy              =     -22.74016270 Ry
     Harris-Foulkes estimate   =     -22.74014515 Ry
     estimated scf accuracy    <       0.00005369 Ry

     iteration #  4     ecut=    60.00 Ry     beta=0.70
     Davidson diagonalization with overlap
     ethr =  6.71E-07,  avg # of iterations =  2.3

     total cpu time spent up to now is      3.64 secs

     total energy              =     -22.74017675 Ry
     Harris-Foulkes estimate   =     -22.74017658 Ry
     estimated scf accuracy    <       0.00000111 Ry

     iteration #  5     ecut=    60.00 Ry     beta=0.70
     Davidson diagonalization with overlap
     ethr =  1.38E-08,  avg # of iterations =  2.4

     total cpu time spent up to now is      4.52 secs

     total energy              =     -22.74017714 Ry
     Harris-Foulkes estimate   =     -22.74017716 Ry
     estimated scf accuracy    <       0.00000006 Ry

     iteration #  6     ecut=    60.00 Ry     beta=0.70
     Davidson diagonalization with overlap
     ethr =  7.78E-10,  avg # of iterations =  1.9

     total cpu time spent up to now is      5.26 secs

     End of self-consistent calculation

          k = 0.0000 0.0000 0.0000 (   693 PWs)   bands (ev):

    -8.7311  10.4957  10.4957  11.4184

          k = 0.1161 0.1161-0.1250 (   690 PWs)   bands (ev):

    -8.3413   8.6070   9.9113  10.6497

          k = 0.2321 0.2321-0.2500 (   697 PWs)   bands (ev):

    -7.1883   4.9029   8.8785   9.7440

          k = 0.3482 0.3482-0.3750 (   700 PWs)   bands (ev):

    -5.3592   1.2628   8.1100   9.1273

          k =-0.4642-0.4642 0.5000 (   710 PWs)   bands (ev):

    -3.7401  -0.9925   7.8372   8.9153

          k = 0.2321 0.0000 0.0000 (   689 PWs)   bands (ev):

    -8.2373   9.1467   9.2224   9.8566

          k = 0.3482 0.1161-0.1250 (   695 PWs)   bands (ev):

    -7.3630   6.2519   8.3887   8.9516

          k = 0.4642 0.2321-0.2500 (   693 PWs)   bands (ev):

    -5.7679   2.7032   7.4571   8.2283

          k =-0.3482-0.5803 0.6250 (   700 PWs)   bands (ev):

    -3.7791  -0.2944   6.6983   8.1460

          k =-0.2321-0.4642 0.5000 (   700 PWs)   bands (ev):

    -4.2877   0.3982   6.4134   8.6229

          k =-0.1161-0.3482 0.3750 (   694 PWs)   bands (ev):

    -6.2613   3.7245   6.7223   9.4916

          k = 0.0000-0.2321 0.2500 (   695 PWs)   bands (ev):

    -7.6714   7.1228   7.8083  10.3901

          k = 0.4642 0.0000 0.0000 (   691 PWs)   bands (ev):

    -6.7732   6.0758   7.3683   7.7193

          k = 0.5803 0.1161-0.1250 (   695 PWs)   bands (ev):

    -5.4478   3.7637   6.1390   6.9717

          k =-0.2321-0.6964 0.7500 (   696 PWs)   bands (ev):

    -3.5380   1.1006   4.5791   6.9360

          k =-0.1161-0.5803 0.6250 (   702 PWs)   bands (ev):

    -2.7665   0.2603   3.6847   7.5001

          k = 0.0000-0.4642 0.5000 (   692 PWs)   bands (ev):

    -4.6511   2.6374   3.9508   8.4978

          k = 0.6964 0.0000 0.0000 (   697 PWs)   bands (ev):

    -4.4003   2.3892   6.1120   6.2685

          k =-0.1161-0.8124 0.8750 (   691 PWs)   bands (ev):

    -2.7081   0.5933   4.7249   6.0424

          k = 0.0000-0.6964 0.7500 (   694 PWs)   bands (ev):

    -1.3704  -0.2664   2.8458   6.5157

          k =-0.9285 0.0000 0.0000 (   692 PWs)   bands (ev):

    -1.2557  -1.2557   5.7216   5.7216

          k = 0.0000 0.0000 0.2500 (   693 PWs)   bands (ev):

    -8.1599   9.0248   9.0248  10.0933

          k = 0.2321 0.2321 0.0000 (   701 PWs)   bands (ev):

    -7.7476   7.1893   8.5292   9.6964

          k = 0.3482 0.3482-0.1250 (   695 PWs)   bands (ev):

    -6.4060   4.0243   7.4763   8.6748

          k =-0.4642-0.4642 0.7500 (   698 PWs)   bands (ev):

    -4.4600   0.6791   7.3519   7.7152

          k =-0.3482-0.3482 0.6250 (   702 PWs)   bands (ev):

    -3.6091  -0.4371   7.2101   7.7481

          k =-0.2321-0.2321 0.5000 (   695 PWs)   bands (ev):

    -5.5542   2.4610   7.2909   8.5149

          k =-0.1161-0.1161 0.3750 (   691 PWs)   bands (ev):

    -7.2113   6.1050   7.9551   9.3981

          k = 0.4642 0.2321 0.0000 (   703 PWs)   bands (ev):

    -6.2990   4.9249   6.5643   7.8695

          k =-0.3482-0.5803 0.8750 (   700 PWs)   bands (ev):

    -4.5574   2.1714   5.6445   6.9445

          k =-0.2321-0.4642 0.7500 (   699 PWs)   bands (ev):

    -2.8147  -0.1241   5.1544   6.9205

          k =-0.1161-0.3482 0.6250 (   698 PWs)   bands (ev):

    -4.1687   1.7156   4.9731   7.7035

          k = 0.0000-0.2321 0.5000 (   696 PWs)   bands (ev):

    -6.0064   4.7294   5.6738   8.6693

          k = 0.4642 0.0000 0.2500 (   691 PWs)   bands (ev):

    -6.2277   4.6937   6.0013   8.3697

          k =-0.2321-0.6964 1.0000 (   697 PWs)   bands (ev):

    -3.9679   2.2749   5.2440   5.7282

          k =-0.1161-0.5803 0.8750 (   698 PWs)   bands (ev):

    -2.0566   0.5655   3.5143   5.7396

          k = 0.0000-0.4642 0.7500 (   699 PWs)   bands (ev):

    -2.3401   0.9919   2.8554   6.6091

          k =-0.3482 0.8124-0.6250 (   693 PWs)   bands (ev):

    -4.4367   1.8412   5.0215   7.3827

          k =-0.2321 0.9285-0.7500 (   692 PWs)   bands (ev):

    -3.9117   2.1307   4.8343   5.8554

          k =-0.9285 0.2321 0.0000 (   686 PWs)   bands (ev):

    -0.9473  -0.9473   4.8865   4.8865

          k =-0.2321 0.6964-0.5000 (   696 PWs)   bands (ev):

    -2.8669  -0.2322   4.8214   6.9505

          k =-0.1161 0.8124-0.6250 (   697 PWs)   bands (ev):

    -2.0331   0.3912   3.4005   5.4463

          k =-0.9285 0.0000 0.2500 (   694 PWs)   bands (ev):

    -0.9416  -0.9416   4.6728   4.6728

          k = 0.0000 0.6964-0.5000 (   698 PWs)   bands (ev):

    -2.6127   0.9914   3.0273   6.1259

          k = 0.0000 0.0000 0.5000 (   680 PWs)   bands (ev):

    -6.4732   6.8267   6.8267   7.1663

          k =-0.4642-0.4642 1.0000 (   704 PWs)   bands (ev):

    -4.9112   3.1852   4.7712   7.5997

          k =-0.3482-0.3482 0.8750 (   699 PWs)   bands (ev):

    -2.9582   0.7467   4.5850   6.5659

          k =-0.2321-0.2321 0.7500 (   703 PWs)   bands (ev):

    -3.0654   0.9098   5.4330   6.0225

          k =-0.1161-0.1161 0.6250 (   703 PWs)   bands (ev):

    -5.0163   3.8863   6.1140   6.5252

          k =-0.2321-0.4642 1.0000 (   695 PWs)   bands (ev):

    -2.7582   1.5764   3.6573   5.6492

          k =-0.1161-0.3482 0.8750 (   706 PWs)   bands (ev):

    -1.6081   0.6404   3.6360   5.1227

          k = 0.0000-0.2321 0.7500 (   699 PWs)   bands (ev):

    -3.3721   2.5935   4.2714   5.8118

          k =-0.9285 0.4642 0.0000 (   702 PWs)   bands (ev):

    -0.3135  -0.3135   3.8122   3.8122

          k =-0.9285 0.0000 0.5000 (   704 PWs)   bands (ev):

    -0.5370  -0.5370   3.6787   3.6787

          k = 0.0000 0.0000 0.7500 (   704 PWs)   bands (ev):

    -3.7689   3.5577   5.2957   5.2957

          k =-0.2321-0.2321 1.0000 (   708 PWs)   bands (ev):

    -1.1968   0.6019   3.0113   5.5583

          k =-0.1161-0.1161 0.8750 (   713 PWs)   bands (ev):

    -1.9484   1.4559   4.1804   5.0960

          k =-0.9285 0.6964 0.0000 (   714 PWs)   bands (ev):

    -0.1593  -0.1593   4.1052   4.1052

          k = 0.0000 0.0000-1.0000 (   708 PWs)   bands (ev):

    -0.2771  -0.2771   4.7608   4.7608

!    total energy              =     -22.74017716 Ry
     Harris-Foulkes estimate   =     -22.74017716 Ry
     estimated scf accuracy    <          9.0E-11 Ry

     The total energy is the sum of the following terms:

     one-electron contribution =       6.42770189 Ry
     hartree contribution      =       2.07386482 Ry
     xc contribution           =      -6.88515070 Ry
     ewald contribution        =     -24.35659317 Ry

     convergence has been achieved in   6 iterations

     Forces acting on atoms (Ry/au):

     atom   1 type  1   force =     0.00000000    0.00000000    0.00000000
     atom   2 type  1   force =     0.00000000    0.00000000    0.00000000

     Total force =     0.000000     Total SCF correction =     0.000000


     entering subroutine stress ...

          total   stress  (Ry/bohr**3)                   (kbar)     P= -482.86
  -0.00450450   0.00000000   0.00000000       -662.63      0.00      0.00
   0.00000000  -0.00450450   0.00000000          0.00   -662.63      0.00
   0.00000000   0.00000000  -0.00083833          0.00      0.00   -123.32


     BFGS Geometry Optimization

     bfgs converged in   1 scf cycles and   0 bfgs steps
     (criteria: energy < 0.10E-08, force < 0.10E-05)

     End of BFGS Geometry Optimization

     Final energy   =     -22.7401771551 Ry

ATOMIC_POSITIONS (crystal)
C        0.000000000   0.000000000   0.000000000
C        0.250000000   0.250000000   0.250000000



     Writing output data file pwscf.save
 
     PWSCF        :     5.80s CPU time,    6.83s wall time

     init_run     :     0.57s CPU
     electrons    :     4.61s CPU
     forces       :     0.07s CPU
     stress       :     0.24s CPU

     Called by init_run:
     wfcinit      :     0.33s CPU
     potinit      :     0.06s CPU

     Called by electrons:
     c_bands      :     3.81s CPU (       6 calls,   0.634 s avg)
     sum_band     :     0.49s CPU (       6 calls,   0.082 s avg)
     v_of_rho     :     0.15s CPU (       7 calls,   0.021 s avg)
     newd         :     0.07s CPU (       7 calls,   0.010 s avg)
     mix_rho      :     0.00s CPU (       6 calls,   0.000 s avg)

     Called by c_bands:
     init_us_2    :     0.10s CPU (     885 calls,   0.000 s avg)
     cegterg      :     3.59s CPU (     354 calls,   0.010 s avg)

     Called by *egterg:
     h_psi        :     1.54s CPU (    1127 calls,   0.001 s avg)
     s_psi        :     0.01s CPU (    1127 calls,   0.000 s avg)
     g_psi        :     0.02s CPU (     714 calls,   0.000 s avg)
     cdiaghg      :     1.69s CPU (    1068 calls,   0.002 s avg)

     Called by h_psi:
     add_vuspsi   :     0.03s CPU (    1127 calls,   0.000 s avg)

     General routines
     calbec       :     0.04s CPU (    1599 calls,   0.000 s avg)
     cft3s        :     1.67s CPU (   10111 calls,   0.000 s avg)
     interpolate  :     0.00s CPU (      13 calls,   0.000 s avg)
     davcio       :     0.31s CPU (    1239 calls,   0.000 s avg)
 
     Parallel routines
     fft_scatter  :     0.43s CPU (   10111 calls,   0.000 s avg)
