
     Program PWSCF     v.4.1.1  starts ...
     Today is 25Nov2010 at 15:46:56 

     Parallel version (MPI)

     Number of processors in use:       4
     R & G space division:  proc/pool =    4

     For Norm-Conserving or Ultrasoft (Vanderbilt) Pseudopotentials or PAW

     Current dimensions of program pwscf are:
     Max number of different atomic species (ntypx) = 10
     Max number of k-points (npk) =  40000
     Max angular momentum in pseudopotentials (lmaxx) =  3
     Waiting for input...
     file C.pbe-rrkjus.UPF: wavefunction(s)  2S 2P renormalized

     Subspace diagonalization in iterative solution of the eigenvalue problem:
     a parallel distributed memory algorithm will be used,
     eigenstates matrixes will be distributed block like on
     ortho sub-group =    2*   2 procs

     warning: symmetry operation #  2 not compatible with FFT grid. 
   0   1  -1
   1   0  -1
   0   0  -1
     warning: symmetry operation #  3 not compatible with FFT grid. 
   0  -1   1
   0  -1   0
   1  -1   0
     warning: symmetry operation #  4 not compatible with FFT grid. 
  -1   0   0
  -1   0   1
  -1   1   0
     warning: symmetry operation #  5 not compatible with FFT grid. 
  -1   0   1
   0  -1   1
   0   0   1
     warning: symmetry operation #  7 not compatible with FFT grid. 
   0   1   0
   0   1  -1
  -1   1   0
     warning: symmetry operation #  8 not compatible with FFT grid. 
   1   0  -1
   1   0   0
   1  -1   0
     warning: symmetry operation # 10 not compatible with FFT grid. 
   0  -1   1
  -1   0   1
   0   0   1
     warning: symmetry operation # 11 not compatible with FFT grid. 
   0   1  -1
   0   1   0
  -1   1   0
     warning: symmetry operation # 12 not compatible with FFT grid. 
   1   0   0
   1   0  -1
   1  -1   0
     warning: symmetry operation # 13 not compatible with FFT grid. 
   1   0  -1
   0   1  -1
   0   0  -1
     warning: symmetry operation # 15 not compatible with FFT grid. 
   0  -1   0
   0  -1   1
   1  -1   0
     warning: symmetry operation # 16 not compatible with FFT grid. 
  -1   0   1
  -1   0   0
  -1   1   0

     Planes per process (thick) : nr3 = 32 npp =   8 ncplane = 1296
     Planes per process (smooth): nr3s= 24 npps=   6 ncplanes=  576
 
     Proc/  planes cols     G    planes cols    G      columns  G
     Pool       (dense grid)       (smooth grid)      (wavefct grid)
        1     8    175     3067    6     89     1082     31      218
        2     8    176     3068    6     89     1087     30      217
        3     8    176     3068    6     88     1088     30      217
        4     8    176     3068    6     89     1088     30      217
     tot     32    703    12271   24    355     4345    121      869
 


     bravais-lattice index     =            0
     lattice parameter (a_0)   =       6.7413  a.u.
     unit-cell volume          =      68.9302 (a.u.)^3
     number of atoms/cell      =            2
     number of atomic types    =            1
     number of electrons       =         8.00
     number of Kohn-Sham states=            4
     kinetic-energy cutoff     =      60.0000  Ry
     charge density cutoff     =     480.0000  Ry
     convergence threshold     =      1.0E-08
     mixing beta               =       0.7000
     number of iterations used =            8  plain     mixing
     Exchange-correlation      =  SLA  PW   PBE  PBE (1434)
     nstep                     =           50


     celldm(1)=   6.741280  celldm(2)=   0.000000  celldm(3)=   0.000000
     celldm(4)=   0.000000  celldm(5)=   0.000000  celldm(6)=   0.000000

     crystal axes: (cart. coord. in units of a_0)
               a(1) = (  0.000000  0.474342  0.500000 )  
               a(2) = (  0.474342  0.000000  0.500000 )  
               a(3) = (  0.474342  0.474342  0.000000 )  

     reciprocal axes: (cart. coord. in units 2 pi/a_0)
               b(1) = ( -1.054093  1.054093  1.000000 )  
               b(2) = (  1.054093 -1.054093  1.000000 )  
               b(3) = (  1.054093  1.054093 -1.000000 )  


     PseudoPot. # 1 for C  read from file C.pbe-rrkjus.UPF
     Pseudo is Ultrasoft, Zval =  4.0
     Generated by new atomic code, or converted to UPF format
     Using radial grid of  627 points,  4 beta functions with: 
                l(1) =   0
                l(2) =   0
                l(3) =   1
                l(4) =   1
     Q(r) pseudized with 0 coefficients 


     atomic species   valence    mass     pseudopotential
        C              4.00    12.01070     C ( 1.00)

      4 Sym.Ops. (with inversion)


   Cartesian axes

     site n.     atom                  positions (a_0 units)
         1           C   tau(  1) = (   0.0000000   0.0000000   0.0000000  )
         2           C   tau(  2) = (   0.2371708   0.2371708   0.2500000  )

     number of k points=  150
                       cart. coord. in units 2pi/a_0
        k(    1) = (   0.0000000   0.0000000   0.0000000), wk =   0.0039062
        k(    2) = (   0.1317616   0.1317616  -0.1250000), wk =   0.0078125
        k(    3) = (   0.2635231   0.2635231  -0.2500000), wk =   0.0078125
        k(    4) = (   0.3952847   0.3952847  -0.3750000), wk =   0.0078125
        k(    5) = (  -0.5270463  -0.5270463   0.5000000), wk =   0.0039062
        k(    6) = (   0.2635231   0.0000000   0.0000000), wk =   0.0156250
        k(    7) = (   0.3952847   0.1317616  -0.1250000), wk =   0.0156250
        k(    8) = (   0.5270463   0.2635231  -0.2500000), wk =   0.0156250
        k(    9) = (  -0.3952847  -0.6588078   0.6250000), wk =   0.0156250
        k(   10) = (  -0.2635231  -0.5270463   0.5000000), wk =   0.0156250
        k(   11) = (  -0.1317616  -0.3952847   0.3750000), wk =   0.0156250
        k(   12) = (   0.0000000  -0.2635231   0.2500000), wk =   0.0156250
        k(   13) = (   0.5270463   0.0000000   0.0000000), wk =   0.0156250
        k(   14) = (   0.6588078   0.1317616  -0.1250000), wk =   0.0156250
        k(   15) = (  -0.2635231  -0.7905694   0.7500000), wk =   0.0156250
        k(   16) = (  -0.1317616  -0.6588078   0.6250000), wk =   0.0156250
        k(   17) = (   0.0000000  -0.5270463   0.5000000), wk =   0.0156250
        k(   18) = (   0.7905694   0.0000000   0.0000000), wk =   0.0156250
        k(   19) = (  -0.1317616  -0.9223310   0.8750000), wk =   0.0156250
        k(   20) = (   0.0000000  -0.7905694   0.7500000), wk =   0.0156250
        k(   21) = (  -1.0540926   0.0000000   0.0000000), wk =   0.0078125
        k(   22) = (   0.0000000   0.0000000   0.2500000), wk =   0.0078125
        k(   23) = (   0.2635231   0.2635231   0.0000000), wk =   0.0078125
        k(   24) = (   0.3952847   0.3952847  -0.1250000), wk =   0.0078125
        k(   25) = (  -0.5270463  -0.5270463   0.7500000), wk =   0.0078125
        k(   26) = (  -0.3952847  -0.3952847   0.6250000), wk =   0.0078125
        k(   27) = (  -0.2635231  -0.2635231   0.5000000), wk =   0.0078125
        k(   28) = (  -0.1317616  -0.1317616   0.3750000), wk =   0.0078125
        k(   29) = (   0.5270463   0.2635231   0.0000000), wk =   0.0156250
        k(   30) = (  -0.3952847  -0.6588078   0.8750000), wk =   0.0156250
        k(   31) = (  -0.2635231  -0.5270463   0.7500000), wk =   0.0156250
        k(   32) = (  -0.1317616  -0.3952847   0.6250000), wk =   0.0156250
        k(   33) = (   0.0000000  -0.2635231   0.5000000), wk =   0.0156250
        k(   34) = (   0.5270463   0.0000000   0.2500000), wk =   0.0156250
        k(   35) = (  -0.2635231  -0.7905694   1.0000000), wk =   0.0156250
        k(   36) = (  -0.1317616  -0.6588078   0.8750000), wk =   0.0156250
        k(   37) = (   0.0000000  -0.5270463   0.7500000), wk =   0.0156250
        k(   38) = (  -0.3952847   0.9223310  -0.6250000), wk =   0.0156250
        k(   39) = (  -0.2635231   1.0540926  -0.7500000), wk =   0.0156250
        k(   40) = (  -1.0540926   0.2635231   0.0000000), wk =   0.0156250
        k(   41) = (  -0.2635231   0.7905694  -0.5000000), wk =   0.0156250
        k(   42) = (  -0.1317616   0.9223310  -0.6250000), wk =   0.0156250
        k(   43) = (  -1.0540926   0.0000000   0.2500000), wk =   0.0156250
        k(   44) = (   0.0000000   0.7905694  -0.5000000), wk =   0.0156250
        k(   45) = (   0.0000000   0.0000000   0.5000000), wk =   0.0078125
        k(   46) = (  -0.5270463  -0.5270463   1.0000000), wk =   0.0078125
        k(   47) = (  -0.3952847  -0.3952847   0.8750000), wk =   0.0078125
        k(   48) = (  -0.2635231  -0.2635231   0.7500000), wk =   0.0078125
        k(   49) = (  -0.1317616  -0.1317616   0.6250000), wk =   0.0078125
        k(   50) = (  -0.2635231  -0.5270463   1.0000000), wk =   0.0156250
        k(   51) = (  -0.1317616  -0.3952847   0.8750000), wk =   0.0156250
        k(   52) = (   0.0000000  -0.2635231   0.7500000), wk =   0.0156250
        k(   53) = (  -1.0540926   0.5270463   0.0000000), wk =   0.0156250
        k(   54) = (  -1.0540926   0.0000000   0.5000000), wk =   0.0078125
        k(   55) = (   0.0000000   0.0000000   0.7500000), wk =   0.0078125
        k(   56) = (  -0.2635231  -0.2635231   1.0000000), wk =   0.0078125
        k(   57) = (  -0.1317616  -0.1317616   0.8750000), wk =   0.0078125
        k(   58) = (  -1.0540926   0.7905694   0.0000000), wk =   0.0156250
        k(   59) = (   0.0000000   0.0000000  -1.0000000), wk =   0.0039062
        k(   60) = (   0.1317616   0.1317616   0.1250000), wk =   0.0078125
        k(   61) = (   0.1317616  -0.1317616  -0.1250000), wk =   0.0156250
        k(   62) = (   0.2635231   0.2635231   0.2500000), wk =   0.0078125
        k(   63) = (   0.2635231  -0.2635231  -0.2500000), wk =   0.0156250
        k(   64) = (   0.3952847   0.3952847   0.3750000), wk =   0.0078125
        k(   65) = (   0.3952847  -0.3952847  -0.3750000), wk =   0.0156250
        k(   66) = (  -0.5270463  -0.5270463  -0.5000000), wk =   0.0039062
        k(   67) = (  -0.5270463   0.5270463   0.5000000), wk =   0.0078125
        k(   68) = (   0.1317616   0.3952847   0.1250000), wk =   0.0156250
        k(   69) = (   0.1317616  -0.3952847  -0.1250000), wk =   0.0156250
        k(   70) = (  -0.1317616   0.3952847  -0.1250000), wk =   0.0156250
        k(   71) = (   0.2635231   0.5270463   0.2500000), wk =   0.0156250
        k(   72) = (   0.2635231  -0.5270463  -0.2500000), wk =   0.0156250
        k(   73) = (  -0.2635231   0.5270463  -0.2500000), wk =   0.0156250
        k(   74) = (  -0.6588078  -0.3952847  -0.6250000), wk =   0.0156250
        k(   75) = (  -0.6588078   0.3952847   0.6250000), wk =   0.0156250
        k(   76) = (   0.6588078  -0.3952847   0.6250000), wk =   0.0156250
        k(   77) = (  -0.5270463  -0.2635231  -0.5000000), wk =   0.0156250
        k(   78) = (  -0.5270463   0.2635231   0.5000000), wk =   0.0156250
        k(   79) = (   0.5270463  -0.2635231   0.5000000), wk =   0.0156250
        k(   80) = (  -0.3952847  -0.1317616  -0.3750000), wk =   0.0156250
        k(   81) = (  -0.3952847   0.1317616   0.3750000), wk =   0.0156250
        k(   82) = (   0.3952847  -0.1317616   0.3750000), wk =   0.0156250
        k(   83) = (  -0.2635231   0.0000000  -0.2500000), wk =   0.0156250
        k(   84) = (   0.1317616   0.6588078   0.1250000), wk =   0.0156250
        k(   85) = (   0.1317616  -0.6588078  -0.1250000), wk =   0.0156250
        k(   86) = (  -0.1317616   0.6588078  -0.1250000), wk =   0.0156250
        k(   87) = (  -0.7905694  -0.2635231  -0.7500000), wk =   0.0156250
        k(   88) = (  -0.7905694   0.2635231   0.7500000), wk =   0.0156250
        k(   89) = (   0.7905694  -0.2635231   0.7500000), wk =   0.0156250
        k(   90) = (  -0.6588078  -0.1317616  -0.6250000), wk =   0.0156250
        k(   91) = (  -0.6588078   0.1317616   0.6250000), wk =   0.0156250
        k(   92) = (   0.6588078  -0.1317616   0.6250000), wk =   0.0156250
        k(   93) = (  -0.5270463   0.0000000  -0.5000000), wk =   0.0156250
        k(   94) = (  -0.9223310  -0.1317616  -0.8750000), wk =   0.0156250
        k(   95) = (  -0.9223310   0.1317616   0.8750000), wk =   0.0156250
        k(   96) = (   0.9223310  -0.1317616   0.8750000), wk =   0.0156250
        k(   97) = (  -0.7905694   0.0000000  -0.7500000), wk =   0.0156250
        k(   98) = (   0.2635231  -0.2635231   0.0000000), wk =   0.0078125
        k(   99) = (   0.3952847   0.3952847   0.1250000), wk =   0.0078125
        k(  100) = (   0.3952847  -0.3952847  -0.1250000), wk =   0.0156250
        k(  101) = (  -0.5270463  -0.5270463  -0.7500000), wk =   0.0078125
        k(  102) = (  -0.5270463   0.5270463   0.7500000), wk =   0.0156250
        k(  103) = (  -0.3952847  -0.3952847  -0.6250000), wk =   0.0078125
        k(  104) = (  -0.3952847   0.3952847   0.6250000), wk =   0.0156250
        k(  105) = (  -0.2635231  -0.2635231  -0.5000000), wk =   0.0078125
        k(  106) = (  -0.2635231   0.2635231   0.5000000), wk =   0.0156250
        k(  107) = (  -0.1317616  -0.1317616  -0.3750000), wk =   0.0078125
        k(  108) = (  -0.1317616   0.1317616   0.3750000), wk =   0.0156250
        k(  109) = (   0.2635231  -0.5270463   0.0000000), wk =   0.0156250
        k(  110) = (  -0.6588078  -0.3952847  -0.8750000), wk =   0.0156250
        k(  111) = (  -0.6588078   0.3952847   0.8750000), wk =   0.0156250
        k(  112) = (   0.6588078  -0.3952847   0.8750000), wk =   0.0156250
        k(  113) = (  -0.5270463  -0.2635231  -0.7500000), wk =   0.0156250
        k(  114) = (  -0.5270463   0.2635231   0.7500000), wk =   0.0156250
        k(  115) = (   0.5270463  -0.2635231   0.7500000), wk =   0.0156250
        k(  116) = (  -0.3952847  -0.1317616  -0.6250000), wk =   0.0156250
        k(  117) = (  -0.3952847   0.1317616   0.6250000), wk =   0.0156250
        k(  118) = (   0.3952847  -0.1317616   0.6250000), wk =   0.0156250
        k(  119) = (  -0.2635231   0.0000000  -0.5000000), wk =   0.0156250
        k(  120) = (   0.0000000   0.5270463  -0.2500000), wk =   0.0156250
        k(  121) = (  -0.7905694   0.2635231   1.0000000), wk =   0.0156250
        k(  122) = (  -0.6588078  -0.1317616  -0.8750000), wk =   0.0156250
        k(  123) = (  -0.6588078   0.1317616   0.8750000), wk =   0.0156250
        k(  124) = (   0.6588078  -0.1317616   0.8750000), wk =   0.0156250
        k(  125) = (  -0.5270463   0.0000000  -0.7500000), wk =   0.0156250
        k(  126) = (   0.9223310  -0.3952847   0.6250000), wk =   0.0156250
        k(  127) = (   0.9223310   0.3952847  -0.6250000), wk =   0.0156250
        k(  128) = (  -0.9223310  -0.3952847  -0.6250000), wk =   0.0156250
        k(  129) = (   1.0540926  -0.2635231   0.7500000), wk =   0.0156250
        k(  130) = (   0.7905694   0.2635231  -0.5000000), wk =   0.0078125
        k(  131) = (  -0.7905694  -0.2635231  -0.5000000), wk =   0.0078125
        k(  132) = (   0.9223310  -0.1317616   0.6250000), wk =   0.0156250
        k(  133) = (   0.9223310   0.1317616  -0.6250000), wk =   0.0156250
        k(  134) = (  -0.9223310  -0.1317616  -0.6250000), wk =   0.0156250
        k(  135) = (   0.7905694   0.0000000   0.5000000), wk =   0.0156250
        k(  136) = (  -0.5270463   0.5270463   1.0000000), wk =   0.0078125
        k(  137) = (  -0.3952847  -0.3952847  -0.8750000), wk =   0.0078125
        k(  138) = (  -0.3952847   0.3952847   0.8750000), wk =   0.0156250
        k(  139) = (  -0.2635231  -0.2635231  -0.7500000), wk =   0.0078125
        k(  140) = (  -0.2635231   0.2635231   0.7500000), wk =   0.0156250
        k(  141) = (  -0.1317616  -0.1317616  -0.6250000), wk =   0.0078125
        k(  142) = (  -0.1317616   0.1317616   0.6250000), wk =   0.0156250
        k(  143) = (  -0.5270463   0.2635231   1.0000000), wk =   0.0156250
        k(  144) = (  -0.3952847  -0.1317616  -0.8750000), wk =   0.0156250
        k(  145) = (  -0.3952847   0.1317616   0.8750000), wk =   0.0156250
        k(  146) = (   0.3952847  -0.1317616   0.8750000), wk =   0.0156250
        k(  147) = (  -0.2635231   0.0000000  -0.7500000), wk =   0.0156250
        k(  148) = (  -0.2635231   0.2635231   1.0000000), wk =   0.0078125
        k(  149) = (  -0.1317616  -0.1317616  -0.8750000), wk =   0.0078125
        k(  150) = (  -0.1317616   0.1317616   0.8750000), wk =   0.0156250

     G cutoff =  552.5432  (  12271 G-vectors)     FFT grid: ( 36, 36, 32)
     G cutoff =  276.2716  (   4345 G-vectors)  smooth grid: ( 24, 24, 24)

     Largest allocated arrays     est. size (Mb)     dimensions
        Kohn-Sham Wavefunctions         0.01 Mb     (    142,   4)
        NL pseudopotentials             0.03 Mb     (    142,  16)
        Each V/rho on FFT grid          0.16 Mb     (  10368)
        Each G-vector array             0.02 Mb     (   3067)
        G-vector shells                 0.01 Mb     (    719)
     Largest temporary arrays     est. size (Mb)     dimensions
        Auxiliary wavefunctions         0.03 Mb     (    142,  16)
        Each subspace H/S matrix        0.00 Mb     (     16,  16)
        Each <psi_i|beta_j> matrix      0.00 Mb     (     16,   4)
        Arrays for rho mixing           1.27 Mb     (  10368,   8)

     Initial potential from superposition of free atoms

     starting charge    7.99989, renormalised to    8.00000
     Starting wfc are    8 atomic wfcs

     total cpu time spent up to now is      0.97 secs

     per-process dynamical memory:    54.7 Mb

     Self-consistent Calculation

     iteration #  1     ecut=    60.00 Ry     beta=0.70
     Davidson diagonalization with overlap
     ethr =  1.00E-02,  avg # of iterations =  2.0

     total cpu time spent up to now is      2.53 secs

     total energy              =     -22.74291332 Ry
     Harris-Foulkes estimate   =     -22.81286940 Ry
     estimated scf accuracy    <       0.14812814 Ry

     iteration #  2     ecut=    60.00 Ry     beta=0.70
     Davidson diagonalization with overlap
     ethr =  1.85E-03,  avg # of iterations =  1.0

     total cpu time spent up to now is      3.60 secs

     total energy              =     -22.75246802 Ry
     Harris-Foulkes estimate   =     -22.75308813 Ry
     estimated scf accuracy    <       0.00315465 Ry

     iteration #  3     ecut=    60.00 Ry     beta=0.70
     Davidson diagonalization with overlap
     ethr =  3.94E-05,  avg # of iterations =  2.1

     total cpu time spent up to now is      5.34 secs

     total energy              =     -22.75326531 Ry
     Harris-Foulkes estimate   =     -22.75325190 Ry
     estimated scf accuracy    <       0.00004230 Ry

     iteration #  4     ecut=    60.00 Ry     beta=0.70
     Davidson diagonalization with overlap
     ethr =  5.29E-07,  avg # of iterations =  2.0

     total cpu time spent up to now is      7.06 secs

     total energy              =     -22.75328166 Ry
     Harris-Foulkes estimate   =     -22.75328156 Ry
     estimated scf accuracy    <       0.00000400 Ry

     iteration #  5     ecut=    60.00 Ry     beta=0.70
     Davidson diagonalization with overlap
     ethr =  5.00E-08,  avg # of iterations =  2.0

     total cpu time spent up to now is      8.75 secs

     total energy              =     -22.75328235 Ry
     Harris-Foulkes estimate   =     -22.75328239 Ry
     estimated scf accuracy    <       0.00000015 Ry

     iteration #  6     ecut=    60.00 Ry     beta=0.70
     Davidson diagonalization with overlap
     ethr =  1.90E-09,  avg # of iterations =  1.9

     total cpu time spent up to now is     10.28 secs

     End of self-consistent calculation

          k = 0.0000 0.0000 0.0000 (   549 PWs)   bands (ev):

    -7.5854  14.6827  15.5868  15.5868

          k = 0.1318 0.1318-0.1250 (   544 PWs)   bands (ev):

    -7.1217  12.6297  14.2843  14.8951

          k = 0.2635 0.2635-0.2500 (   540 PWs)   bands (ev):

    -5.7419   8.2135  12.9455  13.7844

          k = 0.3953 0.3953-0.3750 (   544 PWs)   bands (ev):

    -3.4996   3.8249  12.0082  13.0172

          k =-0.5270-0.5270 0.5000 (   542 PWs)   bands (ev):

    -1.1729   0.7453  11.6805  12.7552

          k = 0.2635 0.0000 0.0000 (   540 PWs)   bands (ev):

    -6.9456  12.9198  13.4962  14.2838

          k = 0.3953 0.1318-0.1250 (   542 PWs)   bands (ev):

    -5.8505   9.7557  11.8890  13.4382

          k = 0.5270 0.2635-0.2500 (   543 PWs)   bands (ev):

    -3.8732   5.4369  11.0795  12.2620

          k =-0.3953-0.6588 0.6250 (   543 PWs)   bands (ev):

    -1.2592   1.6651  10.7758  11.4916

          k =-0.2635-0.5270 0.5000 (   541 PWs)   bands (ev):

    -2.2716   2.9555  10.5134  11.8952

          k =-0.1318-0.3953 0.3750 (   541 PWs)   bands (ev):

    -4.7254   7.0630  10.7253  13.0324

          k = 0.0000-0.2635 0.2500 (   546 PWs)   bands (ev):

    -6.3745  11.0199  11.9221  14.2725

          k = 0.5270 0.0000 0.0000 (   548 PWs)   bands (ev):

    -5.0461  10.3786  10.6759  11.0402

          k = 0.6588 0.1318-0.1250 (   541 PWs)   bands (ev):

    -3.3562   7.2907   9.6151   9.9708

          k =-0.2635-0.7906 0.7500 (   542 PWs)   bands (ev):

    -0.9113   3.6532   8.3047   9.6669

          k =-0.1318-0.6588 0.6250 (   537 PWs)   bands (ev):

    -0.3277   2.9796   7.1991  10.3641

          k = 0.0000-0.5270 0.5000 (   540 PWs)   bands (ev):

    -2.8448   6.2432   7.2188  11.6669

          k = 0.7906 0.0000 0.0000 (   534 PWs)   bands (ev):

    -1.9633   6.7053   8.6503   8.7778

          k =-0.1318-0.9223 0.8750 (   538 PWs)   bands (ev):

     0.2140   4.3772   7.0276   8.4992

          k = 0.0000-0.7906 0.7500 (   532 PWs)   bands (ev):

     1.7833   3.1574   5.0206   9.0908

          k =-1.0541 0.0000 0.0000 (   544 PWs)   bands (ev):

     2.1054   2.1054   8.0867   8.0867

          k = 0.0000 0.0000 0.2500 (   549 PWs)   bands (ev):

    -7.0110  13.3109  13.6908  13.6908

          k = 0.2635 0.2635 0.0000 (   541 PWs)   bands (ev):

    -6.3095  11.0362  11.2826  14.8950

          k = 0.3953 0.3953-0.1250 (   536 PWs)   bands (ev):

    -4.5983   6.7809  10.1302  13.7947

          k =-0.5270-0.5270 0.7500 (   540 PWs)   bands (ev):

    -2.1016   2.6869   9.7817  12.6570

          k =-0.3953-0.3953 0.6250 (   544 PWs)   bands (ev):

    -1.4545   1.8469  10.1826  11.9561

          k =-0.2635-0.2635 0.5000 (   546 PWs)   bands (ev):

    -4.0614   5.6758  11.2414  11.8841

          k =-0.1318-0.1318 0.3750 (   548 PWs)   bands (ev):

    -5.9799   9.9238  12.5004  12.6653

          k = 0.5270 0.2635 0.0000 (   537 PWs)   bands (ev):

    -4.4247   8.2582   8.8400  12.6090

          k =-0.3953-0.6588 0.8750 (   541 PWs)   bands (ev):

    -2.1715   4.4963   8.0761  11.2797

          k =-0.2635-0.5270 0.7500 (   543 PWs)   bands (ev):

    -0.1538   1.8960   8.2032  10.3316

          k =-0.1318-0.3953 0.6250 (   540 PWs)   bands (ev):

    -2.5302   4.9610   8.6316  10.5109

          k = 0.0000-0.2635 0.5000 (   547 PWs)   bands (ev):

    -4.6788   8.4323   9.6208  11.7633

          k = 0.5270 0.0000 0.2500 (   541 PWs)   bands (ev):

    -4.4880   8.4408   9.3236  12.1609

          k =-0.2635-0.7906 1.0000 (   538 PWs)   bands (ev):

    -1.3898   5.8662   7.2176   8.8760

          k =-0.1318-0.6588 0.8750 (   539 PWs)   bands (ev):

     1.0279   3.3248   6.1623   8.0404

          k = 0.0000-0.5270 0.7500 (   541 PWs)   bands (ev):

    -0.2611   4.5072   5.8797   8.8033

          k =-0.3953 0.9223-0.6250 (   541 PWs)   bands (ev):

    -2.2875   4.8050   8.7043  10.7715

          k =-0.2635 1.0541-0.7500 (   539 PWs)   bands (ev):

    -1.4452   6.0803   7.5731   8.6783

          k =-1.0541 0.2635 0.0000 (   540 PWs)   bands (ev):

     2.4671   2.4671   6.9238   6.9238

          k =-0.2635 0.7906-0.5000 (   542 PWs)   bands (ev):

    -0.0603   1.9282   8.8688   9.9502

          k =-0.1318 0.9223-0.6250 (   531 PWs)   bands (ev):

     1.0037   3.5432   6.2800   8.2191

          k =-1.0541 0.0000 0.2500 (   536 PWs)   bands (ev):

     2.4613   2.4613   7.1114   7.1114

          k = 0.0000 0.7906-0.5000 (   534 PWs)   bands (ev):

     0.0138   4.5071   5.6887   9.2567

          k = 0.0000 0.0000 0.5000 (   548 PWs)   bands (ev):

    -5.3027   9.8965  11.1746  11.1746

          k =-0.5270-0.5270 1.0000 (   532 PWs)   bands (ev):

    -2.6042   5.7481   6.4952  12.5629

          k =-0.3953-0.3953 0.8750 (   549 PWs)   bands (ev):

    -0.1067   2.5274   6.3558  11.2544

          k =-0.2635-0.2635 0.7500 (   536 PWs)   bands (ev):

    -1.3677   3.9384   7.4271  10.4768

          k =-0.1318-0.1318 0.6250 (   547 PWs)   bands (ev):

    -3.7323   7.2260   9.3885  10.4419

          k =-0.2635-0.5270 1.0000 (   543 PWs)   bands (ev):

     0.1755   3.9274   5.1069   9.7539

          k =-0.1318-0.3953 0.8750 (   540 PWs)   bands (ev):

     0.5161   3.4317   5.8762   8.6874

          k = 0.0000-0.2635 0.7500 (   540 PWs)   bands (ev):

    -1.9285   5.5112   8.0861   8.7950

          k =-1.0541 0.5270 0.0000 (   544 PWs)   bands (ev):

     2.6386   2.6386   6.1002   6.1002

          k =-1.0541 0.0000 0.5000 (   520 PWs)   bands (ev):

     2.9598   2.9598   6.0961   6.0961

          k = 0.0000 0.0000 0.7500 (   540 PWs)   bands (ev):

    -2.5171   5.5513   9.5058   9.5058

          k =-0.2635-0.2635 1.0000 (   548 PWs)   bands (ev):

     1.5482   2.3589   4.9495   9.9754

          k =-0.1318-0.1318 0.8750 (   543 PWs)   bands (ev):

    -0.4828   3.4863   7.5946   9.3408

          k =-1.0541 0.7906 0.0000 (   540 PWs)   bands (ev):

     1.6778   1.6778   7.6866   7.6866

          k = 0.0000 0.0000-1.0000 (   540 PWs)   bands (ev):

     1.2061   1.2061   8.9323   8.9323

          k = 0.1318 0.1318 0.1250 (   544 PWs)   bands (ev):

    -7.1217  12.6297  14.2843  14.8951

          k = 0.1318-0.1318-0.1250 (   544 PWs)   bands (ev):

    -7.1217  12.6297  14.2843  14.8951

          k = 0.2635 0.2635 0.2500 (   540 PWs)   bands (ev):

    -5.7419   8.2135  12.9455  13.7844

          k = 0.2635-0.2635-0.2500 (   540 PWs)   bands (ev):

    -5.7419   8.2135  12.9455  13.7843

          k = 0.3953 0.3953 0.3750 (   544 PWs)   bands (ev):

    -3.4996   3.8249  12.0082  13.0172

          k = 0.3953-0.3953-0.3750 (   544 PWs)   bands (ev):

    -3.4996   3.8249  12.0082  13.0172

          k =-0.5270-0.5270-0.5000 (   542 PWs)   bands (ev):

    -1.1729   0.7453  11.6805  12.7552

          k =-0.5270 0.5270 0.5000 (   542 PWs)   bands (ev):

    -1.1729   0.7453  11.6805  12.7552

          k = 0.1318 0.3953 0.1250 (   542 PWs)   bands (ev):

    -5.8505   9.7557  11.8890  13.4382

          k = 0.1318-0.3953-0.1250 (   542 PWs)   bands (ev):

    -5.8505   9.7557  11.8890  13.4382

          k =-0.1318 0.3953-0.1250 (   542 PWs)   bands (ev):

    -5.8505   9.7557  11.8890  13.4382

          k = 0.2635 0.5270 0.2500 (   543 PWs)   bands (ev):

    -3.8732   5.4369  11.0795  12.2620

          k = 0.2635-0.5270-0.2500 (   543 PWs)   bands (ev):

    -3.8732   5.4369  11.0795  12.2620

          k =-0.2635 0.5270-0.2500 (   543 PWs)   bands (ev):

    -3.8732   5.4369  11.0795  12.2620

          k =-0.6588-0.3953-0.6250 (   543 PWs)   bands (ev):

    -1.2592   1.6651  10.7758  11.4916

          k =-0.6588 0.3953 0.6250 (   543 PWs)   bands (ev):

    -1.2592   1.6651  10.7758  11.4916

          k = 0.6588-0.3953 0.6250 (   543 PWs)   bands (ev):

    -1.2592   1.6651  10.7758  11.4916

          k =-0.5270-0.2635-0.5000 (   541 PWs)   bands (ev):

    -2.2716   2.9555  10.5134  11.8952

          k =-0.5270 0.2635 0.5000 (   541 PWs)   bands (ev):

    -2.2716   2.9555  10.5134  11.8952

          k = 0.5270-0.2635 0.5000 (   541 PWs)   bands (ev):

    -2.2716   2.9555  10.5134  11.8952

          k =-0.3953-0.1318-0.3750 (   541 PWs)   bands (ev):

    -4.7254   7.0630  10.7253  13.0324

          k =-0.3953 0.1318 0.3750 (   541 PWs)   bands (ev):

    -4.7254   7.0630  10.7253  13.0324

          k = 0.3953-0.1318 0.3750 (   541 PWs)   bands (ev):

    -4.7254   7.0630  10.7253  13.0324

          k =-0.2635 0.0000-0.2500 (   546 PWs)   bands (ev):

    -6.3745  11.0199  11.9221  14.2725

          k = 0.1318 0.6588 0.1250 (   541 PWs)   bands (ev):

    -3.3562   7.2907   9.6151   9.9708

          k = 0.1318-0.6588-0.1250 (   541 PWs)   bands (ev):

    -3.3562   7.2907   9.6151   9.9708

          k =-0.1318 0.6588-0.1250 (   541 PWs)   bands (ev):

    -3.3562   7.2907   9.6151   9.9708

          k =-0.7906-0.2635-0.7500 (   542 PWs)   bands (ev):

    -0.9113   3.6532   8.3047   9.6669

          k =-0.7906 0.2635 0.7500 (   542 PWs)   bands (ev):

    -0.9113   3.6532   8.3047   9.6669

          k = 0.7906-0.2635 0.7500 (   542 PWs)   bands (ev):

    -0.9113   3.6532   8.3047   9.6669

          k =-0.6588-0.1318-0.6250 (   537 PWs)   bands (ev):

    -0.3277   2.9797   7.1991  10.3641

          k =-0.6588 0.1318 0.6250 (   537 PWs)   bands (ev):

    -0.3277   2.9797   7.1991  10.3641

          k = 0.6588-0.1318 0.6250 (   537 PWs)   bands (ev):

    -0.3277   2.9797   7.1991  10.3641

          k =-0.5270 0.0000-0.5000 (   540 PWs)   bands (ev):

    -2.8448   6.2432   7.2188  11.6669

          k =-0.9223-0.1318-0.8750 (   538 PWs)   bands (ev):

     0.2140   4.3772   7.0276   8.4992

          k =-0.9223 0.1318 0.8750 (   538 PWs)   bands (ev):

     0.2140   4.3772   7.0276   8.4992

          k = 0.9223-0.1318 0.8750 (   538 PWs)   bands (ev):

     0.2140   4.3772   7.0276   8.4992

          k =-0.7906 0.0000-0.7500 (   532 PWs)   bands (ev):

     1.7833   3.1574   5.0206   9.0908

          k = 0.2635-0.2635 0.0000 (   541 PWs)   bands (ev):

    -6.3095  11.0362  11.2826  14.8950

          k = 0.3953 0.3953 0.1250 (   536 PWs)   bands (ev):

    -4.5983   6.7809  10.1302  13.7947

          k = 0.3953-0.3953-0.1250 (   536 PWs)   bands (ev):

    -4.5983   6.7809  10.1302  13.7947

          k =-0.5270-0.5270-0.7500 (   540 PWs)   bands (ev):

    -2.1016   2.6869   9.7817  12.6570

          k =-0.5270 0.5270 0.7500 (   540 PWs)   bands (ev):

    -2.1016   2.6869   9.7817  12.6570

          k =-0.3953-0.3953-0.6250 (   544 PWs)   bands (ev):

    -1.4545   1.8469  10.1826  11.9561

          k =-0.3953 0.3953 0.6250 (   544 PWs)   bands (ev):

    -1.4545   1.8469  10.1826  11.9561

          k =-0.2635-0.2635-0.5000 (   546 PWs)   bands (ev):

    -4.0614   5.6758  11.2414  11.8841

          k =-0.2635 0.2635 0.5000 (   546 PWs)   bands (ev):

    -4.0614   5.6758  11.2414  11.8841

          k =-0.1318-0.1318-0.3750 (   548 PWs)   bands (ev):

    -5.9799   9.9238  12.5004  12.6653

          k =-0.1318 0.1318 0.3750 (   548 PWs)   bands (ev):

    -5.9799   9.9238  12.5004  12.6653

          k = 0.2635-0.5270 0.0000 (   537 PWs)   bands (ev):

    -4.4247   8.2582   8.8400  12.6090

          k =-0.6588-0.3953-0.8750 (   541 PWs)   bands (ev):

    -2.1715   4.4963   8.0761  11.2797

          k =-0.6588 0.3953 0.8750 (   541 PWs)   bands (ev):

    -2.1715   4.4963   8.0761  11.2797

          k = 0.6588-0.3953 0.8750 (   541 PWs)   bands (ev):

    -2.1715   4.4963   8.0761  11.2797

          k =-0.5270-0.2635-0.7500 (   543 PWs)   bands (ev):

    -0.1538   1.8960   8.2032  10.3316

          k =-0.5270 0.2635 0.7500 (   543 PWs)   bands (ev):

    -0.1538   1.8960   8.2032  10.3316

          k = 0.5270-0.2635 0.7500 (   543 PWs)   bands (ev):

    -0.1538   1.8960   8.2032  10.3316

          k =-0.3953-0.1318-0.6250 (   540 PWs)   bands (ev):

    -2.5302   4.9610   8.6316  10.5109

          k =-0.3953 0.1318 0.6250 (   540 PWs)   bands (ev):

    -2.5302   4.9610   8.6316  10.5109

          k = 0.3953-0.1318 0.6250 (   540 PWs)   bands (ev):

    -2.5302   4.9610   8.6316  10.5109

          k =-0.2635 0.0000-0.5000 (   547 PWs)   bands (ev):

    -4.6788   8.4323   9.6208  11.7633

          k = 0.0000 0.5270-0.2500 (   541 PWs)   bands (ev):

    -4.4880   8.4408   9.3236  12.1609

          k =-0.7906 0.2635 1.0000 (   538 PWs)   bands (ev):

    -1.3898   5.8662   7.2176   8.8760

          k =-0.6588-0.1318-0.8750 (   539 PWs)   bands (ev):

     1.0279   3.3248   6.1623   8.0404

          k =-0.6588 0.1318 0.8750 (   539 PWs)   bands (ev):

     1.0279   3.3248   6.1623   8.0404

          k = 0.6588-0.1318 0.8750 (   539 PWs)   bands (ev):

     1.0279   3.3248   6.1623   8.0404

          k =-0.5270 0.0000-0.7500 (   541 PWs)   bands (ev):

    -0.2611   4.5072   5.8797   8.8033

          k = 0.9223-0.3953 0.6250 (   541 PWs)   bands (ev):

    -2.2875   4.8050   8.7042  10.7715

          k = 0.9223 0.3953-0.6250 (   541 PWs)   bands (ev):

    -2.2875   4.8050   8.7043  10.7715

          k =-0.9223-0.3953-0.6250 (   541 PWs)   bands (ev):

    -2.2875   4.8050   8.7043  10.7715

          k = 1.0541-0.2635 0.7500 (   539 PWs)   bands (ev):

    -1.4452   6.0803   7.5731   8.6783

          k = 0.7906 0.2635-0.5000 (   542 PWs)   bands (ev):

    -0.0603   1.9282   8.8688   9.9502

          k =-0.7906-0.2635-0.5000 (   542 PWs)   bands (ev):

    -0.0603   1.9282   8.8688   9.9502

          k = 0.9223-0.1318 0.6250 (   531 PWs)   bands (ev):

     1.0037   3.5432   6.2800   8.2191

          k = 0.9223 0.1318-0.6250 (   531 PWs)   bands (ev):

     1.0037   3.5432   6.2800   8.2191

          k =-0.9223-0.1318-0.6250 (   531 PWs)   bands (ev):

     1.0037   3.5432   6.2800   8.2191

          k = 0.7906 0.0000 0.5000 (   534 PWs)   bands (ev):

     0.0138   4.5071   5.6887   9.2567

          k =-0.5270 0.5270 1.0000 (   532 PWs)   bands (ev):

    -2.6042   5.7481   6.4952  12.5629

          k =-0.3953-0.3953-0.8750 (   549 PWs)   bands (ev):

    -0.1067   2.5274   6.3558  11.2544

          k =-0.3953 0.3953 0.8750 (   549 PWs)   bands (ev):

    -0.1067   2.5275   6.3558  11.2544

          k =-0.2635-0.2635-0.7500 (   536 PWs)   bands (ev):

    -1.3677   3.9384   7.4271  10.4768

          k =-0.2635 0.2635 0.7500 (   536 PWs)   bands (ev):

    -1.3677   3.9384   7.4271  10.4768

          k =-0.1318-0.1318-0.6250 (   547 PWs)   bands (ev):

    -3.7323   7.2260   9.3885  10.4419

          k =-0.1318 0.1318 0.6250 (   547 PWs)   bands (ev):

    -3.7323   7.2260   9.3885  10.4419

          k =-0.5270 0.2635 1.0000 (   543 PWs)   bands (ev):

     0.1755   3.9274   5.1069   9.7539

          k =-0.3953-0.1318-0.8750 (   540 PWs)   bands (ev):

     0.5161   3.4317   5.8762   8.6874

          k =-0.3953 0.1318 0.8750 (   540 PWs)   bands (ev):

     0.5161   3.4317   5.8762   8.6873

          k = 0.3953-0.1318 0.8750 (   540 PWs)   bands (ev):

     0.5161   3.4317   5.8762   8.6873

          k =-0.2635 0.0000-0.7500 (   540 PWs)   bands (ev):

    -1.9285   5.5112   8.0861   8.7950

          k =-0.2635 0.2635 1.0000 (   548 PWs)   bands (ev):

     1.5482   2.3589   4.9495   9.9754

          k =-0.1318-0.1318-0.8750 (   543 PWs)   bands (ev):

    -0.4828   3.4863   7.5946   9.3408

          k =-0.1318 0.1318 0.8750 (   543 PWs)   bands (ev):

    -0.4828   3.4863   7.5946   9.3408

!    total energy              =     -22.75328236 Ry
     Harris-Foulkes estimate   =     -22.75328236 Ry
     estimated scf accuracy    <          1.6E-09 Ry

     The total energy is the sum of the following terms:

     one-electron contribution =       9.21700726 Ry
     hartree contribution      =       1.82013164 Ry
     xc contribution           =      -7.29478133 Ry
     ewald contribution        =     -26.49563993 Ry

     convergence has been achieved in   6 iterations

     Forces acting on atoms (Ry/au):

     atom   1 type  1   force =     0.00000004    0.00000004    0.00000000
     atom   2 type  1   force =    -0.00000004   -0.00000004    0.00000000

     Total force =     0.000000     Total SCF correction =     0.000000


     entering subroutine stress ...

          total   stress  (Ry/bohr**3)                   (kbar)     P=  551.27
   0.00505612   0.00000000   0.00000000        743.78      0.00      0.00
   0.00000000   0.00505612   0.00000000          0.00    743.78      0.00
   0.00000000   0.00000000   0.00113013          0.00      0.00    166.25


     BFGS Geometry Optimization

     bfgs converged in   1 scf cycles and   0 bfgs steps
     (criteria: energy < 0.10E-08, force < 0.10E-05)

     End of BFGS Geometry Optimization

     Final energy   =     -22.7532823643 Ry

ATOMIC_POSITIONS (crystal)
C        0.000000000   0.000000000   0.000000000
C        0.250000000   0.250000000   0.250000000



     Writing output data file pwscf.save
 
     PWSCF        :    11.15s CPU time,   13.54s wall time

     init_run     :     0.89s CPU
     electrons    :     9.30s CPU
     forces       :     0.08s CPU
     stress       :     0.33s CPU

     Called by init_run:
     wfcinit      :     0.68s CPU
     potinit      :     0.05s CPU

     Called by electrons:
     c_bands      :     8.27s CPU (       6 calls,   1.378 s avg)
     sum_band     :     0.77s CPU (       6 calls,   0.129 s avg)
     v_of_rho     :     0.13s CPU (       7 calls,   0.019 s avg)
     newd         :     0.05s CPU (       7 calls,   0.007 s avg)
     mix_rho      :     0.01s CPU (       6 calls,   0.002 s avg)

     Called by c_bands:
     init_us_2    :     0.23s CPU (    2250 calls,   0.000 s avg)
     cegterg      :     8.02s CPU (     900 calls,   0.009 s avg)

     Called by *egterg:
     h_psi        :     2.70s CPU (    2712 calls,   0.001 s avg)
     s_psi        :     0.03s CPU (    2712 calls,   0.000 s avg)
     g_psi        :     0.04s CPU (    1662 calls,   0.000 s avg)
     cdiaghg      :     4.45s CPU (    2562 calls,   0.002 s avg)

     Called by h_psi:
     add_vuspsi   :     0.04s CPU (    2712 calls,   0.000 s avg)

     General routines
     calbec       :     0.18s CPU (    3912 calls,   0.000 s avg)
     cft3s        :     2.67s CPU (   25643 calls,   0.000 s avg)
     interpolate  :     0.01s CPU (      13 calls,   0.001 s avg)
     davcio       :     0.58s CPU (    3150 calls,   0.000 s avg)
 
     Parallel routines
     fft_scatter  :     0.84s CPU (   25643 calls,   0.000 s avg)
