
     Program PWSCF     v.4.1.1  starts ...
     Today is 25Nov2010 at 15:47:49 

     Parallel version (MPI)

     Number of processors in use:       4
     R & G space division:  proc/pool =    4

     For Norm-Conserving or Ultrasoft (Vanderbilt) Pseudopotentials or PAW

     Current dimensions of program pwscf are:
     Max number of different atomic species (ntypx) = 10
     Max number of k-points (npk) =  40000
     Max angular momentum in pseudopotentials (lmaxx) =  3
     Waiting for input...
     file C.pbe-rrkjus.UPF: wavefunction(s)  2S 2P renormalized

     Subspace diagonalization in iterative solution of the eigenvalue problem:
     a parallel distributed memory algorithm will be used,
     eigenstates matrixes will be distributed block like on
     ortho sub-group =    2*   2 procs


     Planes per process (thick) : nr3 = 36 npp =   9 ncplane = 1296
     Planes per process (smooth): nr3s= 24 npps=   6 ncplanes=  576
 
     Proc/  planes cols     G    planes cols    G      columns  G
     Pool       (dense grid)       (smooth grid)      (wavefct grid)
        1     9    185     3277    6     92     1156     30      227
        2     9    186     3278    6     92     1155     30      227
        3     9    185     3276    6     91     1160     31      229
        4     9    185     3276    6     92     1158     30      226
     tot     36    741    13107   24    367     4629    121      909
 


     bravais-lattice index     =            0
     lattice parameter (a_0)   =       6.7413  a.u.
     unit-cell volume          =      73.5256 (a.u.)^3
     number of atoms/cell      =            2
     number of atomic types    =            1
     number of electrons       =         8.00
     number of Kohn-Sham states=            4
     kinetic-energy cutoff     =      60.0000  Ry
     charge density cutoff     =     480.0000  Ry
     convergence threshold     =      1.0E-08
     mixing beta               =       0.7000
     number of iterations used =            8  plain     mixing
     Exchange-correlation      =  SLA  PW   PBE  PBE (1434)
     nstep                     =           50


     celldm(1)=   6.741280  celldm(2)=   0.000000  celldm(3)=   0.000000
     celldm(4)=   0.000000  celldm(5)=   0.000000  celldm(6)=   0.000000

     crystal axes: (cart. coord. in units of a_0)
               a(1) = (  0.000000  0.489898  0.500000 )  
               a(2) = (  0.489898  0.000000  0.500000 )  
               a(3) = (  0.489898  0.489898  0.000000 )  

     reciprocal axes: (cart. coord. in units 2 pi/a_0)
               b(1) = ( -1.020621  1.020621  1.000000 )  
               b(2) = (  1.020621 -1.020621  1.000000 )  
               b(3) = (  1.020621  1.020621 -1.000000 )  


     PseudoPot. # 1 for C  read from file C.pbe-rrkjus.UPF
     Pseudo is Ultrasoft, Zval =  4.0
     Generated by new atomic code, or converted to UPF format
     Using radial grid of  627 points,  4 beta functions with: 
                l(1) =   0
                l(2) =   0
                l(3) =   1
                l(4) =   1
     Q(r) pseudized with 0 coefficients 


     atomic species   valence    mass     pseudopotential
        C              4.00    12.01070     C ( 1.00)

     16 Sym.Ops. (with inversion)


   Cartesian axes

     site n.     atom                  positions (a_0 units)
         1           C   tau(  1) = (   0.0000000   0.0000000   0.0000000  )
         2           C   tau(  2) = (   0.2449490   0.2449490   0.2500000  )

     number of k points=   59
                       cart. coord. in units 2pi/a_0
        k(    1) = (   0.0000000   0.0000000   0.0000000), wk =   0.0039062
        k(    2) = (   0.1275776   0.1275776  -0.1250000), wk =   0.0312500
        k(    3) = (   0.2551552   0.2551552  -0.2500000), wk =   0.0312500
        k(    4) = (   0.3827328   0.3827328  -0.3750000), wk =   0.0312500
        k(    5) = (  -0.5103104  -0.5103104   0.5000000), wk =   0.0156250
        k(    6) = (   0.2551552   0.0000000   0.0000000), wk =   0.0156250
        k(    7) = (   0.3827328   0.1275776  -0.1250000), wk =   0.0625000
        k(    8) = (   0.5103104   0.2551552  -0.2500000), wk =   0.0625000
        k(    9) = (  -0.3827328  -0.6378880   0.6250000), wk =   0.0625000
        k(   10) = (  -0.2551552  -0.5103104   0.5000000), wk =   0.0625000
        k(   11) = (  -0.1275776  -0.3827328   0.3750000), wk =   0.0625000
        k(   12) = (   0.0000000  -0.2551552   0.2500000), wk =   0.0312500
        k(   13) = (   0.5103104   0.0000000   0.0000000), wk =   0.0156250
        k(   14) = (   0.6378880   0.1275776  -0.1250000), wk =   0.0625000
        k(   15) = (  -0.2551552  -0.7654655   0.7500000), wk =   0.0625000
        k(   16) = (  -0.1275776  -0.6378880   0.6250000), wk =   0.0625000
        k(   17) = (   0.0000000  -0.5103104   0.5000000), wk =   0.0312500
        k(   18) = (   0.7654655   0.0000000   0.0000000), wk =   0.0156250
        k(   19) = (  -0.1275776  -0.8930431   0.8750000), wk =   0.0625000
        k(   20) = (   0.0000000  -0.7654655   0.7500000), wk =   0.0312500
        k(   21) = (  -1.0206207   0.0000000   0.0000000), wk =   0.0078125
        k(   22) = (   0.0000000   0.0000000   0.2500000), wk =   0.0078125
        k(   23) = (   0.2551552   0.2551552   0.0000000), wk =   0.0156250
        k(   24) = (   0.3827328   0.3827328  -0.1250000), wk =   0.0312500
        k(   25) = (  -0.5103104  -0.5103104   0.7500000), wk =   0.0312500
        k(   26) = (  -0.3827328  -0.3827328   0.6250000), wk =   0.0312500
        k(   27) = (  -0.2551552  -0.2551552   0.5000000), wk =   0.0312500
        k(   28) = (  -0.1275776  -0.1275776   0.3750000), wk =   0.0312500
        k(   29) = (   0.5103104   0.2551552   0.0000000), wk =   0.0312500
        k(   30) = (  -0.3827328  -0.6378880   0.8750000), wk =   0.0625000
        k(   31) = (  -0.2551552  -0.5103104   0.7500000), wk =   0.0625000
        k(   32) = (  -0.1275776  -0.3827328   0.6250000), wk =   0.0625000
        k(   33) = (   0.0000000  -0.2551552   0.5000000), wk =   0.0312500
        k(   34) = (   0.5103104   0.0000000   0.2500000), wk =   0.0312500
        k(   35) = (  -0.2551552  -0.7654655   1.0000000), wk =   0.0312500
        k(   36) = (  -0.1275776  -0.6378880   0.8750000), wk =   0.0625000
        k(   37) = (   0.0000000  -0.5103104   0.7500000), wk =   0.0312500
        k(   38) = (  -0.3827328   0.8930431  -0.6250000), wk =   0.0625000
        k(   39) = (  -0.2551552   1.0206207  -0.7500000), wk =   0.0312500
        k(   40) = (  -1.0206207   0.2551552   0.0000000), wk =   0.0156250
        k(   41) = (  -0.2551552   0.7654655  -0.5000000), wk =   0.0312500
        k(   42) = (  -0.1275776   0.8930431  -0.6250000), wk =   0.0625000
        k(   43) = (  -1.0206207   0.0000000   0.2500000), wk =   0.0156250
        k(   44) = (   0.0000000   0.7654655  -0.5000000), wk =   0.0312500
        k(   45) = (   0.0000000   0.0000000   0.5000000), wk =   0.0078125
        k(   46) = (  -0.5103104  -0.5103104   1.0000000), wk =   0.0156250
        k(   47) = (  -0.3827328  -0.3827328   0.8750000), wk =   0.0312500
        k(   48) = (  -0.2551552  -0.2551552   0.7500000), wk =   0.0312500
        k(   49) = (  -0.1275776  -0.1275776   0.6250000), wk =   0.0312500
        k(   50) = (  -0.2551552  -0.5103104   1.0000000), wk =   0.0312500
        k(   51) = (  -0.1275776  -0.3827328   0.8750000), wk =   0.0625000
        k(   52) = (   0.0000000  -0.2551552   0.7500000), wk =   0.0312500
        k(   53) = (  -1.0206207   0.5103104   0.0000000), wk =   0.0156250
        k(   54) = (  -1.0206207   0.0000000   0.5000000), wk =   0.0078125
        k(   55) = (   0.0000000   0.0000000   0.7500000), wk =   0.0078125
        k(   56) = (  -0.2551552  -0.2551552   1.0000000), wk =   0.0156250
        k(   57) = (  -0.1275776  -0.1275776   0.8750000), wk =   0.0312500
        k(   58) = (  -1.0206207   0.7654655   0.0000000), wk =   0.0156250
        k(   59) = (   0.0000000   0.0000000  -1.0000000), wk =   0.0039062

     G cutoff =  552.5432  (  13107 G-vectors)     FFT grid: ( 36, 36, 36)
     G cutoff =  276.2716  (   4629 G-vectors)  smooth grid: ( 24, 24, 24)

     Largest allocated arrays     est. size (Mb)     dimensions
        Kohn-Sham Wavefunctions         0.01 Mb     (    157,   4)
        NL pseudopotentials             0.04 Mb     (    157,  16)
        Each V/rho on FFT grid          0.18 Mb     (  11664)
        Each G-vector array             0.03 Mb     (   3277)
        G-vector shells                 0.01 Mb     (    827)
     Largest temporary arrays     est. size (Mb)     dimensions
        Auxiliary wavefunctions         0.04 Mb     (    157,  16)
        Each subspace H/S matrix        0.00 Mb     (     16,  16)
        Each <psi_i|beta_j> matrix      0.00 Mb     (     16,   4)
        Arrays for rho mixing           1.42 Mb     (  11664,   8)

     Initial potential from superposition of free atoms

     starting charge    7.99989, renormalised to    8.00000
     Starting wfc are    8 atomic wfcs

     total cpu time spent up to now is      0.59 secs

     per-process dynamical memory:    54.9 Mb

     Self-consistent Calculation

     iteration #  1     ecut=    60.00 Ry     beta=0.70
     Davidson diagonalization with overlap
     ethr =  1.00E-02,  avg # of iterations =  2.0

     total cpu time spent up to now is      1.24 secs

     total energy              =     -22.75956368 Ry
     Harris-Foulkes estimate   =     -22.81880426 Ry
     estimated scf accuracy    <       0.12940893 Ry

     iteration #  2     ecut=    60.00 Ry     beta=0.70
     Davidson diagonalization with overlap
     ethr =  1.62E-03,  avg # of iterations =  1.0

     total cpu time spent up to now is      1.71 secs

     total energy              =     -22.76789972 Ry
     Harris-Foulkes estimate   =     -22.76836620 Ry
     estimated scf accuracy    <       0.00288639 Ry

     iteration #  3     ecut=    60.00 Ry     beta=0.70
     Davidson diagonalization with overlap
     ethr =  3.61E-05,  avg # of iterations =  2.1

     total cpu time spent up to now is      2.43 secs

     total energy              =     -22.76856968 Ry
     Harris-Foulkes estimate   =     -22.76855445 Ry
     estimated scf accuracy    <       0.00004241 Ry

     iteration #  4     ecut=    60.00 Ry     beta=0.70
     Davidson diagonalization with overlap
     ethr =  5.30E-07,  avg # of iterations =  2.0

     total cpu time spent up to now is      3.15 secs

     total energy              =     -22.76858518 Ry
     Harris-Foulkes estimate   =     -22.76858526 Ry
     estimated scf accuracy    <       0.00000371 Ry

     iteration #  5     ecut=    60.00 Ry     beta=0.70
     Davidson diagonalization with overlap
     ethr =  4.64E-08,  avg # of iterations =  2.0

     total cpu time spent up to now is      3.86 secs

     total energy              =     -22.76858586 Ry
     Harris-Foulkes estimate   =     -22.76858590 Ry
     estimated scf accuracy    <       0.00000015 Ry

     iteration #  6     ecut=    60.00 Ry     beta=0.70
     Davidson diagonalization with overlap
     ethr =  1.82E-09,  avg # of iterations =  1.9

     total cpu time spent up to now is      4.51 secs

     End of self-consistent calculation

          k = 0.0000 0.0000 0.0000 (   553 PWs)   bands (ev):

    -7.9107  13.8393  14.1620  14.1620

          k = 0.1276 0.1276-0.1250 (   566 PWs)   bands (ev):

    -7.4672  11.5702  13.2636  13.4955

          k = 0.2552 0.2552-0.2500 (   578 PWs)   bands (ev):

    -6.1489   7.2976  12.0942  12.3952

          k = 0.3827 0.3827-0.3750 (   584 PWs)   bands (ev):

    -4.0180   3.1042  11.2573  11.6177

          k =-0.5103-0.5103 0.5000 (   578 PWs)   bands (ev):

    -1.9022   0.2659  10.9651  11.3487

          k = 0.2552 0.0000 0.0000 (   570 PWs)   bands (ev):

    -7.3114  12.0958  12.3053  12.8526

          k = 0.3827 0.1276-0.1250 (   576 PWs)   bands (ev):

    -6.2773   8.8191  10.9924  12.0832

          k = 0.5103 0.2552-0.2500 (   580 PWs)   bands (ev):

    -4.4049   4.6837  10.2940  10.9111

          k =-0.3827-0.6379 0.6250 (   580 PWs)   bands (ev):

    -1.9690   1.1224   9.8681  10.3425

          k =-0.2552-0.5103 0.5000 (   576 PWs)   bands (ev):

    -2.8269   2.2300   9.4316  10.9505

          k =-0.1276-0.3827 0.3750 (   581 PWs)   bands (ev):

    -5.1544   6.1342   9.6309  12.0604

          k = 0.0000-0.2552 0.2500 (   565 PWs)   bands (ev):

    -6.7401   9.9862  10.7627  13.1989

          k = 0.5103 0.0000 0.0000 (   580 PWs)   bands (ev):

    -5.5331   9.6437   9.6509   9.7539

          k = 0.6379 0.1276-0.1250 (   576 PWs)   bands (ev):

    -3.9448   6.3931   8.7374   8.9494

          k =-0.2552-0.7655 0.7500 (   576 PWs)   bands (ev):

    -1.6506   2.9785   7.2330   8.9011

          k =-0.1276-0.6379 0.6250 (   573 PWs)   bands (ev):

    -0.9901   2.2163   6.1925   9.5908

          k = 0.0000-0.5103 0.5000 (   575 PWs)   bands (ev):

    -3.3433   5.2466   6.2824  10.8263

          k = 0.7655 0.0000 0.0000 (   584 PWs)   bands (ev):

    -2.6494   5.4888   7.9853   8.0330

          k =-0.1276-0.8930 0.8750 (   579 PWs)   bands (ev):

    -0.6092   3.3178   6.3764   7.8152

          k = 0.0000-0.7655 0.7500 (   579 PWs)   bands (ev):

     0.9111   2.1964   4.3899   8.3882

          k =-1.0206 0.0000 0.0000 (   588 PWs)   bands (ev):

     1.1580   1.1580   7.4249   7.4249

          k = 0.0000 0.0000 0.2500 (   569 PWs)   bands (ev):

    -7.3357  12.3749  12.3749  12.5079

          k = 0.2552 0.2552 0.0000 (   568 PWs)   bands (ev):

    -6.7160   9.9824  10.5284  13.4282

          k = 0.3827 0.3827-0.1250 (   577 PWs)   bands (ev):

    -5.1076   6.0317   9.4024  12.3392

          k =-0.5103-0.5103 0.7500 (   584 PWs)   bands (ev):

    -2.7660   2.1331   9.1420  11.2448

          k =-0.3827-0.3827 0.6250 (   578 PWs)   bands (ev):

    -2.0363   1.1838   9.5661  10.5985

          k =-0.2552-0.2552 0.5000 (   582 PWs)   bands (ev):

    -4.4742   4.7699  10.5606  10.5736

          k =-0.1276-0.1276 0.3750 (   570 PWs)   bands (ev):

    -6.3253   8.8809  11.2101  11.8156

          k = 0.5103 0.2552 0.0000 (   571 PWs)   bands (ev):

    -4.9531   7.3729   8.2079  11.2396

          k =-0.3827-0.6379 0.8750 (   576 PWs)   bands (ev):

    -2.8447   3.8795   7.4456   9.9926

          k =-0.2552-0.5103 0.7500 (   572 PWs)   bands (ev):

    -0.8822   1.3227   7.4985   9.2393

          k =-0.1276-0.3827 0.6250 (   577 PWs)   bands (ev):

    -2.9753   4.0460   7.6659   9.7046

          k = 0.0000-0.2552 0.5000 (   582 PWs)   bands (ev):

    -5.0470   7.4420   8.4952  10.9358

          k = 0.5103 0.0000 0.2500 (   579 PWs)   bands (ev):

    -4.9764   7.4443   8.3868  11.0742

          k =-0.2552-0.7655 1.0000 (   581 PWs)   bands (ev):

    -2.1171   4.9265   6.6690   7.9280

          k =-0.1276-0.6379 0.8750 (   574 PWs)   bands (ev):

     0.1584   2.6284   5.3842   7.3680

          k = 0.0000-0.5103 0.7500 (   569 PWs)   bands (ev):

    -0.8107   3.5330   4.9889   8.2134

          k =-0.3827 0.8930-0.6250 (   574 PWs)   bands (ev):

    -2.8864   3.9919   7.6758   9.8110

          k =-0.2552 1.0206-0.7500 (   577 PWs)   bands (ev):

    -2.1368   4.9964   6.8002   7.8642

          k =-1.0206 0.2552 0.0000 (   576 PWs)   bands (ev):

     1.5046   1.5046   6.3583   6.3583

          k =-0.2552 0.7655-0.5000 (   574 PWs)   bands (ev):

    -0.8541   1.3423   7.7080   9.1340

          k =-0.1276 0.8930-0.6250 (   577 PWs)   bands (ev):

     0.1499   2.7039   5.4205   7.4455

          k =-1.0206 0.0000 0.2500 (   568 PWs)   bands (ev):

     1.5026   1.5026   6.4272   6.4272

          k = 0.0000 0.7655-0.5000 (   576 PWs)   bands (ev):

    -0.7122   3.5325   4.9218   8.3789

          k = 0.0000 0.0000 0.5000 (   576 PWs)   bands (ev):

    -5.6283   9.2457   9.9351   9.9351

          k =-0.5103-0.5103 1.0000 (   572 PWs)   bands (ev):

    -3.2558   5.0646   6.0164  11.1455

          k =-0.3827-0.3827 0.8750 (   581 PWs)   bands (ev):

    -0.9142   2.0530   5.8852   9.9121

          k =-0.2552-0.2552 0.7500 (   574 PWs)   bands (ev):

    -1.8154   3.0750   6.9153   9.2011

          k =-0.1276-0.1276 0.6250 (   577 PWs)   bands (ev):

    -4.0836   6.3741   8.5771   9.2043

          k =-0.2552-0.5103 1.0000 (   575 PWs)   bands (ev):

    -0.6564   3.3234   4.7109   8.5554

          k =-0.1276-0.3827 0.8750 (   579 PWs)   bands (ev):

    -0.0197   2.6536   5.2853   7.6043

          k = 0.0000-0.2552 0.7500 (   581 PWs)   bands (ev):

    -2.3143   4.8035   6.9873   7.8966

          k =-1.0206 0.5103 0.0000 (   582 PWs)   bands (ev):

     1.8688   1.8688   5.4053   5.4053

          k =-1.0206 0.0000 0.5000 (   580 PWs)   bands (ev):

     1.9724   1.9724   5.4183   5.4183

          k = 0.0000 0.0000 0.7500 (   576 PWs)   bands (ev):

    -2.8535   5.0740   8.2996   8.2996

          k =-0.2552-0.2552 1.0000 (   586 PWs)   bands (ev):

     0.8344   1.9049   4.3543   8.7092

          k =-0.1276-0.1276 0.8750 (   582 PWs)   bands (ev):

    -0.8636   2.9999   6.5779   8.1236

          k =-1.0206 0.7655 0.0000 (   590 PWs)   bands (ev):

     1.2216   1.2216   6.6325   6.6325

          k = 0.0000 0.0000-1.0000 (   588 PWs)   bands (ev):

     0.8297   0.8297   7.7355   7.7355

!    total energy              =     -22.76858588 Ry
     Harris-Foulkes estimate   =     -22.76858588 Ry
     estimated scf accuracy    <          7.0E-10 Ry

     The total energy is the sum of the following terms:

     one-electron contribution =       8.45127717 Ry
     hartree contribution      =       1.88992918 Ry
     xc contribution           =      -7.18737298 Ry
     ewald contribution        =     -25.92241925 Ry

     convergence has been achieved in   6 iterations

     Forces acting on atoms (Ry/au):

     atom   1 type  1   force =     0.00000000    0.00000000    0.00000000
     atom   2 type  1   force =     0.00000000    0.00000000    0.00000000

     Total force =     0.000000     Total SCF correction =     0.000000


     entering subroutine stress ...

          total   stress  (Ry/bohr**3)                   (kbar)     P=  190.09
   0.00175160   0.00000000   0.00000000        257.67      0.00      0.00
   0.00000000   0.00175160   0.00000000          0.00    257.67      0.00
   0.00000000   0.00000000   0.00037343          0.00      0.00     54.93


     BFGS Geometry Optimization

     bfgs converged in   1 scf cycles and   0 bfgs steps
     (criteria: energy < 0.10E-08, force < 0.10E-05)

     End of BFGS Geometry Optimization

     Final energy   =     -22.7685858759 Ry

ATOMIC_POSITIONS (crystal)
C        0.000000000   0.000000000   0.000000000
C        0.250000000   0.250000000   0.250000000



     Writing output data file pwscf.save
 
     PWSCF        :     5.00s CPU time,    5.91s wall time

     init_run     :     0.50s CPU
     electrons    :     3.92s CPU
     forces       :     0.06s CPU
     stress       :     0.21s CPU

     Called by init_run:
     wfcinit      :     0.28s CPU
     potinit      :     0.06s CPU

     Called by electrons:
     c_bands      :     3.23s CPU (       6 calls,   0.539 s avg)
     sum_band     :     0.39s CPU (       6 calls,   0.066 s avg)
     v_of_rho     :     0.14s CPU (       7 calls,   0.020 s avg)
     newd         :     0.06s CPU (       7 calls,   0.009 s avg)
     mix_rho      :     0.01s CPU (       6 calls,   0.002 s avg)

     Called by c_bands:
     init_us_2    :     0.10s CPU (     885 calls,   0.000 s avg)
     cegterg      :     3.08s CPU (     354 calls,   0.009 s avg)

     Called by *egterg:
     h_psi        :     1.36s CPU (    1066 calls,   0.001 s avg)
     s_psi        :     0.02s CPU (    1066 calls,   0.000 s avg)
     g_psi        :     0.01s CPU (     653 calls,   0.000 s avg)
     cdiaghg      :     1.41s CPU (    1007 calls,   0.001 s avg)

     Called by h_psi:
     add_vuspsi   :     0.03s CPU (    1066 calls,   0.000 s avg)

     General routines
     calbec       :     0.10s CPU (    1538 calls,   0.000 s avg)
     cft3s        :     1.34s CPU (   10129 calls,   0.000 s avg)
     interpolate  :     0.01s CPU (      13 calls,   0.001 s avg)
     davcio       :     0.25s CPU (    1239 calls,   0.000 s avg)
 
     Parallel routines
     fft_scatter  :     0.37s CPU (   10129 calls,   0.000 s avg)
