
     Program PWSCF     v.4.1.1  starts ...
     Today is 25Nov2010 at 15:49:30 

     Parallel version (MPI)

     Number of processors in use:       4
     R & G space division:  proc/pool =    4

     For Norm-Conserving or Ultrasoft (Vanderbilt) Pseudopotentials or PAW

     Current dimensions of program pwscf are:
     Max number of different atomic species (ntypx) = 10
     Max number of k-points (npk) =  40000
     Max angular momentum in pseudopotentials (lmaxx) =  3
     Waiting for input...
     file C.pbe-rrkjus.UPF: wavefunction(s)  2S 2P renormalized

     Subspace diagonalization in iterative solution of the eigenvalue problem:
     a parallel distributed memory algorithm will be used,
     eigenstates matrixes will be distributed block like on
     ortho sub-group =    2*   2 procs


     Planes per process (thick) : nr3 = 36 npp =   9 ncplane = 1296
     Planes per process (smooth): nr3s= 28 npps=   7 ncplanes=  784
 
     Proc/  planes cols     G    planes cols    G      columns  G
     Pool       (dense grid)       (smooth grid)      (wavefct grid)
        1     9    203     3796    7    102     1353     32      252
        2     9    204     3797    7    103     1355     32      252
        3     9    203     3795    7    102     1349     32      252
        4     9    203     3795    7    102     1344     33      253
     tot     36    813    15183   28    409     5401    129     1009
 


     bravais-lattice index     =            0
     lattice parameter (a_0)   =       6.7413  a.u.
     unit-cell volume          =      85.7798 (a.u.)^3
     number of atoms/cell      =            2
     number of atomic types    =            1
     number of electrons       =         8.00
     number of Kohn-Sham states=            4
     kinetic-energy cutoff     =      60.0000  Ry
     charge density cutoff     =     480.0000  Ry
     convergence threshold     =      1.0E-08
     mixing beta               =       0.7000
     number of iterations used =            8  plain     mixing
     Exchange-correlation      =  SLA  PW   PBE  PBE (1434)
     nstep                     =           50


     celldm(1)=   6.741280  celldm(2)=   0.000000  celldm(3)=   0.000000
     celldm(4)=   0.000000  celldm(5)=   0.000000  celldm(6)=   0.000000

     crystal axes: (cart. coord. in units of a_0)
               a(1) = (  0.000000  0.529150  0.500000 )  
               a(2) = (  0.529150  0.000000  0.500000 )  
               a(3) = (  0.529150  0.529150  0.000000 )  

     reciprocal axes: (cart. coord. in units 2 pi/a_0)
               b(1) = ( -0.944911  0.944911  1.000000 )  
               b(2) = (  0.944911 -0.944911  1.000000 )  
               b(3) = (  0.944911  0.944911 -1.000000 )  


     PseudoPot. # 1 for C  read from file C.pbe-rrkjus.UPF
     Pseudo is Ultrasoft, Zval =  4.0
     Generated by new atomic code, or converted to UPF format
     Using radial grid of  627 points,  4 beta functions with: 
                l(1) =   0
                l(2) =   0
                l(3) =   1
                l(4) =   1
     Q(r) pseudized with 0 coefficients 


     atomic species   valence    mass     pseudopotential
        C              4.00    12.01070     C ( 1.00)

     16 Sym.Ops. (with inversion)


   Cartesian axes

     site n.     atom                  positions (a_0 units)
         1           C   tau(  1) = (   0.0000000   0.0000000   0.0000000  )
         2           C   tau(  2) = (   0.2645751   0.2645751   0.2500000  )

     number of k points=   59
                       cart. coord. in units 2pi/a_0
        k(    1) = (   0.0000000   0.0000000   0.0000000), wk =   0.0039062
        k(    2) = (   0.1181139   0.1181139  -0.1250000), wk =   0.0312500
        k(    3) = (   0.2362278   0.2362278  -0.2500000), wk =   0.0312500
        k(    4) = (   0.3543417   0.3543417  -0.3750000), wk =   0.0312500
        k(    5) = (  -0.4724556  -0.4724556   0.5000000), wk =   0.0156250
        k(    6) = (   0.2362278   0.0000000   0.0000000), wk =   0.0156250
        k(    7) = (   0.3543417   0.1181139  -0.1250000), wk =   0.0625000
        k(    8) = (   0.4724556   0.2362278  -0.2500000), wk =   0.0625000
        k(    9) = (  -0.3543417  -0.5905695   0.6250000), wk =   0.0625000
        k(   10) = (  -0.2362278  -0.4724556   0.5000000), wk =   0.0625000
        k(   11) = (  -0.1181139  -0.3543417   0.3750000), wk =   0.0625000
        k(   12) = (   0.0000000  -0.2362278   0.2500000), wk =   0.0312500
        k(   13) = (   0.4724556   0.0000000   0.0000000), wk =   0.0156250
        k(   14) = (   0.5905695   0.1181139  -0.1250000), wk =   0.0625000
        k(   15) = (  -0.2362278  -0.7086834   0.7500000), wk =   0.0625000
        k(   16) = (  -0.1181139  -0.5905695   0.6250000), wk =   0.0625000
        k(   17) = (   0.0000000  -0.4724556   0.5000000), wk =   0.0312500
        k(   18) = (   0.7086834   0.0000000   0.0000000), wk =   0.0156250
        k(   19) = (  -0.1181139  -0.8267973   0.8750000), wk =   0.0625000
        k(   20) = (   0.0000000  -0.7086834   0.7500000), wk =   0.0312500
        k(   21) = (  -0.9449112   0.0000000   0.0000000), wk =   0.0078125
        k(   22) = (   0.0000000   0.0000000   0.2500000), wk =   0.0078125
        k(   23) = (   0.2362278   0.2362278   0.0000000), wk =   0.0156250
        k(   24) = (   0.3543417   0.3543417  -0.1250000), wk =   0.0312500
        k(   25) = (  -0.4724556  -0.4724556   0.7500000), wk =   0.0312500
        k(   26) = (  -0.3543417  -0.3543417   0.6250000), wk =   0.0312500
        k(   27) = (  -0.2362278  -0.2362278   0.5000000), wk =   0.0312500
        k(   28) = (  -0.1181139  -0.1181139   0.3750000), wk =   0.0312500
        k(   29) = (   0.4724556   0.2362278   0.0000000), wk =   0.0312500
        k(   30) = (  -0.3543417  -0.5905695   0.8750000), wk =   0.0625000
        k(   31) = (  -0.2362278  -0.4724556   0.7500000), wk =   0.0625000
        k(   32) = (  -0.1181139  -0.3543417   0.6250000), wk =   0.0625000
        k(   33) = (   0.0000000  -0.2362278   0.5000000), wk =   0.0312500
        k(   34) = (   0.4724556   0.0000000   0.2500000), wk =   0.0312500
        k(   35) = (  -0.2362278  -0.7086834   1.0000000), wk =   0.0312500
        k(   36) = (  -0.1181139  -0.5905695   0.8750000), wk =   0.0625000
        k(   37) = (   0.0000000  -0.4724556   0.7500000), wk =   0.0312500
        k(   38) = (  -0.3543417   0.8267973  -0.6250000), wk =   0.0625000
        k(   39) = (  -0.2362278   0.9449112  -0.7500000), wk =   0.0312500
        k(   40) = (  -0.9449112   0.2362278   0.0000000), wk =   0.0156250
        k(   41) = (  -0.2362278   0.7086834  -0.5000000), wk =   0.0312500
        k(   42) = (  -0.1181139   0.8267973  -0.6250000), wk =   0.0625000
        k(   43) = (  -0.9449112   0.0000000   0.2500000), wk =   0.0156250
        k(   44) = (   0.0000000   0.7086834  -0.5000000), wk =   0.0312500
        k(   45) = (   0.0000000   0.0000000   0.5000000), wk =   0.0078125
        k(   46) = (  -0.4724556  -0.4724556   1.0000000), wk =   0.0156250
        k(   47) = (  -0.3543417  -0.3543417   0.8750000), wk =   0.0312500
        k(   48) = (  -0.2362278  -0.2362278   0.7500000), wk =   0.0312500
        k(   49) = (  -0.1181139  -0.1181139   0.6250000), wk =   0.0312500
        k(   50) = (  -0.2362278  -0.4724556   1.0000000), wk =   0.0312500
        k(   51) = (  -0.1181139  -0.3543417   0.8750000), wk =   0.0625000
        k(   52) = (   0.0000000  -0.2362278   0.7500000), wk =   0.0312500
        k(   53) = (  -0.9449112   0.4724556   0.0000000), wk =   0.0156250
        k(   54) = (  -0.9449112   0.0000000   0.5000000), wk =   0.0078125
        k(   55) = (   0.0000000   0.0000000   0.7500000), wk =   0.0078125
        k(   56) = (  -0.2362278  -0.2362278   1.0000000), wk =   0.0156250
        k(   57) = (  -0.1181139  -0.1181139   0.8750000), wk =   0.0312500
        k(   58) = (  -0.9449112   0.7086834   0.0000000), wk =   0.0156250
        k(   59) = (   0.0000000   0.0000000  -1.0000000), wk =   0.0039062

     G cutoff =  552.5432  (  15183 G-vectors)     FFT grid: ( 36, 36, 36)
     G cutoff =  276.2716  (   5401 G-vectors)  smooth grid: ( 28, 28, 28)

     Largest allocated arrays     est. size (Mb)     dimensions
        Kohn-Sham Wavefunctions         0.01 Mb     (    175,   4)
        NL pseudopotentials             0.04 Mb     (    175,  16)
        Each V/rho on FFT grid          0.18 Mb     (  11664)
        Each G-vector array             0.03 Mb     (   3796)
        G-vector shells                 0.01 Mb     (    898)
     Largest temporary arrays     est. size (Mb)     dimensions
        Auxiliary wavefunctions         0.04 Mb     (    175,  16)
        Each subspace H/S matrix        0.00 Mb     (     16,  16)
        Each <psi_i|beta_j> matrix      0.00 Mb     (     16,   4)
        Arrays for rho mixing           1.42 Mb     (  11664,   8)

     Initial potential from superposition of free atoms

     starting charge    7.99989, renormalised to    8.00000
     Starting wfc are    8 atomic wfcs

     total cpu time spent up to now is      0.63 secs

     per-process dynamical memory:    55.0 Mb

     Self-consistent Calculation

     iteration #  1     ecut=    60.00 Ry     beta=0.70
     Davidson diagonalization with overlap
     ethr =  1.00E-02,  avg # of iterations =  2.0

     total cpu time spent up to now is      1.35 secs

     total energy              =     -22.74607415 Ry
     Harris-Foulkes estimate   =     -22.78292563 Ry
     estimated scf accuracy    <       0.08969815 Ry

     iteration #  2     ecut=    60.00 Ry     beta=0.70
     Davidson diagonalization with overlap
     ethr =  1.12E-03,  avg # of iterations =  1.3

     total cpu time spent up to now is      1.92 secs

     total energy              =     -22.75233421 Ry
     Harris-Foulkes estimate   =     -22.75248899 Ry
     estimated scf accuracy    <       0.00237418 Ry

     iteration #  3     ecut=    60.00 Ry     beta=0.70
     Davidson diagonalization with overlap
     ethr =  2.97E-05,  avg # of iterations =  2.1

     total cpu time spent up to now is      2.68 secs

     total energy              =     -22.75273235 Ry
     Harris-Foulkes estimate   =     -22.75271463 Ry
     estimated scf accuracy    <       0.00005143 Ry

     iteration #  4     ecut=    60.00 Ry     beta=0.70
     Davidson diagonalization with overlap
     ethr =  6.43E-07,  avg # of iterations =  2.3

     total cpu time spent up to now is      3.52 secs

     total energy              =     -22.75274651 Ry
     Harris-Foulkes estimate   =     -22.75274642 Ry
     estimated scf accuracy    <       0.00000158 Ry

     iteration #  5     ecut=    60.00 Ry     beta=0.70
     Davidson diagonalization with overlap
     ethr =  1.97E-08,  avg # of iterations =  2.2

     total cpu time spent up to now is      4.34 secs

     total energy              =     -22.75274695 Ry
     Harris-Foulkes estimate   =     -22.75274696 Ry
     estimated scf accuracy    <       0.00000008 Ry

     iteration #  6     ecut=    60.00 Ry     beta=0.70
     Davidson diagonalization with overlap
     ethr =  9.75E-10,  avg # of iterations =  2.0

     total cpu time spent up to now is      5.08 secs

     End of self-consistent calculation

          k = 0.0000 0.0000 0.0000 (   661 PWs)   bands (ev):

    -8.5933  11.1223  11.1223  11.8588

          k = 0.1181 0.1181-0.1250 (   662 PWs)   bands (ev):

    -8.1941   9.1317  10.5219  11.1032

          k = 0.2362 0.2362-0.2500 (   669 PWs)   bands (ev):

    -7.0121   5.3171   9.4728  10.1639

          k = 0.3543 0.3543-0.3750 (   667 PWs)   bands (ev):

    -5.1298   1.5771   8.6987   9.5141

          k =-0.4725-0.4725 0.5000 (   678 PWs)   bands (ev):

    -3.4305  -0.7741   8.4250   9.2901

          k = 0.2362 0.0000 0.0000 (   657 PWs)   bands (ev):

    -8.0814   9.7516   9.7830  10.2523

          k = 0.3543 0.1181-0.1250 (   668 PWs)   bands (ev):

    -7.1794   6.7105   8.8977   9.4149

          k = 0.4725 0.2362-0.2500 (   669 PWs)   bands (ev):

    -5.5363   3.0485   8.0247   8.6057

          k =-0.3543-0.5906 0.6250 (   673 PWs)   bands (ev):

    -3.4725  -0.0484   7.2512   8.5181

          k =-0.2362-0.4725 0.5000 (   674 PWs)   bands (ev):

    -4.0352   0.7086   6.9357   9.0280

          k =-0.1181-0.3543 0.3750 (   668 PWs)   bands (ev):

    -6.0722   4.1393   7.2229   9.9435

          k = 0.0000-0.2362 0.2500 (   661 PWs)   bands (ev):

    -7.5138   7.6304   8.3099  10.8791

          k = 0.4725 0.0000 0.0000 (   677 PWs)   bands (ev):

    -6.5635   6.6868   7.7778   8.0526

          k = 0.5906 0.1181-0.1250 (   670 PWs)   bands (ev):

    -5.1930   4.2466   6.5558   7.3055

          k =-0.2362-0.7087 0.7500 (   669 PWs)   bands (ev):

    -3.2179   1.4407   5.0130   7.2766

          k =-0.1181-0.5906 0.6250 (   673 PWs)   bands (ev):

    -2.4566   0.5970   4.1003   7.8699

          k = 0.0000-0.4725 0.5000 (   669 PWs)   bands (ev):

    -4.4250   3.0875   4.3403   8.9139

          k = 0.7087 0.0000 0.0000 (   673 PWs)   bands (ev):

    -4.1035   2.9153   6.4413   6.5632

          k =-0.1181-0.8268 0.8750 (   671 PWs)   bands (ev):

    -2.3522   1.0572   5.0060   6.3475

          k = 0.0000-0.7087 0.7500 (   678 PWs)   bands (ev):

    -0.9791   0.1528   3.1034   6.8432

          k =-0.9449 0.0000 0.0000 (   676 PWs)   bands (ev):

    -0.8466  -0.8466   6.0133   6.0133

          k = 0.0000 0.0000 0.2500 (   681 PWs)   bands (ev):

    -8.0208   9.5933   9.5933  10.5463

          k = 0.2362 0.2362 0.0000 (   662 PWs)   bands (ev):

    -7.5735   7.6775   8.8781  10.3291

          k = 0.3543 0.3543-0.1250 (   683 PWs)   bands (ev):

    -6.1862   4.3785   7.8125   9.2917

          k =-0.4725-0.4725 0.7500 (   673 PWs)   bands (ev):

    -4.1731   0.9327   7.6762   8.3064

          k =-0.3543-0.3543 0.6250 (   674 PWs)   bands (ev):

    -3.3335  -0.1673   7.7770   8.0877

          k =-0.2362-0.2362 0.5000 (   671 PWs)   bands (ev):

    -5.3678   2.8534   7.8415   8.9002

          k =-0.1181-0.1181 0.3750 (   671 PWs)   bands (ev):

    -7.0604   6.5853   8.5038   9.8435

          k = 0.4725 0.2362 0.0000 (   675 PWs)   bands (ev):

    -6.0713   5.3660   6.8482   8.4258

          k =-0.3543-0.5906 0.8750 (   677 PWs)   bands (ev):

    -4.2677   2.4808   5.9816   7.4254

          k =-0.2362-0.4725 0.7500 (   678 PWs)   bands (ev):

    -2.4817   0.1255   5.6001   7.2767

          k =-0.1181-0.3543 0.6250 (   677 PWs)   bands (ev):

    -3.9590   2.1114   5.4398   8.0562

          k = 0.0000-0.2362 0.5000 (   668 PWs)   bands (ev):

    -5.8411   5.2048   6.1472   9.0813

          k = 0.4725 0.0000 0.2500 (   668 PWs)   bands (ev):

    -6.0151   5.1826   6.4062   8.8231

          k =-0.2362-0.7087 1.0000 (   670 PWs)   bands (ev):

    -3.6546   2.7471   5.4900   6.0850

          k =-0.1181-0.5906 0.8750 (   677 PWs)   bands (ev):

    -1.6813   0.9458   3.8142   6.0157

          k = 0.0000-0.4725 0.7500 (   679 PWs)   bands (ev):

    -2.0656   1.4281   3.2020   6.8967

          k =-0.3543 0.8268-0.6250 (   669 PWs)   bands (ev):

    -4.1715   2.2174   5.4698   7.7963

          k =-0.2362 0.9449-0.7500 (   669 PWs)   bands (ev):

    -3.6097   2.6247   5.1680   6.1935

          k =-0.9449 0.2362 0.0000 (   670 PWs)   bands (ev):

    -0.5316  -0.5316   5.1406   5.1406

          k =-0.2362 0.7087-0.5000 (   672 PWs)   bands (ev):

    -2.5266   0.0458   5.3015   7.3326

          k =-0.1181 0.8268-0.6250 (   678 PWs)   bands (ev):

    -1.6625   0.7998   3.7277   5.7893

          k =-0.9449 0.0000 0.2500 (   682 PWs)   bands (ev):

    -0.5271  -0.5271   4.9724   4.9724

          k = 0.0000 0.7087-0.5000 (   677 PWs)   bands (ev):

    -2.2855   1.4282   3.3430   6.5107

          k = 0.0000 0.0000 0.5000 (   672 PWs)   bands (ev):

    -6.3279   7.3485   7.3485   7.5714

          k =-0.4725-0.4725 1.0000 (   676 PWs)   bands (ev):

    -4.6315   3.5226   4.9868   8.1941

          k =-0.3543-0.3543 0.8750 (   677 PWs)   bands (ev):

    -2.6131   0.9822   4.8188   7.1254

          k =-0.2362-0.2362 0.7500 (   680 PWs)   bands (ev):

    -2.8396   1.2725   5.7098   6.5536

          k =-0.1181-0.1181 0.6250 (   673 PWs)   bands (ev):

    -4.8532   4.3294   6.6312   6.8921

          k =-0.2362-0.4725 1.0000 (   682 PWs)   bands (ev):

    -2.4035   1.9000   3.8420   6.1243

          k =-0.1181-0.3543 0.8750 (   687 PWs)   bands (ev):

    -1.3130   0.9839   3.9426   5.5073

          k = 0.0000-0.2362 0.7500 (   679 PWs)   bands (ev):

    -3.1828   3.0054   4.7222   6.1564

          k =-0.9449 0.4725 0.0000 (   676 PWs)   bands (ev):

     0.0752   0.0752   4.0704   4.0704

          k =-0.9449 0.0000 0.5000 (   680 PWs)   bands (ev):

    -0.1122  -0.1122   3.9757   3.9757

          k = 0.0000 0.0000 0.7500 (   672 PWs)   bands (ev):

    -3.6058   3.8550   5.7974   5.7974

          k =-0.2362-0.2362 1.0000 (   676 PWs)   bands (ev):

    -0.8351   0.8429   3.2281   6.0843

          k =-0.1181-0.1181 0.8750 (   678 PWs)   bands (ev):

    -1.7489   1.7557   4.5658   5.6012

          k =-0.9449 0.7087 0.0000 (   688 PWs)   bands (ev):

     0.1035   0.1035   4.5149   4.5149

          k = 0.0000 0.0000-1.0000 (   676 PWs)   bands (ev):

    -0.0690  -0.0690   5.2569   5.2569

!    total energy              =     -22.75274696 Ry
     Harris-Foulkes estimate   =     -22.75274696 Ry
     estimated scf accuracy    <          4.2E-11 Ry

     The total energy is the sum of the following terms:

     one-electron contribution =       6.77950255 Ry
     hartree contribution      =       2.04201175 Ry
     xc contribution           =      -6.93968877 Ry
     ewald contribution        =     -24.63457250 Ry

     convergence has been achieved in   6 iterations

     Forces acting on atoms (Ry/au):

     atom   1 type  1   force =     0.00000000    0.00000000    0.00000000
     atom   2 type  1   force =     0.00000000    0.00000000    0.00000000

     Total force =     0.000000     Total SCF correction =     0.000000


     entering subroutine stress ...

          total   stress  (Ry/bohr**3)                   (kbar)     P= -394.83
  -0.00367554   0.00000000   0.00000000       -540.69      0.00      0.00
   0.00000000  -0.00367554   0.00000000          0.00   -540.69      0.00
   0.00000000   0.00000000  -0.00070084          0.00      0.00   -103.10


     BFGS Geometry Optimization

     bfgs converged in   1 scf cycles and   0 bfgs steps
     (criteria: energy < 0.10E-08, force < 0.10E-05)

     End of BFGS Geometry Optimization

     Final energy   =     -22.7527469578 Ry

ATOMIC_POSITIONS (crystal)
C        0.000000000   0.000000000   0.000000000
C        0.250000000   0.250000000   0.250000000



     Writing output data file pwscf.save
 
     PWSCF        :     5.61s CPU time,    6.82s wall time

     init_run     :     0.55s CPU
     electrons    :     4.44s CPU
     forces       :     0.08s CPU
     stress       :     0.23s CPU

     Called by init_run:
     wfcinit      :     0.32s CPU
     potinit      :     0.06s CPU

     Called by electrons:
     c_bands      :     3.68s CPU (       6 calls,   0.613 s avg)
     sum_band     :     0.48s CPU (       6 calls,   0.080 s avg)
     v_of_rho     :     0.16s CPU (       7 calls,   0.023 s avg)
     newd         :     0.06s CPU (       7 calls,   0.008 s avg)
     mix_rho      :     0.01s CPU (       6 calls,   0.002 s avg)

     Called by c_bands:
     init_us_2    :     0.09s CPU (     885 calls,   0.000 s avg)
     cegterg      :     3.53s CPU (     354 calls,   0.010 s avg)

     Called by *egterg:
     h_psi        :     1.58s CPU (    1108 calls,   0.001 s avg)
     s_psi        :     0.05s CPU (    1108 calls,   0.000 s avg)
     g_psi        :     0.01s CPU (     695 calls,   0.000 s avg)
     cdiaghg      :     1.62s CPU (    1049 calls,   0.002 s avg)

     Called by h_psi:
     add_vuspsi   :     0.05s CPU (    1108 calls,   0.000 s avg)

     General routines
     calbec       :     0.06s CPU (    1580 calls,   0.000 s avg)
     cft3s        :     1.68s CPU (   10143 calls,   0.000 s avg)
     interpolate  :     0.01s CPU (      13 calls,   0.001 s avg)
     davcio       :     0.26s CPU (    1239 calls,   0.000 s avg)
 
     Parallel routines
     fft_scatter  :     0.57s CPU (   10143 calls,   0.000 s avg)
