
     Program PWSCF     v.4.1.1  starts ...
     Today is 25Nov2010 at 15:46:35 

     Parallel version (MPI)

     Number of processors in use:       4
     R & G space division:  proc/pool =    4

     For Norm-Conserving or Ultrasoft (Vanderbilt) Pseudopotentials or PAW

     Current dimensions of program pwscf are:
     Max number of different atomic species (ntypx) = 10
     Max number of k-points (npk) =  40000
     Max angular momentum in pseudopotentials (lmaxx) =  3
     Waiting for input...
     file C.pbe-rrkjus.UPF: wavefunction(s)  2S 2P renormalized

     Subspace diagonalization in iterative solution of the eigenvalue problem:
     a parallel distributed memory algorithm will be used,
     eigenstates matrixes will be distributed block like on
     ortho sub-group =    2*   2 procs

     warning: symmetry operation #  2 not compatible with FFT grid. 
   0   1  -1
   1   0  -1
   0   0  -1
     warning: symmetry operation #  3 not compatible with FFT grid. 
   0  -1   1
   0  -1   0
   1  -1   0
     warning: symmetry operation #  4 not compatible with FFT grid. 
  -1   0   0
  -1   0   1
  -1   1   0
     warning: symmetry operation #  5 not compatible with FFT grid. 
  -1   0   1
   0  -1   1
   0   0   1
     warning: symmetry operation #  7 not compatible with FFT grid. 
   0   1   0
   0   1  -1
  -1   1   0
     warning: symmetry operation #  8 not compatible with FFT grid. 
   1   0  -1
   1   0   0
   1  -1   0
     warning: symmetry operation # 10 not compatible with FFT grid. 
   0  -1   1
  -1   0   1
   0   0   1
     warning: symmetry operation # 11 not compatible with FFT grid. 
   0   1  -1
   0   1   0
  -1   1   0
     warning: symmetry operation # 12 not compatible with FFT grid. 
   1   0   0
   1   0  -1
   1  -1   0
     warning: symmetry operation # 13 not compatible with FFT grid. 
   1   0  -1
   0   1  -1
   0   0  -1
     warning: symmetry operation # 15 not compatible with FFT grid. 
   0  -1   0
   0  -1   1
   1  -1   0
     warning: symmetry operation # 16 not compatible with FFT grid. 
  -1   0   1
  -1   0   0
  -1   1   0

     Planes per process (thick) : nr3 = 32 npp =   8 ncplane = 1296
     Planes per process (smooth): nr3s= 24 npps=   6 ncplanes=  576
 
     Proc/  planes cols     G    planes cols    G      columns  G
     Pool       (dense grid)       (smooth grid)      (wavefct grid)
        1     8    173     2982    6     87     1060     29      205
        2     8    175     2982    6     87     1060     29      205
        3     8    174     2982    6     87     1065     29      206
        4     8    173     2981    6     88     1064     30      205
     tot     32    695    11927   24    349     4249    117      821
 


     bravais-lattice index     =            0
     lattice parameter (a_0)   =       6.7413  a.u.
     unit-cell volume          =      67.3984 (a.u.)^3
     number of atoms/cell      =            2
     number of atomic types    =            1
     number of electrons       =         8.00
     number of Kohn-Sham states=            4
     kinetic-energy cutoff     =      60.0000  Ry
     charge density cutoff     =     480.0000  Ry
     convergence threshold     =      1.0E-08
     mixing beta               =       0.7000
     number of iterations used =            8  plain     mixing
     Exchange-correlation      =  SLA  PW   PBE  PBE (1434)
     nstep                     =           50


     celldm(1)=   6.741280  celldm(2)=   0.000000  celldm(3)=   0.000000
     celldm(4)=   0.000000  celldm(5)=   0.000000  celldm(6)=   0.000000

     crystal axes: (cart. coord. in units of a_0)
               a(1) = (  0.000000  0.469042  0.500000 )  
               a(2) = (  0.469042  0.000000  0.500000 )  
               a(3) = (  0.469042  0.469042  0.000000 )  

     reciprocal axes: (cart. coord. in units 2 pi/a_0)
               b(1) = ( -1.066004  1.066004  1.000000 )  
               b(2) = (  1.066004 -1.066004  1.000000 )  
               b(3) = (  1.066004  1.066004 -1.000000 )  


     PseudoPot. # 1 for C  read from file C.pbe-rrkjus.UPF
     Pseudo is Ultrasoft, Zval =  4.0
     Generated by new atomic code, or converted to UPF format
     Using radial grid of  627 points,  4 beta functions with: 
                l(1) =   0
                l(2) =   0
                l(3) =   1
                l(4) =   1
     Q(r) pseudized with 0 coefficients 


     atomic species   valence    mass     pseudopotential
        C              4.00    12.01070     C ( 1.00)

      4 Sym.Ops. (with inversion)


   Cartesian axes

     site n.     atom                  positions (a_0 units)
         1           C   tau(  1) = (   0.0000000   0.0000000   0.0000000  )
         2           C   tau(  2) = (   0.2345208   0.2345208   0.2500000  )

     number of k points=  150
                       cart. coord. in units 2pi/a_0
        k(    1) = (   0.0000000   0.0000000   0.0000000), wk =   0.0039062
        k(    2) = (   0.1332504   0.1332504  -0.1250000), wk =   0.0078125
        k(    3) = (   0.2665009   0.2665009  -0.2500000), wk =   0.0078125
        k(    4) = (   0.3997513   0.3997513  -0.3750000), wk =   0.0078125
        k(    5) = (  -0.5330018  -0.5330018   0.5000000), wk =   0.0039062
        k(    6) = (   0.2665009   0.0000000   0.0000000), wk =   0.0156250
        k(    7) = (   0.3997513   0.1332504  -0.1250000), wk =   0.0156250
        k(    8) = (   0.5330018   0.2665009  -0.2500000), wk =   0.0156250
        k(    9) = (  -0.3997513  -0.6662522   0.6250000), wk =   0.0156250
        k(   10) = (  -0.2665009  -0.5330018   0.5000000), wk =   0.0156250
        k(   11) = (  -0.1332504  -0.3997513   0.3750000), wk =   0.0156250
        k(   12) = (   0.0000000  -0.2665009   0.2500000), wk =   0.0156250
        k(   13) = (   0.5330018   0.0000000   0.0000000), wk =   0.0156250
        k(   14) = (   0.6662522   0.1332504  -0.1250000), wk =   0.0156250
        k(   15) = (  -0.2665009  -0.7995027   0.7500000), wk =   0.0156250
        k(   16) = (  -0.1332504  -0.6662522   0.6250000), wk =   0.0156250
        k(   17) = (   0.0000000  -0.5330018   0.5000000), wk =   0.0156250
        k(   18) = (   0.7995027   0.0000000   0.0000000), wk =   0.0156250
        k(   19) = (  -0.1332504  -0.9327531   0.8750000), wk =   0.0156250
        k(   20) = (   0.0000000  -0.7995027   0.7500000), wk =   0.0156250
        k(   21) = (  -1.0660036   0.0000000   0.0000000), wk =   0.0078125
        k(   22) = (   0.0000000   0.0000000   0.2500000), wk =   0.0078125
        k(   23) = (   0.2665009   0.2665009   0.0000000), wk =   0.0078125
        k(   24) = (   0.3997513   0.3997513  -0.1250000), wk =   0.0078125
        k(   25) = (  -0.5330018  -0.5330018   0.7500000), wk =   0.0078125
        k(   26) = (  -0.3997513  -0.3997513   0.6250000), wk =   0.0078125
        k(   27) = (  -0.2665009  -0.2665009   0.5000000), wk =   0.0078125
        k(   28) = (  -0.1332504  -0.1332504   0.3750000), wk =   0.0078125
        k(   29) = (   0.5330018   0.2665009   0.0000000), wk =   0.0156250
        k(   30) = (  -0.3997513  -0.6662522   0.8750000), wk =   0.0156250
        k(   31) = (  -0.2665009  -0.5330018   0.7500000), wk =   0.0156250
        k(   32) = (  -0.1332504  -0.3997513   0.6250000), wk =   0.0156250
        k(   33) = (   0.0000000  -0.2665009   0.5000000), wk =   0.0156250
        k(   34) = (   0.5330018   0.0000000   0.2500000), wk =   0.0156250
        k(   35) = (  -0.2665009  -0.7995027   1.0000000), wk =   0.0156250
        k(   36) = (  -0.1332504  -0.6662522   0.8750000), wk =   0.0156250
        k(   37) = (   0.0000000  -0.5330018   0.7500000), wk =   0.0156250
        k(   38) = (  -0.3997513   0.9327531  -0.6250000), wk =   0.0156250
        k(   39) = (  -0.2665009   1.0660036  -0.7500000), wk =   0.0156250
        k(   40) = (  -1.0660036   0.2665009   0.0000000), wk =   0.0156250
        k(   41) = (  -0.2665009   0.7995027  -0.5000000), wk =   0.0156250
        k(   42) = (  -0.1332504   0.9327531  -0.6250000), wk =   0.0156250
        k(   43) = (  -1.0660036   0.0000000   0.2500000), wk =   0.0156250
        k(   44) = (   0.0000000   0.7995027  -0.5000000), wk =   0.0156250
        k(   45) = (   0.0000000   0.0000000   0.5000000), wk =   0.0078125
        k(   46) = (  -0.5330018  -0.5330018   1.0000000), wk =   0.0078125
        k(   47) = (  -0.3997513  -0.3997513   0.8750000), wk =   0.0078125
        k(   48) = (  -0.2665009  -0.2665009   0.7500000), wk =   0.0078125
        k(   49) = (  -0.1332504  -0.1332504   0.6250000), wk =   0.0078125
        k(   50) = (  -0.2665009  -0.5330018   1.0000000), wk =   0.0156250
        k(   51) = (  -0.1332504  -0.3997513   0.8750000), wk =   0.0156250
        k(   52) = (   0.0000000  -0.2665009   0.7500000), wk =   0.0156250
        k(   53) = (  -1.0660036   0.5330018   0.0000000), wk =   0.0156250
        k(   54) = (  -1.0660036   0.0000000   0.5000000), wk =   0.0078125
        k(   55) = (   0.0000000   0.0000000   0.7500000), wk =   0.0078125
        k(   56) = (  -0.2665009  -0.2665009   1.0000000), wk =   0.0078125
        k(   57) = (  -0.1332504  -0.1332504   0.8750000), wk =   0.0078125
        k(   58) = (  -1.0660036   0.7995027   0.0000000), wk =   0.0156250
        k(   59) = (   0.0000000   0.0000000  -1.0000000), wk =   0.0039062
        k(   60) = (   0.1332504   0.1332504   0.1250000), wk =   0.0078125
        k(   61) = (   0.1332504  -0.1332504  -0.1250000), wk =   0.0156250
        k(   62) = (   0.2665009   0.2665009   0.2500000), wk =   0.0078125
        k(   63) = (   0.2665009  -0.2665009  -0.2500000), wk =   0.0156250
        k(   64) = (   0.3997513   0.3997513   0.3750000), wk =   0.0078125
        k(   65) = (   0.3997513  -0.3997513  -0.3750000), wk =   0.0156250
        k(   66) = (  -0.5330018  -0.5330018  -0.5000000), wk =   0.0039062
        k(   67) = (  -0.5330018   0.5330018   0.5000000), wk =   0.0078125
        k(   68) = (   0.1332504   0.3997513   0.1250000), wk =   0.0156250
        k(   69) = (   0.1332504  -0.3997513  -0.1250000), wk =   0.0156250
        k(   70) = (  -0.1332504   0.3997513  -0.1250000), wk =   0.0156250
        k(   71) = (   0.2665009   0.5330018   0.2500000), wk =   0.0156250
        k(   72) = (   0.2665009  -0.5330018  -0.2500000), wk =   0.0156250
        k(   73) = (  -0.2665009   0.5330018  -0.2500000), wk =   0.0156250
        k(   74) = (  -0.6662522  -0.3997513  -0.6250000), wk =   0.0156250
        k(   75) = (  -0.6662522   0.3997513   0.6250000), wk =   0.0156250
        k(   76) = (   0.6662522  -0.3997513   0.6250000), wk =   0.0156250
        k(   77) = (  -0.5330018  -0.2665009  -0.5000000), wk =   0.0156250
        k(   78) = (  -0.5330018   0.2665009   0.5000000), wk =   0.0156250
        k(   79) = (   0.5330018  -0.2665009   0.5000000), wk =   0.0156250
        k(   80) = (  -0.3997513  -0.1332504  -0.3750000), wk =   0.0156250
        k(   81) = (  -0.3997513   0.1332504   0.3750000), wk =   0.0156250
        k(   82) = (   0.3997513  -0.1332504   0.3750000), wk =   0.0156250
        k(   83) = (  -0.2665009   0.0000000  -0.2500000), wk =   0.0156250
        k(   84) = (   0.1332504   0.6662522   0.1250000), wk =   0.0156250
        k(   85) = (   0.1332504  -0.6662522  -0.1250000), wk =   0.0156250
        k(   86) = (  -0.1332504   0.6662522  -0.1250000), wk =   0.0156250
        k(   87) = (  -0.7995027  -0.2665009  -0.7500000), wk =   0.0156250
        k(   88) = (  -0.7995027   0.2665009   0.7500000), wk =   0.0156250
        k(   89) = (   0.7995027  -0.2665009   0.7500000), wk =   0.0156250
        k(   90) = (  -0.6662522  -0.1332504  -0.6250000), wk =   0.0156250
        k(   91) = (  -0.6662522   0.1332504   0.6250000), wk =   0.0156250
        k(   92) = (   0.6662522  -0.1332504   0.6250000), wk =   0.0156250
        k(   93) = (  -0.5330018   0.0000000  -0.5000000), wk =   0.0156250
        k(   94) = (  -0.9327531  -0.1332504  -0.8750000), wk =   0.0156250
        k(   95) = (  -0.9327531   0.1332504   0.8750000), wk =   0.0156250
        k(   96) = (   0.9327531  -0.1332504   0.8750000), wk =   0.0156250
        k(   97) = (  -0.7995027   0.0000000  -0.7500000), wk =   0.0156250
        k(   98) = (   0.2665009  -0.2665009   0.0000000), wk =   0.0078125
        k(   99) = (   0.3997513   0.3997513   0.1250000), wk =   0.0078125
        k(  100) = (   0.3997513  -0.3997513  -0.1250000), wk =   0.0156250
        k(  101) = (  -0.5330018  -0.5330018  -0.7500000), wk =   0.0078125
        k(  102) = (  -0.5330018   0.5330018   0.7500000), wk =   0.0156250
        k(  103) = (  -0.3997513  -0.3997513  -0.6250000), wk =   0.0078125
        k(  104) = (  -0.3997513   0.3997513   0.6250000), wk =   0.0156250
        k(  105) = (  -0.2665009  -0.2665009  -0.5000000), wk =   0.0078125
        k(  106) = (  -0.2665009   0.2665009   0.5000000), wk =   0.0156250
        k(  107) = (  -0.1332504  -0.1332504  -0.3750000), wk =   0.0078125
        k(  108) = (  -0.1332504   0.1332504   0.3750000), wk =   0.0156250
        k(  109) = (   0.2665009  -0.5330018   0.0000000), wk =   0.0156250
        k(  110) = (  -0.6662522  -0.3997513  -0.8750000), wk =   0.0156250
        k(  111) = (  -0.6662522   0.3997513   0.8750000), wk =   0.0156250
        k(  112) = (   0.6662522  -0.3997513   0.8750000), wk =   0.0156250
        k(  113) = (  -0.5330018  -0.2665009  -0.7500000), wk =   0.0156250
        k(  114) = (  -0.5330018   0.2665009   0.7500000), wk =   0.0156250
        k(  115) = (   0.5330018  -0.2665009   0.7500000), wk =   0.0156250
        k(  116) = (  -0.3997513  -0.1332504  -0.6250000), wk =   0.0156250
        k(  117) = (  -0.3997513   0.1332504   0.6250000), wk =   0.0156250
        k(  118) = (   0.3997513  -0.1332504   0.6250000), wk =   0.0156250
        k(  119) = (  -0.2665009   0.0000000  -0.5000000), wk =   0.0156250
        k(  120) = (   0.0000000   0.5330018  -0.2500000), wk =   0.0156250
        k(  121) = (  -0.7995027   0.2665009   1.0000000), wk =   0.0156250
        k(  122) = (  -0.6662522  -0.1332504  -0.8750000), wk =   0.0156250
        k(  123) = (  -0.6662522   0.1332504   0.8750000), wk =   0.0156250
        k(  124) = (   0.6662522  -0.1332504   0.8750000), wk =   0.0156250
        k(  125) = (  -0.5330018   0.0000000  -0.7500000), wk =   0.0156250
        k(  126) = (   0.9327531  -0.3997513   0.6250000), wk =   0.0156250
        k(  127) = (   0.9327531   0.3997513  -0.6250000), wk =   0.0156250
        k(  128) = (  -0.9327531  -0.3997513  -0.6250000), wk =   0.0156250
        k(  129) = (   1.0660036  -0.2665009   0.7500000), wk =   0.0156250
        k(  130) = (   0.7995027   0.2665009  -0.5000000), wk =   0.0078125
        k(  131) = (  -0.7995027  -0.2665009  -0.5000000), wk =   0.0078125
        k(  132) = (   0.9327531  -0.1332504   0.6250000), wk =   0.0156250
        k(  133) = (   0.9327531   0.1332504  -0.6250000), wk =   0.0156250
        k(  134) = (  -0.9327531  -0.1332504  -0.6250000), wk =   0.0156250
        k(  135) = (   0.7995027   0.0000000   0.5000000), wk =   0.0156250
        k(  136) = (  -0.5330018   0.5330018   1.0000000), wk =   0.0078125
        k(  137) = (  -0.3997513  -0.3997513  -0.8750000), wk =   0.0078125
        k(  138) = (  -0.3997513   0.3997513   0.8750000), wk =   0.0156250
        k(  139) = (  -0.2665009  -0.2665009  -0.7500000), wk =   0.0078125
        k(  140) = (  -0.2665009   0.2665009   0.7500000), wk =   0.0156250
        k(  141) = (  -0.1332504  -0.1332504  -0.6250000), wk =   0.0078125
        k(  142) = (  -0.1332504   0.1332504   0.6250000), wk =   0.0156250
        k(  143) = (  -0.5330018   0.2665009   1.0000000), wk =   0.0156250
        k(  144) = (  -0.3997513  -0.1332504  -0.8750000), wk =   0.0156250
        k(  145) = (  -0.3997513   0.1332504   0.8750000), wk =   0.0156250
        k(  146) = (   0.3997513  -0.1332504   0.8750000), wk =   0.0156250
        k(  147) = (  -0.2665009   0.0000000  -0.7500000), wk =   0.0156250
        k(  148) = (  -0.2665009   0.2665009   1.0000000), wk =   0.0078125
        k(  149) = (  -0.1332504  -0.1332504  -0.8750000), wk =   0.0078125
        k(  150) = (  -0.1332504   0.1332504   0.8750000), wk =   0.0156250

     G cutoff =  552.5432  (  11927 G-vectors)     FFT grid: ( 36, 36, 32)
     G cutoff =  276.2716  (   4249 G-vectors)  smooth grid: ( 24, 24, 24)

     Largest allocated arrays     est. size (Mb)     dimensions
        Kohn-Sham Wavefunctions         0.01 Mb     (    139,   4)
        NL pseudopotentials             0.03 Mb     (    139,  16)
        Each V/rho on FFT grid          0.16 Mb     (  10368)
        Each G-vector array             0.02 Mb     (   2982)
        G-vector shells                 0.01 Mb     (    696)
     Largest temporary arrays     est. size (Mb)     dimensions
        Auxiliary wavefunctions         0.03 Mb     (    139,  16)
        Each subspace H/S matrix        0.00 Mb     (     16,  16)
        Each <psi_i|beta_j> matrix      0.00 Mb     (     16,   4)
        Arrays for rho mixing           1.27 Mb     (  10368,   8)

     Initial potential from superposition of free atoms

     starting charge    7.99989, renormalised to    8.00000
     Starting wfc are    8 atomic wfcs

     total cpu time spent up to now is      0.98 secs

     per-process dynamical memory:    54.7 Mb

     Self-consistent Calculation

     iteration #  1     ecut=    60.00 Ry     beta=0.70
     Davidson diagonalization with overlap
     ethr =  1.00E-02,  avg # of iterations =  2.0

     total cpu time spent up to now is      2.53 secs

     total energy              =     -22.73369638 Ry
     Harris-Foulkes estimate   =     -22.80750586 Ry
     estimated scf accuracy    <       0.15485124 Ry

     iteration #  2     ecut=    60.00 Ry     beta=0.70
     Davidson diagonalization with overlap
     ethr =  1.94E-03,  avg # of iterations =  1.0

     total cpu time spent up to now is      3.61 secs

     total energy              =     -22.74367733 Ry
     Harris-Foulkes estimate   =     -22.74435527 Ry
     estimated scf accuracy    <       0.00325501 Ry

     iteration #  3     ecut=    60.00 Ry     beta=0.70
     Davidson diagonalization with overlap
     ethr =  4.07E-05,  avg # of iterations =  2.1

     total cpu time spent up to now is      5.34 secs

     total energy              =     -22.74452253 Ry
     Harris-Foulkes estimate   =     -22.74450992 Ry
     estimated scf accuracy    <       0.00004256 Ry

     iteration #  4     ecut=    60.00 Ry     beta=0.70
     Davidson diagonalization with overlap
     ethr =  5.32E-07,  avg # of iterations =  2.0

     total cpu time spent up to now is      7.14 secs

     total energy              =     -22.74453930 Ry
     Harris-Foulkes estimate   =     -22.74453910 Ry
     estimated scf accuracy    <       0.00000406 Ry

     iteration #  5     ecut=    60.00 Ry     beta=0.70
     Davidson diagonalization with overlap
     ethr =  5.07E-08,  avg # of iterations =  2.0

     total cpu time spent up to now is      8.83 secs

     total energy              =     -22.74453998 Ry
     Harris-Foulkes estimate   =     -22.74454003 Ry
     estimated scf accuracy    <       0.00000015 Ry

     iteration #  6     ecut=    60.00 Ry     beta=0.70
     Davidson diagonalization with overlap
     ethr =  1.93E-09,  avg # of iterations =  1.9

     total cpu time spent up to now is     10.33 secs

     End of self-consistent calculation

          k = 0.0000 0.0000 0.0000 (   541 PWs)   bands (ev):

    -7.4664  14.9771  16.1058  16.1058

          k = 0.1333 0.1333-0.1250 (   536 PWs)   bands (ev):

    -6.9955  12.9985  14.6623  15.4057

          k = 0.2665 0.2665-0.2500 (   530 PWs)   bands (ev):

    -5.5935   8.5455  13.2482  14.2931

          k = 0.3998 0.3998-0.3750 (   527 PWs)   bands (ev):

    -3.3114   4.0886  12.2727  13.5314

          k =-0.5330-0.5330 0.5000 (   534 PWs)   bands (ev):

    -0.9055   0.9189  11.9318  13.2726

          k = 0.2665 0.0000 0.0000 (   536 PWs)   bands (ev):

    -6.8120  13.2140  13.9292  14.8042

          k = 0.3998 0.1333-0.1250 (   532 PWs)   bands (ev):

    -5.6948  10.0901  12.2128  13.9369

          k = 0.5330 0.2665-0.2500 (   534 PWs)   bands (ev):

    -3.6796   5.7101  11.3589  12.7594

          k =-0.3998-0.6663 0.6250 (   531 PWs)   bands (ev):

    -1.0005   1.8627  11.0547  11.9583

          k =-0.2665-0.5330 0.5000 (   531 PWs)   bands (ev):

    -2.0713   3.2220  10.8793  12.2608

          k =-0.1333-0.3998 0.3750 (   532 PWs)   bands (ev):

    -4.5694   7.4005  11.1144  13.3876

          k = 0.0000-0.2665 0.2500 (   534 PWs)   bands (ev):

    -6.2411  11.3837  12.3458  14.6637

          k = 0.5330 0.0000 0.0000 (   536 PWs)   bands (ev):

    -4.8684  10.6451  11.0113  11.5462

          k = 0.6663 0.1333-0.1250 (   528 PWs)   bands (ev):

    -3.1417   7.6040   9.8952  10.3961

          k =-0.2665-0.7995 0.7500 (   526 PWs)   bands (ev):

    -0.6418   3.8941   8.6922   9.9524

          k =-0.1333-0.6663 0.6250 (   531 PWs)   bands (ev):

    -0.0908   3.2598   7.5673  10.6421

          k = 0.0000-0.5330 0.5000 (   531 PWs)   bands (ev):

    -2.6645   6.6033   7.5634  11.9652

          k = 0.7995 0.0000 0.0000 (   524 PWs)   bands (ev):

    -1.7131   7.1497   8.8927   9.0491

          k =-0.1333-0.9328 0.8750 (   527 PWs)   bands (ev):

     0.5143   4.7619   7.2671   8.7481

          k = 0.0000-0.7995 0.7500 (   521 PWs)   bands (ev):

     2.0973   3.5077   5.2560   9.3438

          k =-1.0660 0.0000 0.0000 (   524 PWs)   bands (ev):

     2.4512   2.4512   8.3280   8.3280

          k = 0.0000 0.0000 0.2500 (   541 PWs)   bands (ev):

    -6.8924  13.5872  14.1719  14.1719

          k = 0.2665 0.2665 0.0000 (   525 PWs)   bands (ev):

    -6.1610  11.4168  11.5548  15.4312

          k = 0.3998 0.3998-0.1250 (   526 PWs)   bands (ev):

    -4.4126   7.0511  10.3933  14.3287

          k =-0.5330-0.5330 0.7500 (   528 PWs)   bands (ev):

    -1.8593   2.8881  10.0090  13.1763

          k =-0.3998-0.3998 0.6250 (   530 PWs)   bands (ev):

    -1.2469   2.0935  10.3976  12.4556

          k =-0.2665-0.2665 0.5000 (   534 PWs)   bands (ev):

    -3.9119   6.0068  11.4769  12.3656

          k =-0.1333-0.1333 0.3750 (   536 PWs)   bands (ev):

    -5.8541  10.2950  12.9690  12.9734

          k = 0.5330 0.2665 0.0000 (   534 PWs)   bands (ev):

    -4.2319   8.5744   9.0700  13.1139

          k =-0.3998-0.6663 0.8750 (   526 PWs)   bands (ev):

    -1.9258   4.7171   8.3009  11.7571

          k =-0.2665-0.5330 0.7500 (   533 PWs)   bands (ev):

     0.1058   2.1098   8.4373  10.7507

          k =-0.1333-0.3998 0.6250 (   530 PWs)   bands (ev):

    -2.3702   5.2953   8.9603  10.8227

          k = 0.0000-0.2665 0.5000 (   536 PWs)   bands (ev):

    -4.5453   8.7797  10.0342  12.0651

          k = 0.5330 0.0000 0.2500 (   531 PWs)   bands (ev):

    -4.3102   8.7940   9.6661  12.5613

          k =-0.2665-0.7995 1.0000 (   528 PWs)   bands (ev):

    -1.1243   6.1940   7.4173   9.2363

          k =-0.1333-0.6663 0.8750 (   531 PWs)   bands (ev):

     1.3452   3.5661   6.4453   8.2975

          k = 0.0000-0.5330 0.7500 (   531 PWs)   bands (ev):

    -0.0662   4.8588   6.2114   9.0167

          k =-0.3998 0.9328-0.6250 (   529 PWs)   bands (ev):

    -2.0702   5.0994   9.0745  11.1257

          k =-0.2665 1.0660-0.7500 (   524 PWs)   bands (ev):

    -1.1935   6.4680   7.8559   8.9823

          k =-1.0660 0.2665 0.0000 (   534 PWs)   bands (ev):

     2.8186   2.8186   7.1294   7.1294

          k =-0.2665 0.7995-0.5000 (   522 PWs)   bands (ev):

     0.2300   2.1391   9.2954  10.2433

          k =-0.1333 0.9328-0.6250 (   518 PWs)   bands (ev):

     1.3149   3.8402   6.6036   8.5007

          k =-1.0660 0.0000 0.2500 (   514 PWs)   bands (ev):

     2.8112   2.8112   7.3612   7.3612

          k = 0.0000 0.7995-0.5000 (   524 PWs)   bands (ev):

     0.2760   4.8598   5.9722   9.5770

          k = 0.0000 0.0000 0.5000 (   536 PWs)   bands (ev):

    -5.1845  10.1166  11.6298  11.6298

          k =-0.5330-0.5330 1.0000 (   524 PWs)   bands (ev):

    -2.3663   5.9925   6.6697  13.0840

          k =-0.3998-0.3998 0.8750 (   530 PWs)   bands (ev):

     0.1889   2.6974   6.5239  11.7484

          k =-0.2665-0.2665 0.7500 (   531 PWs)   bands (ev):

    -1.2087   4.2545   7.6086  10.9463

          k =-0.1333-0.1333 0.6250 (   533 PWs)   bands (ev):

    -3.6054   7.5117   9.6987  10.8971

          k =-0.2665-0.5330 1.0000 (   527 PWs)   bands (ev):

     0.4803   4.1400   5.2500  10.1979

          k =-0.1333-0.3998 0.8750 (   530 PWs)   bands (ev):

     0.7021   3.7108   6.0934   9.0928

          k = 0.0000-0.2665 0.7500 (   525 PWs)   bands (ev):

    -1.7906   5.7473   8.4912   9.1383

          k =-1.0660 0.5330 0.0000 (   534 PWs)   bands (ev):

     2.9055   2.9055   6.3669   6.3669

          k =-1.0660 0.0000 0.5000 (   512 PWs)   bands (ev):

     3.3207   3.3207   6.3433   6.3433

          k = 0.0000 0.0000 0.7500 (   532 PWs)   bands (ev):

    -2.3965   5.7142   9.9498   9.9498

          k =-0.2665-0.2665 1.0000 (   528 PWs)   bands (ev):

     1.7945   2.5192   5.1803  10.4417

          k =-0.1333-0.1333 0.8750 (   529 PWs)   bands (ev):

    -0.3480   3.6520   7.9744   9.7890

          k =-1.0660 0.7995 0.0000 (   526 PWs)   bands (ev):

     1.8360   1.8360   8.0783   8.0784

          k = 0.0000 0.0000-1.0000 (   524 PWs)   bands (ev):

     1.3381   1.3381   9.3731   9.3731

          k = 0.1333 0.1333 0.1250 (   536 PWs)   bands (ev):

    -6.9955  12.9985  14.6623  15.4057

          k = 0.1333-0.1333-0.1250 (   536 PWs)   bands (ev):

    -6.9955  12.9985  14.6623  15.4057

          k = 0.2665 0.2665 0.2500 (   530 PWs)   bands (ev):

    -5.5935   8.5455  13.2482  14.2931

          k = 0.2665-0.2665-0.2500 (   530 PWs)   bands (ev):

    -5.5935   8.5455  13.2482  14.2931

          k = 0.3998 0.3998 0.3750 (   527 PWs)   bands (ev):

    -3.3114   4.0886  12.2727  13.5314

          k = 0.3998-0.3998-0.3750 (   527 PWs)   bands (ev):

    -3.3114   4.0886  12.2727  13.5314

          k =-0.5330-0.5330-0.5000 (   534 PWs)   bands (ev):

    -0.9055   0.9189  11.9318  13.2726

          k =-0.5330 0.5330 0.5000 (   534 PWs)   bands (ev):

    -0.9055   0.9189  11.9318  13.2726

          k = 0.1333 0.3998 0.1250 (   532 PWs)   bands (ev):

    -5.6948  10.0901  12.2128  13.9369

          k = 0.1333-0.3998-0.1250 (   532 PWs)   bands (ev):

    -5.6948  10.0901  12.2128  13.9369

          k =-0.1333 0.3998-0.1250 (   532 PWs)   bands (ev):

    -5.6948  10.0901  12.2128  13.9369

          k = 0.2665 0.5330 0.2500 (   534 PWs)   bands (ev):

    -3.6796   5.7101  11.3589  12.7594

          k = 0.2665-0.5330-0.2500 (   534 PWs)   bands (ev):

    -3.6796   5.7101  11.3589  12.7594

          k =-0.2665 0.5330-0.2500 (   534 PWs)   bands (ev):

    -3.6796   5.7101  11.3589  12.7594

          k =-0.6663-0.3998-0.6250 (   531 PWs)   bands (ev):

    -1.0005   1.8627  11.0547  11.9583

          k =-0.6663 0.3998 0.6250 (   531 PWs)   bands (ev):

    -1.0005   1.8627  11.0547  11.9583

          k = 0.6663-0.3998 0.6250 (   531 PWs)   bands (ev):

    -1.0005   1.8627  11.0547  11.9583

          k =-0.5330-0.2665-0.5000 (   531 PWs)   bands (ev):

    -2.0713   3.2220  10.8793  12.2608

          k =-0.5330 0.2665 0.5000 (   531 PWs)   bands (ev):

    -2.0713   3.2220  10.8793  12.2608

          k = 0.5330-0.2665 0.5000 (   531 PWs)   bands (ev):

    -2.0713   3.2220  10.8793  12.2608

          k =-0.3998-0.1333-0.3750 (   532 PWs)   bands (ev):

    -4.5694   7.4005  11.1144  13.3876

          k =-0.3998 0.1333 0.3750 (   532 PWs)   bands (ev):

    -4.5694   7.4005  11.1144  13.3876

          k = 0.3998-0.1333 0.3750 (   532 PWs)   bands (ev):

    -4.5694   7.4005  11.1144  13.3876

          k =-0.2665 0.0000-0.2500 (   534 PWs)   bands (ev):

    -6.2411  11.3837  12.3458  14.6637

          k = 0.1333 0.6663 0.1250 (   528 PWs)   bands (ev):

    -3.1417   7.6040   9.8952  10.3961

          k = 0.1333-0.6663-0.1250 (   528 PWs)   bands (ev):

    -3.1417   7.6040   9.8952  10.3961

          k =-0.1333 0.6663-0.1250 (   528 PWs)   bands (ev):

    -3.1417   7.6040   9.8952  10.3961

          k =-0.7995-0.2665-0.7500 (   526 PWs)   bands (ev):

    -0.6418   3.8941   8.6922   9.9524

          k =-0.7995 0.2665 0.7500 (   526 PWs)   bands (ev):

    -0.6418   3.8941   8.6922   9.9524

          k = 0.7995-0.2665 0.7500 (   526 PWs)   bands (ev):

    -0.6418   3.8941   8.6922   9.9524

          k =-0.6663-0.1333-0.6250 (   531 PWs)   bands (ev):

    -0.0908   3.2598   7.5673  10.6421

          k =-0.6663 0.1333 0.6250 (   531 PWs)   bands (ev):

    -0.0908   3.2598   7.5673  10.6421

          k = 0.6663-0.1333 0.6250 (   531 PWs)   bands (ev):

    -0.0908   3.2598   7.5673  10.6421

          k =-0.5330 0.0000-0.5000 (   531 PWs)   bands (ev):

    -2.6645   6.6033   7.5634  11.9652

          k =-0.9328-0.1333-0.8750 (   527 PWs)   bands (ev):

     0.5143   4.7619   7.2671   8.7481

          k =-0.9328 0.1333 0.8750 (   527 PWs)   bands (ev):

     0.5143   4.7619   7.2671   8.7481

          k = 0.9328-0.1333 0.8750 (   527 PWs)   bands (ev):

     0.5143   4.7619   7.2671   8.7481

          k =-0.7995 0.0000-0.7500 (   521 PWs)   bands (ev):

     2.0973   3.5077   5.2560   9.3438

          k = 0.2665-0.2665 0.0000 (   525 PWs)   bands (ev):

    -6.1610  11.4168  11.5548  15.4312

          k = 0.3998 0.3998 0.1250 (   526 PWs)   bands (ev):

    -4.4126   7.0511  10.3933  14.3287

          k = 0.3998-0.3998-0.1250 (   526 PWs)   bands (ev):

    -4.4126   7.0511  10.3933  14.3287

          k =-0.5330-0.5330-0.7500 (   528 PWs)   bands (ev):

    -1.8593   2.8881  10.0090  13.1763

          k =-0.5330 0.5330 0.7500 (   528 PWs)   bands (ev):

    -1.8593   2.8881  10.0090  13.1763

          k =-0.3998-0.3998-0.6250 (   530 PWs)   bands (ev):

    -1.2469   2.0935  10.3976  12.4556

          k =-0.3998 0.3998 0.6250 (   530 PWs)   bands (ev):

    -1.2469   2.0935  10.3976  12.4556

          k =-0.2665-0.2665-0.5000 (   534 PWs)   bands (ev):

    -3.9119   6.0068  11.4769  12.3656

          k =-0.2665 0.2665 0.5000 (   534 PWs)   bands (ev):

    -3.9119   6.0068  11.4769  12.3656

          k =-0.1333-0.1333-0.3750 (   536 PWs)   bands (ev):

    -5.8541  10.2950  12.9690  12.9734

          k =-0.1333 0.1333 0.3750 (   536 PWs)   bands (ev):

    -5.8541  10.2950  12.9690  12.9734

          k = 0.2665-0.5330 0.0000 (   534 PWs)   bands (ev):

    -4.2319   8.5744   9.0700  13.1139

          k =-0.6663-0.3998-0.8750 (   526 PWs)   bands (ev):

    -1.9258   4.7171   8.3009  11.7571

          k =-0.6663 0.3998 0.8750 (   526 PWs)   bands (ev):

    -1.9258   4.7171   8.3009  11.7571

          k = 0.6663-0.3998 0.8750 (   526 PWs)   bands (ev):

    -1.9258   4.7171   8.3009  11.7571

          k =-0.5330-0.2665-0.7500 (   533 PWs)   bands (ev):

     0.1058   2.1098   8.4373  10.7507

          k =-0.5330 0.2665 0.7500 (   533 PWs)   bands (ev):

     0.1058   2.1098   8.4373  10.7507

          k = 0.5330-0.2665 0.7500 (   533 PWs)   bands (ev):

     0.1058   2.1098   8.4373  10.7507

          k =-0.3998-0.1333-0.6250 (   530 PWs)   bands (ev):

    -2.3702   5.2953   8.9603  10.8227

          k =-0.3998 0.1333 0.6250 (   530 PWs)   bands (ev):

    -2.3702   5.2953   8.9603  10.8227

          k = 0.3998-0.1333 0.6250 (   530 PWs)   bands (ev):

    -2.3702   5.2953   8.9603  10.8227

          k =-0.2665 0.0000-0.5000 (   536 PWs)   bands (ev):

    -4.5453   8.7797  10.0342  12.0651

          k = 0.0000 0.5330-0.2500 (   531 PWs)   bands (ev):

    -4.3102   8.7940   9.6661  12.5613

          k =-0.7995 0.2665 1.0000 (   528 PWs)   bands (ev):

    -1.1243   6.1940   7.4173   9.2363

          k =-0.6663-0.1333-0.8750 (   531 PWs)   bands (ev):

     1.3452   3.5661   6.4453   8.2975

          k =-0.6663 0.1333 0.8750 (   531 PWs)   bands (ev):

     1.3452   3.5661   6.4453   8.2975

          k = 0.6663-0.1333 0.8750 (   531 PWs)   bands (ev):

     1.3452   3.5661   6.4453   8.2975

          k =-0.5330 0.0000-0.7500 (   531 PWs)   bands (ev):

    -0.0662   4.8588   6.2114   9.0166

          k = 0.9328-0.3998 0.6250 (   529 PWs)   bands (ev):

    -2.0702   5.0994   9.0745  11.1257

          k = 0.9328 0.3998-0.6250 (   529 PWs)   bands (ev):

    -2.0702   5.0994   9.0745  11.1257

          k =-0.9328-0.3998-0.6250 (   529 PWs)   bands (ev):

    -2.0702   5.0994   9.0745  11.1257

          k = 1.0660-0.2665 0.7500 (   524 PWs)   bands (ev):

    -1.1935   6.4680   7.8559   8.9823

          k = 0.7995 0.2665-0.5000 (   522 PWs)   bands (ev):

     0.2300   2.1391   9.2954  10.2433

          k =-0.7995-0.2665-0.5000 (   522 PWs)   bands (ev):

     0.2300   2.1391   9.2954  10.2433

          k = 0.9328-0.1333 0.6250 (   518 PWs)   bands (ev):

     1.3149   3.8402   6.6036   8.5007

          k = 0.9328 0.1333-0.6250 (   518 PWs)   bands (ev):

     1.3149   3.8402   6.6036   8.5007

          k =-0.9328-0.1333-0.6250 (   518 PWs)   bands (ev):

     1.3149   3.8402   6.6036   8.5007

          k = 0.7995 0.0000 0.5000 (   524 PWs)   bands (ev):

     0.2760   4.8598   5.9722   9.5770

          k =-0.5330 0.5330 1.0000 (   524 PWs)   bands (ev):

    -2.3663   5.9925   6.6697  13.0840

          k =-0.3998-0.3998-0.8750 (   530 PWs)   bands (ev):

     0.1889   2.6974   6.5239  11.7484

          k =-0.3998 0.3998 0.8750 (   530 PWs)   bands (ev):

     0.1889   2.6974   6.5239  11.7484

          k =-0.2665-0.2665-0.7500 (   531 PWs)   bands (ev):

    -1.2087   4.2545   7.6086  10.9463

          k =-0.2665 0.2665 0.7500 (   531 PWs)   bands (ev):

    -1.2087   4.2545   7.6086  10.9463

          k =-0.1333-0.1333-0.6250 (   533 PWs)   bands (ev):

    -3.6054   7.5117   9.6987  10.8971

          k =-0.1333 0.1333 0.6250 (   533 PWs)   bands (ev):

    -3.6054   7.5117   9.6987  10.8971

          k =-0.5330 0.2665 1.0000 (   527 PWs)   bands (ev):

     0.4803   4.1400   5.2500  10.1979

          k =-0.3998-0.1333-0.8750 (   530 PWs)   bands (ev):

     0.7021   3.7108   6.0934   9.0928

          k =-0.3998 0.1333 0.8750 (   530 PWs)   bands (ev):

     0.7021   3.7108   6.0934   9.0928

          k = 0.3998-0.1333 0.8750 (   530 PWs)   bands (ev):

     0.7021   3.7108   6.0934   9.0928

          k =-0.2665 0.0000-0.7500 (   525 PWs)   bands (ev):

    -1.7906   5.7473   8.4912   9.1383

          k =-0.2665 0.2665 1.0000 (   528 PWs)   bands (ev):

     1.7945   2.5192   5.1803  10.4417

          k =-0.1333-0.1333-0.8750 (   529 PWs)   bands (ev):

    -0.3480   3.6520   7.9744   9.7890

          k =-0.1333 0.1333 0.8750 (   529 PWs)   bands (ev):

    -0.3480   3.6520   7.9744   9.7890

!    total energy              =     -22.74454000 Ry
     Harris-Foulkes estimate   =     -22.74454000 Ry
     estimated scf accuracy    <          2.2E-09 Ry

     The total energy is the sum of the following terms:

     one-electron contribution =       9.49332302 Ry
     hartree contribution      =       1.79498433 Ry
     xc contribution           =      -7.33267837 Ry
     ewald contribution        =     -26.70016898 Ry

     convergence has been achieved in   6 iterations

     Forces acting on atoms (Ry/au):

     atom   1 type  1   force =     0.00000003    0.00000003    0.00000002
     atom   2 type  1   force =    -0.00000003   -0.00000003   -0.00000002

     Total force =     0.000000     Total SCF correction =     0.000000


     entering subroutine stress ...

          total   stress  (Ry/bohr**3)                   (kbar)     P=  696.23
   0.00637475   0.00000000   0.00000000        937.76      0.00      0.00
   0.00000000   0.00637475   0.00000000          0.00    937.76      0.00
   0.00000000   0.00000000   0.00144913          0.00      0.00    213.17


     BFGS Geometry Optimization

     bfgs converged in   1 scf cycles and   0 bfgs steps
     (criteria: energy < 0.10E-08, force < 0.10E-05)

     End of BFGS Geometry Optimization

     Final energy   =     -22.7445399984 Ry

ATOMIC_POSITIONS (crystal)
C        0.000000000   0.000000000   0.000000000
C        0.250000000   0.250000000   0.250000000



     Writing output data file pwscf.save
 
     PWSCF        :    11.20s CPU time,   14.30s wall time

     init_run     :     0.89s CPU
     electrons    :     9.36s CPU
     forces       :     0.08s CPU
     stress       :     0.33s CPU

     Called by init_run:
     wfcinit      :     0.67s CPU
     potinit      :     0.05s CPU

     Called by electrons:
     c_bands      :     8.32s CPU (       6 calls,   1.386 s avg)
     sum_band     :     0.78s CPU (       6 calls,   0.130 s avg)
     v_of_rho     :     0.13s CPU (       7 calls,   0.019 s avg)
     newd         :     0.04s CPU (       7 calls,   0.006 s avg)
     mix_rho      :     0.00s CPU (       6 calls,   0.000 s avg)

     Called by c_bands:
     init_us_2    :     0.14s CPU (    2250 calls,   0.000 s avg)
     cegterg      :     8.11s CPU (     900 calls,   0.009 s avg)

     Called by *egterg:
     h_psi        :     2.99s CPU (    2703 calls,   0.001 s avg)
     s_psi        :     0.01s CPU (    2703 calls,   0.000 s avg)
     g_psi        :     0.04s CPU (    1653 calls,   0.000 s avg)
     cdiaghg      :     4.17s CPU (    2553 calls,   0.002 s avg)

     Called by h_psi:
     add_vuspsi   :     0.04s CPU (    2703 calls,   0.000 s avg)

     General routines
     calbec       :     0.21s CPU (    3903 calls,   0.000 s avg)
     cft3s        :     3.14s CPU (   25595 calls,   0.000 s avg)
     interpolate  :     0.00s CPU (      13 calls,   0.000 s avg)
     davcio       :     0.57s CPU (    3150 calls,   0.000 s avg)
 
     Parallel routines
     fft_scatter  :     1.17s CPU (   25595 calls,   0.000 s avg)
