
     Program PWSCF     v.4.1.1  starts ...
     Today is 25Nov2010 at 15:44:38 

     Parallel version (MPI)

     Number of processors in use:       4
     R & G space division:  proc/pool =    4

     For Norm-Conserving or Ultrasoft (Vanderbilt) Pseudopotentials or PAW

     Current dimensions of program pwscf are:
     Max number of different atomic species (ntypx) = 10
     Max number of k-points (npk) =  40000
     Max angular momentum in pseudopotentials (lmaxx) =  3
     Waiting for input...
     file C.pbe-rrkjus.UPF: wavefunction(s)  2S 2P renormalized

     Subspace diagonalization in iterative solution of the eigenvalue problem:
     a parallel distributed memory algorithm will be used,
     eigenstates matrixes will be distributed block like on
     ortho sub-group =    2*   2 procs


     Planes per process (thick) : nr3 = 36 npp =   9 ncplane = 1296
     Planes per process (smooth): nr3s= 28 npps=   7 ncplanes=  784
 
     Proc/  planes cols     G    planes cols    G      columns  G
     Pool       (dense grid)       (smooth grid)      (wavefct grid)
        1     9    211     4035    7    105     1448     34      266
        2     9    212     4036    7    106     1437     35      267
        3     9    212     4037    7    105     1440     35      267
        4     9    212     4037    7    105     1444     35      267
     tot     36    847    16145   28    421     5769    139     1067
 


     bravais-lattice index     =            0
     lattice parameter (a_0)   =       6.7413  a.u.
     unit-cell volume          =      90.7808 (a.u.)^3
     number of atoms/cell      =            2
     number of atomic types    =            1
     number of electrons       =         8.00
     number of Kohn-Sham states=            4
     kinetic-energy cutoff     =      60.0000  Ry
     charge density cutoff     =     480.0000  Ry
     convergence threshold     =      1.0E-08
     mixing beta               =       0.7000
     number of iterations used =            8  plain     mixing
     Exchange-correlation      =  SLA  PW   PBE  PBE (1434)
     nstep                     =           50


     celldm(1)=   6.741280  celldm(2)=   0.000000  celldm(3)=   0.000000
     celldm(4)=   0.000000  celldm(5)=   0.000000  celldm(6)=   0.000000

     crystal axes: (cart. coord. in units of a_0)
               a(1) = (  0.000000  0.529150  0.529150 )  
               a(2) = (  0.529150  0.000000  0.529150 )  
               a(3) = (  0.529150  0.529150  0.000000 )  

     reciprocal axes: (cart. coord. in units 2 pi/a_0)
               b(1) = ( -0.944911  0.944911  0.944911 )  
               b(2) = (  0.944911 -0.944911  0.944911 )  
               b(3) = (  0.944911  0.944911 -0.944911 )  


     PseudoPot. # 1 for C  read from file C.pbe-rrkjus.UPF
     Pseudo is Ultrasoft, Zval =  4.0
     Generated by new atomic code, or converted to UPF format
     Using radial grid of  627 points,  4 beta functions with: 
                l(1) =   0
                l(2) =   0
                l(3) =   1
                l(4) =   1
     Q(r) pseudized with 0 coefficients 


     atomic species   valence    mass     pseudopotential
        C              4.00    12.01070     C ( 1.00)

     48 Sym.Ops. (with inversion)


   Cartesian axes

     site n.     atom                  positions (a_0 units)
         1           C   tau(  1) = (   0.0000000   0.0000000   0.0000000  )
         2           C   tau(  2) = (   0.2645751   0.2645751   0.2645751  )

     number of k points=   29
                       cart. coord. in units 2pi/a_0
        k(    1) = (   0.0000000   0.0000000   0.0000000), wk =   0.0039062
        k(    2) = (   0.1181139   0.1181139  -0.1181139), wk =   0.0312500
        k(    3) = (   0.2362278   0.2362278  -0.2362278), wk =   0.0312500
        k(    4) = (   0.3543417   0.3543417  -0.3543417), wk =   0.0312500
        k(    5) = (  -0.4724556  -0.4724556   0.4724556), wk =   0.0156250
        k(    6) = (   0.2362278   0.0000000   0.0000000), wk =   0.0234375
        k(    7) = (   0.3543417   0.1181139  -0.1181139), wk =   0.0937500
        k(    8) = (   0.4724556   0.2362278  -0.2362278), wk =   0.0937500
        k(    9) = (  -0.3543417  -0.5905695   0.5905695), wk =   0.0937500
        k(   10) = (  -0.2362278  -0.4724556   0.4724556), wk =   0.0937500
        k(   11) = (  -0.1181139  -0.3543417   0.3543417), wk =   0.0937500
        k(   12) = (   0.0000000  -0.2362278   0.2362278), wk =   0.0468750
        k(   13) = (   0.4724556   0.0000000   0.0000000), wk =   0.0234375
        k(   14) = (   0.5905695   0.1181139  -0.1181139), wk =   0.0937500
        k(   15) = (  -0.2362278  -0.7086834   0.7086834), wk =   0.0937500
        k(   16) = (  -0.1181139  -0.5905695   0.5905695), wk =   0.0937500
        k(   17) = (   0.0000000  -0.4724556   0.4724556), wk =   0.0468750
        k(   18) = (   0.7086834   0.0000000   0.0000000), wk =   0.0234375
        k(   19) = (  -0.1181139  -0.8267973   0.8267973), wk =   0.0937500
        k(   20) = (   0.0000000  -0.7086834   0.7086834), wk =   0.0468750
        k(   21) = (  -0.9449112   0.0000000   0.0000000), wk =   0.0117188
        k(   22) = (   0.4724556   0.2362278   0.0000000), wk =   0.0937500
        k(   23) = (  -0.3543417  -0.5905695   0.8267973), wk =   0.1875000
        k(   24) = (  -0.2362278  -0.4724556   0.7086834), wk =   0.0937500
        k(   25) = (  -0.2362278  -0.7086834   0.9449112), wk =   0.0937500
        k(   26) = (  -0.1181139  -0.5905695   0.8267973), wk =   0.1875000
        k(   27) = (   0.0000000  -0.4724556   0.7086834), wk =   0.0937500
        k(   28) = (  -0.9449112   0.2362278   0.0000000), wk =   0.0468750
        k(   29) = (  -0.9449112   0.4724556   0.0000000), wk =   0.0234375

     G cutoff =  552.5432  (  16145 G-vectors)     FFT grid: ( 36, 36, 36)
     G cutoff =  276.2716  (   5769 G-vectors)  smooth grid: ( 28, 28, 28)

     Largest allocated arrays     est. size (Mb)     dimensions
        Kohn-Sham Wavefunctions         0.01 Mb     (    187,   4)
        NL pseudopotentials             0.05 Mb     (    187,  16)
        Each V/rho on FFT grid          0.18 Mb     (  11664)
        Each G-vector array             0.03 Mb     (   4035)
        G-vector shells                 0.00 Mb     (    207)
     Largest temporary arrays     est. size (Mb)     dimensions
        Auxiliary wavefunctions         0.05 Mb     (    187,  16)
        Each subspace H/S matrix        0.00 Mb     (     16,  16)
        Each <psi_i|beta_j> matrix      0.00 Mb     (     16,   4)
        Arrays for rho mixing           1.42 Mb     (  11664,   8)

     Initial potential from superposition of free atoms

     starting charge    7.99989, renormalised to    8.00000
     Starting wfc are    8 atomic wfcs

     total cpu time spent up to now is      0.44 secs

     per-process dynamical memory:    55.0 Mb

     Self-consistent Calculation

     iteration #  1     ecut=    60.00 Ry     beta=0.70
     Davidson diagonalization with overlap
     ethr =  1.00E-02,  avg # of iterations =  2.0

     Threshold (ethr) on eigenvalues was too large:
     Diagonalizing with lowered threshold

     Davidson diagonalization with overlap
     ethr =  9.78E-04,  avg # of iterations =  1.0

     total cpu time spent up to now is      1.08 secs

     total energy              =     -22.73676791 Ry
     Harris-Foulkes estimate   =     -22.76668216 Ry
     estimated scf accuracy    <       0.07748222 Ry

     iteration #  2     ecut=    60.00 Ry     beta=0.70
     Davidson diagonalization with overlap
     ethr =  9.69E-04,  avg # of iterations =  1.0

     total cpu time spent up to now is      1.37 secs

     total energy              =     -22.74132607 Ry
     Harris-Foulkes estimate   =     -22.74144612 Ry
     estimated scf accuracy    <       0.00242371 Ry

     iteration #  3     ecut=    60.00 Ry     beta=0.70
     Davidson diagonalization with overlap
     ethr =  3.03E-05,  avg # of iterations =  2.0

     total cpu time spent up to now is      1.78 secs

     total energy              =     -22.74172056 Ry
     Harris-Foulkes estimate   =     -22.74170542 Ry
     estimated scf accuracy    <       0.00004286 Ry

     iteration #  4     ecut=    60.00 Ry     beta=0.70
     Davidson diagonalization with overlap
     ethr =  5.36E-07,  avg # of iterations =  2.4

     total cpu time spent up to now is      2.25 secs

     total energy              =     -22.74173660 Ry
     Harris-Foulkes estimate   =     -22.74173630 Ry
     estimated scf accuracy    <       0.00000176 Ry

     iteration #  5     ecut=    60.00 Ry     beta=0.70
     Davidson diagonalization with overlap
     ethr =  2.20E-08,  avg # of iterations =  2.2

     total cpu time spent up to now is      2.69 secs

     total energy              =     -22.74173707 Ry
     Harris-Foulkes estimate   =     -22.74173710 Ry
     estimated scf accuracy    <       0.00000009 Ry

     iteration #  6     ecut=    60.00 Ry     beta=0.70
     Davidson diagonalization with overlap
     ethr =  1.11E-09,  avg # of iterations =  2.0

     total cpu time spent up to now is      3.10 secs

     End of self-consistent calculation

          k = 0.0000 0.0000 0.0000 (   725 PWs)   bands (ev):

    -8.8250  10.4545  10.4545  10.4545

          k = 0.1181 0.1181-0.1181 (   712 PWs)   bands (ev):

    -8.4425   8.3267   9.9144   9.9144

          k = 0.2362 0.2362-0.2362 (   715 PWs)   bands (ev):

    -7.3119   4.6230   8.9851   8.9851

          k = 0.3543 0.3543-0.3543 (   718 PWs)   bands (ev):

    -5.5231   1.0390   8.3089   8.3089

          k =-0.4725-0.4725 0.4725 (   718 PWs)   bands (ev):

    -3.9615  -1.1511   8.0716   8.0716

          k = 0.2362 0.0000 0.0000 (   701 PWs)   bands (ev):

    -8.3151   9.0345   9.0345   9.1202

          k = 0.3543 0.1181-0.1181 (   705 PWs)   bands (ev):

    -7.4331   5.9266   8.0564   8.6193

          k = 0.4725 0.2362-0.2362 (   703 PWs)   bands (ev):

    -5.8506   2.3747   7.4910   7.6252

          k =-0.3543-0.5906 0.5906 (   712 PWs)   bands (ev):

    -3.9303  -0.5277   6.8206   7.4750

          k =-0.2362-0.4725 0.4725 (   714 PWs)   bands (ev):

    -4.5330   0.2833   6.4722   7.9883

          k =-0.1181-0.3543 0.3543 (   720 PWs)   bands (ev):

    -6.4505   3.5573   6.6930   8.8904

          k = 0.0000-0.2362 0.2362 (   706 PWs)   bands (ev):

    -7.8102   6.8540   7.7338   9.8034

          k = 0.4725 0.0000 0.0000 (   713 PWs)   bands (ev):

    -6.8056   6.1207   7.0007   7.0007

          k = 0.5906 0.1181-0.1181 (   710 PWs)   bands (ev):

    -5.4629   3.5895   5.9362   6.3708

          k =-0.2362-0.7087 0.7087 (   711 PWs)   bands (ev):

    -3.5808   0.8171   4.5950   6.3403

          k =-0.1181-0.5906 0.5906 (   710 PWs)   bands (ev):

    -3.0449   0.2010   3.7413   6.9057

          k = 0.0000-0.4725 0.4725 (   708 PWs)   bands (ev):

    -4.9110   2.5496   3.9821   7.9083

          k = 0.7087 0.0000 0.0000 (   709 PWs)   bands (ev):

    -4.3684   2.4934   5.6117   5.6117

          k =-0.1181-0.8268 0.8268 (   714 PWs)   bands (ev):

    -2.6655   0.6374   4.2750   5.4517

          k = 0.0000-0.7087 0.7087 (   718 PWs)   bands (ev):

    -1.5361  -0.2218   2.6731   5.9243

          k =-0.9449 0.0000 0.0000 (   724 PWs)   bands (ev):

    -1.1645  -1.1645   5.1296   5.1296

          k = 0.4725 0.2362 0.0000 (   713 PWs)   bands (ev):

    -6.3204   4.5167   5.7992   7.9675

          k =-0.3543-0.5906 0.8268 (   712 PWs)   bands (ev):

    -4.5682   1.6700   4.9915   7.0002

          k =-0.2362-0.4725 0.7087 (   714 PWs)   bands (ev):

    -3.0484  -0.3632   4.9017   6.5218

          k =-0.2362-0.7087 0.9449 (   712 PWs)   bands (ev):

    -3.9395   2.1049   4.5286   5.4767

          k =-0.1181-0.5906 0.8268 (   713 PWs)   bands (ev):

    -2.1173   0.3038   3.3035   5.1289

          k = 0.0000-0.4725 0.7087 (   714 PWs)   bands (ev):

    -2.7853   0.9380   2.9608   5.8463

          k =-0.9449 0.2362 0.0000 (   714 PWs)   bands (ev):

    -0.9175  -0.9175   4.2989   4.2989

          k =-0.9449 0.4725 0.0000 (   724 PWs)   bands (ev):

    -0.6124  -0.6124   3.5128   3.5128

!    total energy              =     -22.74173709 Ry
     Harris-Foulkes estimate   =     -22.74173709 Ry
     estimated scf accuracy    <          4.8E-09 Ry

     The total energy is the sum of the following terms:

     one-electron contribution =       6.16277121 Ry
     hartree contribution      =       2.11408491 Ry
     xc contribution           =      -6.85679268 Ry
     ewald contribution        =     -24.16180054 Ry

     convergence has been achieved in   6 iterations

     Forces acting on atoms (Ry/au):

     atom   1 type  1   force =     0.00000000    0.00000000    0.00000000
     atom   2 type  1   force =     0.00000000    0.00000000    0.00000000

     Total force =     0.000000     Total SCF correction =     0.000000


     entering subroutine stress ...

          total   stress  (Ry/bohr**3)                   (kbar)     P= -533.58
  -0.00362723   0.00000000   0.00000000       -533.58      0.00      0.00
   0.00000000  -0.00362723   0.00000000          0.00   -533.58      0.00
   0.00000000   0.00000000  -0.00362723          0.00      0.00   -533.58


     BFGS Geometry Optimization

     bfgs converged in   1 scf cycles and   0 bfgs steps
     (criteria: energy < 0.10E-08, force < 0.10E-05)

     End of BFGS Geometry Optimization

     Final energy   =     -22.7417370885 Ry

ATOMIC_POSITIONS (crystal)
C        0.000000000   0.000000000   0.000000000
C        0.250000000   0.250000000   0.250000000



     Writing output data file pwscf.save
 
     PWSCF        :     3.46s CPU time,    4.01s wall time

     init_run     :     0.36s CPU
     electrons    :     2.66s CPU
     forces       :     0.04s CPU
     stress       :     0.14s CPU

     Called by init_run:
     wfcinit      :     0.16s CPU
     potinit      :     0.03s CPU

     Called by electrons:
     c_bands      :     2.02s CPU (       7 calls,   0.289 s avg)
     sum_band     :     0.36s CPU (       7 calls,   0.052 s avg)
     v_of_rho     :     0.14s CPU (       7 calls,   0.020 s avg)
     newd         :     0.04s CPU (       7 calls,   0.005 s avg)
     mix_rho      :     0.01s CPU (       7 calls,   0.001 s avg)

     Called by c_bands:
     init_us_2    :     0.10s CPU (     493 calls,   0.000 s avg)
     cegterg      :     1.93s CPU (     203 calls,   0.010 s avg)

     Called by *egterg:
     h_psi        :     0.93s CPU (     597 calls,   0.002 s avg)
     s_psi        :     0.01s CPU (     597 calls,   0.000 s avg)
     g_psi        :     0.01s CPU (     365 calls,   0.000 s avg)
     cdiaghg      :     0.88s CPU (     539 calls,   0.002 s avg)

     Called by h_psi:
     add_vuspsi   :     0.01s CPU (     597 calls,   0.000 s avg)

     General routines
     calbec       :     0.04s CPU (     858 calls,   0.000 s avg)
     cft3s        :     1.00s CPU (    5599 calls,   0.000 s avg)
     interpolate  :     0.00s CPU (      14 calls,   0.000 s avg)
     davcio       :     0.11s CPU (     696 calls,   0.000 s avg)
 
     Parallel routines
     fft_scatter  :     0.28s CPU (    5599 calls,   0.000 s avg)
