
     Program PWSCF     v.4.1.1  starts ...
     Today is 25Nov2010 at 15:44:28 

     Parallel version (MPI)

     Number of processors in use:       4
     R & G space division:  proc/pool =    4

     For Norm-Conserving or Ultrasoft (Vanderbilt) Pseudopotentials or PAW

     Current dimensions of program pwscf are:
     Max number of different atomic species (ntypx) = 10
     Max number of k-points (npk) =  40000
     Max angular momentum in pseudopotentials (lmaxx) =  3
     Waiting for input...
     file C.pbe-rrkjus.UPF: wavefunction(s)  2S 2P renormalized

     Subspace diagonalization in iterative solution of the eigenvalue problem:
     a parallel distributed memory algorithm will be used,
     eigenstates matrixes will be distributed block like on
     ortho sub-group =    2*   2 procs


     Planes per process (thick) : nr3 = 36 npp =   9 ncplane = 1296
     Planes per process (smooth): nr3s= 28 npps=   7 ncplanes=  784
 
     Proc/  planes cols     G    planes cols    G      columns  G
     Pool       (dense grid)       (smooth grid)      (wavefct grid)
        1     9    206     3899    7    105     1389     35      260
        2     9    206     3899    7    105     1400     34      259
        3     9    206     3899    7    106     1399     35      259
        4     9    205     3896    7    105     1389     35      259
     tot     36    823    15593   28    421     5577    139     1037
 


     bravais-lattice index     =            0
     lattice parameter (a_0)   =       6.7413  a.u.
     unit-cell volume          =      88.3601 (a.u.)^3
     number of atoms/cell      =            2
     number of atomic types    =            1
     number of electrons       =         8.00
     number of Kohn-Sham states=            4
     kinetic-energy cutoff     =      60.0000  Ry
     charge density cutoff     =     480.0000  Ry
     convergence threshold     =      1.0E-08
     mixing beta               =       0.7000
     number of iterations used =            8  plain     mixing
     Exchange-correlation      =  SLA  PW   PBE  PBE (1434)
     nstep                     =           50


     celldm(1)=   6.741280  celldm(2)=   0.000000  celldm(3)=   0.000000
     celldm(4)=   0.000000  celldm(5)=   0.000000  celldm(6)=   0.000000

     crystal axes: (cart. coord. in units of a_0)
               a(1) = (  0.000000  0.524404  0.524404 )  
               a(2) = (  0.524404  0.000000  0.524404 )  
               a(3) = (  0.524404  0.524404  0.000000 )  

     reciprocal axes: (cart. coord. in units 2 pi/a_0)
               b(1) = ( -0.953463  0.953463  0.953463 )  
               b(2) = (  0.953463 -0.953463  0.953463 )  
               b(3) = (  0.953463  0.953463 -0.953463 )  


     PseudoPot. # 1 for C  read from file C.pbe-rrkjus.UPF
     Pseudo is Ultrasoft, Zval =  4.0
     Generated by new atomic code, or converted to UPF format
     Using radial grid of  627 points,  4 beta functions with: 
                l(1) =   0
                l(2) =   0
                l(3) =   1
                l(4) =   1
     Q(r) pseudized with 0 coefficients 


     atomic species   valence    mass     pseudopotential
        C              4.00    12.01070     C ( 1.00)

     48 Sym.Ops. (with inversion)


   Cartesian axes

     site n.     atom                  positions (a_0 units)
         1           C   tau(  1) = (   0.0000000   0.0000000   0.0000000  )
         2           C   tau(  2) = (   0.2622022   0.2622022   0.2622022  )

     number of k points=   29
                       cart. coord. in units 2pi/a_0
        k(    1) = (   0.0000000   0.0000000   0.0000000), wk =   0.0039062
        k(    2) = (   0.1191828   0.1191828  -0.1191828), wk =   0.0312500
        k(    3) = (   0.2383656   0.2383656  -0.2383656), wk =   0.0312500
        k(    4) = (   0.3575485   0.3575485  -0.3575485), wk =   0.0312500
        k(    5) = (  -0.4767313  -0.4767313   0.4767313), wk =   0.0156250
        k(    6) = (   0.2383656   0.0000000   0.0000000), wk =   0.0234375
        k(    7) = (   0.3575485   0.1191828  -0.1191828), wk =   0.0937500
        k(    8) = (   0.4767313   0.2383656  -0.2383656), wk =   0.0937500
        k(    9) = (  -0.3575485  -0.5959141   0.5959141), wk =   0.0937500
        k(   10) = (  -0.2383656  -0.4767313   0.4767313), wk =   0.0937500
        k(   11) = (  -0.1191828  -0.3575485   0.3575485), wk =   0.0937500
        k(   12) = (   0.0000000  -0.2383656   0.2383656), wk =   0.0468750
        k(   13) = (   0.4767313   0.0000000   0.0000000), wk =   0.0234375
        k(   14) = (   0.5959141   0.1191828  -0.1191828), wk =   0.0937500
        k(   15) = (  -0.2383656  -0.7150969   0.7150969), wk =   0.0937500
        k(   16) = (  -0.1191828  -0.5959141   0.5959141), wk =   0.0937500
        k(   17) = (   0.0000000  -0.4767313   0.4767313), wk =   0.0468750
        k(   18) = (   0.7150969   0.0000000   0.0000000), wk =   0.0234375
        k(   19) = (  -0.1191828  -0.8342798   0.8342798), wk =   0.0937500
        k(   20) = (   0.0000000  -0.7150969   0.7150969), wk =   0.0468750
        k(   21) = (  -0.9534626   0.0000000   0.0000000), wk =   0.0117188
        k(   22) = (   0.4767313   0.2383656   0.0000000), wk =   0.0937500
        k(   23) = (  -0.3575485  -0.5959141   0.8342798), wk =   0.1875000
        k(   24) = (  -0.2383656  -0.4767313   0.7150969), wk =   0.0937500
        k(   25) = (  -0.2383656  -0.7150969   0.9534626), wk =   0.0937500
        k(   26) = (  -0.1191828  -0.5959141   0.8342798), wk =   0.1875000
        k(   27) = (   0.0000000  -0.4767313   0.7150969), wk =   0.0937500
        k(   28) = (  -0.9534626   0.2383656   0.0000000), wk =   0.0468750
        k(   29) = (  -0.9534626   0.4767313   0.0000000), wk =   0.0234375

     G cutoff =  552.5432  (  15593 G-vectors)     FFT grid: ( 36, 36, 36)
     G cutoff =  276.2716  (   5577 G-vectors)  smooth grid: ( 28, 28, 28)

     Largest allocated arrays     est. size (Mb)     dimensions
        Kohn-Sham Wavefunctions         0.01 Mb     (    178,   4)
        NL pseudopotentials             0.04 Mb     (    178,  16)
        Each V/rho on FFT grid          0.18 Mb     (  11664)
        Each G-vector array             0.03 Mb     (   3899)
        G-vector shells                 0.00 Mb     (    203)
     Largest temporary arrays     est. size (Mb)     dimensions
        Auxiliary wavefunctions         0.04 Mb     (    178,  16)
        Each subspace H/S matrix        0.00 Mb     (     16,  16)
        Each <psi_i|beta_j> matrix      0.00 Mb     (     16,   4)
        Arrays for rho mixing           1.42 Mb     (  11664,   8)

     Initial potential from superposition of free atoms

     starting charge    7.99989, renormalised to    8.00000
     Starting wfc are    8 atomic wfcs

     total cpu time spent up to now is      0.44 secs

     per-process dynamical memory:    55.0 Mb

     Self-consistent Calculation

     iteration #  1     ecut=    60.00 Ry     beta=0.70
     Davidson diagonalization with overlap
     ethr =  1.00E-02,  avg # of iterations =  2.0

     total cpu time spent up to now is      0.83 secs

     total energy              =     -22.74376130 Ry
     Harris-Foulkes estimate   =     -22.77725119 Ry
     estimated scf accuracy    <       0.08378992 Ry

     iteration #  2     ecut=    60.00 Ry     beta=0.70
     Davidson diagonalization with overlap
     ethr =  1.05E-03,  avg # of iterations =  1.3

     total cpu time spent up to now is      1.15 secs

     total energy              =     -22.74965262 Ry
     Harris-Foulkes estimate   =     -22.74976682 Ry
     estimated scf accuracy    <       0.00232748 Ry

     iteration #  3     ecut=    60.00 Ry     beta=0.70
     Davidson diagonalization with overlap
     ethr =  2.91E-05,  avg # of iterations =  2.0

     total cpu time spent up to now is      1.54 secs

     total energy              =     -22.75001388 Ry
     Harris-Foulkes estimate   =     -22.74999558 Ry
     estimated scf accuracy    <       0.00005269 Ry

     iteration #  4     ecut=    60.00 Ry     beta=0.70
     Davidson diagonalization with overlap
     ethr =  6.59E-07,  avg # of iterations =  2.3

     total cpu time spent up to now is      2.00 secs

     total energy              =     -22.75002845 Ry
     Harris-Foulkes estimate   =     -22.75002823 Ry
     estimated scf accuracy    <       0.00000107 Ry

     iteration #  5     ecut=    60.00 Ry     beta=0.70
     Davidson diagonalization with overlap
     ethr =  1.34E-08,  avg # of iterations =  2.2

     total cpu time spent up to now is      2.45 secs

     total energy              =     -22.75002880 Ry
     Harris-Foulkes estimate   =     -22.75002881 Ry
     estimated scf accuracy    <       0.00000006 Ry

     iteration #  6     ecut=    60.00 Ry     beta=0.70
     Davidson diagonalization with overlap
     ethr =  6.94E-10,  avg # of iterations =  2.0

     total cpu time spent up to now is      2.86 secs

     End of self-consistent calculation

          k = 0.0000 0.0000 0.0000 (   701 PWs)   bands (ev):

    -8.7185  10.8829  10.8829  10.8829

          k = 0.1192 0.1192-0.1192 (   697 PWs)   bands (ev):

    -8.3285   8.7164  10.3265  10.3265

          k = 0.2384 0.2384-0.2384 (   691 PWs)   bands (ev):

    -7.1746   4.9439   9.3730   9.3730

          k = 0.3575 0.3575-0.3575 (   688 PWs)   bands (ev):

    -5.3432   1.2849   8.6809   8.6809

          k =-0.4767-0.4767 0.4767 (   700 PWs)   bands (ev):

    -3.7197  -0.9786   8.4384   8.4384

          k = 0.2384 0.0000 0.0000 (   689 PWs)   bands (ev):

    -8.1986   9.4187   9.4187   9.5543

          k = 0.3575 0.1192-0.1192 (   688 PWs)   bands (ev):

    -7.2987   6.2786   8.4151   9.0191

          k = 0.4767 0.2384-0.2384 (   697 PWs)   bands (ev):

    -5.6811   2.6553   7.8374   8.0001

          k =-0.3575-0.5959 0.5959 (   695 PWs)   bands (ev):

    -3.6992  -0.3274   7.1738   7.8234

          k =-0.2384-0.4767 0.4767 (   690 PWs)   bands (ev):

    -4.3262   0.5118   6.8132   8.3515

          k =-0.1192-0.3575 0.3575 (   695 PWs)   bands (ev):

    -6.2948   3.8633   7.0330   9.2782

          k = 0.0000-0.2384 0.2384 (   682 PWs)   bands (ev):

    -7.6834   7.2315   8.0846  10.2160

          k = 0.4767 0.0000 0.0000 (   681 PWs)   bands (ev):

    -6.6588   6.5291   7.3313   7.3313

          k = 0.5959 0.1192-0.1192 (   691 PWs)   bands (ev):

    -5.2875   3.9311   6.2587   6.6864

          k =-0.2384-0.7151 0.7151 (   697 PWs)   bands (ev):

    -3.3560   1.0834   4.8920   6.6566

          k =-0.1192-0.5959 0.5959 (   694 PWs)   bands (ev):

    -2.7966   0.4406   4.0157   7.2379

          k = 0.0000-0.4767 0.4767 (   688 PWs)   bands (ev):

    -4.7200   2.8675   4.2422   8.2682

          k = 0.7151 0.0000 0.0000 (   692 PWs)   bands (ev):

    -4.1711   2.8371   5.9083   5.9083

          k =-0.1192-0.8343 0.8343 (   697 PWs)   bands (ev):

    -2.4289   0.9463   4.5323   5.7449

          k = 0.0000-0.7151 0.7151 (   694 PWs)   bands (ev):

    -1.2490   0.0574   2.8766   6.2301

          k =-0.9535 0.0000 0.0000 (   692 PWs)   bands (ev):

    -0.8986  -0.8986   5.4147   5.4147

          k = 0.4767 0.2384 0.0000 (   690 PWs)   bands (ev):

    -6.1627   4.8682   6.1030   8.3366

          k =-0.3575-0.5959 0.8343 (   694 PWs)   bands (ev):

    -4.3687   1.9487   5.2989   7.3364

          k =-0.2384-0.4767 0.7151 (   702 PWs)   bands (ev):

    -2.7916  -0.1549   5.2172   6.8397

          k =-0.2384-0.7151 0.9535 (   691 PWs)   bands (ev):

    -3.7299   2.4422   4.7993   5.7642

          k =-0.1192-0.5959 0.8343 (   701 PWs)   bands (ev):

    -1.8528   0.5910   3.5433   5.4072

          k = 0.0000-0.4767 0.7151 (   695 PWs)   bands (ev):

    -2.5385   1.2420   3.1855   6.1475

          k =-0.9535 0.2384 0.0000 (   698 PWs)   bands (ev):

    -0.6383  -0.6383   4.5566   4.5566

          k =-0.9535 0.4767 0.0000 (   700 PWs)   bands (ev):

    -0.3129  -0.3129   3.7392   3.7392

!    total energy              =     -22.75002881 Ry
     Harris-Foulkes estimate   =     -22.75002881 Ry
     estimated scf accuracy    <          1.1E-10 Ry

     The total energy is the sum of the following terms:

     one-electron contribution =       6.44355758 Ry
     hartree contribution      =       2.08388312 Ry
     xc contribution           =      -6.89700569 Ry
     ewald contribution        =     -24.38046382 Ry

     convergence has been achieved in   6 iterations

     Forces acting on atoms (Ry/au):

     atom   1 type  1   force =     0.00000000    0.00000000    0.00000000
     atom   2 type  1   force =     0.00000000    0.00000000    0.00000000

     Total force =     0.000000     Total SCF correction =     0.000000


     entering subroutine stress ...

          total   stress  (Ry/bohr**3)                   (kbar)     P= -472.58
  -0.00321256   0.00000000   0.00000000       -472.58      0.00      0.00
   0.00000000  -0.00321256   0.00000000          0.00   -472.58      0.00
   0.00000000   0.00000000  -0.00321256          0.00      0.00   -472.58


     BFGS Geometry Optimization

     bfgs converged in   1 scf cycles and   0 bfgs steps
     (criteria: energy < 0.10E-08, force < 0.10E-05)

     End of BFGS Geometry Optimization

     Final energy   =     -22.7500288095 Ry

ATOMIC_POSITIONS (crystal)
C        0.000000000   0.000000000   0.000000000
C        0.250000000   0.250000000   0.250000000



     Writing output data file pwscf.save
 
     PWSCF        :     3.20s CPU time,    3.84s wall time

     init_run     :     0.35s CPU
     electrons    :     2.41s CPU
     forces       :     0.03s CPU
     stress       :     0.14s CPU

     Called by init_run:
     wfcinit      :     0.17s CPU
     potinit      :     0.03s CPU

     Called by electrons:
     c_bands      :     1.84s CPU (       6 calls,   0.306 s avg)
     sum_band     :     0.30s CPU (       6 calls,   0.051 s avg)
     v_of_rho     :     0.14s CPU (       7 calls,   0.020 s avg)
     newd         :     0.05s CPU (       7 calls,   0.007 s avg)
     mix_rho      :     0.01s CPU (       6 calls,   0.002 s avg)

     Called by c_bands:
     init_us_2    :     0.03s CPU (     435 calls,   0.000 s avg)
     cegterg      :     1.74s CPU (     174 calls,   0.010 s avg)

     Called by *egterg:
     h_psi        :     0.81s CPU (     547 calls,   0.001 s avg)
     s_psi        :     0.05s CPU (     547 calls,   0.000 s avg)
     g_psi        :     0.02s CPU (     344 calls,   0.000 s avg)
     cdiaghg      :     0.72s CPU (     518 calls,   0.001 s avg)

     Called by h_psi:
     add_vuspsi   :     0.01s CPU (     547 calls,   0.000 s avg)

     General routines
     calbec       :     0.02s CPU (     779 calls,   0.000 s avg)
     cft3s        :     0.90s CPU (    5035 calls,   0.000 s avg)
     interpolate  :     0.00s CPU (      13 calls,   0.000 s avg)
     davcio       :     0.15s CPU (     609 calls,   0.000 s avg)
 
     Parallel routines
     fft_scatter  :     0.26s CPU (    5035 calls,   0.000 s avg)
